ERROR Draco mesh compression is not available because library could not be found at /usr/bin/4.3/python/lib/python3.13/site-packages/libextern_draco.so
14:38:31 | INFO: Starting glTF 2.0 export
14:38:31 | INFO: Extracting primitive: Sphere
14:38:31 | INFO: Primitives created: 1
14:38:32 | INFO: Finished glTF 2.0 export in 0.8718299865722656 s

14:38:32 | INFO: Starting glTF 2.0 export
14:38:32 | INFO: Extracting primitive: Sphere.038
14:38:32 | INFO: Primitives created: 1
14:38:33 | INFO: Finished glTF 2.0 export in 0.8891065120697021 s

14:38:33 | INFO: Starting glTF 2.0 export
14:38:33 | INFO: Extracting primitive: Sphere.062
14:38:33 | INFO: Primitives created: 1
14:38:34 | INFO: Finished glTF 2.0 export in 0.8792226314544678 s

ACTOR_ASSET operator_rifle [(6510, 1), (2764, 1), (1492, 1)]
14:38:35 | INFO: Starting glTF 2.0 export
14:38:35 | INFO: Extracting primitive: Sphere.086
14:38:35 | INFO: Primitives created: 1
14:38:36 | INFO: Finished glTF 2.0 export in 0.88858962059021 s

14:38:36 | INFO: Starting glTF 2.0 export
14:38:36 | INFO: Extracting primitive: Sphere.124
14:38:36 | INFO: Primitives created: 1
14:38:37 | INFO: Finished glTF 2.0 export in 0.922274112701416 s

14:38:38 | INFO: Starting glTF 2.0 export
14:38:38 | INFO: Extracting primitive: Sphere.148
14:38:38 | INFO: Primitives created: 1
14:38:38 | INFO: Finished glTF 2.0 export in 0.9314332008361816 s

ACTOR_ASSET operator_mg [(6874, 1), (3128, 1), (1504, 1)]
14:38:39 | INFO: Starting glTF 2.0 export
14:38:39 | INFO: Extracting primitive: Sphere.172
14:38:39 | INFO: Primitives created: 1
14:38:40 | INFO: Finished glTF 2.0 export in 0.905815601348877 s

14:38:41 | INFO: Starting glTF 2.0 export
14:38:41 | INFO: Extracting primitive: Sphere.209
14:38:41 | INFO: Primitives created: 1
14:38:41 | INFO: Finished glTF 2.0 export in 0.8805720806121826 s

14:38:42 | INFO: Starting glTF 2.0 export
14:38:42 | INFO: Extracting primitive: Sphere.232
14:38:42 | INFO: Primitives created: 1
14:38:43 | INFO: Finished glTF 2.0 export in 0.9172492027282715 s

ACTOR_ASSET operator_scout [(6298, 1), (2684, 1), (1416, 1)]
14:38:44 | INFO: Starting glTF 2.0 export
14:38:44 | INFO: Extracting primitive: Sphere.255
14:38:44 | INFO: Primitives created: 1
14:38:44 | INFO: Finished glTF 2.0 export in 0.903954029083252 s

14:38:45 | INFO: Starting glTF 2.0 export
14:38:45 | INFO: Extracting primitive: Sphere.293
14:38:45 | INFO: Primitives created: 1
14:38:46 | INFO: Finished glTF 2.0 export in 0.9138009548187256 s

14:38:46 | INFO: Starting glTF 2.0 export
14:38:46 | INFO: Extracting primitive: Sphere.317
14:38:46 | INFO: Primitives created: 1
14:38:47 | INFO: Finished glTF 2.0 export in 0.8961801528930664 s

ACTOR_ASSET enemy_patrol [(6510, 1), (2764, 1), (1492, 1)]
14:38:48 | INFO: Starting glTF 2.0 export
14:38:48 | INFO: Extracting primitive: Sphere.341
14:38:48 | INFO: Primitives created: 1
14:38:49 | INFO: Finished glTF 2.0 export in 0.8970463275909424 s

14:38:50 | INFO: Starting glTF 2.0 export
14:38:50 | INFO: Extracting primitive: Sphere.378
14:38:50 | INFO: Primitives created: 1
14:38:50 | INFO: Finished glTF 2.0 export in 0.8657689094543457 s

14:38:51 | INFO: Starting glTF 2.0 export
14:38:51 | INFO: Extracting primitive: Sphere.401
14:38:51 | INFO: Primitives created: 1
14:38:52 | INFO: Finished glTF 2.0 export in 0.9932680130004883 s

ACTOR_ASSET enemy_flank [(6304, 1), (2672, 1), (1416, 1)]
14:38:53 | INFO: Starting glTF 2.0 export
14:38:53 | INFO: Extracting primitive: Sphere.424
14:38:53 | INFO: Primitives created: 1
14:38:54 | INFO: Finished glTF 2.0 export in 0.9103741645812988 s

14:38:54 | INFO: Starting glTF 2.0 export
14:38:54 | INFO: Extracting primitive: Sphere.461
14:38:54 | INFO: Primitives created: 1
14:38:55 | INFO: Finished glTF 2.0 export in 0.9254775047302246 s

14:38:56 | INFO: Starting glTF 2.0 export
14:38:56 | INFO: Extracting primitive: Sphere.484
14:38:56 | INFO: Primitives created: 1
14:38:57 | INFO: Finished glTF 2.0 export in 0.913395881652832 s

ACTOR_ASSET enemy_sneak [(6390, 1), (2720, 1), (1472, 1)]
14:38:58 | INFO: Starting glTF 2.0 export
14:38:58 | INFO: Extracting primitive: Sphere.507
14:38:58 | INFO: Primitives created: 1
14:38:58 | INFO: Finished glTF 2.0 export in 0.9183173179626465 s

14:38:59 | INFO: Starting glTF 2.0 export
14:38:59 | INFO: Extracting primitive: Sphere.545
14:38:59 | INFO: Primitives created: 1
14:39:00 | INFO: Finished glTF 2.0 export in 0.8914949893951416 s

14:39:01 | INFO: Starting glTF 2.0 export
14:39:01 | INFO: Extracting primitive: Sphere.569
14:39:01 | INFO: Primitives created: 1
14:39:01 | INFO: Finished glTF 2.0 export in 0.9232490062713623 s

ACTOR_ASSET enemy_radio [(6542, 1), (2796, 1), (1524, 1)]
14:39:02 | INFO: Starting glTF 2.0 export
14:39:02 | INFO: Extracting primitive: Cube.465
14:39:02 | INFO: Primitives created: 1
14:39:02 | INFO: Finished glTF 2.0 export in 0.007531881332397461 s

14:39:02 | INFO: Starting glTF 2.0 export
14:39:02 | INFO: Extracting primitive: Cube.472
14:39:02 | INFO: Primitives created: 1
14:39:02 | INFO: Finished glTF 2.0 export in 0.007513999938964844 s

ACTOR_ASSET m1911 [(352, 1), (116, 1)]
14:39:02 | INFO: Starting glTF 2.0 export
14:39:02 | INFO: Extracting primitive: Cube.479
14:39:02 | INFO: Primitives created: 1
14:39:02 | INFO: Finished glTF 2.0 export in 0.008917093276977539 s

14:39:02 | INFO: Starting glTF 2.0 export
14:39:02 | INFO: Extracting primitive: Cube.487
14:39:02 | INFO: Primitives created: 1
14:39:02 | INFO: Finished glTF 2.0 export in 0.0077326297760009766 s

ACTOR_ASSET luger [(396, 1), (128, 1)]
14:39:02 | INFO: Starting glTF 2.0 export
14:39:02 | INFO: Extracting primitive: Cube.495
14:39:02 | INFO: Primitives created: 1
14:39:02 | INFO: Finished glTF 2.0 export in 0.009148597717285156 s

14:39:02 | INFO: Starting glTF 2.0 export
14:39:02 | INFO: Extracting primitive: Cube.511
14:39:02 | INFO: Primitives created: 1
14:39:02 | INFO: Finished glTF 2.0 export in 0.008122682571411133 s

ACTOR_ASSET m1_garand [(816, 1), (256, 1)]
14:39:02 | INFO: Starting glTF 2.0 export
14:39:02 | INFO: Extracting primitive: Cube.527
14:39:02 | INFO: Primitives created: 1
14:39:02 | INFO: Finished glTF 2.0 export in 0.008994102478027344 s

14:39:03 | INFO: Starting glTF 2.0 export
14:39:03 | INFO: Extracting primitive: Cube.542
14:39:03 | INFO: Primitives created: 1
14:39:03 | INFO: Finished glTF 2.0 export in 0.007807731628417969 s

ACTOR_ASSET kar98k [(856, 1), (268, 1)]
14:39:03 | INFO: Starting glTF 2.0 export
14:39:03 | INFO: Extracting primitive: Cube.557
14:39:03 | INFO: Primitives created: 1
14:39:03 | INFO: Finished glTF 2.0 export in 0.008867740631103516 s

14:39:03 | INFO: Starting glTF 2.0 export
14:39:03 | INFO: Extracting primitive: Cube.571
14:39:03 | INFO: Primitives created: 1
14:39:03 | INFO: Finished glTF 2.0 export in 0.008655786514282227 s

ACTOR_ASSET thompson [(760, 1), (256, 1)]
14:39:03 | INFO: Starting glTF 2.0 export
14:39:03 | INFO: Extracting primitive: folding_stock_rail
14:39:03 | INFO: Primitives created: 1
14:39:03 | INFO: Finished glTF 2.0 export in 0.009210824966430664 s

14:39:03 | INFO: Starting glTF 2.0 export
14:39:03 | INFO: Extracting primitive: folding_stock_rail.002
14:39:03 | INFO: Primitives created: 1
14:39:03 | INFO: Finished glTF 2.0 export in 0.00783395767211914 s

ACTOR_ASSET mp40 [(740, 1), (264, 1)]
14:39:04 | INFO: Starting glTF 2.0 export
14:39:04 | INFO: Extracting primitive: Cube.613
14:39:04 | INFO: Primitives created: 1
14:39:04 | INFO: Finished glTF 2.0 export in 0.009051084518432617 s

14:39:04 | INFO: Starting glTF 2.0 export
14:39:04 | INFO: Extracting primitive: Cube.627
14:39:04 | INFO: Primitives created: 1
14:39:04 | INFO: Finished glTF 2.0 export in 0.009374618530273438 s

ACTOR_ASSET bar [(740, 1), (264, 1)]
14:39:04 | INFO: Starting glTF 2.0 export
14:39:04 | INFO: Extracting primitive: Cube.641
14:39:04 | INFO: Primitives created: 1
14:39:04 | INFO: Finished glTF 2.0 export in 0.010300636291503906 s

14:39:05 | INFO: Starting glTF 2.0 export
14:39:05 | INFO: Extracting primitive: Cube.674
14:39:05 | INFO: Primitives created: 1
14:39:05 | INFO: Finished glTF 2.0 export in 0.009299516677856445 s

ACTOR_ASSET mg42 [(1288, 1), (492, 1)]
14:39:05 | INFO: Starting glTF 2.0 export
14:39:05 | INFO: Extracting primitive: Cube.707
14:39:05 | INFO: Primitives created: 1
14:39:05 | INFO: Finished glTF 2.0 export in 0.009694576263427734 s

14:39:05 | INFO: Starting glTF 2.0 export
14:39:05 | INFO: Extracting primitive: Cube.722
14:39:05 | INFO: Primitives created: 1
14:39:05 | INFO: Finished glTF 2.0 export in 0.00960540771484375 s

ACTOR_ASSET springfield [(960, 1), (344, 1)]
14:39:06 | INFO: Starting glTF 2.0 export
14:39:06 | INFO: Extracting primitive: Cube.737
14:39:06 | INFO: Primitives created: 1
14:39:06 | INFO: Finished glTF 2.0 export in 0.00993490219116211 s

14:39:06 | INFO: Starting glTF 2.0 export
14:39:06 | INFO: Extracting primitive: Cube.754
14:39:06 | INFO: Primitives created: 1
14:39:06 | INFO: Finished glTF 2.0 export in 0.00893092155456543 s

ACTOR_ASSET kar98k_zf [(1048, 1), (368, 1)]
14:39:06 | INFO: Starting glTF 2.0 export
14:39:06 | INFO: Extracting primitive: Cube.771
14:39:06 | INFO: Primitives created: 1
14:39:06 | INFO: Finished glTF 2.0 export in 0.00783991813659668 s

14:39:06 | INFO: Starting glTF 2.0 export
14:39:06 | INFO: Extracting primitive: Cube.773
14:39:06 | INFO: Primitives created: 1
14:39:06 | INFO: Finished glTF 2.0 export in 0.007896900177001953 s

ACTOR_ASSET knife [(104, 1), (40, 1)]
14:39:06 | INFO: Starting glTF 2.0 export
14:39:06 | INFO: Extracting primitive: Sphere.599
14:39:06 | INFO: Primitives created: 1
14:39:06 | INFO: Finished glTF 2.0 export in 0.008469104766845703 s

14:39:06 | INFO: Starting glTF 2.0 export
14:39:06 | INFO: Extracting primitive: Sphere.600
14:39:06 | INFO: Primitives created: 1
14:39:06 | INFO: Finished glTF 2.0 export in 0.007016181945800781 s

ACTOR_ASSET grenade [(368, 1), (108, 1)]
14:39:06 | INFO: Starting glTF 2.0 export
14:39:06 | INFO: Extracting primitive: mine
14:39:06 | INFO: Primitives created: 1
14:39:06 | INFO: Finished glTF 2.0 export in 0.007951021194458008 s

14:39:06 | INFO: Starting glTF 2.0 export
14:39:06 | INFO: Extracting primitive: mine.001
14:39:06 | INFO: Primitives created: 1
14:39:06 | INFO: Finished glTF 2.0 export in 0.0076503753662109375 s

ACTOR_ASSET mine [(168, 1), (124, 1)]
14:39:06 | INFO: Starting glTF 2.0 export
14:39:06 | INFO: Extracting primitive: Cube.777
14:39:06 | INFO: Primitives created: 1
14:39:06 | INFO: Finished glTF 2.0 export in 0.009450912475585938 s

14:39:06 | INFO: Starting glTF 2.0 export
14:39:06 | INFO: Extracting primitive: Cube.784
14:39:06 | INFO: Primitives created: 1
14:39:06 | INFO: Finished glTF 2.0 export in 0.007656574249267578 s

ACTOR_ASSET decoy [(280, 1), (116, 1)]
14:39:06 | INFO: Starting glTF 2.0 export
14:39:06 | INFO: Extracting primitive: Cube.791
14:39:06 | INFO: Primitives created: 1
14:39:06 | INFO: Finished glTF 2.0 export in 0.007959127426147461 s

14:39:07 | INFO: Starting glTF 2.0 export
14:39:07 | INFO: Extracting primitive: Cube.797
14:39:07 | INFO: Primitives created: 1
14:39:07 | INFO: Finished glTF 2.0 export in 0.008070945739746094 s

ACTOR_ASSET ammo_pack [(264, 1), (72, 1)]
Info: Saved "actors.blend"
ACTOR_KIT_EXPORTED 22
Blender 4.3.2

Blender quit
