ERROR Draco mesh compression is not available because library could not be found at /usr/bin/4.3/python/lib/python3.13/site-packages/libextern_draco.so
14:37:24 | INFO: Starting glTF 2.0 export
14:37:24 | INFO: Extracting primitive: Sphere
14:37:24 | INFO: Primitives created: 1
14:37:25 | INFO: Finished glTF 2.0 export in 0.8599059581756592 s

14:37:26 | INFO: Starting glTF 2.0 export
14:37:26 | INFO: Extracting primitive: Sphere.038
14:37:26 | INFO: Primitives created: 1
14:37:26 | INFO: Finished glTF 2.0 export in 0.8761377334594727 s

14:37:27 | INFO: Starting glTF 2.0 export
14:37:27 | INFO: Extracting primitive: Sphere.062
14:37:27 | INFO: Primitives created: 1
14:37:28 | INFO: Finished glTF 2.0 export in 0.8501744270324707 s

ACTOR_ASSET operator_rifle [(6510, 1), (2764, 1), (1492, 1)]
14:37:28 | INFO: Starting glTF 2.0 export
14:37:28 | INFO: Extracting primitive: Sphere.086
14:37:28 | INFO: Primitives created: 1
14:37:29 | INFO: Finished glTF 2.0 export in 0.8688571453094482 s

14:37:30 | INFO: Starting glTF 2.0 export
14:37:30 | INFO: Extracting primitive: Sphere.124
14:37:30 | INFO: Primitives created: 1
14:37:31 | INFO: Finished glTF 2.0 export in 0.9162943363189697 s

14:37:31 | INFO: Starting glTF 2.0 export
14:37:31 | INFO: Extracting primitive: Sphere.148
14:37:31 | INFO: Primitives created: 1
14:37:32 | INFO: Finished glTF 2.0 export in 0.887453556060791 s

ACTOR_ASSET operator_mg [(6874, 1), (3128, 1), (1504, 1)]
14:37:33 | INFO: Starting glTF 2.0 export
14:37:33 | INFO: Extracting primitive: Sphere.172
14:37:33 | INFO: Primitives created: 1
14:37:34 | INFO: Finished glTF 2.0 export in 0.8804745674133301 s

14:37:34 | INFO: Starting glTF 2.0 export
14:37:34 | INFO: Extracting primitive: Sphere.209
14:37:34 | INFO: Primitives created: 1
14:37:35 | INFO: Finished glTF 2.0 export in 0.8623275756835938 s

14:37:35 | INFO: Starting glTF 2.0 export
14:37:35 | INFO: Extracting primitive: Sphere.232
14:37:35 | INFO: Primitives created: 1
14:37:36 | INFO: Finished glTF 2.0 export in 0.9054713249206543 s

ACTOR_ASSET operator_scout [(6298, 1), (2684, 1), (1416, 1)]
14:37:37 | INFO: Starting glTF 2.0 export
14:37:37 | INFO: Extracting primitive: Sphere.255
14:37:37 | INFO: Primitives created: 1
14:37:38 | INFO: Finished glTF 2.0 export in 0.8961300849914551 s

14:37:38 | INFO: Starting glTF 2.0 export
14:37:38 | INFO: Extracting primitive: Sphere.293
14:37:38 | INFO: Primitives created: 1
14:37:39 | INFO: Finished glTF 2.0 export in 0.9282329082489014 s

14:37:40 | INFO: Starting glTF 2.0 export
14:37:40 | INFO: Extracting primitive: Sphere.317
14:37:40 | INFO: Primitives created: 1
14:37:41 | INFO: Finished glTF 2.0 export in 0.9053497314453125 s

ACTOR_ASSET enemy_patrol [(6510, 1), (2764, 1), (1492, 1)]
14:37:41 | INFO: Starting glTF 2.0 export
14:37:41 | INFO: Extracting primitive: Sphere.341
14:37:41 | INFO: Primitives created: 1
14:37:42 | INFO: Finished glTF 2.0 export in 0.8867998123168945 s

14:37:43 | INFO: Starting glTF 2.0 export
14:37:43 | INFO: Extracting primitive: Sphere.378
14:37:43 | INFO: Primitives created: 1
14:37:44 | INFO: Finished glTF 2.0 export in 0.8739371299743652 s

14:37:44 | INFO: Starting glTF 2.0 export
14:37:44 | INFO: Extracting primitive: Sphere.401
14:37:44 | INFO: Primitives created: 1
14:37:45 | INFO: Finished glTF 2.0 export in 0.9037611484527588 s

ACTOR_ASSET enemy_flank [(6304, 1), (2672, 1), (1416, 1)]
14:37:46 | INFO: Starting glTF 2.0 export
14:37:46 | INFO: Extracting primitive: Sphere.424
14:37:46 | INFO: Primitives created: 1
14:37:47 | INFO: Finished glTF 2.0 export in 0.8949055671691895 s

14:37:48 | INFO: Starting glTF 2.0 export
14:37:48 | INFO: Extracting primitive: Sphere.461
14:37:48 | INFO: Primitives created: 1
14:37:48 | INFO: Finished glTF 2.0 export in 0.9043352603912354 s

14:37:49 | INFO: Starting glTF 2.0 export
14:37:49 | INFO: Extracting primitive: Sphere.484
14:37:49 | INFO: Primitives created: 1
14:37:50 | INFO: Finished glTF 2.0 export in 0.905907154083252 s

ACTOR_ASSET enemy_sneak [(6390, 1), (2720, 1), (1472, 1)]
14:37:51 | INFO: Starting glTF 2.0 export
14:37:51 | INFO: Extracting primitive: Sphere.507
14:37:51 | INFO: Primitives created: 1
14:37:52 | INFO: Finished glTF 2.0 export in 0.905280590057373 s

14:37:52 | INFO: Starting glTF 2.0 export
14:37:52 | INFO: Extracting primitive: Sphere.545
14:37:52 | INFO: Primitives created: 1
14:37:53 | INFO: Finished glTF 2.0 export in 0.8868429660797119 s

14:37:54 | INFO: Starting glTF 2.0 export
14:37:54 | INFO: Extracting primitive: Sphere.569
14:37:54 | INFO: Primitives created: 1
14:37:55 | INFO: Finished glTF 2.0 export in 0.9276926517486572 s

ACTOR_ASSET enemy_radio [(6542, 1), (2796, 1), (1524, 1)]
14:37:55 | INFO: Starting glTF 2.0 export
14:37:55 | INFO: Extracting primitive: Cube.465
14:37:55 | INFO: Primitives created: 1
14:37:55 | INFO: Finished glTF 2.0 export in 0.007811307907104492 s

14:37:55 | INFO: Starting glTF 2.0 export
14:37:55 | INFO: Extracting primitive: Cube.472
14:37:55 | INFO: Primitives created: 1
14:37:55 | INFO: Finished glTF 2.0 export in 0.007415056228637695 s

ACTOR_ASSET m1911 [(352, 1), (116, 1)]
14:37:55 | INFO: Starting glTF 2.0 export
14:37:55 | INFO: Extracting primitive: Cube.479
14:37:55 | INFO: Primitives created: 1
14:37:55 | INFO: Finished glTF 2.0 export in 0.00815582275390625 s

14:37:55 | INFO: Starting glTF 2.0 export
14:37:55 | INFO: Extracting primitive: Cube.487
14:37:55 | INFO: Primitives created: 1
14:37:55 | INFO: Finished glTF 2.0 export in 0.00758051872253418 s

ACTOR_ASSET luger [(396, 1), (128, 1)]
14:37:55 | INFO: Starting glTF 2.0 export
14:37:55 | INFO: Extracting primitive: Cube.495
14:37:55 | INFO: Primitives created: 1
14:37:55 | INFO: Finished glTF 2.0 export in 0.009258031845092773 s

14:37:55 | INFO: Starting glTF 2.0 export
14:37:55 | INFO: Extracting primitive: Cube.511
14:37:55 | INFO: Primitives created: 1
14:37:55 | INFO: Finished glTF 2.0 export in 0.008102655410766602 s

ACTOR_ASSET m1_garand [(816, 1), (256, 1)]
14:37:56 | INFO: Starting glTF 2.0 export
14:37:56 | INFO: Extracting primitive: Cube.527
14:37:56 | INFO: Primitives created: 1
14:37:56 | INFO: Finished glTF 2.0 export in 0.00941610336303711 s

14:37:56 | INFO: Starting glTF 2.0 export
14:37:56 | INFO: Extracting primitive: Cube.542
14:37:56 | INFO: Primitives created: 1
14:37:56 | INFO: Finished glTF 2.0 export in 0.0073032379150390625 s

ACTOR_ASSET kar98k [(856, 1), (268, 1)]
14:37:56 | INFO: Starting glTF 2.0 export
14:37:56 | INFO: Extracting primitive: Cube.557
14:37:56 | INFO: Primitives created: 1
14:37:56 | INFO: Finished glTF 2.0 export in 0.009033203125 s

14:37:56 | INFO: Starting glTF 2.0 export
14:37:56 | INFO: Extracting primitive: Cube.571
14:37:56 | INFO: Primitives created: 1
14:37:56 | INFO: Finished glTF 2.0 export in 0.008436441421508789 s

ACTOR_ASSET thompson [(760, 1), (256, 1)]
14:37:56 | INFO: Starting glTF 2.0 export
14:37:56 | INFO: Extracting primitive: folding_stock_rail
14:37:56 | INFO: Primitives created: 1
14:37:56 | INFO: Finished glTF 2.0 export in 0.008761167526245117 s

14:37:57 | INFO: Starting glTF 2.0 export
14:37:57 | INFO: Extracting primitive: folding_stock_rail.002
14:37:57 | INFO: Primitives created: 1
14:37:57 | INFO: Finished glTF 2.0 export in 0.008048772811889648 s

ACTOR_ASSET mp40 [(740, 1), (264, 1)]
14:37:57 | INFO: Starting glTF 2.0 export
14:37:57 | INFO: Extracting primitive: Cube.613
14:37:57 | INFO: Primitives created: 1
14:37:57 | INFO: Finished glTF 2.0 export in 0.009319305419921875 s

14:37:57 | INFO: Starting glTF 2.0 export
14:37:57 | INFO: Extracting primitive: Cube.627
14:37:57 | INFO: Primitives created: 1
14:37:57 | INFO: Finished glTF 2.0 export in 0.00786900520324707 s

ACTOR_ASSET bar [(740, 1), (264, 1)]
14:37:58 | INFO: Starting glTF 2.0 export
14:37:58 | INFO: Extracting primitive: Cube.641
14:37:58 | INFO: Primitives created: 1
14:37:58 | INFO: Finished glTF 2.0 export in 0.01041722297668457 s

14:37:58 | INFO: Starting glTF 2.0 export
14:37:58 | INFO: Extracting primitive: Cube.674
14:37:58 | INFO: Primitives created: 1
14:37:58 | INFO: Finished glTF 2.0 export in 0.008664131164550781 s

ACTOR_ASSET mg42 [(1288, 1), (492, 1)]
14:37:58 | INFO: Starting glTF 2.0 export
14:37:58 | INFO: Extracting primitive: Cube.707
14:37:58 | INFO: Primitives created: 1
14:37:58 | INFO: Finished glTF 2.0 export in 0.010035037994384766 s

14:37:58 | INFO: Starting glTF 2.0 export
14:37:58 | INFO: Extracting primitive: Cube.722
14:37:58 | INFO: Primitives created: 1
14:37:58 | INFO: Finished glTF 2.0 export in 0.00948476791381836 s

ACTOR_ASSET springfield [(960, 1), (344, 1)]
14:37:59 | INFO: Starting glTF 2.0 export
14:37:59 | INFO: Extracting primitive: Cube.737
14:37:59 | INFO: Primitives created: 1
14:37:59 | INFO: Finished glTF 2.0 export in 0.00973963737487793 s

14:37:59 | INFO: Starting glTF 2.0 export
14:37:59 | INFO: Extracting primitive: Cube.754
14:37:59 | INFO: Primitives created: 1
14:37:59 | INFO: Finished glTF 2.0 export in 0.008309125900268555 s

ACTOR_ASSET kar98k_zf [(1048, 1), (368, 1)]
14:37:59 | INFO: Starting glTF 2.0 export
14:37:59 | INFO: Extracting primitive: Cube.771
14:37:59 | INFO: Primitives created: 1
14:37:59 | INFO: Finished glTF 2.0 export in 0.007931709289550781 s

14:37:59 | INFO: Starting glTF 2.0 export
14:37:59 | INFO: Extracting primitive: Cube.773
14:37:59 | INFO: Primitives created: 1
14:37:59 | INFO: Finished glTF 2.0 export in 0.007355690002441406 s

ACTOR_ASSET knife [(104, 1), (40, 1)]
14:37:59 | INFO: Starting glTF 2.0 export
14:37:59 | INFO: Extracting primitive: Sphere.599
14:37:59 | INFO: Primitives created: 1
14:37:59 | INFO: Finished glTF 2.0 export in 0.008524656295776367 s

14:37:59 | INFO: Starting glTF 2.0 export
14:37:59 | INFO: Extracting primitive: Sphere.600
14:37:59 | INFO: Primitives created: 1
14:37:59 | INFO: Finished glTF 2.0 export in 0.007313728332519531 s

ACTOR_ASSET grenade [(368, 1), (108, 1)]
14:37:59 | INFO: Starting glTF 2.0 export
14:37:59 | INFO: Extracting primitive: mine
14:37:59 | INFO: Primitives created: 1
14:37:59 | INFO: Finished glTF 2.0 export in 0.008011102676391602 s

14:37:59 | INFO: Starting glTF 2.0 export
14:37:59 | INFO: Extracting primitive: mine.001
14:37:59 | INFO: Primitives created: 1
14:37:59 | INFO: Finished glTF 2.0 export in 0.0079498291015625 s

ACTOR_ASSET mine [(168, 1), (124, 1)]
14:37:59 | INFO: Starting glTF 2.0 export
14:37:59 | INFO: Extracting primitive: Cube.777
14:37:59 | INFO: Primitives created: 1
14:37:59 | INFO: Finished glTF 2.0 export in 0.008779048919677734 s

14:37:59 | INFO: Starting glTF 2.0 export
14:37:59 | INFO: Extracting primitive: Cube.784
14:37:59 | INFO: Primitives created: 1
14:37:59 | INFO: Finished glTF 2.0 export in 0.008406639099121094 s

ACTOR_ASSET decoy [(280, 1), (116, 1)]
14:38:00 | INFO: Starting glTF 2.0 export
14:38:00 | INFO: Extracting primitive: Cube.791
14:38:00 | INFO: Primitives created: 1
14:38:00 | INFO: Finished glTF 2.0 export in 0.008147716522216797 s

14:38:00 | INFO: Starting glTF 2.0 export
14:38:00 | INFO: Extracting primitive: Cube.797
14:38:00 | INFO: Primitives created: 1
14:38:00 | INFO: Finished glTF 2.0 export in 0.008909225463867188 s

ACTOR_ASSET ammo_pack [(264, 1), (72, 1)]
Info: Saved "actors.blend"
ACTOR_KIT_EXPORTED 22
Blender 4.3.2

Blender quit
