Blender 4.3.2
Read blend: "/workspace/ambush-actors-dot/ambush_loop/ArtSource/v2/actors.blend"
Fra:18 Mem:36.39M (Peak 36.39M) | Time:00:00.00 | Mem:0.00M, Peak:0.00M | Scene, ViewLayer | Synchronizing object | Plane
Fra:18 Mem:36.39M (Peak 36.39M) | Time:00:00.00 | Mem:0.00M, Peak:0.00M | Scene, ViewLayer | Synchronizing object | enemy_patrol_body
Fra:18 Mem:37.41M (Peak 37.41M) | Time:00:00.00 | Mem:0.00M, Peak:0.00M | Scene, ViewLayer | Initializing
Fra:18 Mem:36.77M (Peak 37.41M) | Time:00:00.00 | Mem:0.00M, Peak:0.00M | Scene, ViewLayer | Updating Images | Loading actor_atlas_orm
Fra:18 Mem:36.77M (Peak 37.41M) | Time:00:00.00 | Mem:0.00M, Peak:0.00M | Scene, ViewLayer | Updating Images | Loading actor_atlas_albedo
Fra:18 Mem:47.14M (Peak 56.79M) | Time:00:00.05 | Mem:12.00M, Peak:12.00M | Scene, ViewLayer | Waiting for render to start
Fra:18 Mem:47.14M (Peak 56.79M) | Time:00:00.05 | Mem:12.00M, Peak:12.00M | Scene, ViewLayer | Loading render kernels (may take a few minutes the first time)
Fra:18 Mem:47.14M (Peak 56.79M) | Time:00:00.05 | Mem:12.00M, Peak:12.00M | Scene, ViewLayer | Updating Scene
Fra:18 Mem:47.14M (Peak 56.79M) | Time:00:00.05 | Mem:12.00M, Peak:12.00M | Scene, ViewLayer | Updating Shaders
Fra:18 Mem:47.22M (Peak 56.79M) | Time:00:00.05 | Mem:12.00M, Peak:12.00M | Scene, ViewLayer | Updating Procedurals
Fra:18 Mem:47.22M (Peak 56.79M) | Time:00:00.05 | Mem:12.00M, Peak:12.00M | Scene, ViewLayer | Updating Background
Fra:18 Mem:47.22M (Peak 56.79M) | Time:00:00.05 | Mem:12.00M, Peak:12.00M | Scene, ViewLayer | Updating Camera
Fra:18 Mem:47.22M (Peak 56.79M) | Time:00:00.05 | Mem:12.00M, Peak:12.00M | Scene, ViewLayer | Updating Meshes Flags
Fra:18 Mem:47.22M (Peak 56.79M) | Time:00:00.05 | Mem:12.00M, Peak:12.00M | Scene, ViewLayer | Updating Objects
Fra:18 Mem:47.22M (Peak 56.79M) | Time:00:00.05 | Mem:12.00M, Peak:12.00M | Scene, ViewLayer | Updating Objects | Copying Transformations to device
Fra:18 Mem:47.22M (Peak 56.79M) | Time:00:00.05 | Mem:12.00M, Peak:12.00M | Scene, ViewLayer | Updating Objects | Applying Static Transformations
Fra:18 Mem:47.22M (Peak 56.79M) | Time:00:00.05 | Mem:12.00M, Peak:12.00M | Scene, ViewLayer | Updating Particle Systems
Fra:18 Mem:47.22M (Peak 56.79M) | Time:00:00.05 | Mem:12.00M, Peak:12.00M | Scene, ViewLayer | Updating Particle Systems | Copying Particles to device
Fra:18 Mem:47.22M (Peak 56.79M) | Time:00:00.05 | Mem:12.00M, Peak:12.00M | Scene, ViewLayer | Updating Meshes
Fra:18 Mem:47.42M (Peak 56.79M) | Time:00:00.05 | Mem:12.00M, Peak:12.00M | Scene, ViewLayer | Updating Mesh | Computing attributes
Fra:18 Mem:47.42M (Peak 56.79M) | Time:00:00.05 | Mem:12.00M, Peak:12.00M | Scene, ViewLayer | Updating Mesh | Copying Attributes to device
Fra:18 Mem:47.42M (Peak 56.79M) | Time:00:00.05 | Mem:12.00M, Peak:12.00M | Scene, ViewLayer | Updating Scene BVH | Building
Fra:18 Mem:47.42M (Peak 56.79M) | Time:00:00.05 | Mem:12.00M, Peak:12.00M | Scene, ViewLayer | Updating Scene BVH | Building BVH
Fra:18 Mem:47.42M (Peak 56.79M) | Time:00:00.05 | Mem:12.40M, Peak:12.40M | Scene, ViewLayer | Updating Scene BVH | Building BVH 0%
Fra:18 Mem:47.42M (Peak 56.79M) | Time:00:00.05 | Mem:12.88M, Peak:13.27M | Scene, ViewLayer | Updating Scene BVH | Copying BVH to device
Fra:18 Mem:47.42M (Peak 56.79M) | Time:00:00.05 | Mem:12.88M, Peak:13.27M | Scene, ViewLayer | Updating Mesh | Computing normals
Fra:18 Mem:47.88M (Peak 56.79M) | Time:00:00.05 | Mem:12.88M, Peak:13.27M | Scene, ViewLayer | Updating Mesh | Copying Mesh to device
Fra:18 Mem:47.88M (Peak 56.79M) | Time:00:00.05 | Mem:13.33M, Peak:13.33M | Scene, ViewLayer | Updating Objects Flags
Fra:18 Mem:47.88M (Peak 56.79M) | Time:00:00.05 | Mem:13.33M, Peak:13.33M | Scene, ViewLayer | Updating Primitive Offsets
Fra:18 Mem:47.88M (Peak 56.79M) | Time:00:00.05 | Mem:13.33M, Peak:13.33M | Scene, ViewLayer | Updating Images
Fra:18 Mem:47.88M (Peak 56.79M) | Time:00:00.05 | Mem:13.33M, Peak:13.33M | Scene, ViewLayer | Updating Camera Volume
Fra:18 Mem:47.88M (Peak 56.79M) | Time:00:00.05 | Mem:13.33M, Peak:13.33M | Scene, ViewLayer | Updating Lookup Tables
Fra:18 Mem:47.88M (Peak 56.79M) | Time:00:00.05 | Mem:13.41M, Peak:13.41M | Scene, ViewLayer | Updating Lights
Fra:18 Mem:47.88M (Peak 56.79M) | Time:00:00.05 | Mem:13.41M, Peak:13.41M | Scene, ViewLayer | Updating Lights | Computing tree
Fra:18 Mem:47.88M (Peak 56.79M) | Time:00:00.05 | Mem:13.42M, Peak:13.42M | Scene, ViewLayer | Updating Integrator
Fra:18 Mem:47.88M (Peak 56.79M) | Time:00:00.05 | Mem:13.42M, Peak:13.42M | Scene, ViewLayer | Updating Film
Fra:18 Mem:47.88M (Peak 56.79M) | Time:00:00.05 | Mem:13.33M, Peak:13.42M | Scene, ViewLayer | Updating Lookup Tables
Fra:18 Mem:47.88M (Peak 56.79M) | Time:00:00.05 | Mem:13.42M, Peak:13.42M | Scene, ViewLayer | Updating Baking
Fra:18 Mem:47.88M (Peak 56.79M) | Time:00:00.05 | Mem:13.42M, Peak:13.42M | Scene, ViewLayer | Updating Device | Writing constant memory
Fra:18 Mem:47.88M (Peak 56.79M) | Time:00:00.05 | Mem:13.42M, Peak:13.42M | Scene, ViewLayer | Sample 0/8
Fra:18 Mem:79.55M (Peak 79.55M) | Time:00:00.56 | Remaining:00:03.54 | Mem:45.07M, Peak:45.07M | Scene, ViewLayer | Sample 1/8
Fra:18 Mem:93.61M (Peak 121.74M) | Time:00:04.42 | Mem:45.07M, Peak:45.07M | Scene, ViewLayer | Sample 8/8
Fra:18 Mem:93.61M (Peak 121.74M) | Time:00:04.42 | Mem:45.07M, Peak:45.07M | Scene, ViewLayer | Finished
Saved: '/workspace/deliverables/actor-repair-20261002-r2/source-final/source_clay_front.png'
Time: 00:04.53 (Saving: 00:00.10)

Fra:18 Mem:36.61M (Peak 36.61M) | Time:00:00.00 | Mem:0.00M, Peak:0.00M | Scene, ViewLayer | Synchronizing object | Plane
Fra:18 Mem:36.61M (Peak 36.61M) | Time:00:00.00 | Mem:0.00M, Peak:0.00M | Scene, ViewLayer | Synchronizing object | enemy_patrol_body
Fra:18 Mem:37.41M (Peak 37.41M) | Time:00:00.00 | Mem:0.00M, Peak:0.00M | Scene, ViewLayer | Initializing
Fra:18 Mem:36.77M (Peak 37.41M) | Time:00:00.00 | Mem:0.00M, Peak:0.00M | Scene, ViewLayer | Updating Images | Loading actor_atlas_orm
Fra:18 Mem:36.77M (Peak 37.41M) | Time:00:00.00 | Mem:0.00M, Peak:0.00M | Scene, ViewLayer | Updating Images | Loading actor_atlas_albedo
Fra:18 Mem:44.77M (Peak 44.77M) | Time:00:00.00 | Mem:0.00M, Peak:0.00M | Scene, ViewLayer | Updating Images | Loading actor_atlas_normal
Fra:18 Mem:47.14M (Peak 64.80M) | Time:00:00.04 | Mem:12.00M, Peak:12.00M | Scene, ViewLayer | Waiting for render to start
Fra:18 Mem:47.14M (Peak 64.80M) | Time:00:00.04 | Mem:12.00M, Peak:12.00M | Scene, ViewLayer | Loading render kernels (may take a few minutes the first time)
Fra:18 Mem:47.14M (Peak 64.80M) | Time:00:00.04 | Mem:12.00M, Peak:12.00M | Scene, ViewLayer | Updating Scene
Fra:18 Mem:47.14M (Peak 64.80M) | Time:00:00.04 | Mem:12.00M, Peak:12.00M | Scene, ViewLayer | Updating Shaders
Fra:18 Mem:47.22M (Peak 64.80M) | Time:00:00.04 | Mem:12.00M, Peak:12.00M | Scene, ViewLayer | Updating Procedurals
Fra:18 Mem:47.22M (Peak 64.80M) | Time:00:00.04 | Mem:12.00M, Peak:12.00M | Scene, ViewLayer | Updating Background
Fra:18 Mem:47.22M (Peak 64.80M) | Time:00:00.04 | Mem:12.00M, Peak:12.00M | Scene, ViewLayer | Updating Camera
Fra:18 Mem:47.22M (Peak 64.80M) | Time:00:00.04 | Mem:12.00M, Peak:12.00M | Scene, ViewLayer | Updating Meshes Flags
Fra:18 Mem:47.22M (Peak 64.80M) | Time:00:00.04 | Mem:12.00M, Peak:12.00M | Scene, ViewLayer | Updating Objects
Fra:18 Mem:47.22M (Peak 64.80M) | Time:00:00.04 | Mem:12.00M, Peak:12.00M | Scene, ViewLayer | Updating Objects | Copying Transformations to device
Fra:18 Mem:47.22M (Peak 64.80M) | Time:00:00.04 | Mem:12.00M, Peak:12.00M | Scene, ViewLayer | Updating Objects | Applying Static Transformations
Fra:18 Mem:47.22M (Peak 64.80M) | Time:00:00.04 | Mem:12.00M, Peak:12.00M | Scene, ViewLayer | Updating Particle Systems
Fra:18 Mem:47.22M (Peak 64.80M) | Time:00:00.04 | Mem:12.00M, Peak:12.00M | Scene, ViewLayer | Updating Particle Systems | Copying Particles to device
Fra:18 Mem:47.22M (Peak 64.80M) | Time:00:00.04 | Mem:12.00M, Peak:12.00M | Scene, ViewLayer | Updating Meshes
Fra:18 Mem:47.42M (Peak 64.80M) | Time:00:00.04 | Mem:12.00M, Peak:12.00M | Scene, ViewLayer | Updating Mesh | Computing attributes
Fra:18 Mem:47.42M (Peak 64.80M) | Time:00:00.04 | Mem:12.00M, Peak:12.00M | Scene, ViewLayer | Updating Mesh | Copying Attributes to device
Fra:18 Mem:47.42M (Peak 64.80M) | Time:00:00.04 | Mem:12.00M, Peak:12.00M | Scene, ViewLayer | Updating Scene BVH | Building
Fra:18 Mem:47.42M (Peak 64.80M) | Time:00:00.04 | Mem:12.00M, Peak:12.00M | Scene, ViewLayer | Updating Scene BVH | Building BVH
Fra:18 Mem:47.42M (Peak 64.80M) | Time:00:00.04 | Mem:12.40M, Peak:12.40M | Scene, ViewLayer | Updating Scene BVH | Building BVH 0%
Fra:18 Mem:47.42M (Peak 64.80M) | Time:00:00.04 | Mem:12.88M, Peak:13.27M | Scene, ViewLayer | Updating Scene BVH | Copying BVH to device
Fra:18 Mem:47.42M (Peak 64.80M) | Time:00:00.04 | Mem:12.88M, Peak:13.27M | Scene, ViewLayer | Updating Mesh | Computing normals
Fra:18 Mem:47.88M (Peak 64.80M) | Time:00:00.04 | Mem:12.88M, Peak:13.27M | Scene, ViewLayer | Updating Mesh | Copying Mesh to device
Fra:18 Mem:47.88M (Peak 64.80M) | Time:00:00.04 | Mem:13.33M, Peak:13.33M | Scene, ViewLayer | Updating Objects Flags
Fra:18 Mem:47.88M (Peak 64.80M) | Time:00:00.04 | Mem:13.33M, Peak:13.33M | Scene, ViewLayer | Updating Primitive Offsets
Fra:18 Mem:47.88M (Peak 64.80M) | Time:00:00.04 | Mem:13.33M, Peak:13.33M | Scene, ViewLayer | Updating Images
Fra:18 Mem:47.88M (Peak 64.80M) | Time:00:00.04 | Mem:13.33M, Peak:13.33M | Scene, ViewLayer | Updating Camera Volume
Fra:18 Mem:47.88M (Peak 64.80M) | Time:00:00.04 | Mem:13.33M, Peak:13.33M | Scene, ViewLayer | Updating Lookup Tables
Fra:18 Mem:47.88M (Peak 64.80M) | Time:00:00.04 | Mem:13.41M, Peak:13.41M | Scene, ViewLayer | Updating Lights
Fra:18 Mem:47.88M (Peak 64.80M) | Time:00:00.04 | Mem:13.41M, Peak:13.41M | Scene, ViewLayer | Updating Lights | Computing tree
Fra:18 Mem:47.88M (Peak 64.80M) | Time:00:00.04 | Mem:13.42M, Peak:13.42M | Scene, ViewLayer | Updating Integrator
Fra:18 Mem:47.88M (Peak 64.80M) | Time:00:00.04 | Mem:13.42M, Peak:13.42M | Scene, ViewLayer | Updating Film
Fra:18 Mem:47.88M (Peak 64.80M) | Time:00:00.04 | Mem:13.33M, Peak:13.42M | Scene, ViewLayer | Updating Lookup Tables
Fra:18 Mem:47.88M (Peak 64.80M) | Time:00:00.04 | Mem:13.42M, Peak:13.42M | Scene, ViewLayer | Updating Baking
Fra:18 Mem:47.88M (Peak 64.80M) | Time:00:00.04 | Mem:13.42M, Peak:13.42M | Scene, ViewLayer | Updating Device | Writing constant memory
Fra:18 Mem:47.88M (Peak 64.80M) | Time:00:00.04 | Mem:13.42M, Peak:13.42M | Scene, ViewLayer | Sample 0/8
Fra:18 Mem:79.55M (Peak 79.55M) | Time:00:00.62 | Remaining:00:04.01 | Mem:45.07M, Peak:45.07M | Scene, ViewLayer | Sample 1/8
Fra:18 Mem:93.61M (Peak 121.74M) | Time:00:04.78 | Mem:45.07M, Peak:45.07M | Scene, ViewLayer | Sample 8/8
Fra:18 Mem:93.61M (Peak 121.74M) | Time:00:04.78 | Mem:45.07M, Peak:45.07M | Scene, ViewLayer | Finished
Saved: '/workspace/deliverables/actor-repair-20261002-r2/source-final/source_clay_side.png'
Time: 00:04.88 (Saving: 00:00.10)

Fra:18 Mem:36.61M (Peak 36.61M) | Time:00:00.00 | Mem:0.00M, Peak:0.00M | Scene, ViewLayer | Synchronizing object | enemy_patrol_body
Fra:18 Mem:36.97M (Peak 36.97M) | Time:00:00.00 | Mem:0.00M, Peak:0.00M | Scene, ViewLayer | Synchronizing object | Plane
Fra:18 Mem:36.97M (Peak 36.97M) | Time:00:00.00 | Mem:0.00M, Peak:0.00M | Scene, ViewLayer | Synchronizing object | operator_rifle_body
Fra:18 Mem:37.41M (Peak 37.41M) | Time:00:00.00 | Mem:0.00M, Peak:0.00M | Scene, ViewLayer | Initializing
Fra:18 Mem:36.77M (Peak 37.41M) | Time:00:00.00 | Mem:0.00M, Peak:0.00M | Scene, ViewLayer | Updating Images | Loading actor_atlas_orm
Fra:18 Mem:36.77M (Peak 37.41M) | Time:00:00.00 | Mem:0.00M, Peak:0.00M | Scene, ViewLayer | Updating Images | Loading actor_atlas_albedo
Fra:18 Mem:47.14M (Peak 56.79M) | Time:00:00.03 | Mem:12.00M, Peak:12.00M | Scene, ViewLayer | Waiting for render to start
Fra:18 Mem:47.14M (Peak 56.79M) | Time:00:00.03 | Mem:12.00M, Peak:12.00M | Scene, ViewLayer | Loading render kernels (may take a few minutes the first time)
Fra:18 Mem:47.14M (Peak 56.79M) | Time:00:00.03 | Mem:12.00M, Peak:12.00M | Scene, ViewLayer | Updating Scene
Fra:18 Mem:47.14M (Peak 56.79M) | Time:00:00.03 | Mem:12.00M, Peak:12.00M | Scene, ViewLayer | Updating Shaders
Fra:18 Mem:47.22M (Peak 56.79M) | Time:00:00.03 | Mem:12.00M, Peak:12.00M | Scene, ViewLayer | Updating Procedurals
Fra:18 Mem:47.22M (Peak 56.79M) | Time:00:00.03 | Mem:12.00M, Peak:12.00M | Scene, ViewLayer | Updating Background
Fra:18 Mem:47.22M (Peak 56.79M) | Time:00:00.03 | Mem:12.00M, Peak:12.00M | Scene, ViewLayer | Updating Camera
Fra:18 Mem:47.22M (Peak 56.79M) | Time:00:00.03 | Mem:12.00M, Peak:12.00M | Scene, ViewLayer | Updating Meshes Flags
Fra:18 Mem:47.22M (Peak 56.79M) | Time:00:00.03 | Mem:12.00M, Peak:12.00M | Scene, ViewLayer | Updating Objects
Fra:18 Mem:47.22M (Peak 56.79M) | Time:00:00.04 | Mem:12.00M, Peak:12.00M | Scene, ViewLayer | Updating Objects | Copying Transformations to device
Fra:18 Mem:47.22M (Peak 56.79M) | Time:00:00.04 | Mem:12.00M, Peak:12.00M | Scene, ViewLayer | Updating Objects | Applying Static Transformations
Fra:18 Mem:47.22M (Peak 56.79M) | Time:00:00.04 | Mem:12.00M, Peak:12.00M | Scene, ViewLayer | Updating Particle Systems
Fra:18 Mem:47.22M (Peak 56.79M) | Time:00:00.04 | Mem:12.00M, Peak:12.00M | Scene, ViewLayer | Updating Particle Systems | Copying Particles to device
Fra:18 Mem:47.22M (Peak 56.79M) | Time:00:00.04 | Mem:12.00M, Peak:12.00M | Scene, ViewLayer | Updating Meshes
Fra:18 Mem:47.42M (Peak 56.79M) | Time:00:00.04 | Mem:12.00M, Peak:12.00M | Scene, ViewLayer | Updating Mesh | Computing attributes
Fra:18 Mem:47.42M (Peak 56.79M) | Time:00:00.04 | Mem:12.00M, Peak:12.00M | Scene, ViewLayer | Updating Mesh | Copying Attributes to device
Fra:18 Mem:47.42M (Peak 56.79M) | Time:00:00.04 | Mem:12.00M, Peak:12.00M | Scene, ViewLayer | Updating Scene BVH | Building
Fra:18 Mem:47.42M (Peak 56.79M) | Time:00:00.04 | Mem:12.00M, Peak:12.00M | Scene, ViewLayer | Updating Scene BVH | Building BVH
Fra:18 Mem:47.42M (Peak 56.79M) | Time:00:00.04 | Mem:12.40M, Peak:12.40M | Scene, ViewLayer | Updating Scene BVH | Building BVH 0%
Fra:18 Mem:47.42M (Peak 56.79M) | Time:00:00.04 | Mem:12.88M, Peak:13.27M | Scene, ViewLayer | Updating Scene BVH | Copying BVH to device
Fra:18 Mem:47.42M (Peak 56.79M) | Time:00:00.04 | Mem:12.88M, Peak:13.27M | Scene, ViewLayer | Updating Mesh | Computing normals
Fra:18 Mem:47.88M (Peak 56.79M) | Time:00:00.04 | Mem:12.88M, Peak:13.27M | Scene, ViewLayer | Updating Mesh | Copying Mesh to device
Fra:18 Mem:47.88M (Peak 56.79M) | Time:00:00.04 | Mem:13.33M, Peak:13.33M | Scene, ViewLayer | Updating Objects Flags
Fra:18 Mem:47.88M (Peak 56.79M) | Time:00:00.04 | Mem:13.33M, Peak:13.33M | Scene, ViewLayer | Updating Primitive Offsets
Fra:18 Mem:47.88M (Peak 56.79M) | Time:00:00.04 | Mem:13.33M, Peak:13.33M | Scene, ViewLayer | Updating Images
Fra:18 Mem:47.88M (Peak 56.79M) | Time:00:00.04 | Mem:13.33M, Peak:13.33M | Scene, ViewLayer | Updating Camera Volume
Fra:18 Mem:47.88M (Peak 56.79M) | Time:00:00.04 | Mem:13.33M, Peak:13.33M | Scene, ViewLayer | Updating Lookup Tables
Fra:18 Mem:47.88M (Peak 56.79M) | Time:00:00.04 | Mem:13.41M, Peak:13.41M | Scene, ViewLayer | Updating Lights
Fra:18 Mem:47.88M (Peak 56.79M) | Time:00:00.04 | Mem:13.41M, Peak:13.41M | Scene, ViewLayer | Updating Lights | Computing tree
Fra:18 Mem:47.88M (Peak 56.79M) | Time:00:00.04 | Mem:13.42M, Peak:13.42M | Scene, ViewLayer | Updating Integrator
Fra:18 Mem:47.88M (Peak 56.79M) | Time:00:00.04 | Mem:13.42M, Peak:13.42M | Scene, ViewLayer | Updating Film
Fra:18 Mem:47.88M (Peak 56.79M) | Time:00:00.04 | Mem:13.33M, Peak:13.42M | Scene, ViewLayer | Updating Lookup Tables
Fra:18 Mem:47.88M (Peak 56.79M) | Time:00:00.04 | Mem:13.42M, Peak:13.42M | Scene, ViewLayer | Updating Baking
Fra:18 Mem:47.88M (Peak 56.79M) | Time:00:00.04 | Mem:13.42M, Peak:13.42M | Scene, ViewLayer | Updating Device | Writing constant memory
Fra:18 Mem:47.88M (Peak 56.79M) | Time:00:00.04 | Mem:13.42M, Peak:13.42M | Scene, ViewLayer | Sample 0/8
Fra:18 Mem:79.55M (Peak 79.55M) | Time:00:00.56 | Remaining:00:03.64 | Mem:45.07M, Peak:45.07M | Scene, ViewLayer | Sample 1/8
Fra:18 Mem:93.61M (Peak 121.74M) | Time:00:04.19 | Mem:45.07M, Peak:45.07M | Scene, ViewLayer | Sample 8/8
Fra:18 Mem:93.61M (Peak 121.74M) | Time:00:04.19 | Mem:45.07M, Peak:45.07M | Scene, ViewLayer | Finished
Saved: '/workspace/deliverables/actor-repair-20261002-r2/source-final/source_clay_rear.png'
Time: 00:04.32 (Saving: 00:00.12)

Fra:18 Mem:36.60M (Peak 36.60M) | Time:00:00.00 | Mem:0.00M, Peak:0.00M | Scene, ViewLayer | Synchronizing object | Plane
Fra:18 Mem:36.61M (Peak 36.61M) | Time:00:00.00 | Mem:0.00M, Peak:0.00M | Scene, ViewLayer | Synchronizing object | enemy_patrol_body
Fra:18 Mem:38.55M (Peak 38.60M) | Time:00:00.00 | Mem:0.00M, Peak:0.00M | Scene, ViewLayer | Initializing
Fra:18 Mem:37.91M (Peak 38.60M) | Time:00:00.00 | Mem:0.00M, Peak:0.00M | Scene, ViewLayer | Updating Images | Loading actor_atlas_albedo
Fra:18 Mem:37.91M (Peak 38.60M) | Time:00:00.00 | Mem:0.00M, Peak:0.00M | Scene, ViewLayer | Updating Images | Loading actor_atlas_normal
Fra:18 Mem:48.28M (Peak 65.94M) | Time:00:00.04 | Mem:12.00M, Peak:12.00M | Scene, ViewLayer | Waiting for render to start
Fra:18 Mem:48.28M (Peak 65.94M) | Time:00:00.04 | Mem:12.00M, Peak:12.00M | Scene, ViewLayer | Loading render kernels (may take a few minutes the first time)
Fra:18 Mem:48.28M (Peak 65.94M) | Time:00:00.04 | Mem:12.00M, Peak:12.00M | Scene, ViewLayer | Updating Scene
Fra:18 Mem:48.28M (Peak 65.94M) | Time:00:00.04 | Mem:12.00M, Peak:12.00M | Scene, ViewLayer | Updating Shaders
Fra:18 Mem:48.36M (Peak 65.94M) | Time:00:00.04 | Mem:12.00M, Peak:12.00M | Scene, ViewLayer | Updating Procedurals
Fra:18 Mem:48.36M (Peak 65.94M) | Time:00:00.04 | Mem:12.00M, Peak:12.00M | Scene, ViewLayer | Updating Background
Fra:18 Mem:48.36M (Peak 65.94M) | Time:00:00.04 | Mem:12.00M, Peak:12.00M | Scene, ViewLayer | Updating Camera
Fra:18 Mem:48.36M (Peak 65.94M) | Time:00:00.04 | Mem:12.00M, Peak:12.00M | Scene, ViewLayer | Updating Meshes Flags
Fra:18 Mem:48.36M (Peak 65.94M) | Time:00:00.04 | Mem:12.00M, Peak:12.00M | Scene, ViewLayer | Updating Objects
Fra:18 Mem:48.36M (Peak 65.94M) | Time:00:00.04 | Mem:12.00M, Peak:12.00M | Scene, ViewLayer | Updating Objects | Copying Transformations to device
Fra:18 Mem:48.36M (Peak 65.94M) | Time:00:00.04 | Mem:12.00M, Peak:12.00M | Scene, ViewLayer | Updating Objects | Applying Static Transformations
Fra:18 Mem:48.36M (Peak 65.94M) | Time:00:00.04 | Mem:12.00M, Peak:12.00M | Scene, ViewLayer | Updating Particle Systems
Fra:18 Mem:48.36M (Peak 65.94M) | Time:00:00.04 | Mem:12.00M, Peak:12.00M | Scene, ViewLayer | Updating Particle Systems | Copying Particles to device
Fra:18 Mem:48.36M (Peak 65.94M) | Time:00:00.04 | Mem:12.00M, Peak:12.00M | Scene, ViewLayer | Updating Meshes
Fra:18 Mem:48.56M (Peak 65.94M) | Time:00:00.04 | Mem:12.00M, Peak:12.00M | Scene, ViewLayer | Updating Mesh | Computing attributes
Fra:18 Mem:49.54M (Peak 65.94M) | Time:00:00.04 | Mem:12.00M, Peak:12.00M | Scene, ViewLayer | Updating Mesh | Copying Attributes to device
Fra:18 Mem:49.54M (Peak 65.94M) | Time:00:00.04 | Mem:12.98M, Peak:12.98M | Scene, ViewLayer | Updating Scene BVH | Building
Fra:18 Mem:49.54M (Peak 65.94M) | Time:00:00.04 | Mem:12.98M, Peak:12.98M | Scene, ViewLayer | Updating Scene BVH | Building BVH
Fra:18 Mem:49.54M (Peak 65.94M) | Time:00:00.04 | Mem:13.37M, Peak:13.37M | Scene, ViewLayer | Updating Scene BVH | Building BVH 0%
Fra:18 Mem:49.54M (Peak 65.94M) | Time:00:00.04 | Mem:13.85M, Peak:14.25M | Scene, ViewLayer | Updating Scene BVH | Copying BVH to device
Fra:18 Mem:49.54M (Peak 65.94M) | Time:00:00.04 | Mem:13.85M, Peak:14.25M | Scene, ViewLayer | Updating Mesh | Computing normals
Fra:18 Mem:49.99M (Peak 65.94M) | Time:00:00.04 | Mem:13.85M, Peak:14.25M | Scene, ViewLayer | Updating Mesh | Copying Mesh to device
Fra:18 Mem:49.99M (Peak 65.94M) | Time:00:00.04 | Mem:14.31M, Peak:14.31M | Scene, ViewLayer | Updating Objects Flags
Fra:18 Mem:49.99M (Peak 65.94M) | Time:00:00.04 | Mem:14.31M, Peak:14.31M | Scene, ViewLayer | Updating Primitive Offsets
Fra:18 Mem:49.99M (Peak 65.94M) | Time:00:00.04 | Mem:14.31M, Peak:14.31M | Scene, ViewLayer | Updating Images
Fra:18 Mem:49.99M (Peak 65.94M) | Time:00:00.04 | Mem:14.31M, Peak:14.31M | Scene, ViewLayer | Updating Camera Volume
Fra:18 Mem:49.99M (Peak 65.94M) | Time:00:00.04 | Mem:14.31M, Peak:14.31M | Scene, ViewLayer | Updating Lookup Tables
Fra:18 Mem:49.99M (Peak 65.94M) | Time:00:00.04 | Mem:14.39M, Peak:14.39M | Scene, ViewLayer | Updating Lights
Fra:18 Mem:49.99M (Peak 65.94M) | Time:00:00.04 | Mem:14.39M, Peak:14.39M | Scene, ViewLayer | Updating Lights | Computing tree
Fra:18 Mem:49.99M (Peak 65.94M) | Time:00:00.04 | Mem:14.39M, Peak:14.39M | Scene, ViewLayer | Updating Integrator
Fra:18 Mem:49.99M (Peak 65.94M) | Time:00:00.04 | Mem:14.39M, Peak:14.39M | Scene, ViewLayer | Updating Film
Fra:18 Mem:50.00M (Peak 65.94M) | Time:00:00.04 | Mem:14.31M, Peak:14.39M | Scene, ViewLayer | Updating Lookup Tables
Fra:18 Mem:50.00M (Peak 65.94M) | Time:00:00.04 | Mem:14.39M, Peak:14.39M | Scene, ViewLayer | Updating Baking
Fra:18 Mem:50.00M (Peak 65.94M) | Time:00:00.04 | Mem:14.39M, Peak:14.39M | Scene, ViewLayer | Updating Device | Writing constant memory
Fra:18 Mem:50.00M (Peak 65.94M) | Time:00:00.04 | Mem:14.39M, Peak:14.39M | Scene, ViewLayer | Sample 0/8
Fra:18 Mem:81.67M (Peak 81.67M) | Time:00:00.69 | Remaining:00:04.55 | Mem:46.04M, Peak:46.04M | Scene, ViewLayer | Sample 1/8
Fra:18 Mem:95.73M (Peak 123.86M) | Time:00:04.57 | Mem:46.04M, Peak:46.04M | Scene, ViewLayer | Sample 8/8
Fra:18 Mem:95.73M (Peak 123.86M) | Time:00:04.57 | Mem:46.04M, Peak:46.04M | Scene, ViewLayer | Finished
Saved: '/workspace/deliverables/actor-repair-20261002-r2/source-final/source_material_front.png'
Time: 00:04.71 (Saving: 00:00.13)

Fra:18 Mem:36.61M (Peak 36.61M) | Time:00:00.00 | Mem:0.00M, Peak:0.00M | Scene, ViewLayer | Synchronizing object | Plane
Fra:18 Mem:36.61M (Peak 36.61M) | Time:00:00.00 | Mem:0.00M, Peak:0.00M | Scene, ViewLayer | Synchronizing object | enemy_patrol_body
Fra:18 Mem:38.55M (Peak 38.60M) | Time:00:00.00 | Mem:0.00M, Peak:0.00M | Scene, ViewLayer | Initializing
Fra:18 Mem:37.91M (Peak 38.60M) | Time:00:00.00 | Mem:0.00M, Peak:0.00M | Scene, ViewLayer | Updating Images | Loading actor_atlas_albedo
Fra:18 Mem:37.91M (Peak 38.60M) | Time:00:00.00 | Mem:0.00M, Peak:0.00M | Scene, ViewLayer | Updating Images | Loading actor_atlas_orm
Fra:18 Mem:37.91M (Peak 38.60M) | Time:00:00.00 | Mem:0.00M, Peak:0.00M | Scene, ViewLayer | Updating Images | Loading actor_atlas_normal
Fra:18 Mem:48.28M (Peak 57.93M) | Time:00:00.03 | Mem:12.00M, Peak:12.00M | Scene, ViewLayer | Waiting for render to start
Fra:18 Mem:48.28M (Peak 57.93M) | Time:00:00.03 | Mem:12.00M, Peak:12.00M | Scene, ViewLayer | Loading render kernels (may take a few minutes the first time)
Fra:18 Mem:48.28M (Peak 57.93M) | Time:00:00.03 | Mem:12.00M, Peak:12.00M | Scene, ViewLayer | Updating Scene
Fra:18 Mem:48.28M (Peak 57.93M) | Time:00:00.03 | Mem:12.00M, Peak:12.00M | Scene, ViewLayer | Updating Shaders
Fra:18 Mem:48.36M (Peak 57.93M) | Time:00:00.03 | Mem:12.00M, Peak:12.00M | Scene, ViewLayer | Updating Procedurals
Fra:18 Mem:48.36M (Peak 57.93M) | Time:00:00.03 | Mem:12.00M, Peak:12.00M | Scene, ViewLayer | Updating Background
Fra:18 Mem:48.36M (Peak 57.93M) | Time:00:00.03 | Mem:12.00M, Peak:12.00M | Scene, ViewLayer | Updating Camera
Fra:18 Mem:48.36M (Peak 57.93M) | Time:00:00.03 | Mem:12.00M, Peak:12.00M | Scene, ViewLayer | Updating Meshes Flags
Fra:18 Mem:48.36M (Peak 57.93M) | Time:00:00.03 | Mem:12.00M, Peak:12.00M | Scene, ViewLayer | Updating Objects
Fra:18 Mem:48.36M (Peak 57.93M) | Time:00:00.03 | Mem:12.00M, Peak:12.00M | Scene, ViewLayer | Updating Objects | Copying Transformations to device
Fra:18 Mem:48.36M (Peak 57.93M) | Time:00:00.03 | Mem:12.00M, Peak:12.00M | Scene, ViewLayer | Updating Objects | Applying Static Transformations
Fra:18 Mem:48.36M (Peak 57.93M) | Time:00:00.03 | Mem:12.00M, Peak:12.00M | Scene, ViewLayer | Updating Particle Systems
Fra:18 Mem:48.36M (Peak 57.93M) | Time:00:00.03 | Mem:12.00M, Peak:12.00M | Scene, ViewLayer | Updating Particle Systems | Copying Particles to device
Fra:18 Mem:48.37M (Peak 57.93M) | Time:00:00.03 | Mem:12.00M, Peak:12.00M | Scene, ViewLayer | Updating Meshes
Fra:18 Mem:48.56M (Peak 57.93M) | Time:00:00.03 | Mem:12.00M, Peak:12.00M | Scene, ViewLayer | Updating Mesh | Computing attributes
Fra:18 Mem:49.54M (Peak 57.93M) | Time:00:00.03 | Mem:12.00M, Peak:12.00M | Scene, ViewLayer | Updating Mesh | Copying Attributes to device
Fra:18 Mem:49.54M (Peak 57.93M) | Time:00:00.03 | Mem:12.98M, Peak:12.98M | Scene, ViewLayer | Updating Scene BVH | Building
Fra:18 Mem:49.54M (Peak 57.93M) | Time:00:00.03 | Mem:12.98M, Peak:12.98M | Scene, ViewLayer | Updating Scene BVH | Building BVH
Fra:18 Mem:49.54M (Peak 57.93M) | Time:00:00.03 | Mem:13.37M, Peak:13.37M | Scene, ViewLayer | Updating Scene BVH | Building BVH 0%
Fra:18 Mem:49.54M (Peak 57.93M) | Time:00:00.03 | Mem:13.85M, Peak:14.25M | Scene, ViewLayer | Updating Scene BVH | Copying BVH to device
Fra:18 Mem:49.54M (Peak 57.93M) | Time:00:00.03 | Mem:13.85M, Peak:14.25M | Scene, ViewLayer | Updating Mesh | Computing normals
Fra:18 Mem:49.99M (Peak 57.93M) | Time:00:00.03 | Mem:13.85M, Peak:14.25M | Scene, ViewLayer | Updating Mesh | Copying Mesh to device
Fra:18 Mem:49.99M (Peak 57.93M) | Time:00:00.03 | Mem:14.31M, Peak:14.31M | Scene, ViewLayer | Updating Objects Flags
Fra:18 Mem:49.99M (Peak 57.93M) | Time:00:00.03 | Mem:14.31M, Peak:14.31M | Scene, ViewLayer | Updating Primitive Offsets
Fra:18 Mem:49.99M (Peak 57.93M) | Time:00:00.03 | Mem:14.31M, Peak:14.31M | Scene, ViewLayer | Updating Images
Fra:18 Mem:49.99M (Peak 57.93M) | Time:00:00.03 | Mem:14.31M, Peak:14.31M | Scene, ViewLayer | Updating Camera Volume
Fra:18 Mem:49.99M (Peak 57.93M) | Time:00:00.03 | Mem:14.31M, Peak:14.31M | Scene, ViewLayer | Updating Lookup Tables
Fra:18 Mem:49.99M (Peak 57.93M) | Time:00:00.03 | Mem:14.39M, Peak:14.39M | Scene, ViewLayer | Updating Lights
Fra:18 Mem:49.99M (Peak 57.93M) | Time:00:00.03 | Mem:14.39M, Peak:14.39M | Scene, ViewLayer | Updating Lights | Computing tree
Fra:18 Mem:49.99M (Peak 57.93M) | Time:00:00.03 | Mem:14.39M, Peak:14.39M | Scene, ViewLayer | Updating Integrator
Fra:18 Mem:49.99M (Peak 57.93M) | Time:00:00.03 | Mem:14.39M, Peak:14.39M | Scene, ViewLayer | Updating Film
Fra:18 Mem:50.00M (Peak 57.93M) | Time:00:00.03 | Mem:14.31M, Peak:14.39M | Scene, ViewLayer | Updating Lookup Tables
Fra:18 Mem:50.00M (Peak 57.93M) | Time:00:00.03 | Mem:14.39M, Peak:14.39M | Scene, ViewLayer | Updating Baking
Fra:18 Mem:50.00M (Peak 57.93M) | Time:00:00.03 | Mem:14.39M, Peak:14.39M | Scene, ViewLayer | Updating Device | Writing constant memory
Fra:18 Mem:50.00M (Peak 57.93M) | Time:00:00.03 | Mem:14.39M, Peak:14.39M | Scene, ViewLayer | Sample 0/8
Fra:18 Mem:81.67M (Peak 81.67M) | Time:00:00.53 | Remaining:00:03.46 | Mem:46.04M, Peak:46.04M | Scene, ViewLayer | Sample 1/8
Fra:18 Mem:95.73M (Peak 123.86M) | Time:00:03.71 | Mem:46.04M, Peak:46.04M | Scene, ViewLayer | Sample 8/8
Fra:18 Mem:95.73M (Peak 123.86M) | Time:00:03.71 | Mem:46.04M, Peak:46.04M | Scene, ViewLayer | Finished
Saved: '/workspace/deliverables/actor-repair-20261002-r2/source-final/source_material_side.png'
Time: 00:03.80 (Saving: 00:00.08)

Fra:18 Mem:36.61M (Peak 36.61M) | Time:00:00.00 | Mem:0.00M, Peak:0.00M | Scene, ViewLayer | Synchronizing object | Plane
Fra:18 Mem:36.61M (Peak 36.61M) | Time:00:00.00 | Mem:0.00M, Peak:0.00M | Scene, ViewLayer | Synchronizing object | enemy_patrol_body
Fra:18 Mem:38.55M (Peak 38.60M) | Time:00:00.00 | Mem:0.00M, Peak:0.00M | Scene, ViewLayer | Initializing
Fra:18 Mem:37.91M (Peak 38.60M) | Time:00:00.00 | Mem:0.00M, Peak:0.00M | Scene, ViewLayer | Updating Images | Loading actor_atlas_albedo
Fra:18 Mem:37.91M (Peak 38.60M) | Time:00:00.00 | Mem:0.00M, Peak:0.00M | Scene, ViewLayer | Updating Images | Loading actor_atlas_orm
Fra:18 Mem:37.91M (Peak 38.60M) | Time:00:00.00 | Mem:0.00M, Peak:0.00M | Scene, ViewLayer | Updating Images | Loading actor_atlas_normal
Fra:18 Mem:48.28M (Peak 57.93M) | Time:00:00.03 | Mem:12.00M, Peak:12.00M | Scene, ViewLayer | Waiting for render to start
Fra:18 Mem:48.28M (Peak 57.93M) | Time:00:00.03 | Mem:12.00M, Peak:12.00M | Scene, ViewLayer | Loading render kernels (may take a few minutes the first time)
Fra:18 Mem:48.28M (Peak 57.93M) | Time:00:00.03 | Mem:12.00M, Peak:12.00M | Scene, ViewLayer | Updating Scene
Fra:18 Mem:48.28M (Peak 57.93M) | Time:00:00.03 | Mem:12.00M, Peak:12.00M | Scene, ViewLayer | Updating Shaders
Fra:18 Mem:48.36M (Peak 57.93M) | Time:00:00.03 | Mem:12.00M, Peak:12.00M | Scene, ViewLayer | Updating Procedurals
Fra:18 Mem:48.36M (Peak 57.93M) | Time:00:00.03 | Mem:12.00M, Peak:12.00M | Scene, ViewLayer | Updating Background
Fra:18 Mem:48.36M (Peak 57.93M) | Time:00:00.03 | Mem:12.00M, Peak:12.00M | Scene, ViewLayer | Updating Camera
Fra:18 Mem:48.36M (Peak 57.93M) | Time:00:00.03 | Mem:12.00M, Peak:12.00M | Scene, ViewLayer | Updating Meshes Flags
Fra:18 Mem:48.36M (Peak 57.93M) | Time:00:00.03 | Mem:12.00M, Peak:12.00M | Scene, ViewLayer | Updating Objects
Fra:18 Mem:48.36M (Peak 57.93M) | Time:00:00.03 | Mem:12.00M, Peak:12.00M | Scene, ViewLayer | Updating Objects | Copying Transformations to device
Fra:18 Mem:48.37M (Peak 57.93M) | Time:00:00.03 | Mem:12.00M, Peak:12.00M | Scene, ViewLayer | Updating Objects | Applying Static Transformations
Fra:18 Mem:48.37M (Peak 57.93M) | Time:00:00.03 | Mem:12.00M, Peak:12.00M | Scene, ViewLayer | Updating Particle Systems
Fra:18 Mem:48.37M (Peak 57.93M) | Time:00:00.03 | Mem:12.00M, Peak:12.00M | Scene, ViewLayer | Updating Particle Systems | Copying Particles to device
Fra:18 Mem:48.37M (Peak 57.93M) | Time:00:00.03 | Mem:12.00M, Peak:12.00M | Scene, ViewLayer | Updating Meshes
Fra:18 Mem:48.56M (Peak 57.93M) | Time:00:00.03 | Mem:12.00M, Peak:12.00M | Scene, ViewLayer | Updating Mesh | Computing attributes
Fra:18 Mem:49.54M (Peak 57.93M) | Time:00:00.03 | Mem:12.00M, Peak:12.00M | Scene, ViewLayer | Updating Mesh | Copying Attributes to device
Fra:18 Mem:49.54M (Peak 57.93M) | Time:00:00.03 | Mem:12.98M, Peak:12.98M | Scene, ViewLayer | Updating Scene BVH | Building
Fra:18 Mem:49.54M (Peak 57.93M) | Time:00:00.03 | Mem:12.98M, Peak:12.98M | Scene, ViewLayer | Updating Scene BVH | Building BVH
Fra:18 Mem:49.54M (Peak 57.93M) | Time:00:00.03 | Mem:13.37M, Peak:13.37M | Scene, ViewLayer | Updating Scene BVH | Building BVH 0%
Fra:18 Mem:49.54M (Peak 57.93M) | Time:00:00.03 | Mem:13.85M, Peak:14.25M | Scene, ViewLayer | Updating Scene BVH | Copying BVH to device
Fra:18 Mem:49.54M (Peak 57.93M) | Time:00:00.03 | Mem:13.85M, Peak:14.25M | Scene, ViewLayer | Updating Mesh | Computing normals
Fra:18 Mem:49.99M (Peak 57.93M) | Time:00:00.03 | Mem:13.85M, Peak:14.25M | Scene, ViewLayer | Updating Mesh | Copying Mesh to device
Fra:18 Mem:49.99M (Peak 57.93M) | Time:00:00.03 | Mem:14.31M, Peak:14.31M | Scene, ViewLayer | Updating Objects Flags
Fra:18 Mem:49.99M (Peak 57.93M) | Time:00:00.03 | Mem:14.31M, Peak:14.31M | Scene, ViewLayer | Updating Primitive Offsets
Fra:18 Mem:49.99M (Peak 57.93M) | Time:00:00.03 | Mem:14.31M, Peak:14.31M | Scene, ViewLayer | Updating Images
Fra:18 Mem:49.99M (Peak 57.93M) | Time:00:00.03 | Mem:14.31M, Peak:14.31M | Scene, ViewLayer | Updating Camera Volume
Fra:18 Mem:49.99M (Peak 57.93M) | Time:00:00.03 | Mem:14.31M, Peak:14.31M | Scene, ViewLayer | Updating Lookup Tables
Fra:18 Mem:49.99M (Peak 57.93M) | Time:00:00.03 | Mem:14.39M, Peak:14.39M | Scene, ViewLayer | Updating Lights
Fra:18 Mem:49.99M (Peak 57.93M) | Time:00:00.03 | Mem:14.39M, Peak:14.39M | Scene, ViewLayer | Updating Lights | Computing tree
Fra:18 Mem:49.99M (Peak 57.93M) | Time:00:00.03 | Mem:14.39M, Peak:14.39M | Scene, ViewLayer | Updating Integrator
Fra:18 Mem:49.99M (Peak 57.93M) | Time:00:00.03 | Mem:14.39M, Peak:14.39M | Scene, ViewLayer | Updating Film
Fra:18 Mem:50.00M (Peak 57.93M) | Time:00:00.03 | Mem:14.31M, Peak:14.39M | Scene, ViewLayer | Updating Lookup Tables
Fra:18 Mem:50.00M (Peak 57.93M) | Time:00:00.03 | Mem:14.39M, Peak:14.39M | Scene, ViewLayer | Updating Baking
Fra:18 Mem:50.00M (Peak 57.93M) | Time:00:00.03 | Mem:14.39M, Peak:14.39M | Scene, ViewLayer | Updating Device | Writing constant memory
Fra:18 Mem:50.00M (Peak 57.93M) | Time:00:00.03 | Mem:14.39M, Peak:14.39M | Scene, ViewLayer | Sample 0/8
Fra:18 Mem:81.67M (Peak 81.67M) | Time:00:00.44 | Remaining:00:02.82 | Mem:46.04M, Peak:46.04M | Scene, ViewLayer | Sample 1/8
Fra:18 Mem:95.73M (Peak 123.86M) | Time:00:03.49 | Mem:46.04M, Peak:46.04M | Scene, ViewLayer | Sample 8/8
Fra:18 Mem:95.73M (Peak 123.86M) | Time:00:03.49 | Mem:46.04M, Peak:46.04M | Scene, ViewLayer | Finished
Saved: '/workspace/deliverables/actor-repair-20261002-r2/source-final/source_material_rear.png'
Time: 00:03.57 (Saving: 00:00.08)

ACTOR_SOURCE_REVIEW_OK characters 7 renders 6

Blender quit
