ACTOR_REVIEW_RUN_ID=07a24e6797c84e53925e417bc99e33c8
SOURCE_SHA=194d9c41aaddbf014f05c70c14d40c09e6d8131b
Godot Engine v4.7.2.stable.official.ed1daf0bf - https://godotengine.org
WARNING: Could not set V-Sync mode, as changing V-Sync mode is not supported by the graphics driver.
     at: set_use_vsync (platform/linuxbsd/x11/gl_manager_x11.cpp:372)
OpenGL API 4.5 (Core Profile) Mesa 25.0.7-2+deb13u1 - Compatibility - Using Device: Mesa - llvmpipe (LLVM 19.1.7, 256 bits)

FIREARM_REVIEW_PROGRESS m1911 lod0
FIREARM_REVIEW_PROGRESS m1911 lod1
FIREARM_REVIEW_PROGRESS m1911 lod2
FIREARM_REVIEW_PROGRESS luger lod0
FIREARM_REVIEW_PROGRESS luger lod1
FIREARM_REVIEW_PROGRESS luger lod2
FIREARM_REVIEW_PROGRESS m1_garand lod0
FIREARM_REVIEW_PROGRESS m1_garand lod1
FIREARM_REVIEW_PROGRESS m1_garand lod2
FIREARM_REVIEW_PROGRESS kar98k lod0
FIREARM_REVIEW_PROGRESS kar98k lod1
FIREARM_REVIEW_PROGRESS kar98k lod2
FIREARM_REVIEW_PROGRESS thompson lod0
FIREARM_REVIEW_PROGRESS thompson lod1
FIREARM_REVIEW_PROGRESS thompson lod2
FIREARM_REVIEW_PROGRESS mp40 lod0
FIREARM_REVIEW_PROGRESS mp40 lod1
FIREARM_REVIEW_PROGRESS mp40 lod2
FIREARM_REVIEW_PROGRESS bar lod0
FIREARM_REVIEW_PROGRESS bar lod1
FIREARM_REVIEW_PROGRESS bar lod2
FIREARM_REVIEW_PROGRESS mg42 lod0
FIREARM_REVIEW_PROGRESS mg42 lod1
FIREARM_REVIEW_PROGRESS mg42 lod2
FIREARM_REVIEW_PROGRESS springfield lod0
FIREARM_REVIEW_PROGRESS springfield lod1
FIREARM_REVIEW_PROGRESS springfield lod2
FIREARM_REVIEW_PROGRESS kar98k_zf lod0
FIREARM_REVIEW_PROGRESS kar98k_zf lod1
FIREARM_REVIEW_PROGRESS kar98k_zf lod2
FIREARM_ENGINE_REVIEW captures=310 contact_rows=270 seam_rows=0 failures=0
