ERROR Draco mesh compression is not available because library could not be found at /usr/bin/4.3/python/lib/python3.13/site-packages/libextern_draco.so
16:37:23 | INFO: Starting glTF 2.0 export
16:37:23 | INFO: Extracting primitive: Sphere
16:37:23 | INFO: Primitives created: 1
16:37:29 | INFO: Finished glTF 2.0 export in 5.77576756477356 s

16:37:30 | INFO: Starting glTF 2.0 export
16:37:30 | INFO: Extracting primitive: Sphere.013
16:37:30 | INFO: Primitives created: 1
16:37:35 | INFO: Finished glTF 2.0 export in 5.828310251235962 s

16:37:36 | INFO: Starting glTF 2.0 export
16:37:36 | INFO: Extracting primitive: Sphere.020
16:37:36 | INFO: Primitives created: 1
16:37:41 | INFO: Finished glTF 2.0 export in 4.893416404724121 s

ACTOR_ASSET operator_rifle [(5846, 1), (2852, 1), (1668, 1)]
16:37:41 | INFO: Starting glTF 2.0 export
16:37:41 | INFO: Extracting primitive: Sphere.027
16:37:41 | INFO: Primitives created: 1
16:37:46 | INFO: Finished glTF 2.0 export in 4.5130934715271 s

16:37:46 | INFO: Starting glTF 2.0 export
16:37:46 | INFO: Extracting primitive: Sphere.040
16:37:46 | INFO: Primitives created: 1
16:37:53 | INFO: Finished glTF 2.0 export in 6.964518070220947 s

16:37:54 | INFO: Starting glTF 2.0 export
16:37:54 | INFO: Extracting primitive: Sphere.047
16:37:54 | INFO: Primitives created: 1
16:38:03 | INFO: Finished glTF 2.0 export in 9.0807204246521 s

ACTOR_ASSET operator_mg [(6210, 1), (3216, 1), (1680, 1)]
16:38:04 | INFO: Starting glTF 2.0 export
16:38:04 | INFO: Extracting primitive: Sphere.054
16:38:04 | INFO: Primitives created: 1
16:38:14 | INFO: Finished glTF 2.0 export in 9.808807134628296 s

16:38:15 | INFO: Starting glTF 2.0 export
16:38:15 | INFO: Extracting primitive: Sphere.068
16:38:15 | INFO: Primitives created: 1
16:38:24 | INFO: Finished glTF 2.0 export in 9.001507997512817 s

16:38:24 | INFO: Starting glTF 2.0 export
16:38:24 | INFO: Extracting primitive: Sphere.076
16:38:24 | INFO: Primitives created: 1
16:38:32 | INFO: Finished glTF 2.0 export in 8.43912410736084 s

ACTOR_ASSET operator_scout [(5750, 1), (2752, 1), (1548, 1)]
16:38:34 | INFO: Starting glTF 2.0 export
16:38:34 | INFO: Extracting primitive: Sphere.084
16:38:34 | INFO: Primitives created: 1
16:38:42 | INFO: Finished glTF 2.0 export in 7.95694637298584 s

16:38:42 | INFO: Starting glTF 2.0 export
16:38:42 | INFO: Extracting primitive: Sphere.097
16:38:42 | INFO: Primitives created: 1
16:38:53 | INFO: Finished glTF 2.0 export in 10.559469938278198 s

16:38:54 | INFO: Starting glTF 2.0 export
16:38:54 | INFO: Extracting primitive: Sphere.104
16:38:54 | INFO: Primitives created: 1
16:39:03 | INFO: Finished glTF 2.0 export in 9.463032245635986 s

ACTOR_ASSET enemy_patrol [(5902, 1), (2884, 1), (1700, 1)]
16:39:04 | INFO: Starting glTF 2.0 export
16:39:04 | INFO: Extracting primitive: Sphere.111
16:39:04 | INFO: Primitives created: 1
16:39:12 | INFO: Finished glTF 2.0 export in 7.250375509262085 s

16:39:13 | INFO: Starting glTF 2.0 export
16:39:13 | INFO: Extracting primitive: Sphere.125
16:39:13 | INFO: Primitives created: 1
16:39:19 | INFO: Finished glTF 2.0 export in 6.217776536941528 s

16:39:19 | INFO: Starting glTF 2.0 export
16:39:19 | INFO: Extracting primitive: Sphere.133
16:39:19 | INFO: Primitives created: 1
16:39:26 | INFO: Finished glTF 2.0 export in 6.474003553390503 s

ACTOR_ASSET enemy_flank [(5756, 1), (2740, 1), (1548, 1)]
16:39:27 | INFO: Starting glTF 2.0 export
16:39:27 | INFO: Extracting primitive: Sphere.141
16:39:27 | INFO: Primitives created: 1
16:39:31 | INFO: Finished glTF 2.0 export in 4.677721738815308 s

16:39:32 | INFO: Starting glTF 2.0 export
16:39:32 | INFO: Extracting primitive: Sphere.155
16:39:32 | INFO: Primitives created: 1
16:39:39 | INFO: Finished glTF 2.0 export in 7.684664011001587 s

16:39:40 | INFO: Starting glTF 2.0 export
16:39:40 | INFO: Extracting primitive: Sphere.163
16:39:40 | INFO: Primitives created: 1
16:39:50 | INFO: Finished glTF 2.0 export in 9.30367660522461 s

ACTOR_ASSET enemy_sneak [(5842, 1), (2788, 1), (1604, 1)]
16:39:52 | INFO: Starting glTF 2.0 export
16:39:52 | INFO: Extracting primitive: Sphere.171
16:39:52 | INFO: Primitives created: 1
16:40:01 | INFO: Finished glTF 2.0 export in 9.204100131988525 s

16:40:02 | INFO: Starting glTF 2.0 export
16:40:02 | INFO: Extracting primitive: Sphere.184
16:40:02 | INFO: Primitives created: 1
16:40:11 | INFO: Finished glTF 2.0 export in 8.50624704360962 s

16:40:11 | INFO: Starting glTF 2.0 export
16:40:11 | INFO: Extracting primitive: Sphere.191
16:40:11 | INFO: Primitives created: 1
16:40:21 | INFO: Finished glTF 2.0 export in 9.95727276802063 s

ACTOR_ASSET enemy_radio [(5878, 1), (2884, 1), (1700, 1)]
16:40:21 | INFO: Starting glTF 2.0 export
16:40:22 | INFO: Extracting primitive: Cube.486
16:40:22 | INFO: Primitives created: 1
16:40:22 | INFO: Finished glTF 2.0 export in 0.03758573532104492 s

16:40:22 | INFO: Starting glTF 2.0 export
16:40:22 | INFO: Extracting primitive: Cube.493
16:40:22 | INFO: Primitives created: 1
16:40:22 | INFO: Finished glTF 2.0 export in 0.027403831481933594 s

ACTOR_ASSET m1911 [(352, 1), (116, 1)]
16:40:22 | INFO: Starting glTF 2.0 export
16:40:22 | INFO: Extracting primitive: Cube.500
16:40:22 | INFO: Primitives created: 1
16:40:22 | INFO: Finished glTF 2.0 export in 0.010664224624633789 s

16:40:22 | INFO: Starting glTF 2.0 export
16:40:22 | INFO: Extracting primitive: Cube.508
16:40:22 | INFO: Primitives created: 1
16:40:22 | INFO: Finished glTF 2.0 export in 0.014029264450073242 s

ACTOR_ASSET luger [(396, 1), (128, 1)]
16:40:23 | INFO: Starting glTF 2.0 export
16:40:23 | INFO: Extracting primitive: Cube.516
16:40:23 | INFO: Primitives created: 1
16:40:23 | INFO: Finished glTF 2.0 export in 0.03938865661621094 s

16:40:24 | INFO: Starting glTF 2.0 export
16:40:24 | INFO: Extracting primitive: Cube.539
16:40:24 | INFO: Primitives created: 1
16:40:24 | INFO: Finished glTF 2.0 export in 0.013656377792358398 s

ACTOR_ASSET m1_garand [(1124, 1), (340, 1)]
16:40:25 | INFO: Starting glTF 2.0 export
16:40:25 | INFO: Extracting primitive: Cube.562
16:40:25 | INFO: Primitives created: 1
16:40:25 | INFO: Finished glTF 2.0 export in 0.0468297004699707 s

16:40:25 | INFO: Starting glTF 2.0 export
16:40:25 | INFO: Extracting primitive: Cube.584
16:40:25 | INFO: Primitives created: 1
16:40:25 | INFO: Finished glTF 2.0 export in 0.039446115493774414 s

ACTOR_ASSET kar98k [(1164, 1), (352, 1)]
16:40:26 | INFO: Starting glTF 2.0 export
16:40:26 | INFO: Extracting primitive: Cube.606
16:40:26 | INFO: Primitives created: 1
16:40:26 | INFO: Finished glTF 2.0 export in 0.020430326461791992 s

16:40:27 | INFO: Starting glTF 2.0 export
16:40:27 | INFO: Extracting primitive: Cube.627
16:40:27 | INFO: Primitives created: 1
16:40:27 | INFO: Finished glTF 2.0 export in 0.012284278869628906 s

ACTOR_ASSET thompson [(1068, 1), (340, 1)]
16:40:27 | INFO: Starting glTF 2.0 export
16:40:27 | INFO: Extracting primitive: folding_stock_rail
16:40:27 | INFO: Primitives created: 1
16:40:27 | INFO: Finished glTF 2.0 export in 0.021948814392089844 s

16:40:28 | INFO: Starting glTF 2.0 export
16:40:28 | INFO: Extracting primitive: folding_stock_rail.002
16:40:28 | INFO: Primitives created: 1
16:40:28 | INFO: Finished glTF 2.0 export in 0.04011392593383789 s

ACTOR_ASSET mp40 [(1004, 1), (336, 1)]
16:40:28 | INFO: Starting glTF 2.0 export
16:40:28 | INFO: Extracting primitive: Cube.688
16:40:28 | INFO: Primitives created: 1
16:40:28 | INFO: Finished glTF 2.0 export in 0.010884284973144531 s

16:40:29 | INFO: Starting glTF 2.0 export
16:40:29 | INFO: Extracting primitive: Cube.709
16:40:29 | INFO: Primitives created: 1
16:40:29 | INFO: Finished glTF 2.0 export in 0.010677576065063477 s

ACTOR_ASSET bar [(1048, 1), (348, 1)]
16:40:30 | INFO: Starting glTF 2.0 export
16:40:30 | INFO: Extracting primitive: Cube.730
16:40:30 | INFO: Primitives created: 1
16:40:30 | INFO: Finished glTF 2.0 export in 0.013754129409790039 s

16:40:31 | INFO: Starting glTF 2.0 export
16:40:31 | INFO: Extracting primitive: Cube.770
16:40:32 | INFO: Primitives created: 1
16:40:32 | INFO: Finished glTF 2.0 export in 0.03908491134643555 s

ACTOR_ASSET mg42 [(1596, 1), (576, 1)]
16:40:32 | INFO: Starting glTF 2.0 export
16:40:32 | INFO: Extracting primitive: Cube.810
16:40:32 | INFO: Primitives created: 1
16:40:33 | INFO: Finished glTF 2.0 export in 0.04679727554321289 s

16:40:33 | INFO: Starting glTF 2.0 export
16:40:33 | INFO: Extracting primitive: Cube.832
16:40:33 | INFO: Primitives created: 1
16:40:33 | INFO: Finished glTF 2.0 export in 0.015471458435058594 s

ACTOR_ASSET springfield [(1268, 1), (428, 1)]
16:40:34 | INFO: Starting glTF 2.0 export
16:40:34 | INFO: Extracting primitive: Cube.854
16:40:34 | INFO: Primitives created: 1
16:40:34 | INFO: Finished glTF 2.0 export in 0.04167604446411133 s

16:40:35 | INFO: Starting glTF 2.0 export
16:40:35 | INFO: Extracting primitive: Cube.878
16:40:35 | INFO: Primitives created: 1
16:40:35 | INFO: Finished glTF 2.0 export in 0.011787652969360352 s

ACTOR_ASSET kar98k_zf [(1356, 1), (452, 1)]
16:40:35 | INFO: Starting glTF 2.0 export
16:40:35 | INFO: Extracting primitive: Cube.902
16:40:35 | INFO: Primitives created: 1
16:40:35 | INFO: Finished glTF 2.0 export in 0.02488994598388672 s

16:40:35 | INFO: Starting glTF 2.0 export
16:40:35 | INFO: Extracting primitive: Cube.904
16:40:35 | INFO: Primitives created: 1
16:40:35 | INFO: Finished glTF 2.0 export in 0.011404275894165039 s

ACTOR_ASSET knife [(104, 1), (40, 1)]
16:40:35 | INFO: Starting glTF 2.0 export
16:40:35 | INFO: Extracting primitive: Sphere.204
16:40:35 | INFO: Primitives created: 1
16:40:35 | INFO: Finished glTF 2.0 export in 0.03953695297241211 s

16:40:35 | INFO: Starting glTF 2.0 export
16:40:35 | INFO: Extracting primitive: Sphere.205
16:40:35 | INFO: Primitives created: 1
16:40:35 | INFO: Finished glTF 2.0 export in 0.024251699447631836 s

ACTOR_ASSET grenade [(368, 1), (108, 1)]
16:40:35 | INFO: Starting glTF 2.0 export
16:40:35 | INFO: Extracting primitive: mine
16:40:35 | INFO: Primitives created: 1
16:40:35 | INFO: Finished glTF 2.0 export in 0.024071931838989258 s

16:40:35 | INFO: Starting glTF 2.0 export
16:40:35 | INFO: Extracting primitive: mine.001
16:40:35 | INFO: Primitives created: 1
16:40:35 | INFO: Finished glTF 2.0 export in 0.008433103561401367 s

ACTOR_ASSET mine [(168, 1), (124, 1)]
16:40:36 | INFO: Starting glTF 2.0 export
16:40:36 | INFO: Extracting primitive: Cube.908
16:40:36 | INFO: Primitives created: 1
16:40:36 | INFO: Finished glTF 2.0 export in 0.025366783142089844 s

16:40:36 | INFO: Starting glTF 2.0 export
16:40:36 | INFO: Extracting primitive: Cube.915
16:40:36 | INFO: Primitives created: 1
16:40:36 | INFO: Finished glTF 2.0 export in 0.01253366470336914 s

ACTOR_ASSET decoy [(280, 1), (116, 1)]
16:40:36 | INFO: Starting glTF 2.0 export
16:40:36 | INFO: Extracting primitive: Cube.922
16:40:36 | INFO: Primitives created: 1
16:40:36 | INFO: Finished glTF 2.0 export in 0.0525965690612793 s

16:40:36 | INFO: Starting glTF 2.0 export
16:40:36 | INFO: Extracting primitive: Cube.928
16:40:37 | INFO: Primitives created: 1
16:40:37 | INFO: Finished glTF 2.0 export in 0.02974534034729004 s

ACTOR_ASSET ammo_pack [(264, 1), (72, 1)]
Info: Saved "actors.blend"
ACTOR_KIT_EXPORTED 22
Blender 4.3.2

Blender quit
