ERROR Draco mesh compression is not available because library could not be found at /usr/bin/4.3/python/lib/python3.13/site-packages/libextern_draco.so
16:42:55 | INFO: Starting glTF 2.0 export
16:42:55 | INFO: Extracting primitive: Sphere
16:42:55 | INFO: Primitives created: 1
16:43:00 | INFO: Finished glTF 2.0 export in 5.562689781188965 s

16:43:01 | INFO: Starting glTF 2.0 export
16:43:01 | INFO: Extracting primitive: Sphere.013
16:43:01 | INFO: Primitives created: 1
16:43:08 | INFO: Finished glTF 2.0 export in 7.420646905899048 s

16:43:08 | INFO: Starting glTF 2.0 export
16:43:08 | INFO: Extracting primitive: Sphere.020
16:43:08 | INFO: Primitives created: 1
16:43:17 | INFO: Finished glTF 2.0 export in 8.663147926330566 s

ACTOR_ASSET operator_rifle [(5846, 1), (2852, 1), (1668, 1)]
16:43:19 | INFO: Starting glTF 2.0 export
16:43:19 | INFO: Extracting primitive: Sphere.027
16:43:19 | INFO: Primitives created: 1
16:43:29 | INFO: Finished glTF 2.0 export in 10.251036405563354 s

16:43:30 | INFO: Starting glTF 2.0 export
16:43:30 | INFO: Extracting primitive: Sphere.040
16:43:30 | INFO: Primitives created: 1
16:43:38 | INFO: Finished glTF 2.0 export in 7.978243350982666 s

16:43:38 | INFO: Starting glTF 2.0 export
16:43:38 | INFO: Extracting primitive: Sphere.047
16:43:38 | INFO: Primitives created: 1
16:43:47 | INFO: Finished glTF 2.0 export in 8.664719104766846 s

ACTOR_ASSET operator_mg [(6210, 1), (3216, 1), (1680, 1)]
16:43:48 | INFO: Starting glTF 2.0 export
16:43:48 | INFO: Extracting primitive: Sphere.054
16:43:48 | INFO: Primitives created: 1
16:43:56 | INFO: Finished glTF 2.0 export in 7.3961100578308105 s

16:43:56 | INFO: Starting glTF 2.0 export
16:43:56 | INFO: Extracting primitive: Sphere.068
16:43:56 | INFO: Primitives created: 1
16:44:04 | INFO: Finished glTF 2.0 export in 7.644192934036255 s

16:44:04 | INFO: Starting glTF 2.0 export
16:44:04 | INFO: Extracting primitive: Sphere.076
16:44:04 | INFO: Primitives created: 1
16:44:13 | INFO: Finished glTF 2.0 export in 8.181241989135742 s

ACTOR_ASSET operator_scout [(5750, 1), (2752, 1), (1548, 1)]
16:44:14 | INFO: Starting glTF 2.0 export
16:44:14 | INFO: Extracting primitive: Sphere.084
16:44:14 | INFO: Primitives created: 1
16:44:21 | INFO: Finished glTF 2.0 export in 7.201584815979004 s

16:44:22 | INFO: Starting glTF 2.0 export
16:44:22 | INFO: Extracting primitive: Sphere.097
16:44:22 | INFO: Primitives created: 1
16:44:29 | INFO: Finished glTF 2.0 export in 7.5060203075408936 s

16:44:30 | INFO: Starting glTF 2.0 export
16:44:30 | INFO: Extracting primitive: Sphere.104
16:44:30 | INFO: Primitives created: 1
16:44:37 | INFO: Finished glTF 2.0 export in 7.497483730316162 s

ACTOR_ASSET enemy_patrol [(5902, 1), (2884, 1), (1700, 1)]
16:44:38 | INFO: Starting glTF 2.0 export
16:44:38 | INFO: Extracting primitive: Sphere.111
16:44:38 | INFO: Primitives created: 1
16:44:46 | INFO: Finished glTF 2.0 export in 7.344648599624634 s

16:44:46 | INFO: Starting glTF 2.0 export
16:44:46 | INFO: Extracting primitive: Sphere.125
16:44:47 | INFO: Primitives created: 1
16:44:54 | INFO: Finished glTF 2.0 export in 7.246530294418335 s

16:44:54 | INFO: Starting glTF 2.0 export
16:44:54 | INFO: Extracting primitive: Sphere.133
16:44:54 | INFO: Primitives created: 1
16:45:02 | INFO: Finished glTF 2.0 export in 7.418774604797363 s

ACTOR_ASSET enemy_flank [(5756, 1), (2740, 1), (1548, 1)]
16:45:03 | INFO: Starting glTF 2.0 export
16:45:03 | INFO: Extracting primitive: Sphere.141
16:45:03 | INFO: Primitives created: 1
16:45:10 | INFO: Finished glTF 2.0 export in 6.734471082687378 s

16:45:10 | INFO: Starting glTF 2.0 export
16:45:10 | INFO: Extracting primitive: Sphere.155
16:45:11 | INFO: Primitives created: 1
16:45:16 | INFO: Finished glTF 2.0 export in 5.962265253067017 s

16:45:17 | INFO: Starting glTF 2.0 export
16:45:17 | INFO: Extracting primitive: Sphere.163
16:45:17 | INFO: Primitives created: 1
16:45:22 | INFO: Finished glTF 2.0 export in 4.936918497085571 s

ACTOR_ASSET enemy_sneak [(5842, 1), (2788, 1), (1604, 1)]
16:45:23 | INFO: Starting glTF 2.0 export
16:45:23 | INFO: Extracting primitive: Sphere.171
16:45:23 | INFO: Primitives created: 1
16:45:27 | INFO: Finished glTF 2.0 export in 4.531544208526611 s

16:45:28 | INFO: Starting glTF 2.0 export
16:45:28 | INFO: Extracting primitive: Sphere.184
16:45:28 | INFO: Primitives created: 1
16:45:32 | INFO: Finished glTF 2.0 export in 4.430621862411499 s

16:45:33 | INFO: Starting glTF 2.0 export
16:45:33 | INFO: Extracting primitive: Sphere.191
16:45:33 | INFO: Primitives created: 1
16:45:37 | INFO: Finished glTF 2.0 export in 4.227978706359863 s

ACTOR_ASSET enemy_radio [(5878, 1), (2884, 1), (1700, 1)]
16:45:37 | INFO: Starting glTF 2.0 export
16:45:37 | INFO: Extracting primitive: Cube.486
16:45:37 | INFO: Primitives created: 1
16:45:37 | INFO: Finished glTF 2.0 export in 0.009369373321533203 s

16:45:37 | INFO: Starting glTF 2.0 export
16:45:37 | INFO: Extracting primitive: Cube.493
16:45:37 | INFO: Primitives created: 1
16:45:37 | INFO: Finished glTF 2.0 export in 0.007214546203613281 s

ACTOR_ASSET m1911 [(352, 1), (116, 1)]
16:45:37 | INFO: Starting glTF 2.0 export
16:45:37 | INFO: Extracting primitive: Cube.500
16:45:37 | INFO: Primitives created: 1
16:45:37 | INFO: Finished glTF 2.0 export in 0.010130643844604492 s

16:45:37 | INFO: Starting glTF 2.0 export
16:45:37 | INFO: Extracting primitive: Cube.508
16:45:37 | INFO: Primitives created: 1
16:45:37 | INFO: Finished glTF 2.0 export in 0.007364034652709961 s

ACTOR_ASSET luger [(396, 1), (128, 1)]
16:45:38 | INFO: Starting glTF 2.0 export
16:45:38 | INFO: Extracting primitive: Cube.516
16:45:38 | INFO: Primitives created: 1
16:45:38 | INFO: Finished glTF 2.0 export in 0.008796215057373047 s

16:45:38 | INFO: Starting glTF 2.0 export
16:45:38 | INFO: Extracting primitive: Cube.539
16:45:38 | INFO: Primitives created: 1
16:45:38 | INFO: Finished glTF 2.0 export in 0.008591651916503906 s

ACTOR_ASSET m1_garand [(1124, 1), (340, 1)]
16:45:38 | INFO: Starting glTF 2.0 export
16:45:38 | INFO: Extracting primitive: Cube.562
16:45:38 | INFO: Primitives created: 1
16:45:38 | INFO: Finished glTF 2.0 export in 0.01324319839477539 s

16:45:38 | INFO: Starting glTF 2.0 export
16:45:38 | INFO: Extracting primitive: Cube.584
16:45:38 | INFO: Primitives created: 1
16:45:38 | INFO: Finished glTF 2.0 export in 0.007996559143066406 s

ACTOR_ASSET kar98k [(1164, 1), (352, 1)]
16:45:39 | INFO: Starting glTF 2.0 export
16:45:39 | INFO: Extracting primitive: Cube.606
16:45:39 | INFO: Primitives created: 1
16:45:39 | INFO: Finished glTF 2.0 export in 0.014327764511108398 s

16:45:39 | INFO: Starting glTF 2.0 export
16:45:39 | INFO: Extracting primitive: Cube.627
16:45:39 | INFO: Primitives created: 1
16:45:39 | INFO: Finished glTF 2.0 export in 0.00827479362487793 s

ACTOR_ASSET thompson [(1068, 1), (340, 1)]
16:45:39 | INFO: Starting glTF 2.0 export
16:45:39 | INFO: Extracting primitive: folding_stock_rail
16:45:39 | INFO: Primitives created: 1
16:45:39 | INFO: Finished glTF 2.0 export in 0.009976387023925781 s

16:45:40 | INFO: Starting glTF 2.0 export
16:45:40 | INFO: Extracting primitive: folding_stock_rail.002
16:45:40 | INFO: Primitives created: 1
16:45:40 | INFO: Finished glTF 2.0 export in 0.008206605911254883 s

ACTOR_ASSET mp40 [(1004, 1), (336, 1)]
16:45:40 | INFO: Starting glTF 2.0 export
16:45:40 | INFO: Extracting primitive: Cube.688
16:45:40 | INFO: Primitives created: 1
16:45:40 | INFO: Finished glTF 2.0 export in 0.009100914001464844 s

16:45:40 | INFO: Starting glTF 2.0 export
16:45:40 | INFO: Extracting primitive: Cube.709
16:45:40 | INFO: Primitives created: 1
16:45:40 | INFO: Finished glTF 2.0 export in 0.008662223815917969 s

ACTOR_ASSET bar [(1048, 1), (348, 1)]
16:45:41 | INFO: Starting glTF 2.0 export
16:45:41 | INFO: Extracting primitive: Cube.730
16:45:41 | INFO: Primitives created: 1
16:45:41 | INFO: Finished glTF 2.0 export in 0.010648012161254883 s

16:45:41 | INFO: Starting glTF 2.0 export
16:45:41 | INFO: Extracting primitive: Cube.770
16:45:41 | INFO: Primitives created: 1
16:45:41 | INFO: Finished glTF 2.0 export in 0.009330272674560547 s

ACTOR_ASSET mg42 [(1596, 1), (576, 1)]
16:45:42 | INFO: Starting glTF 2.0 export
16:45:42 | INFO: Extracting primitive: Cube.810
16:45:42 | INFO: Primitives created: 1
16:45:42 | INFO: Finished glTF 2.0 export in 0.011258840560913086 s

16:45:42 | INFO: Starting glTF 2.0 export
16:45:42 | INFO: Extracting primitive: Cube.832
16:45:42 | INFO: Primitives created: 1
16:45:42 | INFO: Finished glTF 2.0 export in 0.00863790512084961 s

ACTOR_ASSET springfield [(1268, 1), (428, 1)]
16:45:43 | INFO: Starting glTF 2.0 export
16:45:43 | INFO: Extracting primitive: Cube.854
16:45:43 | INFO: Primitives created: 1
16:45:43 | INFO: Finished glTF 2.0 export in 0.010166406631469727 s

16:45:43 | INFO: Starting glTF 2.0 export
16:45:43 | INFO: Extracting primitive: Cube.878
16:45:43 | INFO: Primitives created: 1
16:45:43 | INFO: Finished glTF 2.0 export in 0.008749961853027344 s

ACTOR_ASSET kar98k_zf [(1356, 1), (452, 1)]
16:45:43 | INFO: Starting glTF 2.0 export
16:45:43 | INFO: Extracting primitive: Cube.902
16:45:43 | INFO: Primitives created: 1
16:45:43 | INFO: Finished glTF 2.0 export in 0.00789332389831543 s

16:45:43 | INFO: Starting glTF 2.0 export
16:45:43 | INFO: Extracting primitive: Cube.904
16:45:43 | INFO: Primitives created: 1
16:45:43 | INFO: Finished glTF 2.0 export in 0.007877349853515625 s

ACTOR_ASSET knife [(104, 1), (40, 1)]
16:45:43 | INFO: Starting glTF 2.0 export
16:45:43 | INFO: Extracting primitive: Sphere.204
16:45:43 | INFO: Primitives created: 1
16:45:43 | INFO: Finished glTF 2.0 export in 0.008097410202026367 s

16:45:43 | INFO: Starting glTF 2.0 export
16:45:43 | INFO: Extracting primitive: Sphere.205
16:45:43 | INFO: Primitives created: 1
16:45:43 | INFO: Finished glTF 2.0 export in 0.008090734481811523 s

ACTOR_ASSET grenade [(368, 1), (108, 1)]
16:45:43 | INFO: Starting glTF 2.0 export
16:45:43 | INFO: Extracting primitive: mine
16:45:43 | INFO: Primitives created: 1
16:45:43 | INFO: Finished glTF 2.0 export in 0.008015632629394531 s

16:45:43 | INFO: Starting glTF 2.0 export
16:45:43 | INFO: Extracting primitive: mine.001
16:45:43 | INFO: Primitives created: 1
16:45:43 | INFO: Finished glTF 2.0 export in 0.011442422866821289 s

ACTOR_ASSET mine [(168, 1), (124, 1)]
16:45:43 | INFO: Starting glTF 2.0 export
16:45:43 | INFO: Extracting primitive: Cube.908
16:45:43 | INFO: Primitives created: 1
16:45:43 | INFO: Finished glTF 2.0 export in 0.008166313171386719 s

16:45:43 | INFO: Starting glTF 2.0 export
16:45:43 | INFO: Extracting primitive: Cube.915
16:45:43 | INFO: Primitives created: 1
16:45:43 | INFO: Finished glTF 2.0 export in 0.00817108154296875 s

ACTOR_ASSET decoy [(280, 1), (116, 1)]
16:45:44 | INFO: Starting glTF 2.0 export
16:45:44 | INFO: Extracting primitive: Cube.922
16:45:44 | INFO: Primitives created: 1
16:45:44 | INFO: Finished glTF 2.0 export in 0.007644176483154297 s

16:45:44 | INFO: Starting glTF 2.0 export
16:45:44 | INFO: Extracting primitive: Cube.928
16:45:44 | INFO: Primitives created: 1
16:45:44 | INFO: Finished glTF 2.0 export in 0.010555267333984375 s

ACTOR_ASSET ammo_pack [(264, 1), (72, 1)]
Info: Saved "actors.blend"
ACTOR_KIT_EXPORTED 22
Blender 4.3.2

Blender quit
