Blender 4.3.2
Read blend: "/workspace/ambush-actors-dot/ambush_loop/ArtSource/v2/actors.blend"
Fra:0 Mem:50.22M (Peak 50.22M) | Time:00:00.00 | Mem:0.00M, Peak:0.00M | Scene, ViewLayer | Synchronizing object | m1911_body
Fra:0 Mem:50.24M (Peak 50.24M) | Time:00:00.00 | Mem:0.00M, Peak:0.00M | Scene, ViewLayer | Synchronizing object | kar98k_zf_body
Fra:0 Mem:50.30M (Peak 50.30M) | Time:00:00.00 | Mem:0.00M, Peak:0.00M | Scene, ViewLayer | Synchronizing object | luger_body
Fra:0 Mem:50.35M (Peak 50.35M) | Time:00:00.00 | Mem:0.00M, Peak:0.00M | Scene, ViewLayer | Synchronizing object | m1_garand_body
Fra:0 Mem:50.43M (Peak 50.43M) | Time:00:00.00 | Mem:0.00M, Peak:0.00M | Scene, ViewLayer | Synchronizing object | kar98k_body
Fra:0 Mem:50.49M (Peak 50.49M) | Time:00:00.00 | Mem:0.00M, Peak:0.00M | Scene, ViewLayer | Synchronizing object | springfield_body
Fra:0 Mem:50.60M (Peak 50.60M) | Time:00:00.00 | Mem:0.00M, Peak:0.00M | Scene, ViewLayer | Synchronizing object | mg42_body
Fra:0 Mem:50.68M (Peak 50.68M) | Time:00:00.00 | Mem:0.00M, Peak:0.00M | Scene, ViewLayer | Synchronizing object | thompson_body
Fra:0 Mem:50.78M (Peak 50.78M) | Time:00:00.00 | Mem:0.00M, Peak:0.00M | Scene, ViewLayer | Synchronizing object | mp40_body
Fra:0 Mem:50.80M (Peak 50.80M) | Time:00:00.00 | Mem:0.00M, Peak:0.00M | Scene, ViewLayer | Synchronizing object | bar_body
Fra:0 Mem:50.92M (Peak 50.92M) | Time:00:00.00 | Mem:0.00M, Peak:0.00M | Scene, ViewLayer | Initializing
Fra:0 Mem:50.88M (Peak 50.92M) | Time:00:00.00 | Mem:0.00M, Peak:0.00M | Scene, ViewLayer | Updating Images | Loading actor_atlas_orm
Fra:0 Mem:50.88M (Peak 50.92M) | Time:00:00.00 | Mem:0.00M, Peak:0.00M | Scene, ViewLayer | Updating Images | Loading actor_atlas_albedo
Fra:0 Mem:58.89M (Peak 66.89M) | Time:00:00.02 | Mem:4.00M, Peak:4.00M | Scene, ViewLayer | Updating Images | Loading actor_atlas_normal
Fra:0 Mem:62.26M (Peak 70.90M) | Time:00:00.09 | Mem:12.00M, Peak:12.00M | Scene, ViewLayer | Waiting for render to start
Fra:0 Mem:62.26M (Peak 70.90M) | Time:00:00.09 | Mem:12.00M, Peak:12.00M | Scene, ViewLayer | Loading render kernels (may take a few minutes the first time)
Fra:0 Mem:62.26M (Peak 70.90M) | Time:00:00.09 | Mem:12.00M, Peak:12.00M | Scene, ViewLayer | Updating Scene
Fra:0 Mem:62.26M (Peak 70.90M) | Time:00:00.09 | Mem:12.00M, Peak:12.00M | Scene, ViewLayer | Updating Shaders
Fra:0 Mem:62.35M (Peak 70.90M) | Time:00:00.09 | Mem:12.00M, Peak:12.00M | Scene, ViewLayer | Updating Procedurals
Fra:0 Mem:62.35M (Peak 70.90M) | Time:00:00.09 | Mem:12.00M, Peak:12.00M | Scene, ViewLayer | Updating Background
Fra:0 Mem:62.35M (Peak 70.90M) | Time:00:00.09 | Mem:12.00M, Peak:12.00M | Scene, ViewLayer | Updating Camera
Fra:0 Mem:62.35M (Peak 70.90M) | Time:00:00.09 | Mem:12.00M, Peak:12.00M | Scene, ViewLayer | Updating Meshes Flags
Fra:0 Mem:62.35M (Peak 70.90M) | Time:00:00.09 | Mem:12.00M, Peak:12.00M | Scene, ViewLayer | Updating Objects
Fra:0 Mem:62.35M (Peak 70.90M) | Time:00:00.09 | Mem:12.00M, Peak:12.00M | Scene, ViewLayer | Updating Objects | Copying Transformations to device
Fra:0 Mem:62.35M (Peak 70.90M) | Time:00:00.09 | Mem:12.00M, Peak:12.00M | Scene, ViewLayer | Updating Objects | Applying Static Transformations
Fra:0 Mem:62.35M (Peak 70.90M) | Time:00:00.09 | Mem:12.00M, Peak:12.00M | Scene, ViewLayer | Updating Particle Systems
Fra:0 Mem:62.35M (Peak 70.90M) | Time:00:00.09 | Mem:12.00M, Peak:12.00M | Scene, ViewLayer | Updating Particle Systems | Copying Particles to device
Fra:0 Mem:62.35M (Peak 70.90M) | Time:00:00.09 | Mem:12.00M, Peak:12.00M | Scene, ViewLayer | Updating Meshes
Fra:0 Mem:62.51M (Peak 70.90M) | Time:00:00.09 | Mem:12.00M, Peak:12.00M | Scene, ViewLayer | Updating Mesh | Computing attributes
Fra:0 Mem:62.51M (Peak 70.90M) | Time:00:00.09 | Mem:12.00M, Peak:12.00M | Scene, ViewLayer | Updating Mesh | Copying Attributes to device
Fra:0 Mem:62.51M (Peak 70.90M) | Time:00:00.09 | Mem:12.00M, Peak:12.00M | Scene, ViewLayer | Updating Scene BVH | Building
Fra:0 Mem:62.51M (Peak 70.90M) | Time:00:00.09 | Mem:12.00M, Peak:12.00M | Scene, ViewLayer | Updating Scene BVH | Building BVH
Fra:0 Mem:62.51M (Peak 70.90M) | Time:00:00.09 | Mem:12.32M, Peak:12.32M | Scene, ViewLayer | Updating Scene BVH | Building BVH 0%
Fra:0 Mem:62.51M (Peak 70.90M) | Time:00:00.10 | Mem:12.70M, Peak:13.02M | Scene, ViewLayer | Updating Scene BVH | Copying BVH to device
Fra:0 Mem:62.51M (Peak 70.90M) | Time:00:00.10 | Mem:12.70M, Peak:13.02M | Scene, ViewLayer | Updating Mesh | Computing normals
Fra:0 Mem:62.88M (Peak 70.90M) | Time:00:00.10 | Mem:12.70M, Peak:13.02M | Scene, ViewLayer | Updating Mesh | Copying Mesh to device
Fra:0 Mem:62.88M (Peak 70.90M) | Time:00:00.10 | Mem:13.07M, Peak:13.07M | Scene, ViewLayer | Updating Objects Flags
Fra:0 Mem:62.88M (Peak 70.90M) | Time:00:00.10 | Mem:13.07M, Peak:13.07M | Scene, ViewLayer | Updating Primitive Offsets
Fra:0 Mem:62.88M (Peak 70.90M) | Time:00:00.10 | Mem:13.07M, Peak:13.07M | Scene, ViewLayer | Updating Images
Fra:0 Mem:62.88M (Peak 70.90M) | Time:00:00.10 | Mem:13.07M, Peak:13.07M | Scene, ViewLayer | Updating Camera Volume
Fra:0 Mem:62.88M (Peak 70.90M) | Time:00:00.10 | Mem:13.07M, Peak:13.07M | Scene, ViewLayer | Updating Lookup Tables
Fra:0 Mem:62.88M (Peak 70.90M) | Time:00:00.10 | Mem:13.15M, Peak:13.15M | Scene, ViewLayer | Updating Lights
Fra:0 Mem:62.88M (Peak 70.90M) | Time:00:00.10 | Mem:13.15M, Peak:13.15M | Scene, ViewLayer | Updating Lights | Computing tree
Fra:0 Mem:62.88M (Peak 70.90M) | Time:00:00.10 | Mem:13.15M, Peak:13.15M | Scene, ViewLayer | Updating Integrator
Fra:0 Mem:62.88M (Peak 70.90M) | Time:00:00.10 | Mem:13.15M, Peak:13.15M | Scene, ViewLayer | Updating Film
Fra:0 Mem:62.88M (Peak 70.90M) | Time:00:00.10 | Mem:13.07M, Peak:13.15M | Scene, ViewLayer | Updating Lookup Tables
Fra:0 Mem:62.88M (Peak 70.90M) | Time:00:00.10 | Mem:13.16M, Peak:13.16M | Scene, ViewLayer | Updating Baking
Fra:0 Mem:62.88M (Peak 70.90M) | Time:00:00.10 | Mem:13.16M, Peak:13.16M | Scene, ViewLayer | Updating Device | Writing constant memory
Fra:0 Mem:62.88M (Peak 70.90M) | Time:00:00.10 | Mem:13.16M, Peak:13.16M | Scene, ViewLayer | Sample 0/8
Fra:0 Mem:94.53M (Peak 94.53M) | Time:00:00.24 | Remaining:00:01.00 | Mem:44.81M, Peak:44.81M | Scene, ViewLayer | Sample 1/8
Fra:0 Mem:108.60M (Peak 136.72M) | Time:00:01.24 | Mem:44.81M, Peak:44.81M | Scene, ViewLayer | Sample 8/8
Fra:0 Mem:108.60M (Peak 136.72M) | Time:00:01.24 | Mem:44.81M, Peak:44.81M | Scene, ViewLayer | Finished
Saved: '/workspace/deliverables/actor-repair-20261002-r4/source-verified/guns_clay_front.png'
Time: 00:01.36 (Saving: 00:00.11)

Fra:0 Mem:50.58M (Peak 50.58M) | Time:00:00.00 | Mem:0.00M, Peak:0.00M | Scene, ViewLayer | Synchronizing object | kar98k_zf_body
Fra:0 Mem:50.63M (Peak 50.63M) | Time:00:00.00 | Mem:0.00M, Peak:0.00M | Scene, ViewLayer | Synchronizing object | springfield_body
Fra:0 Mem:50.67M (Peak 50.67M) | Time:00:00.00 | Mem:0.00M, Peak:0.00M | Scene, ViewLayer | Synchronizing object | mg42_body
Fra:0 Mem:50.72M (Peak 50.72M) | Time:00:00.00 | Mem:0.00M, Peak:0.00M | Scene, ViewLayer | Synchronizing object | bar_body
Fra:0 Mem:50.75M (Peak 50.75M) | Time:00:00.00 | Mem:0.00M, Peak:0.00M | Scene, ViewLayer | Synchronizing object | mp40_body
Fra:0 Mem:50.79M (Peak 50.79M) | Time:00:00.00 | Mem:0.00M, Peak:0.00M | Scene, ViewLayer | Synchronizing object | thompson_body
Fra:0 Mem:50.82M (Peak 50.82M) | Time:00:00.00 | Mem:0.00M, Peak:0.00M | Scene, ViewLayer | Synchronizing object | kar98k_body
Fra:0 Mem:50.86M (Peak 50.86M) | Time:00:00.00 | Mem:0.00M, Peak:0.00M | Scene, ViewLayer | Synchronizing object | m1_garand_body
Fra:0 Mem:50.90M (Peak 50.90M) | Time:00:00.00 | Mem:0.00M, Peak:0.00M | Scene, ViewLayer | Synchronizing object | luger_body
Fra:0 Mem:50.91M (Peak 50.91M) | Time:00:00.00 | Mem:0.00M, Peak:0.00M | Scene, ViewLayer | Synchronizing object | m1911_body
Fra:0 Mem:50.92M (Peak 50.92M) | Time:00:00.00 | Mem:0.00M, Peak:0.00M | Scene, ViewLayer | Initializing
Fra:0 Mem:50.88M (Peak 50.92M) | Time:00:00.00 | Mem:0.00M, Peak:0.00M | Scene, ViewLayer | Updating Images | Loading actor_atlas_orm
Fra:0 Mem:54.88M (Peak 54.88M) | Time:00:00.00 | Mem:0.00M, Peak:0.00M | Scene, ViewLayer | Updating Images | Loading actor_atlas_albedo
Fra:0 Mem:58.89M (Peak 66.89M) | Time:00:00.01 | Mem:4.00M, Peak:4.00M | Scene, ViewLayer | Updating Images | Loading actor_atlas_normal
Fra:0 Mem:62.26M (Peak 70.90M) | Time:00:00.06 | Mem:12.00M, Peak:12.00M | Scene, ViewLayer | Waiting for render to start
Fra:0 Mem:62.26M (Peak 70.90M) | Time:00:00.06 | Mem:12.00M, Peak:12.00M | Scene, ViewLayer | Loading render kernels (may take a few minutes the first time)
Fra:0 Mem:62.26M (Peak 70.90M) | Time:00:00.06 | Mem:12.00M, Peak:12.00M | Scene, ViewLayer | Updating Scene
Fra:0 Mem:62.26M (Peak 70.90M) | Time:00:00.06 | Mem:12.00M, Peak:12.00M | Scene, ViewLayer | Updating Shaders
Fra:0 Mem:62.35M (Peak 70.90M) | Time:00:00.07 | Mem:12.00M, Peak:12.00M | Scene, ViewLayer | Updating Procedurals
Fra:0 Mem:62.35M (Peak 70.90M) | Time:00:00.07 | Mem:12.00M, Peak:12.00M | Scene, ViewLayer | Updating Background
Fra:0 Mem:62.35M (Peak 70.90M) | Time:00:00.07 | Mem:12.00M, Peak:12.00M | Scene, ViewLayer | Updating Camera
Fra:0 Mem:62.35M (Peak 70.90M) | Time:00:00.07 | Mem:12.00M, Peak:12.00M | Scene, ViewLayer | Updating Meshes Flags
Fra:0 Mem:62.35M (Peak 70.90M) | Time:00:00.07 | Mem:12.00M, Peak:12.00M | Scene, ViewLayer | Updating Objects
Fra:0 Mem:62.35M (Peak 70.90M) | Time:00:00.07 | Mem:12.00M, Peak:12.00M | Scene, ViewLayer | Updating Objects | Copying Transformations to device
Fra:0 Mem:62.35M (Peak 70.90M) | Time:00:00.07 | Mem:12.00M, Peak:12.00M | Scene, ViewLayer | Updating Objects | Applying Static Transformations
Fra:0 Mem:62.35M (Peak 70.90M) | Time:00:00.07 | Mem:12.00M, Peak:12.00M | Scene, ViewLayer | Updating Particle Systems
Fra:0 Mem:62.35M (Peak 70.90M) | Time:00:00.07 | Mem:12.00M, Peak:12.00M | Scene, ViewLayer | Updating Particle Systems | Copying Particles to device
Fra:0 Mem:62.35M (Peak 70.90M) | Time:00:00.07 | Mem:12.00M, Peak:12.00M | Scene, ViewLayer | Updating Meshes
Fra:0 Mem:62.51M (Peak 70.90M) | Time:00:00.07 | Mem:12.00M, Peak:12.00M | Scene, ViewLayer | Updating Mesh | Computing attributes
Fra:0 Mem:62.51M (Peak 70.90M) | Time:00:00.07 | Mem:12.00M, Peak:12.00M | Scene, ViewLayer | Updating Mesh | Copying Attributes to device
Fra:0 Mem:62.51M (Peak 70.90M) | Time:00:00.07 | Mem:12.00M, Peak:12.00M | Scene, ViewLayer | Updating Scene BVH | Building
Fra:0 Mem:62.51M (Peak 70.90M) | Time:00:00.07 | Mem:12.00M, Peak:12.00M | Scene, ViewLayer | Updating Scene BVH | Building BVH
Fra:0 Mem:62.51M (Peak 70.90M) | Time:00:00.07 | Mem:12.32M, Peak:12.32M | Scene, ViewLayer | Updating Scene BVH | Building BVH 0%
Fra:0 Mem:62.51M (Peak 70.90M) | Time:00:00.07 | Mem:12.70M, Peak:13.02M | Scene, ViewLayer | Updating Scene BVH | Copying BVH to device
Fra:0 Mem:62.51M (Peak 70.90M) | Time:00:00.07 | Mem:12.70M, Peak:13.02M | Scene, ViewLayer | Updating Mesh | Computing normals
Fra:0 Mem:62.88M (Peak 70.90M) | Time:00:00.07 | Mem:12.70M, Peak:13.02M | Scene, ViewLayer | Updating Mesh | Copying Mesh to device
Fra:0 Mem:62.88M (Peak 70.90M) | Time:00:00.07 | Mem:13.07M, Peak:13.07M | Scene, ViewLayer | Updating Objects Flags
Fra:0 Mem:62.88M (Peak 70.90M) | Time:00:00.07 | Mem:13.07M, Peak:13.07M | Scene, ViewLayer | Updating Primitive Offsets
Fra:0 Mem:62.88M (Peak 70.90M) | Time:00:00.07 | Mem:13.07M, Peak:13.07M | Scene, ViewLayer | Updating Images
Fra:0 Mem:62.88M (Peak 70.90M) | Time:00:00.07 | Mem:13.07M, Peak:13.07M | Scene, ViewLayer | Updating Camera Volume
Fra:0 Mem:62.88M (Peak 70.90M) | Time:00:00.07 | Mem:13.07M, Peak:13.07M | Scene, ViewLayer | Updating Lookup Tables
Fra:0 Mem:62.88M (Peak 70.90M) | Time:00:00.07 | Mem:13.15M, Peak:13.15M | Scene, ViewLayer | Updating Lights
Fra:0 Mem:62.88M (Peak 70.90M) | Time:00:00.08 | Mem:13.15M, Peak:13.15M | Scene, ViewLayer | Updating Lights | Computing tree
Fra:0 Mem:62.88M (Peak 70.90M) | Time:00:00.08 | Mem:13.15M, Peak:13.15M | Scene, ViewLayer | Updating Integrator
Fra:0 Mem:62.88M (Peak 70.90M) | Time:00:00.08 | Mem:13.15M, Peak:13.15M | Scene, ViewLayer | Updating Film
Fra:0 Mem:62.88M (Peak 70.90M) | Time:00:00.08 | Mem:13.07M, Peak:13.15M | Scene, ViewLayer | Updating Lookup Tables
Fra:0 Mem:62.88M (Peak 70.90M) | Time:00:00.08 | Mem:13.16M, Peak:13.16M | Scene, ViewLayer | Updating Baking
Fra:0 Mem:62.88M (Peak 70.90M) | Time:00:00.08 | Mem:13.16M, Peak:13.16M | Scene, ViewLayer | Updating Device | Writing constant memory
Fra:0 Mem:62.88M (Peak 70.90M) | Time:00:00.08 | Mem:13.16M, Peak:13.16M | Scene, ViewLayer | Sample 0/8
Fra:0 Mem:94.53M (Peak 94.53M) | Time:00:00.27 | Remaining:00:01.35 | Mem:44.81M, Peak:44.81M | Scene, ViewLayer | Sample 1/8
Fra:0 Mem:108.60M (Peak 136.72M) | Time:00:01.29 | Mem:44.81M, Peak:44.81M | Scene, ViewLayer | Sample 8/8
Fra:0 Mem:108.60M (Peak 136.72M) | Time:00:01.29 | Mem:44.81M, Peak:44.81M | Scene, ViewLayer | Finished
Saved: '/workspace/deliverables/actor-repair-20261002-r4/source-verified/guns_clay_side.png'
Time: 00:01.42 (Saving: 00:00.13)

Fra:0 Mem:50.58M (Peak 50.58M) | Time:00:00.00 | Mem:0.00M, Peak:0.00M | Scene, ViewLayer | Synchronizing object | m1911_body
Fra:0 Mem:50.59M (Peak 50.59M) | Time:00:00.00 | Mem:0.00M, Peak:0.00M | Scene, ViewLayer | Synchronizing object | luger_body
Fra:0 Mem:50.61M (Peak 50.61M) | Time:00:00.00 | Mem:0.00M, Peak:0.00M | Scene, ViewLayer | Synchronizing object | kar98k_zf_body
Fra:0 Mem:50.65M (Peak 50.65M) | Time:00:00.00 | Mem:0.00M, Peak:0.00M | Scene, ViewLayer | Synchronizing object | m1_garand_body
Fra:0 Mem:50.69M (Peak 50.69M) | Time:00:00.00 | Mem:0.00M, Peak:0.00M | Scene, ViewLayer | Synchronizing object | kar98k_body
Fra:0 Mem:50.72M (Peak 50.72M) | Time:00:00.00 | Mem:0.00M, Peak:0.00M | Scene, ViewLayer | Synchronizing object | springfield_body
Fra:0 Mem:50.77M (Peak 50.77M) | Time:00:00.00 | Mem:0.00M, Peak:0.00M | Scene, ViewLayer | Synchronizing object | thompson_body
Fra:0 Mem:50.80M (Peak 50.80M) | Time:00:00.00 | Mem:0.00M, Peak:0.00M | Scene, ViewLayer | Synchronizing object | mg42_body
Fra:0 Mem:50.85M (Peak 50.85M) | Time:00:00.00 | Mem:0.00M, Peak:0.00M | Scene, ViewLayer | Synchronizing object | mp40_body
Fra:0 Mem:50.89M (Peak 50.89M) | Time:00:00.00 | Mem:0.00M, Peak:0.00M | Scene, ViewLayer | Synchronizing object | bar_body
Fra:0 Mem:50.92M (Peak 50.92M) | Time:00:00.00 | Mem:0.00M, Peak:0.00M | Scene, ViewLayer | Initializing
Fra:0 Mem:50.88M (Peak 50.92M) | Time:00:00.00 | Mem:0.00M, Peak:0.00M | Scene, ViewLayer | Updating Images | Loading actor_atlas_albedo
Fra:0 Mem:58.89M (Peak 66.89M) | Time:00:00.01 | Mem:4.00M, Peak:4.00M | Scene, ViewLayer | Updating Images | Loading actor_atlas_normal
Fra:0 Mem:62.26M (Peak 70.90M) | Time:00:00.05 | Mem:12.00M, Peak:12.00M | Scene, ViewLayer | Waiting for render to start
Fra:0 Mem:62.26M (Peak 70.90M) | Time:00:00.05 | Mem:12.00M, Peak:12.00M | Scene, ViewLayer | Loading render kernels (may take a few minutes the first time)
Fra:0 Mem:62.26M (Peak 70.90M) | Time:00:00.05 | Mem:12.00M, Peak:12.00M | Scene, ViewLayer | Updating Scene
Fra:0 Mem:62.26M (Peak 70.90M) | Time:00:00.05 | Mem:12.00M, Peak:12.00M | Scene, ViewLayer | Updating Shaders
Fra:0 Mem:62.35M (Peak 70.90M) | Time:00:00.05 | Mem:12.00M, Peak:12.00M | Scene, ViewLayer | Updating Procedurals
Fra:0 Mem:62.35M (Peak 70.90M) | Time:00:00.05 | Mem:12.00M, Peak:12.00M | Scene, ViewLayer | Updating Background
Fra:0 Mem:62.35M (Peak 70.90M) | Time:00:00.05 | Mem:12.00M, Peak:12.00M | Scene, ViewLayer | Updating Camera
Fra:0 Mem:62.35M (Peak 70.90M) | Time:00:00.05 | Mem:12.00M, Peak:12.00M | Scene, ViewLayer | Updating Meshes Flags
Fra:0 Mem:62.35M (Peak 70.90M) | Time:00:00.05 | Mem:12.00M, Peak:12.00M | Scene, ViewLayer | Updating Objects
Fra:0 Mem:62.35M (Peak 70.90M) | Time:00:00.05 | Mem:12.00M, Peak:12.00M | Scene, ViewLayer | Updating Objects | Copying Transformations to device
Fra:0 Mem:62.35M (Peak 70.90M) | Time:00:00.05 | Mem:12.00M, Peak:12.00M | Scene, ViewLayer | Updating Objects | Applying Static Transformations
Fra:0 Mem:62.35M (Peak 70.90M) | Time:00:00.05 | Mem:12.00M, Peak:12.00M | Scene, ViewLayer | Updating Particle Systems
Fra:0 Mem:62.35M (Peak 70.90M) | Time:00:00.05 | Mem:12.00M, Peak:12.00M | Scene, ViewLayer | Updating Particle Systems | Copying Particles to device
Fra:0 Mem:62.35M (Peak 70.90M) | Time:00:00.05 | Mem:12.00M, Peak:12.00M | Scene, ViewLayer | Updating Meshes
Fra:0 Mem:62.51M (Peak 70.90M) | Time:00:00.05 | Mem:12.00M, Peak:12.00M | Scene, ViewLayer | Updating Mesh | Computing attributes
Fra:0 Mem:62.51M (Peak 70.90M) | Time:00:00.05 | Mem:12.00M, Peak:12.00M | Scene, ViewLayer | Updating Mesh | Copying Attributes to device
Fra:0 Mem:62.51M (Peak 70.90M) | Time:00:00.05 | Mem:12.00M, Peak:12.00M | Scene, ViewLayer | Updating Scene BVH | Building
Fra:0 Mem:62.51M (Peak 70.90M) | Time:00:00.05 | Mem:12.00M, Peak:12.00M | Scene, ViewLayer | Updating Scene BVH | Building BVH
Fra:0 Mem:62.51M (Peak 70.90M) | Time:00:00.05 | Mem:12.32M, Peak:12.32M | Scene, ViewLayer | Updating Scene BVH | Building BVH 0%
Fra:0 Mem:62.51M (Peak 70.90M) | Time:00:00.05 | Mem:12.70M, Peak:13.02M | Scene, ViewLayer | Updating Scene BVH | Copying BVH to device
Fra:0 Mem:62.51M (Peak 70.90M) | Time:00:00.05 | Mem:12.70M, Peak:13.02M | Scene, ViewLayer | Updating Mesh | Computing normals
Fra:0 Mem:62.88M (Peak 70.90M) | Time:00:00.05 | Mem:12.70M, Peak:13.02M | Scene, ViewLayer | Updating Mesh | Copying Mesh to device
Fra:0 Mem:62.88M (Peak 70.90M) | Time:00:00.05 | Mem:13.07M, Peak:13.07M | Scene, ViewLayer | Updating Objects Flags
Fra:0 Mem:62.88M (Peak 70.90M) | Time:00:00.05 | Mem:13.07M, Peak:13.07M | Scene, ViewLayer | Updating Primitive Offsets
Fra:0 Mem:62.88M (Peak 70.90M) | Time:00:00.05 | Mem:13.07M, Peak:13.07M | Scene, ViewLayer | Updating Images
Fra:0 Mem:62.88M (Peak 70.90M) | Time:00:00.05 | Mem:13.07M, Peak:13.07M | Scene, ViewLayer | Updating Camera Volume
Fra:0 Mem:62.88M (Peak 70.90M) | Time:00:00.05 | Mem:13.07M, Peak:13.07M | Scene, ViewLayer | Updating Lookup Tables
Fra:0 Mem:62.88M (Peak 70.90M) | Time:00:00.05 | Mem:13.15M, Peak:13.15M | Scene, ViewLayer | Updating Lights
Fra:0 Mem:62.88M (Peak 70.90M) | Time:00:00.05 | Mem:13.15M, Peak:13.15M | Scene, ViewLayer | Updating Lights | Computing tree
Fra:0 Mem:62.88M (Peak 70.90M) | Time:00:00.05 | Mem:13.15M, Peak:13.15M | Scene, ViewLayer | Updating Integrator
Fra:0 Mem:62.88M (Peak 70.90M) | Time:00:00.05 | Mem:13.15M, Peak:13.15M | Scene, ViewLayer | Updating Film
Fra:0 Mem:62.88M (Peak 70.90M) | Time:00:00.05 | Mem:13.07M, Peak:13.15M | Scene, ViewLayer | Updating Lookup Tables
Fra:0 Mem:62.88M (Peak 70.90M) | Time:00:00.05 | Mem:13.16M, Peak:13.16M | Scene, ViewLayer | Updating Baking
Fra:0 Mem:62.88M (Peak 70.90M) | Time:00:00.05 | Mem:13.16M, Peak:13.16M | Scene, ViewLayer | Updating Device | Writing constant memory
Fra:0 Mem:62.88M (Peak 70.90M) | Time:00:00.05 | Mem:13.16M, Peak:13.16M | Scene, ViewLayer | Sample 0/8
Fra:0 Mem:94.53M (Peak 94.53M) | Time:00:00.19 | Remaining:00:00.97 | Mem:44.81M, Peak:44.81M | Scene, ViewLayer | Sample 1/8
Fra:0 Mem:108.60M (Peak 136.72M) | Time:00:01.24 | Mem:44.81M, Peak:44.81M | Scene, ViewLayer | Sample 8/8
Fra:0 Mem:108.60M (Peak 136.72M) | Time:00:01.24 | Mem:44.81M, Peak:44.81M | Scene, ViewLayer | Finished
Saved: '/workspace/deliverables/actor-repair-20261002-r4/source-verified/guns_clay_rear.png'
Time: 00:01.40 (Saving: 00:00.16)

Fra:0 Mem:50.57M (Peak 50.57M) | Time:00:00.00 | Mem:0.00M, Peak:0.00M | Scene, ViewLayer | Synchronizing object | kar98k_zf_body
Fra:0 Mem:50.74M (Peak 50.74M) | Time:00:00.00 | Mem:0.00M, Peak:0.00M | Scene, ViewLayer | Synchronizing object | springfield_body
Fra:0 Mem:50.89M (Peak 50.89M) | Time:00:00.00 | Mem:0.00M, Peak:0.00M | Scene, ViewLayer | Synchronizing object | m1911_body
Fra:0 Mem:50.93M (Peak 50.93M) | Time:00:00.00 | Mem:0.00M, Peak:0.00M | Scene, ViewLayer | Synchronizing object | mg42_body
Fra:0 Mem:51.13M (Peak 51.13M) | Time:00:00.00 | Mem:0.00M, Peak:0.00M | Scene, ViewLayer | Synchronizing object | luger_body
Fra:0 Mem:51.18M (Peak 51.18M) | Time:00:00.00 | Mem:0.00M, Peak:0.00M | Scene, ViewLayer | Synchronizing object | m1_garand_body
Fra:0 Mem:51.31M (Peak 51.31M) | Time:00:00.00 | Mem:0.00M, Peak:0.00M | Scene, ViewLayer | Synchronizing object | bar_body
Fra:0 Mem:51.44M (Peak 51.44M) | Time:00:00.00 | Mem:0.00M, Peak:0.00M | Scene, ViewLayer | Synchronizing object | kar98k_body
Fra:0 Mem:51.58M (Peak 51.58M) | Time:00:00.00 | Mem:0.00M, Peak:0.00M | Scene, ViewLayer | Synchronizing object | mp40_body
Fra:0 Mem:51.70M (Peak 51.70M) | Time:00:00.00 | Mem:0.00M, Peak:0.00M | Scene, ViewLayer | Synchronizing object | thompson_body
Fra:0 Mem:51.83M (Peak 51.83M) | Time:00:00.00 | Mem:0.00M, Peak:0.00M | Scene, ViewLayer | Initializing
Fra:0 Mem:51.79M (Peak 51.83M) | Time:00:00.00 | Mem:0.00M, Peak:0.00M | Scene, ViewLayer | Updating Images | Loading actor_atlas_orm
Fra:0 Mem:55.79M (Peak 55.79M) | Time:00:00.00 | Mem:0.00M, Peak:0.00M | Scene, ViewLayer | Updating Images | Loading actor_atlas_albedo
Fra:0 Mem:59.80M (Peak 67.80M) | Time:00:00.02 | Mem:4.00M, Peak:4.00M | Scene, ViewLayer | Updating Images | Loading actor_atlas_normal
Fra:0 Mem:63.18M (Peak 79.82M) | Time:00:00.07 | Mem:12.00M, Peak:12.00M | Scene, ViewLayer | Waiting for render to start
Fra:0 Mem:63.18M (Peak 79.82M) | Time:00:00.07 | Mem:12.00M, Peak:12.00M | Scene, ViewLayer | Loading render kernels (may take a few minutes the first time)
Fra:0 Mem:63.18M (Peak 79.82M) | Time:00:00.07 | Mem:12.00M, Peak:12.00M | Scene, ViewLayer | Updating Scene
Fra:0 Mem:63.18M (Peak 79.82M) | Time:00:00.07 | Mem:12.00M, Peak:12.00M | Scene, ViewLayer | Updating Shaders
Fra:0 Mem:63.26M (Peak 79.82M) | Time:00:00.07 | Mem:12.00M, Peak:12.00M | Scene, ViewLayer | Updating Procedurals
Fra:0 Mem:63.26M (Peak 79.82M) | Time:00:00.07 | Mem:12.00M, Peak:12.00M | Scene, ViewLayer | Updating Background
Fra:0 Mem:63.26M (Peak 79.82M) | Time:00:00.07 | Mem:12.00M, Peak:12.00M | Scene, ViewLayer | Updating Camera
Fra:0 Mem:63.26M (Peak 79.82M) | Time:00:00.07 | Mem:12.00M, Peak:12.00M | Scene, ViewLayer | Updating Meshes Flags
Fra:0 Mem:63.26M (Peak 79.82M) | Time:00:00.07 | Mem:12.00M, Peak:12.00M | Scene, ViewLayer | Updating Objects
Fra:0 Mem:63.26M (Peak 79.82M) | Time:00:00.07 | Mem:12.00M, Peak:12.00M | Scene, ViewLayer | Updating Objects | Copying Transformations to device
Fra:0 Mem:63.26M (Peak 79.82M) | Time:00:00.07 | Mem:12.00M, Peak:12.00M | Scene, ViewLayer | Updating Objects | Applying Static Transformations
Fra:0 Mem:63.26M (Peak 79.82M) | Time:00:00.07 | Mem:12.00M, Peak:12.00M | Scene, ViewLayer | Updating Particle Systems
Fra:0 Mem:63.26M (Peak 79.82M) | Time:00:00.07 | Mem:12.00M, Peak:12.00M | Scene, ViewLayer | Updating Particle Systems | Copying Particles to device
Fra:0 Mem:63.26M (Peak 79.82M) | Time:00:00.07 | Mem:12.00M, Peak:12.00M | Scene, ViewLayer | Updating Meshes
Fra:0 Mem:63.42M (Peak 79.82M) | Time:00:00.07 | Mem:12.00M, Peak:12.00M | Scene, ViewLayer | Updating Mesh | Computing attributes
Fra:0 Mem:64.20M (Peak 79.82M) | Time:00:00.08 | Mem:12.01M, Peak:12.01M | Scene, ViewLayer | Updating Mesh | Copying Attributes to device
Fra:0 Mem:64.20M (Peak 79.82M) | Time:00:00.08 | Mem:12.78M, Peak:12.78M | Scene, ViewLayer | Updating Scene BVH | Building
Fra:0 Mem:64.20M (Peak 79.82M) | Time:00:00.08 | Mem:12.78M, Peak:12.78M | Scene, ViewLayer | Updating Scene BVH | Building BVH
Fra:0 Mem:64.20M (Peak 79.82M) | Time:00:00.08 | Mem:13.10M, Peak:13.10M | Scene, ViewLayer | Updating Scene BVH | Building BVH 0%
Fra:0 Mem:64.20M (Peak 79.82M) | Time:00:00.09 | Mem:13.48M, Peak:13.80M | Scene, ViewLayer | Updating Scene BVH | Copying BVH to device
Fra:0 Mem:64.20M (Peak 79.82M) | Time:00:00.09 | Mem:13.48M, Peak:13.80M | Scene, ViewLayer | Updating Mesh | Computing normals
Fra:0 Mem:64.57M (Peak 79.82M) | Time:00:00.09 | Mem:13.48M, Peak:13.80M | Scene, ViewLayer | Updating Mesh | Copying Mesh to device
Fra:0 Mem:64.57M (Peak 79.82M) | Time:00:00.09 | Mem:13.85M, Peak:13.85M | Scene, ViewLayer | Updating Objects Flags
Fra:0 Mem:64.57M (Peak 79.82M) | Time:00:00.09 | Mem:13.85M, Peak:13.85M | Scene, ViewLayer | Updating Primitive Offsets
Fra:0 Mem:64.57M (Peak 79.82M) | Time:00:00.09 | Mem:13.85M, Peak:13.85M | Scene, ViewLayer | Updating Images
Fra:0 Mem:64.57M (Peak 79.82M) | Time:00:00.09 | Mem:13.85M, Peak:13.85M | Scene, ViewLayer | Updating Camera Volume
Fra:0 Mem:64.57M (Peak 79.82M) | Time:00:00.09 | Mem:13.85M, Peak:13.85M | Scene, ViewLayer | Updating Lookup Tables
Fra:0 Mem:64.57M (Peak 79.82M) | Time:00:00.09 | Mem:13.93M, Peak:13.93M | Scene, ViewLayer | Updating Lights
Fra:0 Mem:64.57M (Peak 79.82M) | Time:00:00.09 | Mem:13.93M, Peak:13.93M | Scene, ViewLayer | Updating Lights | Computing tree
Fra:0 Mem:64.57M (Peak 79.82M) | Time:00:00.09 | Mem:13.93M, Peak:13.93M | Scene, ViewLayer | Updating Integrator
Fra:0 Mem:64.57M (Peak 79.82M) | Time:00:00.09 | Mem:13.93M, Peak:13.93M | Scene, ViewLayer | Updating Film
Fra:0 Mem:64.58M (Peak 79.82M) | Time:00:00.09 | Mem:13.85M, Peak:13.93M | Scene, ViewLayer | Updating Lookup Tables
Fra:0 Mem:64.58M (Peak 79.82M) | Time:00:00.09 | Mem:13.94M, Peak:13.94M | Scene, ViewLayer | Updating Baking
Fra:0 Mem:64.58M (Peak 79.82M) | Time:00:00.09 | Mem:13.94M, Peak:13.94M | Scene, ViewLayer | Updating Device | Writing constant memory
Fra:0 Mem:64.58M (Peak 79.82M) | Time:00:00.09 | Mem:13.94M, Peak:13.94M | Scene, ViewLayer | Sample 0/8
Fra:0 Mem:96.22M (Peak 96.22M) | Time:00:00.23 | Remaining:00:00.96 | Mem:45.59M, Peak:45.59M | Scene, ViewLayer | Sample 1/8
Fra:0 Mem:110.29M (Peak 138.41M) | Time:00:01.22 | Mem:45.59M, Peak:45.59M | Scene, ViewLayer | Sample 8/8
Fra:0 Mem:110.29M (Peak 138.41M) | Time:00:01.22 | Mem:45.59M, Peak:45.59M | Scene, ViewLayer | Finished
Saved: '/workspace/deliverables/actor-repair-20261002-r4/source-verified/guns_material_front.png'
Time: 00:01.41 (Saving: 00:00.18)

Fra:0 Mem:50.57M (Peak 50.57M) | Time:00:00.00 | Mem:0.00M, Peak:0.00M | Scene, ViewLayer | Synchronizing object | m1911_body
Fra:0 Mem:50.61M (Peak 50.61M) | Time:00:00.00 | Mem:0.00M, Peak:0.00M | Scene, ViewLayer | Synchronizing object | kar98k_zf_body
Fra:0 Mem:50.78M (Peak 50.78M) | Time:00:00.00 | Mem:0.00M, Peak:0.00M | Scene, ViewLayer | Synchronizing object | luger_body
Fra:0 Mem:50.83M (Peak 50.83M) | Time:00:00.00 | Mem:0.00M, Peak:0.00M | Scene, ViewLayer | Synchronizing object | m1_garand_body
Fra:0 Mem:50.97M (Peak 50.97M) | Time:00:00.00 | Mem:0.00M, Peak:0.00M | Scene, ViewLayer | Synchronizing object | springfield_body
Fra:0 Mem:51.12M (Peak 51.12M) | Time:00:00.00 | Mem:0.00M, Peak:0.00M | Scene, ViewLayer | Synchronizing object | kar98k_body
Fra:0 Mem:51.26M (Peak 51.26M) | Time:00:00.00 | Mem:0.00M, Peak:0.00M | Scene, ViewLayer | Synchronizing object | mg42_body
Fra:0 Mem:51.45M (Peak 51.45M) | Time:00:00.00 | Mem:0.00M, Peak:0.00M | Scene, ViewLayer | Synchronizing object | thompson_body
Fra:0 Mem:51.58M (Peak 51.58M) | Time:00:00.00 | Mem:0.00M, Peak:0.00M | Scene, ViewLayer | Synchronizing object | bar_body
Fra:0 Mem:51.71M (Peak 51.71M) | Time:00:00.00 | Mem:0.00M, Peak:0.00M | Scene, ViewLayer | Synchronizing object | mp40_body
Fra:0 Mem:51.83M (Peak 51.83M) | Time:00:00.00 | Mem:0.00M, Peak:0.00M | Scene, ViewLayer | Initializing
Fra:0 Mem:51.79M (Peak 51.83M) | Time:00:00.00 | Mem:0.00M, Peak:0.00M | Scene, ViewLayer | Updating Images | Loading actor_atlas_orm
Fra:0 Mem:59.80M (Peak 67.80M) | Time:00:00.04 | Mem:4.00M, Peak:4.00M | Scene, ViewLayer | Updating Images | Loading actor_atlas_normal
Fra:0 Mem:63.18M (Peak 71.81M) | Time:00:00.08 | Mem:12.00M, Peak:12.00M | Scene, ViewLayer | Waiting for render to start
Fra:0 Mem:63.18M (Peak 71.81M) | Time:00:00.08 | Mem:12.00M, Peak:12.00M | Scene, ViewLayer | Loading render kernels (may take a few minutes the first time)
Fra:0 Mem:63.18M (Peak 71.81M) | Time:00:00.08 | Mem:12.00M, Peak:12.00M | Scene, ViewLayer | Updating Scene
Fra:0 Mem:63.18M (Peak 71.81M) | Time:00:00.08 | Mem:12.00M, Peak:12.00M | Scene, ViewLayer | Updating Shaders
Fra:0 Mem:63.26M (Peak 71.81M) | Time:00:00.08 | Mem:12.00M, Peak:12.00M | Scene, ViewLayer | Updating Procedurals
Fra:0 Mem:63.26M (Peak 71.81M) | Time:00:00.08 | Mem:12.00M, Peak:12.00M | Scene, ViewLayer | Updating Background
Fra:0 Mem:63.26M (Peak 71.81M) | Time:00:00.08 | Mem:12.00M, Peak:12.00M | Scene, ViewLayer | Updating Camera
Fra:0 Mem:63.26M (Peak 71.81M) | Time:00:00.08 | Mem:12.00M, Peak:12.00M | Scene, ViewLayer | Updating Meshes Flags
Fra:0 Mem:63.26M (Peak 71.81M) | Time:00:00.08 | Mem:12.00M, Peak:12.00M | Scene, ViewLayer | Updating Objects
Fra:0 Mem:63.26M (Peak 71.81M) | Time:00:00.08 | Mem:12.00M, Peak:12.00M | Scene, ViewLayer | Updating Objects | Copying Transformations to device
Fra:0 Mem:63.26M (Peak 71.81M) | Time:00:00.08 | Mem:12.00M, Peak:12.00M | Scene, ViewLayer | Updating Objects | Applying Static Transformations
Fra:0 Mem:63.26M (Peak 71.81M) | Time:00:00.08 | Mem:12.00M, Peak:12.00M | Scene, ViewLayer | Updating Particle Systems
Fra:0 Mem:63.26M (Peak 71.81M) | Time:00:00.08 | Mem:12.00M, Peak:12.00M | Scene, ViewLayer | Updating Particle Systems | Copying Particles to device
Fra:0 Mem:63.26M (Peak 71.81M) | Time:00:00.08 | Mem:12.00M, Peak:12.00M | Scene, ViewLayer | Updating Meshes
Fra:0 Mem:63.42M (Peak 71.81M) | Time:00:00.08 | Mem:12.00M, Peak:12.00M | Scene, ViewLayer | Updating Mesh | Computing attributes
Fra:0 Mem:64.20M (Peak 71.81M) | Time:00:00.08 | Mem:12.01M, Peak:12.01M | Scene, ViewLayer | Updating Mesh | Copying Attributes to device
Fra:0 Mem:64.20M (Peak 71.81M) | Time:00:00.08 | Mem:12.78M, Peak:12.78M | Scene, ViewLayer | Updating Scene BVH | Building
Fra:0 Mem:64.20M (Peak 71.81M) | Time:00:00.08 | Mem:12.78M, Peak:12.78M | Scene, ViewLayer | Updating Scene BVH | Building BVH
Fra:0 Mem:64.20M (Peak 71.81M) | Time:00:00.08 | Mem:13.10M, Peak:13.10M | Scene, ViewLayer | Updating Scene BVH | Building BVH 0%
Fra:0 Mem:64.20M (Peak 71.81M) | Time:00:00.08 | Mem:13.48M, Peak:13.80M | Scene, ViewLayer | Updating Scene BVH | Copying BVH to device
Fra:0 Mem:64.20M (Peak 71.81M) | Time:00:00.08 | Mem:13.48M, Peak:13.80M | Scene, ViewLayer | Updating Mesh | Computing normals
Fra:0 Mem:64.57M (Peak 71.81M) | Time:00:00.08 | Mem:13.48M, Peak:13.80M | Scene, ViewLayer | Updating Mesh | Copying Mesh to device
Fra:0 Mem:64.57M (Peak 71.81M) | Time:00:00.08 | Mem:13.85M, Peak:13.85M | Scene, ViewLayer | Updating Objects Flags
Fra:0 Mem:64.57M (Peak 71.81M) | Time:00:00.08 | Mem:13.85M, Peak:13.85M | Scene, ViewLayer | Updating Primitive Offsets
Fra:0 Mem:64.57M (Peak 71.81M) | Time:00:00.08 | Mem:13.85M, Peak:13.85M | Scene, ViewLayer | Updating Images
Fra:0 Mem:64.57M (Peak 71.81M) | Time:00:00.08 | Mem:13.85M, Peak:13.85M | Scene, ViewLayer | Updating Camera Volume
Fra:0 Mem:64.57M (Peak 71.81M) | Time:00:00.08 | Mem:13.85M, Peak:13.85M | Scene, ViewLayer | Updating Lookup Tables
Fra:0 Mem:64.57M (Peak 71.81M) | Time:00:00.08 | Mem:13.93M, Peak:13.93M | Scene, ViewLayer | Updating Lights
Fra:0 Mem:64.57M (Peak 71.81M) | Time:00:00.08 | Mem:13.93M, Peak:13.93M | Scene, ViewLayer | Updating Lights | Computing tree
Fra:0 Mem:64.57M (Peak 71.81M) | Time:00:00.08 | Mem:13.93M, Peak:13.93M | Scene, ViewLayer | Updating Integrator
Fra:0 Mem:64.57M (Peak 71.81M) | Time:00:00.08 | Mem:13.93M, Peak:13.93M | Scene, ViewLayer | Updating Film
Fra:0 Mem:64.58M (Peak 71.81M) | Time:00:00.08 | Mem:13.85M, Peak:13.93M | Scene, ViewLayer | Updating Lookup Tables
Fra:0 Mem:64.58M (Peak 71.81M) | Time:00:00.08 | Mem:13.94M, Peak:13.94M | Scene, ViewLayer | Updating Baking
Fra:0 Mem:64.58M (Peak 71.81M) | Time:00:00.08 | Mem:13.94M, Peak:13.94M | Scene, ViewLayer | Updating Device | Writing constant memory
Fra:0 Mem:64.58M (Peak 71.81M) | Time:00:00.08 | Mem:13.94M, Peak:13.94M | Scene, ViewLayer | Sample 0/8
Fra:0 Mem:96.22M (Peak 96.22M) | Time:00:00.30 | Remaining:00:01.54 | Mem:45.59M, Peak:45.59M | Scene, ViewLayer | Sample 1/8
Fra:0 Mem:110.29M (Peak 138.41M) | Time:00:01.52 | Mem:45.59M, Peak:45.59M | Scene, ViewLayer | Sample 8/8
Fra:0 Mem:110.29M (Peak 138.41M) | Time:00:01.52 | Mem:45.59M, Peak:45.59M | Scene, ViewLayer | Finished
Saved: '/workspace/deliverables/actor-repair-20261002-r4/source-verified/guns_material_side.png'
Time: 00:01.71 (Saving: 00:00.18)

Fra:0 Mem:50.57M (Peak 50.57M) | Time:00:00.00 | Mem:0.00M, Peak:0.00M | Scene, ViewLayer | Synchronizing object | kar98k_zf_body
Fra:0 Mem:50.74M (Peak 50.74M) | Time:00:00.00 | Mem:0.00M, Peak:0.00M | Scene, ViewLayer | Synchronizing object | springfield_body
Fra:0 Mem:50.89M (Peak 50.89M) | Time:00:00.00 | Mem:0.00M, Peak:0.00M | Scene, ViewLayer | Synchronizing object | mg42_body
Fra:0 Mem:51.09M (Peak 51.09M) | Time:00:00.00 | Mem:0.00M, Peak:0.00M | Scene, ViewLayer | Synchronizing object | bar_body
Fra:0 Mem:51.21M (Peak 51.21M) | Time:00:00.00 | Mem:0.00M, Peak:0.00M | Scene, ViewLayer | Synchronizing object | mp40_body
Fra:0 Mem:51.33M (Peak 51.33M) | Time:00:00.00 | Mem:0.00M, Peak:0.00M | Scene, ViewLayer | Synchronizing object | thompson_body
Fra:0 Mem:51.46M (Peak 51.46M) | Time:00:00.00 | Mem:0.00M, Peak:0.00M | Scene, ViewLayer | Synchronizing object | m1911_body
Fra:0 Mem:51.51M (Peak 51.51M) | Time:00:00.00 | Mem:0.00M, Peak:0.00M | Scene, ViewLayer | Synchronizing object | luger_body
Fra:0 Mem:51.56M (Peak 51.56M) | Time:00:00.00 | Mem:0.00M, Peak:0.00M | Scene, ViewLayer | Synchronizing object | kar98k_body
Fra:0 Mem:51.70M (Peak 51.70M) | Time:00:00.00 | Mem:0.00M, Peak:0.00M | Scene, ViewLayer | Synchronizing object | m1_garand_body
Fra:0 Mem:51.83M (Peak 51.83M) | Time:00:00.00 | Mem:0.00M, Peak:0.00M | Scene, ViewLayer | Initializing
Fra:0 Mem:51.79M (Peak 51.83M) | Time:00:00.00 | Mem:0.00M, Peak:0.00M | Scene, ViewLayer | Updating Images | Loading actor_atlas_orm
Fra:0 Mem:55.79M (Peak 55.79M) | Time:00:00.01 | Mem:0.00M, Peak:0.00M | Scene, ViewLayer | Updating Images | Loading actor_atlas_albedo
Fra:0 Mem:59.80M (Peak 67.80M) | Time:00:00.01 | Mem:4.00M, Peak:4.00M | Scene, ViewLayer | Updating Images | Loading actor_atlas_normal
Fra:0 Mem:63.18M (Peak 71.81M) | Time:00:00.05 | Mem:12.00M, Peak:12.00M | Scene, ViewLayer | Waiting for render to start
Fra:0 Mem:63.18M (Peak 71.81M) | Time:00:00.05 | Mem:12.00M, Peak:12.00M | Scene, ViewLayer | Loading render kernels (may take a few minutes the first time)
Fra:0 Mem:63.18M (Peak 71.81M) | Time:00:00.05 | Mem:12.00M, Peak:12.00M | Scene, ViewLayer | Updating Scene
Fra:0 Mem:63.18M (Peak 71.81M) | Time:00:00.05 | Mem:12.00M, Peak:12.00M | Scene, ViewLayer | Updating Shaders
Fra:0 Mem:63.26M (Peak 71.81M) | Time:00:00.05 | Mem:12.00M, Peak:12.00M | Scene, ViewLayer | Updating Procedurals
Fra:0 Mem:63.26M (Peak 71.81M) | Time:00:00.05 | Mem:12.00M, Peak:12.00M | Scene, ViewLayer | Updating Background
Fra:0 Mem:63.26M (Peak 71.81M) | Time:00:00.05 | Mem:12.00M, Peak:12.00M | Scene, ViewLayer | Updating Camera
Fra:0 Mem:63.26M (Peak 71.81M) | Time:00:00.05 | Mem:12.00M, Peak:12.00M | Scene, ViewLayer | Updating Meshes Flags
Fra:0 Mem:63.26M (Peak 71.81M) | Time:00:00.05 | Mem:12.00M, Peak:12.00M | Scene, ViewLayer | Updating Objects
Fra:0 Mem:63.26M (Peak 71.81M) | Time:00:00.05 | Mem:12.00M, Peak:12.00M | Scene, ViewLayer | Updating Objects | Copying Transformations to device
Fra:0 Mem:63.26M (Peak 71.81M) | Time:00:00.05 | Mem:12.00M, Peak:12.00M | Scene, ViewLayer | Updating Objects | Applying Static Transformations
Fra:0 Mem:63.26M (Peak 71.81M) | Time:00:00.05 | Mem:12.00M, Peak:12.00M | Scene, ViewLayer | Updating Particle Systems
Fra:0 Mem:63.26M (Peak 71.81M) | Time:00:00.05 | Mem:12.00M, Peak:12.00M | Scene, ViewLayer | Updating Particle Systems | Copying Particles to device
Fra:0 Mem:63.26M (Peak 71.81M) | Time:00:00.05 | Mem:12.00M, Peak:12.00M | Scene, ViewLayer | Updating Meshes
Fra:0 Mem:63.42M (Peak 71.81M) | Time:00:00.05 | Mem:12.00M, Peak:12.00M | Scene, ViewLayer | Updating Mesh | Computing attributes
Fra:0 Mem:64.20M (Peak 71.81M) | Time:00:00.05 | Mem:12.01M, Peak:12.01M | Scene, ViewLayer | Updating Mesh | Copying Attributes to device
Fra:0 Mem:64.20M (Peak 71.81M) | Time:00:00.05 | Mem:12.78M, Peak:12.78M | Scene, ViewLayer | Updating Scene BVH | Building
Fra:0 Mem:64.20M (Peak 71.81M) | Time:00:00.05 | Mem:12.78M, Peak:12.78M | Scene, ViewLayer | Updating Scene BVH | Building BVH
Fra:0 Mem:64.20M (Peak 71.81M) | Time:00:00.05 | Mem:13.10M, Peak:13.10M | Scene, ViewLayer | Updating Scene BVH | Building BVH 0%
Fra:0 Mem:64.20M (Peak 71.81M) | Time:00:00.05 | Mem:13.48M, Peak:13.80M | Scene, ViewLayer | Updating Scene BVH | Copying BVH to device
Fra:0 Mem:64.20M (Peak 71.81M) | Time:00:00.05 | Mem:13.48M, Peak:13.80M | Scene, ViewLayer | Updating Mesh | Computing normals
Fra:0 Mem:64.57M (Peak 71.81M) | Time:00:00.05 | Mem:13.48M, Peak:13.80M | Scene, ViewLayer | Updating Mesh | Copying Mesh to device
Fra:0 Mem:64.57M (Peak 71.81M) | Time:00:00.05 | Mem:13.85M, Peak:13.85M | Scene, ViewLayer | Updating Objects Flags
Fra:0 Mem:64.57M (Peak 71.81M) | Time:00:00.05 | Mem:13.85M, Peak:13.85M | Scene, ViewLayer | Updating Primitive Offsets
Fra:0 Mem:64.57M (Peak 71.81M) | Time:00:00.05 | Mem:13.85M, Peak:13.85M | Scene, ViewLayer | Updating Images
Fra:0 Mem:64.57M (Peak 71.81M) | Time:00:00.05 | Mem:13.85M, Peak:13.85M | Scene, ViewLayer | Updating Camera Volume
Fra:0 Mem:64.57M (Peak 71.81M) | Time:00:00.05 | Mem:13.85M, Peak:13.85M | Scene, ViewLayer | Updating Lookup Tables
Fra:0 Mem:64.57M (Peak 71.81M) | Time:00:00.05 | Mem:13.93M, Peak:13.93M | Scene, ViewLayer | Updating Lights
Fra:0 Mem:64.57M (Peak 71.81M) | Time:00:00.05 | Mem:13.93M, Peak:13.93M | Scene, ViewLayer | Updating Lights | Computing tree
Fra:0 Mem:64.57M (Peak 71.81M) | Time:00:00.05 | Mem:13.93M, Peak:13.93M | Scene, ViewLayer | Updating Integrator
Fra:0 Mem:64.57M (Peak 71.81M) | Time:00:00.05 | Mem:13.93M, Peak:13.93M | Scene, ViewLayer | Updating Film
Fra:0 Mem:64.58M (Peak 71.81M) | Time:00:00.05 | Mem:13.85M, Peak:13.93M | Scene, ViewLayer | Updating Lookup Tables
Fra:0 Mem:64.58M (Peak 71.81M) | Time:00:00.05 | Mem:13.94M, Peak:13.94M | Scene, ViewLayer | Updating Baking
Fra:0 Mem:64.58M (Peak 71.81M) | Time:00:00.05 | Mem:13.94M, Peak:13.94M | Scene, ViewLayer | Updating Device | Writing constant memory
Fra:0 Mem:64.58M (Peak 71.81M) | Time:00:00.05 | Mem:13.94M, Peak:13.94M | Scene, ViewLayer | Sample 0/8
Fra:0 Mem:96.22M (Peak 96.22M) | Time:00:00.36 | Remaining:00:02.17 | Mem:45.59M, Peak:45.59M | Scene, ViewLayer | Sample 1/8
Fra:0 Mem:110.29M (Peak 138.41M) | Time:00:01.98 | Mem:45.59M, Peak:45.59M | Scene, ViewLayer | Sample 8/8
Fra:0 Mem:110.29M (Peak 138.41M) | Time:00:01.98 | Mem:45.59M, Peak:45.59M | Scene, ViewLayer | Finished
Saved: '/workspace/deliverables/actor-repair-20261002-r4/source-verified/guns_material_rear.png'
Time: 00:02.29 (Saving: 00:00.30)

FIREARM_SOURCE_REVIEW_OK weapons 10 renders 6

Blender quit
