ERROR Draco mesh compression is not available because library could not be found at /usr/bin/4.3/python/lib/python3.13/site-packages/libextern_draco.so
17:10:43 | INFO: Starting glTF 2.0 export
17:10:43 | INFO: Extracting primitive: Cube.009
17:10:43 | INFO: Primitives created: 1
17:10:43 | INFO: Extracting primitive: Cube.001
17:10:43 | INFO: Primitives created: 1
17:10:43 | INFO: Finished glTF 2.0 export in 0.011965274810791016 s

17:10:43 | INFO: Starting glTF 2.0 export
17:10:43 | INFO: Extracting primitive: Cube.018
17:10:43 | INFO: Primitives created: 1
17:10:43 | INFO: Extracting primitive: Cube.010
17:10:43 | INFO: Primitives created: 1
17:10:43 | INFO: Finished glTF 2.0 export in 0.00983119010925293 s

17:10:44 | INFO: Starting glTF 2.0 export
17:10:44 | INFO: Extracting primitive: Cylinder.008
17:10:44 | INFO: Primitives created: 1
17:10:44 | INFO: Finished glTF 2.0 export in 0.008448123931884766 s

17:10:44 | INFO: Starting glTF 2.0 export
17:10:44 | INFO: Extracting primitive: Cylinder.105
17:10:44 | INFO: Primitives created: 1
17:10:44 | INFO: Finished glTF 2.0 export in 0.009014368057250977 s

17:10:44 | INFO: Starting glTF 2.0 export
17:10:44 | INFO: Extracting primitive: Cube.019
17:10:44 | INFO: Primitives created: 1
17:10:44 | INFO: Finished glTF 2.0 export in 0.010985136032104492 s

17:10:44 | INFO: Starting glTF 2.0 export
17:10:44 | INFO: Extracting primitive: Cube.023
17:10:44 | INFO: Primitives created: 1
17:10:44 | INFO: Finished glTF 2.0 export in 0.007280111312866211 s

17:10:44 | INFO: Starting glTF 2.0 export
17:10:44 | INFO: Extracting primitive: Cube.047
17:10:44 | INFO: Primitives created: 1
17:10:44 | INFO: Extracting primitive: Cube.027
17:10:44 | INFO: Primitives created: 1
17:10:44 | INFO: Finished glTF 2.0 export in 0.00937342643737793 s

17:10:44 | INFO: Starting glTF 2.0 export
17:10:44 | INFO: Extracting primitive: Cube.074
17:10:44 | INFO: Primitives created: 1
17:10:44 | INFO: Extracting primitive: Cube.054
17:10:44 | INFO: Primitives created: 1
17:10:44 | INFO: Finished glTF 2.0 export in 0.011247873306274414 s

17:10:44 | INFO: Starting glTF 2.0 export
17:10:44 | INFO: Extracting primitive: Cube.081
17:10:44 | INFO: Primitives created: 1
17:10:44 | INFO: Finished glTF 2.0 export in 0.009048223495483398 s

17:10:44 | INFO: Starting glTF 2.0 export
17:10:44 | INFO: Extracting primitive: Cube.086
17:10:44 | INFO: Primitives created: 1
17:10:44 | INFO: Finished glTF 2.0 export in 0.007201194763183594 s

17:10:44 | INFO: Starting glTF 2.0 export
17:10:44 | INFO: Extracting primitive: Cube.091
17:10:44 | INFO: Primitives created: 1
17:10:44 | INFO: Finished glTF 2.0 export in 0.008331298828125 s

17:10:44 | INFO: Starting glTF 2.0 export
17:10:44 | INFO: Extracting primitive: Cube.092
17:10:44 | INFO: Primitives created: 1
17:10:44 | INFO: Finished glTF 2.0 export in 0.00698089599609375 s

17:10:45 | INFO: Starting glTF 2.0 export
17:10:45 | INFO: Extracting primitive: Cube.114
17:10:45 | INFO: Primitives created: 1
17:10:45 | INFO: Extracting primitive: Cube.093
17:10:45 | INFO: Primitives created: 1
17:10:45 | INFO: Finished glTF 2.0 export in 0.01140594482421875 s

17:10:45 | INFO: Starting glTF 2.0 export
17:10:45 | INFO: Extracting primitive: Cube.142
17:10:45 | INFO: Primitives created: 1
17:10:45 | INFO: Extracting primitive: Cube.121
17:10:45 | INFO: Primitives created: 1
17:10:45 | INFO: Finished glTF 2.0 export in 0.008322000503540039 s

17:10:45 | INFO: Starting glTF 2.0 export
17:10:45 | INFO: Extracting primitive: Torus.004
17:10:45 | INFO: Primitives created: 1
17:10:45 | INFO: Finished glTF 2.0 export in 0.008245229721069336 s

17:10:45 | INFO: Starting glTF 2.0 export
17:10:45 | INFO: Extracting primitive: Torus.005
17:10:45 | INFO: Primitives created: 1
17:10:45 | INFO: Finished glTF 2.0 export in 0.007890462875366211 s

17:10:45 | INFO: Starting glTF 2.0 export
17:10:45 | INFO: Extracting primitive: coopered_stave
17:10:45 | INFO: Primitives created: 1
17:10:45 | INFO: Finished glTF 2.0 export in 0.008092164993286133 s

17:10:45 | INFO: Starting glTF 2.0 export
17:10:45 | INFO: Extracting primitive: coopered_stave.018
17:10:45 | INFO: Primitives created: 1
17:10:45 | INFO: Finished glTF 2.0 export in 0.008499383926391602 s

17:10:45 | INFO: Starting glTF 2.0 export
17:10:45 | INFO: Extracting primitive: Cube.205
17:10:45 | INFO: Primitives created: 1
17:10:45 | INFO: Extracting primitive: Cube.185
17:10:45 | INFO: Primitives created: 1
17:10:45 | INFO: Finished glTF 2.0 export in 0.010410547256469727 s

17:10:45 | INFO: Starting glTF 2.0 export
17:10:45 | INFO: Extracting primitive: Cube.232
17:10:45 | INFO: Primitives created: 1
17:10:45 | INFO: Extracting primitive: Cube.212
17:10:45 | INFO: Primitives created: 1
17:10:45 | INFO: Finished glTF 2.0 export in 0.007997989654541016 s

17:10:45 | INFO: Starting glTF 2.0 export
17:10:45 | INFO: Extracting primitive: Cube.239
17:10:45 | INFO: Primitives created: 1
17:10:45 | INFO: Finished glTF 2.0 export in 0.006461381912231445 s

17:10:45 | INFO: Starting glTF 2.0 export
17:10:45 | INFO: Extracting primitive: Cube.245
17:10:45 | INFO: Primitives created: 1
17:10:45 | INFO: Finished glTF 2.0 export in 0.007266521453857422 s

17:10:45 | INFO: Starting glTF 2.0 export
17:10:45 | INFO: Extracting primitive: Cube.249
17:10:45 | INFO: Primitives created: 1
17:10:45 | INFO: Finished glTF 2.0 export in 0.007929563522338867 s

17:10:45 | INFO: Starting glTF 2.0 export
17:10:45 | INFO: Extracting primitive: Cube.256
17:10:45 | INFO: Primitives created: 1
17:10:45 | INFO: Finished glTF 2.0 export in 0.007523298263549805 s

17:10:45 | INFO: Starting glTF 2.0 export
17:10:45 | INFO: Extracting primitive: Cube.261
17:10:45 | INFO: Primitives created: 1
17:10:45 | INFO: Finished glTF 2.0 export in 0.006560802459716797 s

17:10:45 | INFO: Starting glTF 2.0 export
17:10:45 | INFO: Extracting primitive: Cube.273
17:10:45 | INFO: Primitives created: 1
17:10:45 | INFO: Finished glTF 2.0 export in 0.007582426071166992 s

17:10:45 | INFO: Starting glTF 2.0 export
17:10:45 | INFO: Extracting primitive: Cube.281
17:10:45 | INFO: Primitives created: 1
17:10:45 | INFO: Finished glTF 2.0 export in 0.007136106491088867 s

17:10:45 | INFO: Starting glTF 2.0 export
17:10:45 | INFO: Extracting primitive: Cube.293
17:10:45 | INFO: Primitives created: 1
17:10:45 | INFO: Finished glTF 2.0 export in 0.006587028503417969 s

17:10:45 | INFO: Starting glTF 2.0 export
17:10:45 | INFO: Extracting primitive: Cube.307
17:10:45 | INFO: Primitives created: 1
17:10:45 | INFO: Extracting primitive: Cube.305
17:10:45 | INFO: Primitives created: 1
17:10:45 | INFO: Finished glTF 2.0 export in 0.008607149124145508 s

17:10:46 | INFO: Starting glTF 2.0 export
17:10:46 | INFO: Extracting primitive: Cube.311
17:10:46 | INFO: Primitives created: 1
17:10:46 | INFO: Extracting primitive: Cube.309
17:10:46 | INFO: Primitives created: 1
17:10:46 | INFO: Finished glTF 2.0 export in 0.009099960327148438 s

17:10:46 | INFO: Starting glTF 2.0 export
17:10:46 | INFO: Extracting primitive: Cube.313
17:10:46 | INFO: Primitives created: 1
17:10:46 | INFO: Finished glTF 2.0 export in 0.008155107498168945 s

17:10:46 | INFO: Starting glTF 2.0 export
17:10:46 | INFO: Extracting primitive: Cube.326
17:10:46 | INFO: Primitives created: 1
17:10:46 | INFO: Finished glTF 2.0 export in 0.0075037479400634766 s

17:10:46 | INFO: Starting glTF 2.0 export
17:10:46 | INFO: Extracting primitive: Cube.334
17:10:46 | INFO: Primitives created: 1
17:10:46 | INFO: Extracting primitive: Cube.332
17:10:46 | INFO: Primitives created: 1
17:10:46 | INFO: Finished glTF 2.0 export in 0.009365558624267578 s

17:10:46 | INFO: Starting glTF 2.0 export
17:10:46 | INFO: Extracting primitive: Cube.338
17:10:46 | INFO: Primitives created: 1
17:10:46 | INFO: Extracting primitive: Cube.336
17:10:46 | INFO: Primitives created: 1
17:10:46 | INFO: Finished glTF 2.0 export in 0.008439064025878906 s

17:10:46 | INFO: Starting glTF 2.0 export
17:10:46 | INFO: Extracting primitive: Cube.340
17:10:46 | INFO: Primitives created: 1
17:10:46 | INFO: Finished glTF 2.0 export in 0.0088043212890625 s

17:10:46 | INFO: Starting glTF 2.0 export
17:10:46 | INFO: Extracting primitive: Cube.354
17:10:46 | INFO: Primitives created: 1
17:10:46 | INFO: Finished glTF 2.0 export in 0.006506919860839844 s

17:10:46 | INFO: Starting glTF 2.0 export
17:10:46 | INFO: Extracting primitive: Cube.360
17:10:46 | INFO: Primitives created: 1
17:10:46 | INFO: Finished glTF 2.0 export in 0.007379770278930664 s

17:10:46 | INFO: Starting glTF 2.0 export
17:10:46 | INFO: Extracting primitive: Cube.362
17:10:46 | INFO: Primitives created: 1
17:10:46 | INFO: Finished glTF 2.0 export in 0.006837368011474609 s

17:10:46 | INFO: Starting glTF 2.0 export
17:10:46 | INFO: Extracting primitive: Cube.364
17:10:46 | INFO: Primitives created: 1
17:10:46 | INFO: Finished glTF 2.0 export in 0.0065326690673828125 s

17:10:46 | INFO: Starting glTF 2.0 export
17:10:46 | INFO: Extracting primitive: Cube.369
17:10:46 | INFO: Primitives created: 1
17:10:46 | INFO: Finished glTF 2.0 export in 0.008680582046508789 s

17:10:46 | INFO: Starting glTF 2.0 export
17:10:46 | INFO: Extracting primitive: Cube.374
17:10:46 | INFO: Primitives created: 1
17:10:46 | INFO: Finished glTF 2.0 export in 0.00768280029296875 s

17:10:46 | INFO: Starting glTF 2.0 export
17:10:46 | INFO: Extracting primitive: Cube.378
17:10:46 | INFO: Primitives created: 1
17:10:46 | INFO: Finished glTF 2.0 export in 0.007093906402587891 s

17:10:46 | INFO: Starting glTF 2.0 export
17:10:46 | INFO: Extracting primitive: Cube.382
17:10:46 | INFO: Primitives created: 1
17:10:46 | INFO: Finished glTF 2.0 export in 0.007677793502807617 s

17:10:46 | INFO: Starting glTF 2.0 export
17:10:46 | INFO: Extracting primitive: Cube.395
17:10:46 | INFO: Primitives created: 1
17:10:46 | INFO: Finished glTF 2.0 export in 0.006725311279296875 s

17:10:46 | INFO: Starting glTF 2.0 export
17:10:46 | INFO: Extracting primitive: Cube.408
17:10:46 | INFO: Primitives created: 1
17:10:46 | INFO: Finished glTF 2.0 export in 0.008465051651000977 s

17:10:46 | INFO: Starting glTF 2.0 export
17:10:46 | INFO: Extracting primitive: Cube.413
17:10:46 | INFO: Primitives created: 1
17:10:46 | INFO: Finished glTF 2.0 export in 0.007597923278808594 s

Warning: No mesh data to join
17:10:46 | INFO: Starting glTF 2.0 export
17:10:46 | INFO: Extracting primitive: Cube.418
17:10:46 | INFO: Primitives created: 1
17:10:46 | INFO: Finished glTF 2.0 export in 0.006754636764526367 s

Warning: No mesh data to join
17:10:46 | INFO: Starting glTF 2.0 export
17:10:46 | INFO: Extracting primitive: Cube.419
17:10:46 | INFO: Primitives created: 1
17:10:46 | INFO: Finished glTF 2.0 export in 0.007334232330322266 s

Warning: No mesh data to join
17:10:46 | INFO: Starting glTF 2.0 export
17:10:46 | INFO: Extracting primitive: Cube.420
17:10:46 | INFO: Primitives created: 1
17:10:46 | INFO: Finished glTF 2.0 export in 0.006391048431396484 s

Warning: No mesh data to join
17:10:46 | INFO: Starting glTF 2.0 export
17:10:46 | INFO: Extracting primitive: Cube.421
17:10:46 | INFO: Primitives created: 1
17:10:46 | INFO: Finished glTF 2.0 export in 0.005749940872192383 s

17:10:46 | INFO: Starting glTF 2.0 export
17:10:46 | INFO: Extracting primitive: Cube.422
17:10:46 | INFO: Primitives created: 1
17:10:46 | INFO: Finished glTF 2.0 export in 0.0068395137786865234 s

17:10:46 | INFO: Starting glTF 2.0 export
17:10:46 | INFO: Extracting primitive: Cube.436
17:10:46 | INFO: Primitives created: 1
17:10:46 | INFO: Finished glTF 2.0 export in 0.006572723388671875 s

Warning: No mesh data to join
17:10:46 | INFO: Starting glTF 2.0 export
17:10:46 | INFO: Extracting primitive: Cube.450
17:10:46 | INFO: Primitives created: 1
17:10:46 | INFO: Finished glTF 2.0 export in 0.006127834320068359 s

Warning: No mesh data to join
17:10:46 | INFO: Starting glTF 2.0 export
17:10:46 | INFO: Extracting primitive: Cube.451
17:10:46 | INFO: Primitives created: 1
17:10:46 | INFO: Finished glTF 2.0 export in 0.006208896636962891 s

17:10:46 | INFO: Starting glTF 2.0 export
17:10:46 | INFO: Extracting primitive: Cube.452
17:10:46 | INFO: Primitives created: 1
17:10:46 | INFO: Finished glTF 2.0 export in 0.007731437683105469 s

17:10:46 | INFO: Starting glTF 2.0 export
17:10:46 | INFO: Extracting primitive: Cube.473
17:10:46 | INFO: Primitives created: 1
17:10:46 | INFO: Finished glTF 2.0 export in 0.006743669509887695 s

Warning: No mesh data to join
17:10:46 | INFO: Starting glTF 2.0 export
17:10:46 | INFO: Extracting primitive: Cube.484
17:10:46 | INFO: Primitives created: 1
17:10:46 | INFO: Finished glTF 2.0 export in 0.006133079528808594 s

Warning: No mesh data to join
17:10:46 | INFO: Starting glTF 2.0 export
17:10:46 | INFO: Extracting primitive: Cube.485
17:10:46 | INFO: Primitives created: 1
17:10:46 | INFO: Finished glTF 2.0 export in 0.007345676422119141 s

17:10:46 | INFO: Starting glTF 2.0 export
17:10:46 | INFO: Extracting primitive: Cube.486
17:10:46 | INFO: Primitives created: 1
17:10:46 | INFO: Finished glTF 2.0 export in 0.009239912033081055 s

17:10:46 | INFO: Starting glTF 2.0 export
17:10:46 | INFO: Extracting primitive: Cube.496
17:10:46 | INFO: Primitives created: 1
17:10:46 | INFO: Finished glTF 2.0 export in 0.007477760314941406 s

17:10:46 | INFO: Starting glTF 2.0 export
17:10:46 | INFO: Extracting primitive: Cube.514
17:10:46 | INFO: Primitives created: 1
17:10:46 | INFO: Extracting primitive: Cube.510
17:10:46 | INFO: Primitives created: 1
17:10:46 | INFO: Extracting primitive: gable
17:10:46 | INFO: Primitives created: 1
17:10:46 | INFO: Extracting primitive: gable.001
17:10:46 | INFO: Primitives created: 1
17:10:46 | INFO: Extracting primitive: Cube.504
17:10:46 | INFO: Primitives created: 1
17:10:46 | INFO: Extracting primitive: Cube.506
17:10:46 | INFO: Primitives created: 1
17:10:46 | INFO: Finished glTF 2.0 export in 0.015750885009765625 s

17:10:46 | INFO: Starting glTF 2.0 export
17:10:46 | INFO: Extracting primitive: Cube.527
17:10:46 | INFO: Primitives created: 1
17:10:46 | INFO: Extracting primitive: Cube.523
17:10:46 | INFO: Primitives created: 1
17:10:46 | INFO: Extracting primitive: gable.002
17:10:46 | INFO: Primitives created: 1
17:10:46 | INFO: Extracting primitive: gable.003
17:10:46 | INFO: Primitives created: 1
17:10:46 | INFO: Extracting primitive: Cube.517
17:10:46 | INFO: Primitives created: 1
17:10:46 | INFO: Extracting primitive: Cube.519
17:10:46 | INFO: Primitives created: 1
17:10:46 | INFO: Finished glTF 2.0 export in 0.014574527740478516 s

17:10:47 | INFO: Starting glTF 2.0 export
17:10:47 | INFO: Extracting primitive: Cube.528
17:10:47 | INFO: Primitives created: 1
17:10:47 | INFO: Finished glTF 2.0 export in 0.00847172737121582 s

17:10:47 | INFO: Starting glTF 2.0 export
17:10:47 | INFO: Extracting primitive: Cube.530
17:10:47 | INFO: Primitives created: 1
17:10:47 | INFO: Finished glTF 2.0 export in 0.007956981658935547 s

17:10:47 | INFO: Starting glTF 2.0 export
17:10:47 | INFO: Extracting primitive: Cube.551
17:10:47 | INFO: Primitives created: 1
17:10:47 | INFO: Extracting primitive: Cube.532
17:10:47 | INFO: Primitives created: 1
17:10:47 | INFO: Finished glTF 2.0 export in 0.010928630828857422 s

17:10:47 | INFO: Starting glTF 2.0 export
17:10:47 | INFO: Extracting primitive: Cube.571
17:10:47 | INFO: Primitives created: 1
17:10:47 | INFO: Extracting primitive: Cube.552
17:10:47 | INFO: Primitives created: 1
17:10:47 | INFO: Finished glTF 2.0 export in 0.011009454727172852 s

17:10:47 | INFO: Starting glTF 2.0 export
17:10:47 | INFO: Extracting primitive: Cube.572
17:10:47 | INFO: Primitives created: 1
17:10:47 | INFO: Finished glTF 2.0 export in 0.010407686233520508 s

17:10:47 | INFO: Starting glTF 2.0 export
17:10:47 | INFO: Extracting primitive: Cube.576
17:10:47 | INFO: Primitives created: 1
17:10:47 | INFO: Finished glTF 2.0 export in 0.008896112442016602 s

17:10:47 | INFO: Starting glTF 2.0 export
17:10:47 | INFO: Extracting primitive: Cylinder.470
17:10:47 | INFO: Primitives created: 1
17:10:47 | INFO: Finished glTF 2.0 export in 0.006532192230224609 s

17:10:47 | INFO: Starting glTF 2.0 export
17:10:47 | INFO: Extracting primitive: Cylinder.474
17:10:47 | INFO: Primitives created: 1
17:10:47 | INFO: Finished glTF 2.0 export in 0.0066792964935302734 s

17:10:48 | INFO: Starting glTF 2.0 export
17:10:48 | INFO: Extracting primitive: Cylinder.478
17:10:48 | INFO: Primitives created: 2
17:10:48 | INFO: Finished glTF 2.0 export in 0.012646913528442383 s

17:10:48 | INFO: Starting glTF 2.0 export
17:10:48 | INFO: Extracting primitive: Cylinder.541
17:10:48 | INFO: Primitives created: 2
17:10:48 | INFO: Finished glTF 2.0 export in 0.011949539184570312 s

17:10:48 | INFO: Starting glTF 2.0 export
17:10:48 | INFO: Extracting primitive: Cube.596
17:10:48 | INFO: Primitives created: 1
17:10:48 | INFO: Finished glTF 2.0 export in 0.009346246719360352 s

17:10:48 | INFO: Starting glTF 2.0 export
17:10:48 | INFO: Extracting primitive: Cube.598
17:10:48 | INFO: Primitives created: 1
17:10:48 | INFO: Finished glTF 2.0 export in 0.009145021438598633 s

17:10:48 | INFO: Starting glTF 2.0 export
17:10:48 | INFO: Extracting primitive: Cylinder.640
17:10:48 | INFO: Primitives created: 1
17:10:48 | INFO: Finished glTF 2.0 export in 0.009853601455688477 s

17:10:49 | INFO: Starting glTF 2.0 export
17:10:49 | INFO: Extracting primitive: Cylinder.713
17:10:49 | INFO: Primitives created: 1
17:10:49 | INFO: Finished glTF 2.0 export in 0.008935928344726562 s

17:10:49 | INFO: Starting glTF 2.0 export
17:10:49 | INFO: Extracting primitive: Cube.610
17:10:49 | INFO: Primitives created: 1
17:10:49 | INFO: Finished glTF 2.0 export in 0.026580810546875 s

17:10:49 | INFO: Starting glTF 2.0 export
17:10:49 | INFO: Extracting primitive: Cube.627
17:10:49 | INFO: Primitives created: 1
17:10:49 | INFO: Finished glTF 2.0 export in 0.006845951080322266 s

17:10:49 | INFO: Starting glTF 2.0 export
17:10:49 | INFO: Extracting primitive: Cube.644
17:10:49 | INFO: Primitives created: 2
17:10:49 | INFO: Finished glTF 2.0 export in 0.009995222091674805 s

17:10:49 | INFO: Starting glTF 2.0 export
17:10:49 | INFO: Extracting primitive: Cube.645
17:10:49 | INFO: Primitives created: 2
17:10:49 | INFO: Finished glTF 2.0 export in 0.009337902069091797 s

ENVIRONMENT_EXPORTED 40 assets 80 GLBs
Blender 4.3.2

Blender quit
