Godot Engine v4.7.2.stable.official.ed1daf0bf - https://godotengine.org
WARNING: Could not set V-Sync mode, as changing V-Sync mode is not supported by the graphics driver.
     at: set_use_vsync (platform/linuxbsd/x11/gl_manager_x11.cpp:372)
OpenGL API 4.5 (Core Profile) Mesa 25.0.7-2+deb13u1 - Compatibility - Using Device: Mesa - llvmpipe (LLVM 19.1.7, 256 bits)

ENVIRONMENT_GODOT_CHECKS 528 issues=0
CAPTURE_ASSET env_ammo_can
CAPTURE_ASSET env_barbed_wire
CAPTURE_ASSET env_fence_section
CAPTURE_ASSET env_gun_case
CAPTURE_ASSET env_handcart
CAPTURE_ASSET env_jerry_can
CAPTURE_ASSET env_rations_crate
CAPTURE_ASSET env_spare_tire
CAPTURE_ASSET env_wooden_barrel
CAPTURE_ASSET env_yard_crate
CAPTURE_ASSET env_wall_brick_2m
CAPTURE_ASSET env_wall_plaster_2m
CAPTURE_ASSET env_wall_corner
CAPTURE_ASSET env_window_bay
CAPTURE_ASSET env_door_frame
CAPTURE_ASSET env_door_leaf
CAPTURE_ASSET env_loading_frame
CAPTURE_ASSET env_loading_leaf
CAPTURE_ASSET env_roof_gable_4m
CAPTURE_ASSET env_roof_flat_4m
CAPTURE_ASSET env_low_wall_2m
CAPTURE_ASSET env_gate_leaf
CAPTURE_ASSET env_ground_concrete_2m
CAPTURE_ASSET env_ground_earth_2m
CAPTURE_ASSET env_ground_cobble_2m
CAPTURE_ASSET env_ground_steel_2m
CAPTURE_ASSET env_ground_gravel_2m
CAPTURE_ASSET env_drain_2m
CAPTURE_ASSET env_curb_2m
CAPTURE_ASSET env_seam_debris
CAPTURE_ASSET env_warehouse_shell
CAPTURE_ASSET env_warehouse_roof
CAPTURE_ASSET env_warehouse_gantry
CAPTURE_ASSET env_pump_skid
CAPTURE_ASSET env_pipe_elbow
CAPTURE_ASSET env_signal_mast
CAPTURE_ASSET env_depot_tank_pair
CAPTURE_ASSET env_radio_antenna
CAPTURE_ASSET env_rail_2m
CAPTURE_ASSET env_wall_lamp
CAPTURE_ASSET oil_drum
CAPTURE_ASSET sandbag_stack
CAPTURE_ASSET field_radio
CAPTURE_ASSET yard_lamp
CAPTURE_THEME yard
CAPTURE_THEME warehouse
CAPTURE_THEME pump
CAPTURE_THEME railcut
CAPTURE_THEME depot
CAPTURE_THEME radio
ENVIRONMENT_CAPTURE_COMPLETE
