ERROR Draco mesh compression is not available because library could not be found at /usr/bin/4.3/python/lib/python3.13/site-packages/libextern_draco.so
18:17:16 | INFO: Starting glTF 2.0 export
18:17:16 | INFO: Extracting primitive: Sphere
18:17:16 | INFO: Primitives created: 1
18:17:20 | INFO: Finished glTF 2.0 export in 4.29415225982666 s

18:17:21 | INFO: Starting glTF 2.0 export
18:17:21 | INFO: Extracting primitive: Sphere.013
18:17:21 | INFO: Primitives created: 1
18:17:25 | INFO: Finished glTF 2.0 export in 4.497039318084717 s

18:17:25 | INFO: Starting glTF 2.0 export
18:17:25 | INFO: Extracting primitive: Sphere.020
18:17:25 | INFO: Primitives created: 1
18:17:30 | INFO: Finished glTF 2.0 export in 4.510641098022461 s

ACTOR_ASSET operator_rifle [(5846, 1), (2852, 1), (1668, 1)]
18:17:30 | INFO: Starting glTF 2.0 export
18:17:30 | INFO: Extracting primitive: Sphere.027
18:17:30 | INFO: Primitives created: 1
18:17:35 | INFO: Finished glTF 2.0 export in 4.2721266746521 s

18:17:35 | INFO: Starting glTF 2.0 export
18:17:35 | INFO: Extracting primitive: Sphere.040
18:17:35 | INFO: Primitives created: 1
18:17:40 | INFO: Finished glTF 2.0 export in 4.446373224258423 s

18:17:40 | INFO: Starting glTF 2.0 export
18:17:40 | INFO: Extracting primitive: Sphere.047
18:17:40 | INFO: Primitives created: 1
18:17:45 | INFO: Finished glTF 2.0 export in 4.724161148071289 s

ACTOR_ASSET operator_mg [(6210, 1), (3216, 1), (1680, 1)]
18:17:45 | INFO: Starting glTF 2.0 export
18:17:45 | INFO: Extracting primitive: Sphere.054
18:17:45 | INFO: Primitives created: 1
18:17:50 | INFO: Finished glTF 2.0 export in 4.372145414352417 s

18:17:50 | INFO: Starting glTF 2.0 export
18:17:50 | INFO: Extracting primitive: Sphere.068
18:17:50 | INFO: Primitives created: 1
18:17:54 | INFO: Finished glTF 2.0 export in 4.476517915725708 s

18:17:55 | INFO: Starting glTF 2.0 export
18:17:55 | INFO: Extracting primitive: Sphere.076
18:17:55 | INFO: Primitives created: 1
18:17:59 | INFO: Finished glTF 2.0 export in 4.541932821273804 s

ACTOR_ASSET operator_scout [(5750, 1), (2752, 1), (1548, 1)]
18:18:00 | INFO: Starting glTF 2.0 export
18:18:00 | INFO: Extracting primitive: Sphere.084
18:18:00 | INFO: Primitives created: 1
18:18:04 | INFO: Finished glTF 2.0 export in 4.354033946990967 s

18:18:05 | INFO: Starting glTF 2.0 export
18:18:05 | INFO: Extracting primitive: Sphere.097
18:18:05 | INFO: Primitives created: 1
18:18:09 | INFO: Finished glTF 2.0 export in 4.61488938331604 s

18:18:10 | INFO: Starting glTF 2.0 export
18:18:10 | INFO: Extracting primitive: Sphere.104
18:18:10 | INFO: Primitives created: 1
18:18:14 | INFO: Finished glTF 2.0 export in 4.609418869018555 s

ACTOR_ASSET enemy_patrol [(5902, 1), (2884, 1), (1700, 1)]
18:18:15 | INFO: Starting glTF 2.0 export
18:18:15 | INFO: Extracting primitive: Sphere.111
18:18:15 | INFO: Primitives created: 1
18:18:19 | INFO: Finished glTF 2.0 export in 4.392938852310181 s

18:18:20 | INFO: Starting glTF 2.0 export
18:18:20 | INFO: Extracting primitive: Sphere.125
18:18:20 | INFO: Primitives created: 1
18:18:24 | INFO: Finished glTF 2.0 export in 4.514784574508667 s

18:18:25 | INFO: Starting glTF 2.0 export
18:18:25 | INFO: Extracting primitive: Sphere.133
18:18:25 | INFO: Primitives created: 1
18:18:29 | INFO: Finished glTF 2.0 export in 4.910650730133057 s

ACTOR_ASSET enemy_flank [(5756, 1), (2740, 1), (1548, 1)]
18:18:31 | INFO: Starting glTF 2.0 export
18:18:31 | INFO: Extracting primitive: Sphere.141
18:18:31 | INFO: Primitives created: 1
18:18:35 | INFO: Finished glTF 2.0 export in 4.531309127807617 s

18:18:36 | INFO: Starting glTF 2.0 export
18:18:36 | INFO: Extracting primitive: Sphere.155
18:18:36 | INFO: Primitives created: 1
18:18:40 | INFO: Finished glTF 2.0 export in 4.911501884460449 s

18:18:41 | INFO: Starting glTF 2.0 export
18:18:41 | INFO: Extracting primitive: Sphere.163
18:18:41 | INFO: Primitives created: 1
18:18:46 | INFO: Finished glTF 2.0 export in 4.7635064125061035 s

ACTOR_ASSET enemy_sneak [(5842, 1), (2788, 1), (1604, 1)]
18:18:46 | INFO: Starting glTF 2.0 export
18:18:46 | INFO: Extracting primitive: Sphere.171
18:18:46 | INFO: Primitives created: 1
18:18:51 | INFO: Finished glTF 2.0 export in 4.637449741363525 s

18:18:52 | INFO: Starting glTF 2.0 export
18:18:52 | INFO: Extracting primitive: Sphere.184
18:18:52 | INFO: Primitives created: 1
18:18:56 | INFO: Finished glTF 2.0 export in 4.609872102737427 s

18:18:56 | INFO: Starting glTF 2.0 export
18:18:56 | INFO: Extracting primitive: Sphere.191
18:18:57 | INFO: Primitives created: 1
18:19:01 | INFO: Finished glTF 2.0 export in 4.6370134353637695 s

ACTOR_ASSET enemy_radio [(5878, 1), (2884, 1), (1700, 1)]
18:19:01 | INFO: Starting glTF 2.0 export
18:19:01 | INFO: Extracting primitive: Cube.486
18:19:01 | INFO: Primitives created: 1
18:19:01 | INFO: Finished glTF 2.0 export in 0.007886886596679688 s

18:19:01 | INFO: Starting glTF 2.0 export
18:19:01 | INFO: Extracting primitive: Cube.493
18:19:01 | INFO: Primitives created: 1
18:19:01 | INFO: Finished glTF 2.0 export in 0.007134914398193359 s

ACTOR_ASSET m1911 [(352, 1), (116, 1)]
18:19:01 | INFO: Starting glTF 2.0 export
18:19:01 | INFO: Extracting primitive: Cube.500
18:19:01 | INFO: Primitives created: 1
18:19:01 | INFO: Finished glTF 2.0 export in 0.007450103759765625 s

18:19:01 | INFO: Starting glTF 2.0 export
18:19:01 | INFO: Extracting primitive: Cube.508
18:19:01 | INFO: Primitives created: 1
18:19:01 | INFO: Finished glTF 2.0 export in 0.0073702335357666016 s

ACTOR_ASSET luger [(396, 1), (128, 1)]
18:19:02 | INFO: Starting glTF 2.0 export
18:19:02 | INFO: Extracting primitive: Cube.516
18:19:02 | INFO: Primitives created: 1
18:19:02 | INFO: Finished glTF 2.0 export in 0.011542320251464844 s

18:19:02 | INFO: Starting glTF 2.0 export
18:19:02 | INFO: Extracting primitive: Cube.539
18:19:02 | INFO: Primitives created: 1
18:19:02 | INFO: Finished glTF 2.0 export in 0.007579803466796875 s

ACTOR_ASSET m1_garand [(1124, 1), (340, 1)]
18:19:02 | INFO: Starting glTF 2.0 export
18:19:02 | INFO: Extracting primitive: Cube.562
18:19:02 | INFO: Primitives created: 1
18:19:02 | INFO: Finished glTF 2.0 export in 0.008817434310913086 s

18:19:03 | INFO: Starting glTF 2.0 export
18:19:03 | INFO: Extracting primitive: Cube.584
18:19:03 | INFO: Primitives created: 1
18:19:03 | INFO: Finished glTF 2.0 export in 0.008142232894897461 s

ACTOR_ASSET kar98k [(1164, 1), (352, 1)]
18:19:03 | INFO: Starting glTF 2.0 export
18:19:03 | INFO: Extracting primitive: Cube.606
18:19:03 | INFO: Primitives created: 1
18:19:03 | INFO: Finished glTF 2.0 export in 0.009328365325927734 s

18:19:03 | INFO: Starting glTF 2.0 export
18:19:03 | INFO: Extracting primitive: Cube.627
18:19:03 | INFO: Primitives created: 1
18:19:03 | INFO: Finished glTF 2.0 export in 0.008056640625 s

ACTOR_ASSET thompson [(1068, 1), (340, 1)]
18:19:03 | INFO: Starting glTF 2.0 export
18:19:03 | INFO: Extracting primitive: folding_stock_rail
18:19:03 | INFO: Primitives created: 1
18:19:03 | INFO: Finished glTF 2.0 export in 0.00877070426940918 s

18:19:04 | INFO: Starting glTF 2.0 export
18:19:04 | INFO: Extracting primitive: folding_stock_rail.002
18:19:04 | INFO: Primitives created: 1
18:19:04 | INFO: Finished glTF 2.0 export in 0.007559776306152344 s

ACTOR_ASSET mp40 [(1004, 1), (336, 1)]
18:19:04 | INFO: Starting glTF 2.0 export
18:19:04 | INFO: Extracting primitive: Cube.688
18:19:04 | INFO: Primitives created: 1
18:19:04 | INFO: Finished glTF 2.0 export in 0.009635448455810547 s

18:19:04 | INFO: Starting glTF 2.0 export
18:19:04 | INFO: Extracting primitive: Cube.709
18:19:04 | INFO: Primitives created: 1
18:19:04 | INFO: Finished glTF 2.0 export in 0.008147716522216797 s

ACTOR_ASSET bar [(1048, 1), (348, 1)]
18:19:05 | INFO: Starting glTF 2.0 export
18:19:05 | INFO: Extracting primitive: Cube.730
18:19:05 | INFO: Primitives created: 1
18:19:05 | INFO: Finished glTF 2.0 export in 0.0100250244140625 s

18:19:05 | INFO: Starting glTF 2.0 export
18:19:05 | INFO: Extracting primitive: Cube.770
18:19:05 | INFO: Primitives created: 1
18:19:05 | INFO: Finished glTF 2.0 export in 0.00868844985961914 s

ACTOR_ASSET mg42 [(1596, 1), (576, 1)]
18:19:06 | INFO: Starting glTF 2.0 export
18:19:06 | INFO: Extracting primitive: Cube.810
18:19:06 | INFO: Primitives created: 1
18:19:06 | INFO: Finished glTF 2.0 export in 0.010341644287109375 s

18:19:06 | INFO: Starting glTF 2.0 export
18:19:06 | INFO: Extracting primitive: Cube.832
18:19:06 | INFO: Primitives created: 1
18:19:06 | INFO: Finished glTF 2.0 export in 0.00841665267944336 s

ACTOR_ASSET springfield [(1268, 1), (428, 1)]
18:19:06 | INFO: Starting glTF 2.0 export
18:19:06 | INFO: Extracting primitive: Cube.854
18:19:06 | INFO: Primitives created: 1
18:19:06 | INFO: Finished glTF 2.0 export in 0.013600826263427734 s

18:19:07 | INFO: Starting glTF 2.0 export
18:19:07 | INFO: Extracting primitive: Cube.878
18:19:07 | INFO: Primitives created: 1
18:19:07 | INFO: Finished glTF 2.0 export in 0.008518457412719727 s

ACTOR_ASSET kar98k_zf [(1356, 1), (452, 1)]
18:19:07 | INFO: Starting glTF 2.0 export
18:19:07 | INFO: Extracting primitive: Cube.902
18:19:07 | INFO: Primitives created: 1
18:19:07 | INFO: Finished glTF 2.0 export in 0.007461071014404297 s

18:19:07 | INFO: Starting glTF 2.0 export
18:19:07 | INFO: Extracting primitive: Cube.904
18:19:07 | INFO: Primitives created: 1
18:19:07 | INFO: Finished glTF 2.0 export in 0.007346391677856445 s

ACTOR_ASSET knife [(104, 1), (40, 1)]
18:19:07 | INFO: Starting glTF 2.0 export
18:19:07 | INFO: Extracting primitive: Sphere.204
18:19:07 | INFO: Primitives created: 1
18:19:07 | INFO: Finished glTF 2.0 export in 0.00845193862915039 s

18:19:07 | INFO: Starting glTF 2.0 export
18:19:07 | INFO: Extracting primitive: Sphere.205
18:19:07 | INFO: Primitives created: 1
18:19:07 | INFO: Finished glTF 2.0 export in 0.007467985153198242 s

ACTOR_ASSET grenade [(368, 1), (108, 1)]
18:19:07 | INFO: Starting glTF 2.0 export
18:19:07 | INFO: Extracting primitive: mine
18:19:07 | INFO: Primitives created: 1
18:19:07 | INFO: Finished glTF 2.0 export in 0.00779414176940918 s

18:19:07 | INFO: Starting glTF 2.0 export
18:19:07 | INFO: Extracting primitive: mine.001
18:19:07 | INFO: Primitives created: 1
18:19:07 | INFO: Finished glTF 2.0 export in 0.007664918899536133 s

ACTOR_ASSET mine [(168, 1), (124, 1)]
18:19:07 | INFO: Starting glTF 2.0 export
18:19:07 | INFO: Extracting primitive: Cube.908
18:19:07 | INFO: Primitives created: 1
18:19:07 | INFO: Finished glTF 2.0 export in 0.008289337158203125 s

18:19:07 | INFO: Starting glTF 2.0 export
18:19:07 | INFO: Extracting primitive: Cube.915
18:19:07 | INFO: Primitives created: 1
18:19:07 | INFO: Finished glTF 2.0 export in 0.007613658905029297 s

ACTOR_ASSET decoy [(280, 1), (116, 1)]
18:19:07 | INFO: Starting glTF 2.0 export
18:19:07 | INFO: Extracting primitive: Cube.922
18:19:07 | INFO: Primitives created: 1
18:19:07 | INFO: Finished glTF 2.0 export in 0.007973194122314453 s

18:19:07 | INFO: Starting glTF 2.0 export
18:19:07 | INFO: Extracting primitive: Cube.928
18:19:07 | INFO: Primitives created: 1
18:19:07 | INFO: Finished glTF 2.0 export in 0.007615566253662109 s

ACTOR_ASSET ammo_pack [(264, 1), (72, 1)]
Info: Saved "actors.blend"
ACTOR_KIT_EXPORTED 22
Blender 4.3.2

Blender quit
