ERROR Draco mesh compression is not available because library could not be found at /usr/bin/4.3/python/lib/python3.13/site-packages/libextern_draco.so
18:17:16 | INFO: Starting glTF 2.0 export
18:17:16 | INFO: Extracting primitive: Sphere
18:17:16 | INFO: Primitives created: 1
18:17:21 | INFO: Finished glTF 2.0 export in 4.870754957199097 s

18:17:21 | INFO: Starting glTF 2.0 export
18:17:21 | INFO: Extracting primitive: Sphere.013
18:17:21 | INFO: Primitives created: 1
18:17:26 | INFO: Finished glTF 2.0 export in 5.119542598724365 s

18:17:27 | INFO: Starting glTF 2.0 export
18:17:27 | INFO: Extracting primitive: Sphere.020
18:17:27 | INFO: Primitives created: 1
18:17:32 | INFO: Finished glTF 2.0 export in 5.147244691848755 s

ACTOR_ASSET operator_rifle [(5846, 1), (2852, 1), (1668, 1)]
18:17:33 | INFO: Starting glTF 2.0 export
18:17:33 | INFO: Extracting primitive: Sphere.027
18:17:33 | INFO: Primitives created: 1
18:17:38 | INFO: Finished glTF 2.0 export in 5.028555154800415 s

18:17:38 | INFO: Starting glTF 2.0 export
18:17:38 | INFO: Extracting primitive: Sphere.040
18:17:38 | INFO: Primitives created: 1
18:17:43 | INFO: Finished glTF 2.0 export in 5.228622674942017 s

18:17:44 | INFO: Starting glTF 2.0 export
18:17:44 | INFO: Extracting primitive: Sphere.047
18:17:44 | INFO: Primitives created: 1
18:17:49 | INFO: Finished glTF 2.0 export in 5.249505281448364 s

ACTOR_ASSET operator_mg [(6210, 1), (3216, 1), (1680, 1)]
18:17:50 | INFO: Starting glTF 2.0 export
18:17:50 | INFO: Extracting primitive: Sphere.054
18:17:50 | INFO: Primitives created: 1
18:17:55 | INFO: Finished glTF 2.0 export in 5.090624809265137 s

18:17:55 | INFO: Starting glTF 2.0 export
18:17:55 | INFO: Extracting primitive: Sphere.068
18:17:55 | INFO: Primitives created: 1
18:18:00 | INFO: Finished glTF 2.0 export in 5.136191368103027 s

18:18:01 | INFO: Starting glTF 2.0 export
18:18:01 | INFO: Extracting primitive: Sphere.076
18:18:01 | INFO: Primitives created: 1
18:18:06 | INFO: Finished glTF 2.0 export in 5.195474624633789 s

ACTOR_ASSET operator_scout [(5750, 1), (2752, 1), (1548, 1)]
18:18:07 | INFO: Starting glTF 2.0 export
18:18:07 | INFO: Extracting primitive: Sphere.084
18:18:07 | INFO: Primitives created: 1
18:18:12 | INFO: Finished glTF 2.0 export in 5.076475620269775 s

18:18:12 | INFO: Starting glTF 2.0 export
18:18:12 | INFO: Extracting primitive: Sphere.097
18:18:12 | INFO: Primitives created: 1
18:18:17 | INFO: Finished glTF 2.0 export in 5.125905752182007 s

18:18:18 | INFO: Starting glTF 2.0 export
18:18:18 | INFO: Extracting primitive: Sphere.104
18:18:18 | INFO: Primitives created: 1
18:18:23 | INFO: Finished glTF 2.0 export in 5.369755268096924 s

ACTOR_ASSET enemy_patrol [(5902, 1), (2884, 1), (1700, 1)]
18:18:24 | INFO: Starting glTF 2.0 export
18:18:24 | INFO: Extracting primitive: Sphere.111
18:18:24 | INFO: Primitives created: 1
18:18:29 | INFO: Finished glTF 2.0 export in 5.099945545196533 s

18:18:29 | INFO: Starting glTF 2.0 export
18:18:29 | INFO: Extracting primitive: Sphere.125
18:18:29 | INFO: Primitives created: 1
18:18:35 | INFO: Finished glTF 2.0 export in 5.22185206413269 s

18:18:35 | INFO: Starting glTF 2.0 export
18:18:35 | INFO: Extracting primitive: Sphere.133
18:18:35 | INFO: Primitives created: 1
18:18:40 | INFO: Finished glTF 2.0 export in 5.38362979888916 s

ACTOR_ASSET enemy_flank [(5756, 1), (2740, 1), (1548, 1)]
18:18:41 | INFO: Starting glTF 2.0 export
18:18:41 | INFO: Extracting primitive: Sphere.141
18:18:41 | INFO: Primitives created: 1
18:18:47 | INFO: Finished glTF 2.0 export in 5.346775531768799 s

18:18:47 | INFO: Starting glTF 2.0 export
18:18:47 | INFO: Extracting primitive: Sphere.155
18:18:47 | INFO: Primitives created: 1
18:18:53 | INFO: Finished glTF 2.0 export in 5.497981786727905 s

18:18:53 | INFO: Starting glTF 2.0 export
18:18:53 | INFO: Extracting primitive: Sphere.163
18:18:53 | INFO: Primitives created: 1
18:18:59 | INFO: Finished glTF 2.0 export in 5.393688440322876 s

ACTOR_ASSET enemy_sneak [(5842, 1), (2788, 1), (1604, 1)]
18:19:00 | INFO: Starting glTF 2.0 export
18:19:00 | INFO: Extracting primitive: Sphere.171
18:19:00 | INFO: Primitives created: 1
18:19:05 | INFO: Finished glTF 2.0 export in 5.1971800327301025 s

18:19:05 | INFO: Starting glTF 2.0 export
18:19:05 | INFO: Extracting primitive: Sphere.184
18:19:05 | INFO: Primitives created: 1
18:19:10 | INFO: Finished glTF 2.0 export in 4.869269847869873 s

18:19:11 | INFO: Starting glTF 2.0 export
18:19:11 | INFO: Extracting primitive: Sphere.191
18:19:11 | INFO: Primitives created: 1
18:19:15 | INFO: Finished glTF 2.0 export in 4.636554479598999 s

ACTOR_ASSET enemy_radio [(5878, 1), (2884, 1), (1700, 1)]
18:19:15 | INFO: Starting glTF 2.0 export
18:19:15 | INFO: Extracting primitive: Cube.486
18:19:15 | INFO: Primitives created: 1
18:19:15 | INFO: Finished glTF 2.0 export in 0.008315086364746094 s

18:19:16 | INFO: Starting glTF 2.0 export
18:19:16 | INFO: Extracting primitive: Cube.493
18:19:16 | INFO: Primitives created: 1
18:19:16 | INFO: Finished glTF 2.0 export in 0.007349967956542969 s

ACTOR_ASSET m1911 [(352, 1), (116, 1)]
18:19:16 | INFO: Starting glTF 2.0 export
18:19:16 | INFO: Extracting primitive: Cube.500
18:19:16 | INFO: Primitives created: 1
18:19:16 | INFO: Finished glTF 2.0 export in 0.007920026779174805 s

18:19:16 | INFO: Starting glTF 2.0 export
18:19:16 | INFO: Extracting primitive: Cube.508
18:19:16 | INFO: Primitives created: 1
18:19:16 | INFO: Finished glTF 2.0 export in 0.007819175720214844 s

ACTOR_ASSET luger [(396, 1), (128, 1)]
18:19:16 | INFO: Starting glTF 2.0 export
18:19:16 | INFO: Extracting primitive: Cube.516
18:19:16 | INFO: Primitives created: 1
18:19:16 | INFO: Finished glTF 2.0 export in 0.009082317352294922 s

18:19:16 | INFO: Starting glTF 2.0 export
18:19:16 | INFO: Extracting primitive: Cube.539
18:19:16 | INFO: Primitives created: 1
18:19:16 | INFO: Finished glTF 2.0 export in 0.0076885223388671875 s

ACTOR_ASSET m1_garand [(1124, 1), (340, 1)]
18:19:17 | INFO: Starting glTF 2.0 export
18:19:17 | INFO: Extracting primitive: Cube.562
18:19:17 | INFO: Primitives created: 1
18:19:17 | INFO: Finished glTF 2.0 export in 0.009696006774902344 s

18:19:17 | INFO: Starting glTF 2.0 export
18:19:17 | INFO: Extracting primitive: Cube.584
18:19:17 | INFO: Primitives created: 1
18:19:17 | INFO: Finished glTF 2.0 export in 0.008121967315673828 s

ACTOR_ASSET kar98k [(1164, 1), (352, 1)]
18:19:17 | INFO: Starting glTF 2.0 export
18:19:17 | INFO: Extracting primitive: Cube.606
18:19:17 | INFO: Primitives created: 1
18:19:17 | INFO: Finished glTF 2.0 export in 0.009860038757324219 s

18:19:17 | INFO: Starting glTF 2.0 export
18:19:17 | INFO: Extracting primitive: Cube.627
18:19:17 | INFO: Primitives created: 1
18:19:17 | INFO: Finished glTF 2.0 export in 0.007853269577026367 s

ACTOR_ASSET thompson [(1068, 1), (340, 1)]
18:19:18 | INFO: Starting glTF 2.0 export
18:19:18 | INFO: Extracting primitive: folding_stock_rail
18:19:18 | INFO: Primitives created: 1
18:19:18 | INFO: Finished glTF 2.0 export in 0.009378671646118164 s

18:19:18 | INFO: Starting glTF 2.0 export
18:19:18 | INFO: Extracting primitive: folding_stock_rail.002
18:19:18 | INFO: Primitives created: 1
18:19:18 | INFO: Finished glTF 2.0 export in 0.008367776870727539 s

ACTOR_ASSET mp40 [(1004, 1), (336, 1)]
18:19:18 | INFO: Starting glTF 2.0 export
18:19:18 | INFO: Extracting primitive: Cube.688
18:19:18 | INFO: Primitives created: 1
18:19:18 | INFO: Finished glTF 2.0 export in 0.009648799896240234 s

18:19:19 | INFO: Starting glTF 2.0 export
18:19:19 | INFO: Extracting primitive: Cube.709
18:19:19 | INFO: Primitives created: 1
18:19:19 | INFO: Finished glTF 2.0 export in 0.008633136749267578 s

ACTOR_ASSET bar [(1048, 1), (348, 1)]
18:19:19 | INFO: Starting glTF 2.0 export
18:19:19 | INFO: Extracting primitive: Cube.730
18:19:19 | INFO: Primitives created: 1
18:19:19 | INFO: Finished glTF 2.0 export in 0.01092386245727539 s

18:19:20 | INFO: Starting glTF 2.0 export
18:19:20 | INFO: Extracting primitive: Cube.770
18:19:20 | INFO: Primitives created: 1
18:19:20 | INFO: Finished glTF 2.0 export in 0.009316205978393555 s

ACTOR_ASSET mg42 [(1596, 1), (576, 1)]
18:19:20 | INFO: Starting glTF 2.0 export
18:19:20 | INFO: Extracting primitive: Cube.810
18:19:20 | INFO: Primitives created: 1
18:19:20 | INFO: Finished glTF 2.0 export in 0.010633707046508789 s

18:19:21 | INFO: Starting glTF 2.0 export
18:19:21 | INFO: Extracting primitive: Cube.832
18:19:21 | INFO: Primitives created: 1
18:19:21 | INFO: Finished glTF 2.0 export in 0.008858203887939453 s

ACTOR_ASSET springfield [(1268, 1), (428, 1)]
18:19:21 | INFO: Starting glTF 2.0 export
18:19:21 | INFO: Extracting primitive: Cube.854
18:19:21 | INFO: Primitives created: 1
18:19:21 | INFO: Finished glTF 2.0 export in 0.010521650314331055 s

18:19:21 | INFO: Starting glTF 2.0 export
18:19:21 | INFO: Extracting primitive: Cube.878
18:19:21 | INFO: Primitives created: 1
18:19:21 | INFO: Finished glTF 2.0 export in 0.00899052619934082 s

ACTOR_ASSET kar98k_zf [(1356, 1), (452, 1)]
18:19:21 | INFO: Starting glTF 2.0 export
18:19:21 | INFO: Extracting primitive: Cube.902
18:19:21 | INFO: Primitives created: 1
18:19:21 | INFO: Finished glTF 2.0 export in 0.008024215698242188 s

18:19:22 | INFO: Starting glTF 2.0 export
18:19:22 | INFO: Extracting primitive: Cube.904
18:19:22 | INFO: Primitives created: 1
18:19:22 | INFO: Finished glTF 2.0 export in 0.0075414180755615234 s

ACTOR_ASSET knife [(104, 1), (40, 1)]
18:19:22 | INFO: Starting glTF 2.0 export
18:19:22 | INFO: Extracting primitive: Sphere.204
18:19:22 | INFO: Primitives created: 1
18:19:22 | INFO: Finished glTF 2.0 export in 0.008379936218261719 s

18:19:22 | INFO: Starting glTF 2.0 export
18:19:22 | INFO: Extracting primitive: Sphere.205
18:19:22 | INFO: Primitives created: 1
18:19:22 | INFO: Finished glTF 2.0 export in 0.007818937301635742 s

ACTOR_ASSET grenade [(368, 1), (108, 1)]
18:19:22 | INFO: Starting glTF 2.0 export
18:19:22 | INFO: Extracting primitive: mine
18:19:22 | INFO: Primitives created: 1
18:19:22 | INFO: Finished glTF 2.0 export in 0.007875680923461914 s

18:19:22 | INFO: Starting glTF 2.0 export
18:19:22 | INFO: Extracting primitive: mine.001
18:19:22 | INFO: Primitives created: 1
18:19:22 | INFO: Finished glTF 2.0 export in 0.007743120193481445 s

ACTOR_ASSET mine [(168, 1), (124, 1)]
18:19:22 | INFO: Starting glTF 2.0 export
18:19:22 | INFO: Extracting primitive: Cube.908
18:19:22 | INFO: Primitives created: 1
18:19:22 | INFO: Finished glTF 2.0 export in 0.008285999298095703 s

18:19:22 | INFO: Starting glTF 2.0 export
18:19:22 | INFO: Extracting primitive: Cube.915
18:19:22 | INFO: Primitives created: 1
18:19:22 | INFO: Finished glTF 2.0 export in 0.007887601852416992 s

ACTOR_ASSET decoy [(280, 1), (116, 1)]
18:19:22 | INFO: Starting glTF 2.0 export
18:19:22 | INFO: Extracting primitive: Cube.922
18:19:22 | INFO: Primitives created: 1
18:19:22 | INFO: Finished glTF 2.0 export in 0.008329153060913086 s

18:19:22 | INFO: Starting glTF 2.0 export
18:19:22 | INFO: Extracting primitive: Cube.928
18:19:22 | INFO: Primitives created: 1
18:19:22 | INFO: Finished glTF 2.0 export in 0.00777745246887207 s

ACTOR_ASSET ammo_pack [(264, 1), (72, 1)]
Info: Saved "actors.blend"
ACTOR_KIT_EXPORTED 22
Blender 4.3.2

Blender quit
