Blender 4.3.2
Read blend: "/workspace/ambush-actors-dot/ambush_loop/ArtSource/v2/actors.blend"
Fra:0 Mem:60.60M (Peak 60.61M) | Time:00:00.00 | Mem:0.00M, Peak:0.00M | Scene, ViewLayer | Synchronizing object | decoy_body
Fra:0 Mem:60.63M (Peak 60.63M) | Time:00:00.00 | Mem:0.00M, Peak:0.00M | Scene, ViewLayer | Synchronizing object | grenade_body
Fra:0 Mem:60.66M (Peak 60.66M) | Time:00:00.00 | Mem:0.00M, Peak:0.00M | Scene, ViewLayer | Synchronizing object | knife_body
Fra:0 Mem:60.66M (Peak 60.66M) | Time:00:00.00 | Mem:0.00M, Peak:0.00M | Scene, ViewLayer | Synchronizing object | operator_scout_body
Fra:0 Mem:61.12M (Peak 61.12M) | Time:00:00.00 | Mem:0.00M, Peak:0.00M | Scene, ViewLayer | Synchronizing object | operator_mg_body
Fra:0 Mem:61.60M (Peak 61.60M) | Time:00:00.00 | Mem:0.00M, Peak:0.00M | Scene, ViewLayer | Synchronizing object | operator_rifle_body
Fra:0 Mem:62.06M (Peak 62.06M) | Time:00:00.00 | Mem:0.00M, Peak:0.00M | Scene, ViewLayer | Synchronizing object | Plane
Fra:0 Mem:62.06M (Peak 62.06M) | Time:00:00.00 | Mem:0.00M, Peak:0.00M | Scene, ViewLayer | Initializing
Fra:0 Mem:61.17M (Peak 62.06M) | Time:00:00.00 | Mem:0.00M, Peak:0.00M | Scene, ViewLayer | Updating Images | Loading actor_atlas_orm
Fra:0 Mem:61.17M (Peak 62.06M) | Time:00:00.02 | Mem:0.00M, Peak:0.00M | Scene, ViewLayer | Updating Images | Loading actor_atlas_albedo
Fra:0 Mem:61.17M (Peak 62.06M) | Time:00:00.03 | Mem:0.00M, Peak:0.00M | Scene, ViewLayer | Updating Images | Loading actor_atlas_normal
Fra:0 Mem:71.00M (Peak 81.20M) | Time:00:00.09 | Mem:12.00M, Peak:12.00M | Scene, ViewLayer | Waiting for render to start
Fra:0 Mem:71.00M (Peak 81.20M) | Time:00:00.09 | Mem:12.00M, Peak:12.00M | Scene, ViewLayer | Loading render kernels (may take a few minutes the first time)
Fra:0 Mem:71.00M (Peak 81.20M) | Time:00:00.09 | Mem:12.00M, Peak:12.00M | Scene, ViewLayer | Updating Scene
Fra:0 Mem:71.00M (Peak 81.20M) | Time:00:00.09 | Mem:12.00M, Peak:12.00M | Scene, ViewLayer | Updating Shaders
Fra:0 Mem:71.08M (Peak 81.20M) | Time:00:00.10 | Mem:12.00M, Peak:12.00M | Scene, ViewLayer | Updating Procedurals
Fra:0 Mem:71.08M (Peak 81.20M) | Time:00:00.10 | Mem:12.00M, Peak:12.00M | Scene, ViewLayer | Updating Background
Fra:0 Mem:71.08M (Peak 81.20M) | Time:00:00.10 | Mem:12.00M, Peak:12.00M | Scene, ViewLayer | Updating Camera
Fra:0 Mem:71.08M (Peak 81.20M) | Time:00:00.10 | Mem:12.00M, Peak:12.00M | Scene, ViewLayer | Updating Meshes Flags
Fra:0 Mem:71.08M (Peak 81.20M) | Time:00:00.10 | Mem:12.00M, Peak:12.00M | Scene, ViewLayer | Updating Objects
Fra:0 Mem:71.08M (Peak 81.20M) | Time:00:00.10 | Mem:12.00M, Peak:12.00M | Scene, ViewLayer | Updating Objects | Copying Transformations to device
Fra:0 Mem:71.09M (Peak 81.20M) | Time:00:00.10 | Mem:12.00M, Peak:12.00M | Scene, ViewLayer | Updating Objects | Applying Static Transformations
Fra:0 Mem:71.09M (Peak 81.20M) | Time:00:00.10 | Mem:12.00M, Peak:12.00M | Scene, ViewLayer | Updating Particle Systems
Fra:0 Mem:71.09M (Peak 81.20M) | Time:00:00.10 | Mem:12.00M, Peak:12.00M | Scene, ViewLayer | Updating Particle Systems | Copying Particles to device
Fra:0 Mem:71.09M (Peak 81.20M) | Time:00:00.10 | Mem:12.00M, Peak:12.00M | Scene, ViewLayer | Updating Meshes
Fra:0 Mem:71.37M (Peak 81.20M) | Time:00:00.10 | Mem:12.00M, Peak:12.00M | Scene, ViewLayer | Updating Mesh | Computing attributes
Fra:0 Mem:71.37M (Peak 81.20M) | Time:00:00.10 | Mem:12.00M, Peak:12.00M | Scene, ViewLayer | Updating Mesh | Copying Attributes to device
Fra:0 Mem:71.37M (Peak 81.20M) | Time:00:00.10 | Mem:12.00M, Peak:12.00M | Scene, ViewLayer | Updating Scene BVH | Building
Fra:0 Mem:71.37M (Peak 81.20M) | Time:00:00.10 | Mem:12.00M, Peak:12.00M | Scene, ViewLayer | Updating Scene BVH | Building BVH
Fra:0 Mem:71.37M (Peak 81.20M) | Time:00:00.10 | Mem:12.57M, Peak:12.57M | Scene, ViewLayer | Updating Scene BVH | Building BVH 0%
Fra:0 Mem:71.37M (Peak 81.20M) | Time:00:00.14 | Mem:13.25M, Peak:13.82M | Scene, ViewLayer | Updating Scene BVH | Copying BVH to device
Fra:0 Mem:71.37M (Peak 81.20M) | Time:00:00.14 | Mem:13.25M, Peak:13.82M | Scene, ViewLayer | Updating Mesh | Computing normals
Fra:0 Mem:72.02M (Peak 81.20M) | Time:00:00.14 | Mem:13.25M, Peak:13.82M | Scene, ViewLayer | Updating Mesh | Copying Mesh to device
Fra:0 Mem:72.02M (Peak 81.20M) | Time:00:00.14 | Mem:13.90M, Peak:13.90M | Scene, ViewLayer | Updating Objects Flags
Fra:0 Mem:72.02M (Peak 81.20M) | Time:00:00.14 | Mem:13.90M, Peak:13.90M | Scene, ViewLayer | Updating Primitive Offsets
Fra:0 Mem:72.02M (Peak 81.20M) | Time:00:00.14 | Mem:13.90M, Peak:13.90M | Scene, ViewLayer | Updating Images
Fra:0 Mem:72.02M (Peak 81.20M) | Time:00:00.14 | Mem:13.90M, Peak:13.90M | Scene, ViewLayer | Updating Camera Volume
Fra:0 Mem:72.02M (Peak 81.20M) | Time:00:00.14 | Mem:13.90M, Peak:13.90M | Scene, ViewLayer | Updating Lookup Tables
Fra:0 Mem:72.02M (Peak 81.20M) | Time:00:00.14 | Mem:13.98M, Peak:13.98M | Scene, ViewLayer | Updating Lights
Fra:0 Mem:72.02M (Peak 81.20M) | Time:00:00.14 | Mem:13.98M, Peak:13.98M | Scene, ViewLayer | Updating Lights | Computing tree
Fra:0 Mem:72.02M (Peak 81.20M) | Time:00:00.14 | Mem:13.98M, Peak:13.98M | Scene, ViewLayer | Updating Integrator
Fra:0 Mem:72.02M (Peak 81.20M) | Time:00:00.14 | Mem:13.98M, Peak:13.98M | Scene, ViewLayer | Updating Film
Fra:0 Mem:72.03M (Peak 81.20M) | Time:00:00.14 | Mem:13.90M, Peak:13.98M | Scene, ViewLayer | Updating Lookup Tables
Fra:0 Mem:72.03M (Peak 81.20M) | Time:00:00.14 | Mem:13.99M, Peak:13.99M | Scene, ViewLayer | Updating Baking
Fra:0 Mem:72.03M (Peak 81.20M) | Time:00:00.14 | Mem:13.99M, Peak:13.99M | Scene, ViewLayer | Updating Device | Writing constant memory
Fra:0 Mem:72.03M (Peak 81.20M) | Time:00:00.14 | Mem:13.99M, Peak:13.99M | Scene, ViewLayer | Sample 0/8
Fra:0 Mem:103.69M (Peak 103.69M) | Time:00:01.09 | Remaining:00:06.66 | Mem:45.64M, Peak:45.64M | Scene, ViewLayer | Sample 1/8
Fra:0 Mem:117.76M (Peak 145.88M) | Time:00:06.54 | Mem:45.64M, Peak:45.64M | Scene, ViewLayer | Sample 8/8
Fra:0 Mem:117.76M (Peak 145.88M) | Time:00:06.54 | Mem:45.64M, Peak:45.64M | Scene, ViewLayer | Finished
Saved: '/workspace/deliverables/actor-repair-20261002-r5/publish-source/utility_source_clay_front.png'
Time: 00:06.69 (Saving: 00:00.14)

Fra:0 Mem:60.95M (Peak 60.95M) | Time:00:00.00 | Mem:0.00M, Peak:0.00M | Scene, ViewLayer | Synchronizing object | Plane
Fra:0 Mem:60.95M (Peak 60.95M) | Time:00:00.00 | Mem:0.00M, Peak:0.00M | Scene, ViewLayer | Synchronizing object | decoy_body
Fra:0 Mem:60.96M (Peak 60.96M) | Time:00:00.00 | Mem:0.00M, Peak:0.00M | Scene, ViewLayer | Synchronizing object | operator_scout_body
Fra:0 Mem:61.03M (Peak 61.03M) | Time:00:00.00 | Mem:0.00M, Peak:0.00M | Scene, ViewLayer | Synchronizing object | grenade_body
Fra:0 Mem:61.04M (Peak 61.04M) | Time:00:00.00 | Mem:0.00M, Peak:0.00M | Scene, ViewLayer | Synchronizing object | knife_body
Fra:0 Mem:62.06M (Peak 62.06M) | Time:00:00.00 | Mem:0.00M, Peak:0.00M | Scene, ViewLayer | Initializing
Fra:0 Mem:61.17M (Peak 62.06M) | Time:00:00.00 | Mem:0.00M, Peak:0.00M | Scene, ViewLayer | Updating Images | Loading actor_atlas_orm
Fra:0 Mem:61.17M (Peak 62.06M) | Time:00:00.00 | Mem:0.00M, Peak:0.00M | Scene, ViewLayer | Updating Images | Loading actor_atlas_normal
Fra:0 Mem:71.00M (Peak 81.20M) | Time:00:00.05 | Mem:12.00M, Peak:12.00M | Scene, ViewLayer | Waiting for render to start
Fra:0 Mem:71.00M (Peak 81.20M) | Time:00:00.05 | Mem:12.00M, Peak:12.00M | Scene, ViewLayer | Loading render kernels (may take a few minutes the first time)
Fra:0 Mem:71.00M (Peak 81.20M) | Time:00:00.05 | Mem:12.00M, Peak:12.00M | Scene, ViewLayer | Updating Scene
Fra:0 Mem:71.00M (Peak 81.20M) | Time:00:00.05 | Mem:12.00M, Peak:12.00M | Scene, ViewLayer | Updating Shaders
Fra:0 Mem:71.08M (Peak 81.20M) | Time:00:00.05 | Mem:12.00M, Peak:12.00M | Scene, ViewLayer | Updating Procedurals
Fra:0 Mem:71.08M (Peak 81.20M) | Time:00:00.05 | Mem:12.00M, Peak:12.00M | Scene, ViewLayer | Updating Background
Fra:0 Mem:71.08M (Peak 81.20M) | Time:00:00.05 | Mem:12.00M, Peak:12.00M | Scene, ViewLayer | Updating Camera
Fra:0 Mem:71.08M (Peak 81.20M) | Time:00:00.05 | Mem:12.00M, Peak:12.00M | Scene, ViewLayer | Updating Meshes Flags
Fra:0 Mem:71.08M (Peak 81.20M) | Time:00:00.05 | Mem:12.00M, Peak:12.00M | Scene, ViewLayer | Updating Objects
Fra:0 Mem:71.08M (Peak 81.20M) | Time:00:00.05 | Mem:12.00M, Peak:12.00M | Scene, ViewLayer | Updating Objects | Copying Transformations to device
Fra:0 Mem:71.09M (Peak 81.20M) | Time:00:00.05 | Mem:12.00M, Peak:12.00M | Scene, ViewLayer | Updating Objects | Applying Static Transformations
Fra:0 Mem:71.09M (Peak 81.20M) | Time:00:00.05 | Mem:12.00M, Peak:12.00M | Scene, ViewLayer | Updating Particle Systems
Fra:0 Mem:71.09M (Peak 81.20M) | Time:00:00.05 | Mem:12.00M, Peak:12.00M | Scene, ViewLayer | Updating Particle Systems | Copying Particles to device
Fra:0 Mem:71.09M (Peak 81.20M) | Time:00:00.05 | Mem:12.00M, Peak:12.00M | Scene, ViewLayer | Updating Meshes
Fra:0 Mem:71.37M (Peak 81.20M) | Time:00:00.05 | Mem:12.00M, Peak:12.00M | Scene, ViewLayer | Updating Mesh | Computing attributes
Fra:0 Mem:71.37M (Peak 81.20M) | Time:00:00.05 | Mem:12.00M, Peak:12.00M | Scene, ViewLayer | Updating Mesh | Copying Attributes to device
Fra:0 Mem:71.37M (Peak 81.20M) | Time:00:00.05 | Mem:12.00M, Peak:12.00M | Scene, ViewLayer | Updating Scene BVH | Building
Fra:0 Mem:71.37M (Peak 81.20M) | Time:00:00.05 | Mem:12.00M, Peak:12.00M | Scene, ViewLayer | Updating Scene BVH | Building BVH
Fra:0 Mem:71.37M (Peak 81.20M) | Time:00:00.05 | Mem:12.57M, Peak:12.57M | Scene, ViewLayer | Updating Scene BVH | Building BVH 0%
Fra:0 Mem:71.37M (Peak 81.20M) | Time:00:00.06 | Mem:13.19M, Peak:13.76M | Scene, ViewLayer | Updating Scene BVH | Copying BVH to device
Fra:0 Mem:71.37M (Peak 81.20M) | Time:00:00.06 | Mem:13.19M, Peak:13.76M | Scene, ViewLayer | Updating Mesh | Computing normals
Fra:0 Mem:72.02M (Peak 81.20M) | Time:00:00.06 | Mem:13.19M, Peak:13.76M | Scene, ViewLayer | Updating Mesh | Copying Mesh to device
Fra:0 Mem:72.02M (Peak 81.20M) | Time:00:00.06 | Mem:13.84M, Peak:13.84M | Scene, ViewLayer | Updating Objects Flags
Fra:0 Mem:72.02M (Peak 81.20M) | Time:00:00.06 | Mem:13.84M, Peak:13.84M | Scene, ViewLayer | Updating Primitive Offsets
Fra:0 Mem:72.02M (Peak 81.20M) | Time:00:00.06 | Mem:13.84M, Peak:13.84M | Scene, ViewLayer | Updating Images
Fra:0 Mem:72.02M (Peak 81.20M) | Time:00:00.06 | Mem:13.84M, Peak:13.84M | Scene, ViewLayer | Updating Camera Volume
Fra:0 Mem:72.02M (Peak 81.20M) | Time:00:00.06 | Mem:13.84M, Peak:13.84M | Scene, ViewLayer | Updating Lookup Tables
Fra:0 Mem:72.02M (Peak 81.20M) | Time:00:00.06 | Mem:13.92M, Peak:13.92M | Scene, ViewLayer | Updating Lights
Fra:0 Mem:72.02M (Peak 81.20M) | Time:00:00.06 | Mem:13.92M, Peak:13.92M | Scene, ViewLayer | Updating Lights | Computing tree
Fra:0 Mem:72.02M (Peak 81.20M) | Time:00:00.06 | Mem:13.92M, Peak:13.92M | Scene, ViewLayer | Updating Integrator
Fra:0 Mem:72.02M (Peak 81.20M) | Time:00:00.06 | Mem:13.92M, Peak:13.92M | Scene, ViewLayer | Updating Film
Fra:0 Mem:72.03M (Peak 81.20M) | Time:00:00.06 | Mem:13.84M, Peak:13.92M | Scene, ViewLayer | Updating Lookup Tables
Fra:0 Mem:72.03M (Peak 81.20M) | Time:00:00.06 | Mem:13.93M, Peak:13.93M | Scene, ViewLayer | Updating Baking
Fra:0 Mem:72.03M (Peak 81.20M) | Time:00:00.06 | Mem:13.93M, Peak:13.93M | Scene, ViewLayer | Updating Device | Writing constant memory
Fra:0 Mem:72.03M (Peak 81.20M) | Time:00:00.06 | Mem:13.93M, Peak:13.93M | Scene, ViewLayer | Sample 0/8
Fra:0 Mem:103.69M (Peak 103.69M) | Time:00:00.84 | Remaining:00:05.47 | Mem:45.58M, Peak:45.58M | Scene, ViewLayer | Sample 1/8
Fra:0 Mem:117.76M (Peak 145.88M) | Time:00:05.45 | Mem:45.58M, Peak:45.58M | Scene, ViewLayer | Sample 8/8
Fra:0 Mem:117.76M (Peak 145.88M) | Time:00:05.45 | Mem:45.58M, Peak:45.58M | Scene, ViewLayer | Finished
Saved: '/workspace/deliverables/actor-repair-20261002-r5/publish-source/utility_source_clay_side.png'
Time: 00:05.57 (Saving: 00:00.12)

Fra:0 Mem:60.95M (Peak 60.95M) | Time:00:00.00 | Mem:0.00M, Peak:0.00M | Scene, ViewLayer | Synchronizing object | Plane
Fra:0 Mem:60.95M (Peak 60.95M) | Time:00:00.00 | Mem:0.00M, Peak:0.00M | Scene, ViewLayer | Synchronizing object | operator_rifle_body
Fra:0 Mem:60.95M (Peak 60.95M) | Time:00:00.00 | Mem:0.00M, Peak:0.00M | Scene, ViewLayer | Synchronizing object | decoy_body
Fra:0 Mem:61.14M (Peak 61.14M) | Time:00:00.00 | Mem:0.00M, Peak:0.00M | Scene, ViewLayer | Synchronizing object | grenade_body
Fra:0 Mem:61.63M (Peak 61.63M) | Time:00:00.00 | Mem:0.00M, Peak:0.00M | Scene, ViewLayer | Synchronizing object | knife_body
Fra:0 Mem:61.64M (Peak 61.64M) | Time:00:00.00 | Mem:0.00M, Peak:0.00M | Scene, ViewLayer | Synchronizing object | operator_scout_body
Fra:0 Mem:62.06M (Peak 62.06M) | Time:00:00.00 | Mem:0.00M, Peak:0.00M | Scene, ViewLayer | Initializing
Fra:0 Mem:61.17M (Peak 62.06M) | Time:00:00.00 | Mem:0.00M, Peak:0.00M | Scene, ViewLayer | Updating Images | Loading actor_atlas_orm
Fra:0 Mem:61.17M (Peak 62.06M) | Time:00:00.00 | Mem:0.00M, Peak:0.00M | Scene, ViewLayer | Updating Images | Loading actor_atlas_normal
Fra:0 Mem:71.00M (Peak 81.20M) | Time:00:00.04 | Mem:12.00M, Peak:12.00M | Scene, ViewLayer | Waiting for render to start
Fra:0 Mem:71.00M (Peak 81.20M) | Time:00:00.04 | Mem:12.00M, Peak:12.00M | Scene, ViewLayer | Loading render kernels (may take a few minutes the first time)
Fra:0 Mem:71.00M (Peak 81.20M) | Time:00:00.04 | Mem:12.00M, Peak:12.00M | Scene, ViewLayer | Updating Scene
Fra:0 Mem:71.00M (Peak 81.20M) | Time:00:00.04 | Mem:12.00M, Peak:12.00M | Scene, ViewLayer | Updating Shaders
Fra:0 Mem:71.08M (Peak 81.20M) | Time:00:00.04 | Mem:12.00M, Peak:12.00M | Scene, ViewLayer | Updating Procedurals
Fra:0 Mem:71.08M (Peak 81.20M) | Time:00:00.04 | Mem:12.00M, Peak:12.00M | Scene, ViewLayer | Updating Background
Fra:0 Mem:71.08M (Peak 81.20M) | Time:00:00.04 | Mem:12.00M, Peak:12.00M | Scene, ViewLayer | Updating Camera
Fra:0 Mem:71.08M (Peak 81.20M) | Time:00:00.04 | Mem:12.00M, Peak:12.00M | Scene, ViewLayer | Updating Meshes Flags
Fra:0 Mem:71.08M (Peak 81.20M) | Time:00:00.04 | Mem:12.00M, Peak:12.00M | Scene, ViewLayer | Updating Objects
Fra:0 Mem:71.08M (Peak 81.20M) | Time:00:00.04 | Mem:12.00M, Peak:12.00M | Scene, ViewLayer | Updating Objects | Copying Transformations to device
Fra:0 Mem:71.09M (Peak 81.20M) | Time:00:00.04 | Mem:12.00M, Peak:12.00M | Scene, ViewLayer | Updating Objects | Applying Static Transformations
Fra:0 Mem:71.09M (Peak 81.20M) | Time:00:00.04 | Mem:12.00M, Peak:12.00M | Scene, ViewLayer | Updating Particle Systems
Fra:0 Mem:71.09M (Peak 81.20M) | Time:00:00.04 | Mem:12.00M, Peak:12.00M | Scene, ViewLayer | Updating Particle Systems | Copying Particles to device
Fra:0 Mem:71.09M (Peak 81.20M) | Time:00:00.04 | Mem:12.00M, Peak:12.00M | Scene, ViewLayer | Updating Meshes
Fra:0 Mem:71.37M (Peak 81.20M) | Time:00:00.04 | Mem:12.00M, Peak:12.00M | Scene, ViewLayer | Updating Mesh | Computing attributes
Fra:0 Mem:71.37M (Peak 81.20M) | Time:00:00.04 | Mem:12.00M, Peak:12.00M | Scene, ViewLayer | Updating Mesh | Copying Attributes to device
Fra:0 Mem:71.37M (Peak 81.20M) | Time:00:00.04 | Mem:12.00M, Peak:12.00M | Scene, ViewLayer | Updating Scene BVH | Building
Fra:0 Mem:71.37M (Peak 81.20M) | Time:00:00.04 | Mem:12.00M, Peak:12.00M | Scene, ViewLayer | Updating Scene BVH | Building BVH
Fra:0 Mem:71.37M (Peak 81.20M) | Time:00:00.04 | Mem:12.57M, Peak:12.57M | Scene, ViewLayer | Updating Scene BVH | Building BVH 0%
Fra:0 Mem:71.37M (Peak 81.20M) | Time:00:00.04 | Mem:13.19M, Peak:13.76M | Scene, ViewLayer | Updating Scene BVH | Copying BVH to device
Fra:0 Mem:71.37M (Peak 81.20M) | Time:00:00.04 | Mem:13.19M, Peak:13.76M | Scene, ViewLayer | Updating Mesh | Computing normals
Fra:0 Mem:72.02M (Peak 81.20M) | Time:00:00.04 | Mem:13.19M, Peak:13.76M | Scene, ViewLayer | Updating Mesh | Copying Mesh to device
Fra:0 Mem:72.02M (Peak 81.20M) | Time:00:00.04 | Mem:13.84M, Peak:13.84M | Scene, ViewLayer | Updating Objects Flags
Fra:0 Mem:72.02M (Peak 81.20M) | Time:00:00.04 | Mem:13.84M, Peak:13.84M | Scene, ViewLayer | Updating Primitive Offsets
Fra:0 Mem:72.02M (Peak 81.20M) | Time:00:00.04 | Mem:13.84M, Peak:13.84M | Scene, ViewLayer | Updating Images
Fra:0 Mem:72.02M (Peak 81.20M) | Time:00:00.04 | Mem:13.84M, Peak:13.84M | Scene, ViewLayer | Updating Camera Volume
Fra:0 Mem:72.02M (Peak 81.20M) | Time:00:00.04 | Mem:13.84M, Peak:13.84M | Scene, ViewLayer | Updating Lookup Tables
Fra:0 Mem:72.02M (Peak 81.20M) | Time:00:00.04 | Mem:13.92M, Peak:13.92M | Scene, ViewLayer | Updating Lights
Fra:0 Mem:72.02M (Peak 81.20M) | Time:00:00.04 | Mem:13.92M, Peak:13.92M | Scene, ViewLayer | Updating Lights | Computing tree
Fra:0 Mem:72.02M (Peak 81.20M) | Time:00:00.04 | Mem:13.92M, Peak:13.92M | Scene, ViewLayer | Updating Integrator
Fra:0 Mem:72.02M (Peak 81.20M) | Time:00:00.04 | Mem:13.92M, Peak:13.92M | Scene, ViewLayer | Updating Film
Fra:0 Mem:72.03M (Peak 81.20M) | Time:00:00.04 | Mem:13.84M, Peak:13.92M | Scene, ViewLayer | Updating Lookup Tables
Fra:0 Mem:72.03M (Peak 81.20M) | Time:00:00.04 | Mem:13.93M, Peak:13.93M | Scene, ViewLayer | Updating Baking
Fra:0 Mem:72.03M (Peak 81.20M) | Time:00:00.04 | Mem:13.93M, Peak:13.93M | Scene, ViewLayer | Updating Device | Writing constant memory
Fra:0 Mem:72.03M (Peak 81.20M) | Time:00:00.04 | Mem:13.93M, Peak:13.93M | Scene, ViewLayer | Sample 0/8
Fra:0 Mem:103.69M (Peak 103.69M) | Time:00:00.65 | Remaining:00:04.25 | Mem:45.58M, Peak:45.58M | Scene, ViewLayer | Sample 1/8
Fra:0 Mem:117.76M (Peak 145.88M) | Time:00:04.78 | Mem:45.58M, Peak:45.58M | Scene, ViewLayer | Sample 8/8
Fra:0 Mem:117.76M (Peak 145.88M) | Time:00:04.78 | Mem:45.58M, Peak:45.58M | Scene, ViewLayer | Finished
Saved: '/workspace/deliverables/actor-repair-20261002-r5/publish-source/utility_source_clay_rear.png'
Time: 00:04.92 (Saving: 00:00.13)

Fra:0 Mem:60.94M (Peak 60.94M) | Time:00:00.00 | Mem:0.00M, Peak:0.00M | Scene, ViewLayer | Synchronizing object | Plane
Fra:0 Mem:60.94M (Peak 60.94M) | Time:00:00.00 | Mem:0.00M, Peak:0.00M | Scene, ViewLayer | Synchronizing object | decoy_body
Fra:0 Mem:60.95M (Peak 60.95M) | Time:00:00.00 | Mem:0.00M, Peak:0.00M | Scene, ViewLayer | Synchronizing object | operator_rifle_body
Fra:0 Mem:61.33M (Peak 61.33M) | Time:00:00.00 | Mem:0.00M, Peak:0.00M | Scene, ViewLayer | Synchronizing object | grenade_body
Fra:0 Mem:61.38M (Peak 61.38M) | Time:00:00.00 | Mem:0.00M, Peak:0.00M | Scene, ViewLayer | Synchronizing object | knife_body
Fra:0 Mem:61.44M (Peak 61.44M) | Time:00:00.00 | Mem:0.00M, Peak:0.00M | Scene, ViewLayer | Synchronizing object | operator_scout_body
Fra:0 Mem:62.26M (Peak 62.26M) | Time:00:00.00 | Mem:0.00M, Peak:0.00M | Scene, ViewLayer | Synchronizing object | operator_mg_body
Fra:0 Mem:63.69M (Peak 63.83M) | Time:00:00.01 | Mem:0.00M, Peak:0.00M | Scene, ViewLayer | Initializing
Fra:0 Mem:62.80M (Peak 63.83M) | Time:00:00.01 | Mem:0.00M, Peak:0.00M | Scene, ViewLayer | Updating Images | Loading actor_atlas_orm
Fra:0 Mem:62.80M (Peak 63.83M) | Time:00:00.01 | Mem:0.00M, Peak:0.00M | Scene, ViewLayer | Updating Images | Loading actor_atlas_albedo
Fra:0 Mem:70.80M (Peak 70.80M) | Time:00:00.01 | Mem:0.00M, Peak:0.00M | Scene, ViewLayer | Updating Images | Loading actor_atlas_normal
Fra:0 Mem:72.63M (Peak 82.82M) | Time:00:00.06 | Mem:12.00M, Peak:12.00M | Scene, ViewLayer | Waiting for render to start
Fra:0 Mem:72.63M (Peak 82.82M) | Time:00:00.06 | Mem:12.00M, Peak:12.00M | Scene, ViewLayer | Loading render kernels (may take a few minutes the first time)
Fra:0 Mem:72.63M (Peak 82.82M) | Time:00:00.06 | Mem:12.00M, Peak:12.00M | Scene, ViewLayer | Updating Scene
Fra:0 Mem:72.63M (Peak 82.82M) | Time:00:00.06 | Mem:12.00M, Peak:12.00M | Scene, ViewLayer | Updating Shaders
Fra:0 Mem:72.72M (Peak 82.82M) | Time:00:00.06 | Mem:12.00M, Peak:12.00M | Scene, ViewLayer | Updating Procedurals
Fra:0 Mem:72.72M (Peak 82.82M) | Time:00:00.06 | Mem:12.00M, Peak:12.00M | Scene, ViewLayer | Updating Background
Fra:0 Mem:72.72M (Peak 82.82M) | Time:00:00.06 | Mem:12.00M, Peak:12.00M | Scene, ViewLayer | Updating Camera
Fra:0 Mem:72.72M (Peak 82.82M) | Time:00:00.06 | Mem:12.00M, Peak:12.00M | Scene, ViewLayer | Updating Meshes Flags
Fra:0 Mem:72.72M (Peak 82.82M) | Time:00:00.06 | Mem:12.00M, Peak:12.00M | Scene, ViewLayer | Updating Objects
Fra:0 Mem:72.72M (Peak 82.82M) | Time:00:00.06 | Mem:12.00M, Peak:12.00M | Scene, ViewLayer | Updating Objects | Copying Transformations to device
Fra:0 Mem:72.72M (Peak 82.82M) | Time:00:00.06 | Mem:12.00M, Peak:12.00M | Scene, ViewLayer | Updating Objects | Applying Static Transformations
Fra:0 Mem:72.72M (Peak 82.82M) | Time:00:00.06 | Mem:12.00M, Peak:12.00M | Scene, ViewLayer | Updating Particle Systems
Fra:0 Mem:72.72M (Peak 82.82M) | Time:00:00.06 | Mem:12.00M, Peak:12.00M | Scene, ViewLayer | Updating Particle Systems | Copying Particles to device
Fra:0 Mem:72.72M (Peak 82.82M) | Time:00:00.06 | Mem:12.00M, Peak:12.00M | Scene, ViewLayer | Updating Meshes
Fra:0 Mem:73.00M (Peak 82.82M) | Time:00:00.06 | Mem:12.00M, Peak:12.00M | Scene, ViewLayer | Updating Mesh | Computing attributes
Fra:0 Mem:74.39M (Peak 82.82M) | Time:00:00.06 | Mem:12.00M, Peak:12.00M | Scene, ViewLayer | Updating Mesh | Copying Attributes to device
Fra:0 Mem:74.39M (Peak 82.82M) | Time:00:00.06 | Mem:13.39M, Peak:13.39M | Scene, ViewLayer | Updating Scene BVH | Building
Fra:0 Mem:74.39M (Peak 82.82M) | Time:00:00.06 | Mem:13.39M, Peak:13.39M | Scene, ViewLayer | Updating Scene BVH | Building BVH
Fra:0 Mem:74.39M (Peak 82.82M) | Time:00:00.06 | Mem:13.96M, Peak:13.96M | Scene, ViewLayer | Updating Scene BVH | Building BVH 0%
Fra:0 Mem:74.39M (Peak 82.82M) | Time:00:00.07 | Mem:14.58M, Peak:15.14M | Scene, ViewLayer | Updating Scene BVH | Copying BVH to device
Fra:0 Mem:74.39M (Peak 82.82M) | Time:00:00.07 | Mem:14.58M, Peak:15.14M | Scene, ViewLayer | Updating Mesh | Computing normals
Fra:0 Mem:75.04M (Peak 82.82M) | Time:00:00.07 | Mem:14.58M, Peak:15.14M | Scene, ViewLayer | Updating Mesh | Copying Mesh to device
Fra:0 Mem:75.04M (Peak 82.82M) | Time:00:00.07 | Mem:15.23M, Peak:15.23M | Scene, ViewLayer | Updating Objects Flags
Fra:0 Mem:75.04M (Peak 82.82M) | Time:00:00.07 | Mem:15.23M, Peak:15.23M | Scene, ViewLayer | Updating Primitive Offsets
Fra:0 Mem:75.04M (Peak 82.82M) | Time:00:00.07 | Mem:15.23M, Peak:15.23M | Scene, ViewLayer | Updating Images
Fra:0 Mem:75.04M (Peak 82.82M) | Time:00:00.07 | Mem:15.23M, Peak:15.23M | Scene, ViewLayer | Updating Camera Volume
Fra:0 Mem:75.04M (Peak 82.82M) | Time:00:00.07 | Mem:15.23M, Peak:15.23M | Scene, ViewLayer | Updating Lookup Tables
Fra:0 Mem:75.04M (Peak 82.82M) | Time:00:00.07 | Mem:15.31M, Peak:15.31M | Scene, ViewLayer | Updating Lights
Fra:0 Mem:75.04M (Peak 82.82M) | Time:00:00.07 | Mem:15.31M, Peak:15.31M | Scene, ViewLayer | Updating Lights | Computing tree
Fra:0 Mem:75.04M (Peak 82.82M) | Time:00:00.07 | Mem:15.31M, Peak:15.31M | Scene, ViewLayer | Updating Integrator
Fra:0 Mem:75.04M (Peak 82.82M) | Time:00:00.07 | Mem:15.31M, Peak:15.31M | Scene, ViewLayer | Updating Film
Fra:0 Mem:75.05M (Peak 82.82M) | Time:00:00.07 | Mem:15.23M, Peak:15.31M | Scene, ViewLayer | Updating Lookup Tables
Fra:0 Mem:75.05M (Peak 82.82M) | Time:00:00.07 | Mem:15.32M, Peak:15.32M | Scene, ViewLayer | Updating Baking
Fra:0 Mem:75.05M (Peak 82.82M) | Time:00:00.07 | Mem:15.32M, Peak:15.32M | Scene, ViewLayer | Updating Device | Writing constant memory
Fra:0 Mem:75.05M (Peak 82.82M) | Time:00:00.07 | Mem:15.32M, Peak:15.32M | Scene, ViewLayer | Sample 0/8
Fra:0 Mem:106.71M (Peak 106.71M) | Time:00:00.87 | Remaining:00:05.58 | Mem:46.97M, Peak:46.97M | Scene, ViewLayer | Sample 1/8
Fra:0 Mem:120.78M (Peak 148.90M) | Time:00:06.08 | Mem:46.97M, Peak:46.97M | Scene, ViewLayer | Sample 8/8
Fra:0 Mem:120.78M (Peak 148.90M) | Time:00:06.08 | Mem:46.97M, Peak:46.97M | Scene, ViewLayer | Finished
Saved: '/workspace/deliverables/actor-repair-20261002-r5/publish-source/utility_source_material_front.png'
Time: 00:06.25 (Saving: 00:00.16)

Fra:0 Mem:60.94M (Peak 60.94M) | Time:00:00.00 | Mem:0.00M, Peak:0.00M | Scene, ViewLayer | Synchronizing object | Plane
Fra:0 Mem:60.94M (Peak 60.94M) | Time:00:00.00 | Mem:0.00M, Peak:0.00M | Scene, ViewLayer | Synchronizing object | operator_rifle_body
Fra:0 Mem:60.94M (Peak 60.94M) | Time:00:00.00 | Mem:0.00M, Peak:0.00M | Scene, ViewLayer | Synchronizing object | operator_mg_body
Fra:0 Mem:61.33M (Peak 61.33M) | Time:00:00.00 | Mem:0.00M, Peak:0.00M | Scene, ViewLayer | Synchronizing object | grenade_body
Fra:0 Mem:61.42M (Peak 61.42M) | Time:00:00.00 | Mem:0.00M, Peak:0.00M | Scene, ViewLayer | Synchronizing object | knife_body
Fra:0 Mem:61.57M (Peak 61.57M) | Time:00:00.00 | Mem:0.00M, Peak:0.00M | Scene, ViewLayer | Synchronizing object | operator_scout_body
Fra:0 Mem:63.69M (Peak 63.69M) | Time:00:00.01 | Mem:0.00M, Peak:0.00M | Scene, ViewLayer | Initializing
Fra:0 Mem:62.80M (Peak 63.69M) | Time:00:00.02 | Mem:0.00M, Peak:0.00M | Scene, ViewLayer | Updating Images | Loading actor_atlas_orm
Fra:0 Mem:62.80M (Peak 63.69M) | Time:00:00.02 | Mem:0.00M, Peak:0.00M | Scene, ViewLayer | Updating Images | Loading actor_atlas_albedo
Fra:0 Mem:62.80M (Peak 63.69M) | Time:00:00.02 | Mem:0.00M, Peak:0.00M | Scene, ViewLayer | Updating Images | Loading actor_atlas_normal
Fra:0 Mem:72.63M (Peak 82.82M) | Time:00:00.07 | Mem:12.00M, Peak:12.00M | Scene, ViewLayer | Waiting for render to start
Fra:0 Mem:72.63M (Peak 82.82M) | Time:00:00.07 | Mem:12.00M, Peak:12.00M | Scene, ViewLayer | Loading render kernels (may take a few minutes the first time)
Fra:0 Mem:72.63M (Peak 82.82M) | Time:00:00.07 | Mem:12.00M, Peak:12.00M | Scene, ViewLayer | Updating Scene
Fra:0 Mem:72.63M (Peak 82.82M) | Time:00:00.07 | Mem:12.00M, Peak:12.00M | Scene, ViewLayer | Updating Shaders
Fra:0 Mem:72.72M (Peak 82.82M) | Time:00:00.07 | Mem:12.00M, Peak:12.00M | Scene, ViewLayer | Updating Procedurals
Fra:0 Mem:72.72M (Peak 82.82M) | Time:00:00.07 | Mem:12.00M, Peak:12.00M | Scene, ViewLayer | Updating Background
Fra:0 Mem:72.72M (Peak 82.82M) | Time:00:00.07 | Mem:12.00M, Peak:12.00M | Scene, ViewLayer | Updating Camera
Fra:0 Mem:72.72M (Peak 82.82M) | Time:00:00.07 | Mem:12.00M, Peak:12.00M | Scene, ViewLayer | Updating Meshes Flags
Fra:0 Mem:72.72M (Peak 82.82M) | Time:00:00.07 | Mem:12.00M, Peak:12.00M | Scene, ViewLayer | Updating Objects
Fra:0 Mem:72.72M (Peak 82.82M) | Time:00:00.07 | Mem:12.00M, Peak:12.00M | Scene, ViewLayer | Updating Objects | Copying Transformations to device
Fra:0 Mem:72.72M (Peak 82.82M) | Time:00:00.07 | Mem:12.00M, Peak:12.00M | Scene, ViewLayer | Updating Objects | Applying Static Transformations
Fra:0 Mem:72.72M (Peak 82.82M) | Time:00:00.07 | Mem:12.00M, Peak:12.00M | Scene, ViewLayer | Updating Particle Systems
Fra:0 Mem:72.72M (Peak 82.82M) | Time:00:00.07 | Mem:12.00M, Peak:12.00M | Scene, ViewLayer | Updating Particle Systems | Copying Particles to device
Fra:0 Mem:72.72M (Peak 82.82M) | Time:00:00.07 | Mem:12.00M, Peak:12.00M | Scene, ViewLayer | Updating Meshes
Fra:0 Mem:73.00M (Peak 82.82M) | Time:00:00.07 | Mem:12.00M, Peak:12.00M | Scene, ViewLayer | Updating Mesh | Computing attributes
Fra:0 Mem:74.39M (Peak 82.82M) | Time:00:00.07 | Mem:12.00M, Peak:12.00M | Scene, ViewLayer | Updating Mesh | Copying Attributes to device
Fra:0 Mem:74.39M (Peak 82.82M) | Time:00:00.07 | Mem:13.39M, Peak:13.39M | Scene, ViewLayer | Updating Scene BVH | Building
Fra:0 Mem:74.39M (Peak 82.82M) | Time:00:00.07 | Mem:13.39M, Peak:13.39M | Scene, ViewLayer | Updating Scene BVH | Building BVH
Fra:0 Mem:74.39M (Peak 82.82M) | Time:00:00.07 | Mem:13.96M, Peak:13.96M | Scene, ViewLayer | Updating Scene BVH | Building BVH 0%
Fra:0 Mem:74.39M (Peak 82.82M) | Time:00:00.08 | Mem:14.64M, Peak:15.20M | Scene, ViewLayer | Updating Scene BVH | Copying BVH to device
Fra:0 Mem:74.39M (Peak 82.82M) | Time:00:00.08 | Mem:14.64M, Peak:15.20M | Scene, ViewLayer | Updating Mesh | Computing normals
Fra:0 Mem:75.04M (Peak 82.82M) | Time:00:00.08 | Mem:14.64M, Peak:15.20M | Scene, ViewLayer | Updating Mesh | Copying Mesh to device
Fra:0 Mem:75.04M (Peak 82.82M) | Time:00:00.08 | Mem:15.29M, Peak:15.29M | Scene, ViewLayer | Updating Objects Flags
Fra:0 Mem:75.04M (Peak 82.82M) | Time:00:00.08 | Mem:15.29M, Peak:15.29M | Scene, ViewLayer | Updating Primitive Offsets
Fra:0 Mem:75.04M (Peak 82.82M) | Time:00:00.08 | Mem:15.29M, Peak:15.29M | Scene, ViewLayer | Updating Images
Fra:0 Mem:75.04M (Peak 82.82M) | Time:00:00.08 | Mem:15.29M, Peak:15.29M | Scene, ViewLayer | Updating Camera Volume
Fra:0 Mem:75.04M (Peak 82.82M) | Time:00:00.08 | Mem:15.29M, Peak:15.29M | Scene, ViewLayer | Updating Lookup Tables
Fra:0 Mem:75.04M (Peak 82.82M) | Time:00:00.08 | Mem:15.37M, Peak:15.37M | Scene, ViewLayer | Updating Lights
Fra:0 Mem:75.04M (Peak 82.82M) | Time:00:00.08 | Mem:15.37M, Peak:15.37M | Scene, ViewLayer | Updating Lights | Computing tree
Fra:0 Mem:75.04M (Peak 82.82M) | Time:00:00.08 | Mem:15.37M, Peak:15.37M | Scene, ViewLayer | Updating Integrator
Fra:0 Mem:75.04M (Peak 82.82M) | Time:00:00.08 | Mem:15.37M, Peak:15.37M | Scene, ViewLayer | Updating Film
Fra:0 Mem:75.05M (Peak 82.82M) | Time:00:00.08 | Mem:15.29M, Peak:15.37M | Scene, ViewLayer | Updating Lookup Tables
Fra:0 Mem:75.05M (Peak 82.82M) | Time:00:00.08 | Mem:15.37M, Peak:15.37M | Scene, ViewLayer | Updating Baking
Fra:0 Mem:75.05M (Peak 82.82M) | Time:00:00.08 | Mem:15.37M, Peak:15.37M | Scene, ViewLayer | Updating Device | Writing constant memory
Fra:0 Mem:75.05M (Peak 82.82M) | Time:00:00.08 | Mem:15.37M, Peak:15.37M | Scene, ViewLayer | Sample 0/8
Fra:0 Mem:106.71M (Peak 106.71M) | Time:00:01.05 | Remaining:00:06.80 | Mem:47.03M, Peak:47.03M | Scene, ViewLayer | Sample 1/8
Fra:0 Mem:120.78M (Peak 148.90M) | Time:00:06.67 | Mem:47.03M, Peak:47.03M | Scene, ViewLayer | Sample 8/8
Fra:0 Mem:120.78M (Peak 148.90M) | Time:00:06.67 | Mem:47.03M, Peak:47.03M | Scene, ViewLayer | Finished
Saved: '/workspace/deliverables/actor-repair-20261002-r5/publish-source/utility_source_material_side.png'
Time: 00:06.80 (Saving: 00:00.12)

Fra:0 Mem:60.94M (Peak 60.94M) | Time:00:00.00 | Mem:0.00M, Peak:0.00M | Scene, ViewLayer | Synchronizing object | decoy_body
Fra:0 Mem:60.97M (Peak 60.97M) | Time:00:00.00 | Mem:0.00M, Peak:0.00M | Scene, ViewLayer | Synchronizing object | grenade_body
Fra:0 Mem:61.02M (Peak 61.02M) | Time:00:00.00 | Mem:0.00M, Peak:0.00M | Scene, ViewLayer | Synchronizing object | knife_body
Fra:0 Mem:61.03M (Peak 61.03M) | Time:00:00.00 | Mem:0.00M, Peak:0.00M | Scene, ViewLayer | Synchronizing object | operator_scout_body
Fra:0 Mem:61.89M (Peak 61.89M) | Time:00:00.00 | Mem:0.00M, Peak:0.00M | Scene, ViewLayer | Synchronizing object | operator_rifle_body
Fra:0 Mem:62.43M (Peak 62.43M) | Time:00:00.01 | Mem:0.00M, Peak:0.00M | Scene, ViewLayer | Synchronizing object | operator_mg_body
Fra:0 Mem:62.92M (Peak 62.92M) | Time:00:00.01 | Mem:0.00M, Peak:0.00M | Scene, ViewLayer | Synchronizing object | Plane
Fra:0 Mem:63.69M (Peak 63.69M) | Time:00:00.01 | Mem:0.00M, Peak:0.00M | Scene, ViewLayer | Initializing
Fra:0 Mem:62.80M (Peak 63.69M) | Time:00:00.01 | Mem:0.00M, Peak:0.00M | Scene, ViewLayer | Updating Images | Loading actor_atlas_orm
Fra:0 Mem:62.80M (Peak 63.69M) | Time:00:00.01 | Mem:0.00M, Peak:0.00M | Scene, ViewLayer | Updating Images | Loading actor_atlas_albedo
Fra:0 Mem:66.80M (Peak 66.80M) | Time:00:00.01 | Mem:0.00M, Peak:0.00M | Scene, ViewLayer | Updating Images | Loading actor_atlas_normal
Fra:0 Mem:72.63M (Peak 82.82M) | Time:00:00.07 | Mem:12.00M, Peak:12.00M | Scene, ViewLayer | Waiting for render to start
Fra:0 Mem:72.63M (Peak 82.82M) | Time:00:00.07 | Mem:12.00M, Peak:12.00M | Scene, ViewLayer | Loading render kernels (may take a few minutes the first time)
Fra:0 Mem:72.63M (Peak 82.82M) | Time:00:00.07 | Mem:12.00M, Peak:12.00M | Scene, ViewLayer | Updating Scene
Fra:0 Mem:72.63M (Peak 82.82M) | Time:00:00.07 | Mem:12.00M, Peak:12.00M | Scene, ViewLayer | Updating Shaders
Fra:0 Mem:72.72M (Peak 82.82M) | Time:00:00.07 | Mem:12.00M, Peak:12.00M | Scene, ViewLayer | Updating Procedurals
Fra:0 Mem:72.72M (Peak 82.82M) | Time:00:00.07 | Mem:12.00M, Peak:12.00M | Scene, ViewLayer | Updating Background
Fra:0 Mem:72.72M (Peak 82.82M) | Time:00:00.07 | Mem:12.00M, Peak:12.00M | Scene, ViewLayer | Updating Camera
Fra:0 Mem:72.72M (Peak 82.82M) | Time:00:00.07 | Mem:12.00M, Peak:12.00M | Scene, ViewLayer | Updating Meshes Flags
Fra:0 Mem:72.72M (Peak 82.82M) | Time:00:00.07 | Mem:12.00M, Peak:12.00M | Scene, ViewLayer | Updating Objects
Fra:0 Mem:72.72M (Peak 82.82M) | Time:00:00.07 | Mem:12.00M, Peak:12.00M | Scene, ViewLayer | Updating Objects | Copying Transformations to device
Fra:0 Mem:72.72M (Peak 82.82M) | Time:00:00.07 | Mem:12.00M, Peak:12.00M | Scene, ViewLayer | Updating Objects | Applying Static Transformations
Fra:0 Mem:72.72M (Peak 82.82M) | Time:00:00.07 | Mem:12.00M, Peak:12.00M | Scene, ViewLayer | Updating Particle Systems
Fra:0 Mem:72.72M (Peak 82.82M) | Time:00:00.07 | Mem:12.00M, Peak:12.00M | Scene, ViewLayer | Updating Particle Systems | Copying Particles to device
Fra:0 Mem:72.72M (Peak 82.82M) | Time:00:00.07 | Mem:12.00M, Peak:12.00M | Scene, ViewLayer | Updating Meshes
Fra:0 Mem:73.00M (Peak 82.82M) | Time:00:00.07 | Mem:12.00M, Peak:12.00M | Scene, ViewLayer | Updating Mesh | Computing attributes
Fra:0 Mem:74.39M (Peak 82.82M) | Time:00:00.08 | Mem:12.00M, Peak:12.00M | Scene, ViewLayer | Updating Mesh | Copying Attributes to device
Fra:0 Mem:74.39M (Peak 82.82M) | Time:00:00.08 | Mem:13.39M, Peak:13.39M | Scene, ViewLayer | Updating Scene BVH | Building
Fra:0 Mem:74.39M (Peak 82.82M) | Time:00:00.08 | Mem:13.39M, Peak:13.39M | Scene, ViewLayer | Updating Scene BVH | Building BVH
Fra:0 Mem:74.39M (Peak 82.82M) | Time:00:00.08 | Mem:13.96M, Peak:13.96M | Scene, ViewLayer | Updating Scene BVH | Building BVH 0%
Fra:0 Mem:74.39M (Peak 82.82M) | Time:00:00.08 | Mem:14.58M, Peak:15.14M | Scene, ViewLayer | Updating Scene BVH | Copying BVH to device
Fra:0 Mem:74.39M (Peak 82.82M) | Time:00:00.08 | Mem:14.58M, Peak:15.14M | Scene, ViewLayer | Updating Mesh | Computing normals
Fra:0 Mem:75.04M (Peak 82.82M) | Time:00:00.08 | Mem:14.58M, Peak:15.14M | Scene, ViewLayer | Updating Mesh | Copying Mesh to device
Fra:0 Mem:75.04M (Peak 82.82M) | Time:00:00.08 | Mem:15.23M, Peak:15.23M | Scene, ViewLayer | Updating Objects Flags
Fra:0 Mem:75.04M (Peak 82.82M) | Time:00:00.08 | Mem:15.23M, Peak:15.23M | Scene, ViewLayer | Updating Primitive Offsets
Fra:0 Mem:75.04M (Peak 82.82M) | Time:00:00.08 | Mem:15.23M, Peak:15.23M | Scene, ViewLayer | Updating Images
Fra:0 Mem:75.04M (Peak 82.82M) | Time:00:00.08 | Mem:15.23M, Peak:15.23M | Scene, ViewLayer | Updating Camera Volume
Fra:0 Mem:75.04M (Peak 82.82M) | Time:00:00.08 | Mem:15.23M, Peak:15.23M | Scene, ViewLayer | Updating Lookup Tables
Fra:0 Mem:75.04M (Peak 82.82M) | Time:00:00.08 | Mem:15.31M, Peak:15.31M | Scene, ViewLayer | Updating Lights
Fra:0 Mem:75.04M (Peak 82.82M) | Time:00:00.08 | Mem:15.31M, Peak:15.31M | Scene, ViewLayer | Updating Lights | Computing tree
Fra:0 Mem:75.04M (Peak 82.82M) | Time:00:00.08 | Mem:15.31M, Peak:15.31M | Scene, ViewLayer | Updating Integrator
Fra:0 Mem:75.04M (Peak 82.82M) | Time:00:00.08 | Mem:15.31M, Peak:15.31M | Scene, ViewLayer | Updating Film
Fra:0 Mem:75.05M (Peak 82.82M) | Time:00:00.08 | Mem:15.23M, Peak:15.31M | Scene, ViewLayer | Updating Lookup Tables
Fra:0 Mem:75.05M (Peak 82.82M) | Time:00:00.08 | Mem:15.32M, Peak:15.32M | Scene, ViewLayer | Updating Baking
Fra:0 Mem:75.05M (Peak 82.82M) | Time:00:00.08 | Mem:15.32M, Peak:15.32M | Scene, ViewLayer | Updating Device | Writing constant memory
Fra:0 Mem:75.05M (Peak 82.82M) | Time:00:00.08 | Mem:15.32M, Peak:15.32M | Scene, ViewLayer | Sample 0/8
Fra:0 Mem:106.71M (Peak 106.71M) | Time:00:00.96 | Remaining:00:06.16 | Mem:46.97M, Peak:46.97M | Scene, ViewLayer | Sample 1/8
Fra:0 Mem:120.78M (Peak 148.90M) | Time:00:06.93 | Mem:46.97M, Peak:46.97M | Scene, ViewLayer | Sample 8/8
Fra:0 Mem:120.78M (Peak 148.90M) | Time:00:06.93 | Mem:46.97M, Peak:46.97M | Scene, ViewLayer | Finished
Saved: '/workspace/deliverables/actor-repair-20261002-r5/publish-source/utility_source_material_rear.png'
Time: 00:07.16 (Saving: 00:00.23)

UTILITY_SOURCE_REVIEW_OK renders6

Blender quit
