TEST_RUN_ID=c455f11e13ac4275a78a936c2229adaf
TEST_DATA_ROOT=/workspace/ambush-loop/ambush_loop/build/ambush_test_runs/c455f11e13ac4275a78a936c2229adaf/data
TEST_ENTRY=accept_cta_flow_gate.gd
Godot Engine v4.7.2.stable.official.ed1daf0bf - https://godotengine.org

TEST_STORAGE_ISOLATED user_dir=/workspace/ambush-loop/ambush_loop/build/ambush_test_runs/c455f11e13ac4275a78a936c2229adaf/data/godot/app_userdata/Ambush Loop run_id=c455f11e13ac4275a78a936c2229adaf
AMBL_MEM stage=audio.ready.begin static_bytes=26176261 static_peak_bytes=31910026 objects=1492
AMBL_MEM stage=audio.sfx_pool.ready static_bytes=26910453 static_peak_bytes=31910026 objects=1627
AMBL_MEM stage=audio.music_beds.ready static_bytes=27068009 static_peak_bytes=31910026 objects=1633
AMBL_MEM stage=audio.ready.done static_bytes=27069013 static_peak_bytes=31910026 objects=1633
AMBL_MEM stage=title.ready.begin static_bytes=51835832 static_peak_bytes=51837488 objects=1681
AMBL_MEM stage=title.theme.ready static_bytes=60455112 static_peak_bytes=60455240 objects=1703
AMBL_MEM stage=title.modals.ready static_bytes=63053920 static_peak_bytes=63054452 objects=1894
AMBL_MEM stage=title.pause_and_intro.ready static_bytes=64058454 static_peak_bytes=64061262 objects=1975
AMBL_MEM stage=title.ready.done static_bytes=64474514 static_peak_bytes=64477714 objects=2031
ANDROID_ACCEPT_PRESSED level=yard
AMBL_MEM stage=title.accept.before_transition static_bytes=71017756 static_peak_bytes=71045724 objects=2120
AMBL_MEM stage=main.ready.begin static_bytes=94694721 static_peak_bytes=172697092 objects=1914
AMBL_MEM stage=main.hud.ready static_bytes=98595903 static_peak_bytes=172697092 objects=2462
AMBL_MEM stage=main.controllers.ready static_bytes=103462703 static_peak_bytes=172697092 objects=3270
AMBL_MEM stage=main.mission_audio.started static_bytes=103537485 static_peak_bytes=172697092 objects=3275
AMBL_MEM stage=main.level.ready static_bytes=107355830 static_peak_bytes=172697092 objects=3802
ACCEPT_CTA_FLOW_OK level=yard frames=1
TEST_LOG=/workspace/ambush-loop/ambush_loop/build/ambush_test_runs/c455f11e13ac4275a78a936c2229adaf/run.log
