
 OVERVIEW
 ────────────────────────────────────────────
┌────────────────────┬──────────────────────────────────┐
│ key                │ value                            │
├────────────────────┼──────────────────────────────────┤
│ version            │ 2.0                              │
├────────────────────┼──────────────────────────────────┤
│ generator          │ Khronos glTF Blender I/O v5.2.40 │
├────────────────────┼──────────────────────────────────┤
│ extensionsUsed     │ KHR_materials_specular           │
├────────────────────┼──────────────────────────────────┤
│ extensionsRequired │ none                             │
└────────────────────┴──────────────────────────────────┘



 SCENES
 ────────────────────────────────────────────
┌───┬───────┬───────────┬─────────────────────┬───────────────────┬────────────────────┬───────────────────┬────────────────────────┐
│ # │ name  │ rootName  │ bboxMin             │ bboxMax           │ renderVertexCount¹ │ uploadVertexCount │ uploadNaiveVertexCount │
├───┼───────┼───────────┼─────────────────────┼───────────────────┼────────────────────┼───────────────────┼────────────────────────┤
│ 0 │ Scene │ YardCrate │ -0.32, -0.01, -0.22 │ 0.32, 0.372, 0.22 │ 1,836              │ 1,224             │ 1,224                  │
└───┴───────┴───────────┴─────────────────────┴───────────────────┴────────────────────┴───────────────────┴────────────────────────┘

¹ Expected number of vertices processed by the vertex shader for one render
  pass, without considering the vertex cache.

² Expected number of vertices uploaded to GPU, assuming each Accessor
  is uploaded only once. Actual number uploaded may be higher, 
  dependent on the implementation and vertex buffer layout.

³ Expected number of vertices uploaded to GPU, assuming each Primitive
  is uploaded once, duplicating vertex attributes shared among Primitives.



 MESHES
 ────────────────────────────────────────────
┌────┬───────────────────┬───────────┬────────────────┬──────────────┬──────────┬─────────┬──────────────────────────┬───────────┬───────────┐
│ #  │ name              │ mode      │ meshPrimitives │ glPrimitives │ vertices │ indices │ attributes               │ instances │ size¹     │
├────┼───────────────────┼───────────┼────────────────┼──────────────┼──────────┼─────────┼──────────────────────────┼───────────┼───────────┤
│ 0  │ CrateFloorMesh    │ TRIANGLES │ 1              │ 12           │ 24       │ u16     │ NORMAL:f32, POSITION:f32 │ 1         │ 648 Bytes │
├────┼───────────────────┼───────────┼────────────────┼──────────────┼──────────┼─────────┼──────────────────────────┼───────────┼───────────┤
│ 1  │ CrateLid_0Mesh    │ TRIANGLES │ 1              │ 12           │ 24       │ u16     │ NORMAL:f32, POSITION:f32 │ 1         │ 648 Bytes │
├────┼───────────────────┼───────────┼────────────────┼──────────────┼──────────┼─────────┼──────────────────────────┼───────────┼───────────┤
│ 2  │ CrateLid_1Mesh    │ TRIANGLES │ 1              │ 12           │ 24       │ u16     │ NORMAL:f32, POSITION:f32 │ 1         │ 648 Bytes │
├────┼───────────────────┼───────────┼────────────────┼──────────────┼──────────┼─────────┼──────────────────────────┼───────────┼───────────┤
│ 3  │ CrateLid_2Mesh    │ TRIANGLES │ 1              │ 12           │ 24       │ u16     │ NORMAL:f32, POSITION:f32 │ 1         │ 648 Bytes │
├────┼───────────────────┼───────────┼────────────────┼──────────────┼──────────┼─────────┼──────────────────────────┼───────────┼───────────┤
│ 4  │ CrateLid_3Mesh    │ TRIANGLES │ 1              │ 12           │ 24       │ u16     │ NORMAL:f32, POSITION:f32 │ 1         │ 648 Bytes │
├────┼───────────────────┼───────────┼────────────────┼──────────────┼──────────┼─────────┼──────────────────────────┼───────────┼───────────┤
│ 5  │ CrateLid_4Mesh    │ TRIANGLES │ 1              │ 12           │ 24       │ u16     │ NORMAL:f32, POSITION:f32 │ 1         │ 648 Bytes │
├────┼───────────────────┼───────────┼────────────────┼──────────────┼──────────┼─────────┼──────────────────────────┼───────────┼───────────┤
│ 6  │ CratePost_neMesh  │ TRIANGLES │ 1              │ 12           │ 24       │ u16     │ NORMAL:f32, POSITION:f32 │ 1         │ 648 Bytes │
├────┼───────────────────┼───────────┼────────────────┼──────────────┼──────────┼─────────┼──────────────────────────┼───────────┼───────────┤
│ 7  │ CratePost_nwMesh  │ TRIANGLES │ 1              │ 12           │ 24       │ u16     │ NORMAL:f32, POSITION:f32 │ 1         │ 648 Bytes │
├────┼───────────────────┼───────────┼────────────────┼──────────────┼──────────┼─────────┼──────────────────────────┼───────────┼───────────┤
│ 8  │ CratePost_seMesh  │ TRIANGLES │ 1              │ 12           │ 24       │ u16     │ NORMAL:f32, POSITION:f32 │ 1         │ 648 Bytes │
├────┼───────────────────┼───────────┼────────────────┼──────────────┼──────────┼─────────┼──────────────────────────┼───────────┼───────────┤
│ 9  │ CratePost_swMesh  │ TRIANGLES │ 1              │ 12           │ 24       │ u16     │ NORMAL:f32, POSITION:f32 │ 1         │ 648 Bytes │
├────┼───────────────────┼───────────┼────────────────┼──────────────┼──────────┼─────────┼──────────────────────────┼───────────┼───────────┤
│ 10 │ CrateRail_nMesh   │ TRIANGLES │ 1              │ 12           │ 24       │ u16     │ NORMAL:f32, POSITION:f32 │ 1         │ 648 Bytes │
├────┼───────────────────┼───────────┼────────────────┼──────────────┼──────────┼─────────┼──────────────────────────┼───────────┼───────────┤
│ 11 │ CrateRail_sMesh   │ TRIANGLES │ 1              │ 12           │ 24       │ u16     │ NORMAL:f32, POSITION:f32 │ 1         │ 648 Bytes │
├────┼───────────────────┼───────────┼────────────────┼──────────────┼──────────┼─────────┼──────────────────────────┼───────────┼───────────┤
│ 12 │ CrateSide_l_0Mesh │ TRIANGLES │ 1              │ 12           │ 24       │ u16     │ NORMAL:f32, POSITION:f32 │ 1         │ 648 Bytes │
├────┼───────────────────┼───────────┼────────────────┼──────────────┼──────────┼─────────┼──────────────────────────┼───────────┼───────────┤
│ 13 │ CrateSide_l_1Mesh │ TRIANGLES │ 1              │ 12           │ 24       │ u16     │ NORMAL:f32, POSITION:f32 │ 1         │ 648 Bytes │
├────┼───────────────────┼───────────┼────────────────┼──────────────┼──────────┼─────────┼──────────────────────────┼───────────┼───────────┤
│ 14 │ CrateSide_l_2Mesh │ TRIANGLES │ 1              │ 12           │ 24       │ u16     │ NORMAL:f32, POSITION:f32 │ 1         │ 648 Bytes │
├────┼───────────────────┼───────────┼────────────────┼──────────────┼──────────┼─────────┼──────────────────────────┼───────────┼───────────┤
│ 15 │ CrateSide_l_3Mesh │ TRIANGLES │ 1              │ 12           │ 24       │ u16     │ NORMAL:f32, POSITION:f32 │ 1         │ 648 Bytes │
├────┼───────────────────┼───────────┼────────────────┼──────────────┼──────────┼─────────┼──────────────────────────┼───────────┼───────────┤
│ 16 │ CrateSide_r_0Mesh │ TRIANGLES │ 1              │ 12           │ 24       │ u16     │ NORMAL:f32, POSITION:f32 │ 1         │ 648 Bytes │
├────┼───────────────────┼───────────┼────────────────┼──────────────┼──────────┼─────────┼──────────────────────────┼───────────┼───────────┤
│ 17 │ CrateSide_r_1Mesh │ TRIANGLES │ 1              │ 12           │ 24       │ u16     │ NORMAL:f32, POSITION:f32 │ 1         │ 648 Bytes │
├────┼───────────────────┼───────────┼────────────────┼──────────────┼──────────┼─────────┼──────────────────────────┼───────────┼───────────┤
│ 18 │ CrateSide_r_2Mesh │ TRIANGLES │ 1              │ 12           │ 24       │ u16     │ NORMAL:f32, POSITION:f32 │ 1         │ 648 Bytes │
├────┼───────────────────┼───────────┼────────────────┼──────────────┼──────────┼─────────┼──────────────────────────┼───────────┼───────────┤
│ 19 │ CrateSide_r_3Mesh │ TRIANGLES │ 1              │ 12           │ 24       │ u16     │ NORMAL:f32, POSITION:f32 │ 1         │ 648 Bytes │
├────┼───────────────────┼───────────┼────────────────┼──────────────┼──────────┼─────────┼──────────────────────────┼───────────┼───────────┤
│ 20 │ CrateSlat_b_0Mesh │ TRIANGLES │ 1              │ 12           │ 24       │ u16     │ NORMAL:f32, POSITION:f32 │ 1         │ 648 Bytes │
├────┼───────────────────┼───────────┼────────────────┼──────────────┼──────────┼─────────┼──────────────────────────┼───────────┼───────────┤
│ 21 │ CrateSlat_b_1Mesh │ TRIANGLES │ 1              │ 12           │ 24       │ u16     │ NORMAL:f32, POSITION:f32 │ 1         │ 648 Bytes │
├────┼───────────────────┼───────────┼────────────────┼──────────────┼──────────┼─────────┼──────────────────────────┼───────────┼───────────┤
│ 22 │ CrateSlat_b_2Mesh │ TRIANGLES │ 1              │ 12           │ 24       │ u16     │ NORMAL:f32, POSITION:f32 │ 1         │ 648 Bytes │
├────┼───────────────────┼───────────┼────────────────┼──────────────┼──────────┼─────────┼──────────────────────────┼───────────┼───────────┤
│ 23 │ CrateSlat_b_3Mesh │ TRIANGLES │ 1              │ 12           │ 24       │ u16     │ NORMAL:f32, POSITION:f32 │ 1         │ 648 Bytes │
├────┼───────────────────┼───────────┼────────────────┼──────────────┼──────────┼─────────┼──────────────────────────┼───────────┼───────────┤
│ 24 │ CrateSlat_b_4Mesh │ TRIANGLES │ 1              │ 12           │ 24       │ u16     │ NORMAL:f32, POSITION:f32 │ 1         │ 648 Bytes │
├────┼───────────────────┼───────────┼────────────────┼──────────────┼──────────┼─────────┼──────────────────────────┼───────────┼───────────┤
│ 25 │ CrateSlat_f_0Mesh │ TRIANGLES │ 1              │ 12           │ 24       │ u16     │ NORMAL:f32, POSITION:f32 │ 1         │ 648 Bytes │
├────┼───────────────────┼───────────┼────────────────┼──────────────┼──────────┼─────────┼──────────────────────────┼───────────┼───────────┤
│ 26 │ CrateSlat_f_1Mesh │ TRIANGLES │ 1              │ 12           │ 24       │ u16     │ NORMAL:f32, POSITION:f32 │ 1         │ 648 Bytes │
├────┼───────────────────┼───────────┼────────────────┼──────────────┼──────────┼─────────┼──────────────────────────┼───────────┼───────────┤
│ 27 │ CrateSlat_f_2Mesh │ TRIANGLES │ 1              │ 12           │ 24       │ u16     │ NORMAL:f32, POSITION:f32 │ 1         │ 648 Bytes │
├────┼───────────────────┼───────────┼────────────────┼──────────────┼──────────┼─────────┼──────────────────────────┼───────────┼───────────┤
│ 28 │ CrateSlat_f_3Mesh │ TRIANGLES │ 1              │ 12           │ 24       │ u16     │ NORMAL:f32, POSITION:f32 │ 1         │ 648 Bytes │
├────┼───────────────────┼───────────┼────────────────┼──────────────┼──────────┼─────────┼──────────────────────────┼───────────┼───────────┤
│ 29 │ CrateSlat_f_4Mesh │ TRIANGLES │ 1              │ 12           │ 24       │ u16     │ NORMAL:f32, POSITION:f32 │ 1         │ 648 Bytes │
├────┼───────────────────┼───────────┼────────────────┼──────────────┼──────────┼─────────┼──────────────────────────┼───────────┼───────────┤
│ 30 │ CrateStamp_0Mesh  │ TRIANGLES │ 1              │ 12           │ 24       │ u16     │ NORMAL:f32, POSITION:f32 │ 1         │ 648 Bytes │
├────┼───────────────────┼───────────┼────────────────┼──────────────┼──────────┼─────────┼──────────────────────────┼───────────┼───────────┤
│ 31 │ CrateStamp_1Mesh  │ TRIANGLES │ 1              │ 12           │ 24       │ u16     │ NORMAL:f32, POSITION:f32 │ 1         │ 648 Bytes │
├────┼───────────────────┼───────────┼────────────────┼──────────────┼──────────┼─────────┼──────────────────────────┼───────────┼───────────┤
│ 32 │ CrateStamp_2Mesh  │ TRIANGLES │ 1              │ 12           │ 24       │ u16     │ NORMAL:f32, POSITION:f32 │ 1         │ 648 Bytes │
├────┼───────────────────┼───────────┼────────────────┼──────────────┼──────────┼─────────┼──────────────────────────┼───────────┼───────────┤
│ 33 │ CrateStamp_3Mesh  │ TRIANGLES │ 1              │ 12           │ 24       │ u16     │ NORMAL:f32, POSITION:f32 │ 1         │ 648 Bytes │
├────┼───────────────────┼───────────┼────────────────┼──────────────┼──────────┼─────────┼──────────────────────────┼───────────┼───────────┤
│ 34 │ CrateStamp_4Mesh  │ TRIANGLES │ 1              │ 12           │ 24       │ u16     │ NORMAL:f32, POSITION:f32 │ 1         │ 648 Bytes │
├────┼───────────────────┼───────────┼────────────────┼──────────────┼──────────┼─────────┼──────────────────────────┼───────────┼───────────┤
│ 35 │ CrateStamp_5Mesh  │ TRIANGLES │ 1              │ 12           │ 24       │ u16     │ NORMAL:f32, POSITION:f32 │ 1         │ 648 Bytes │
├────┼───────────────────┼───────────┼────────────────┼──────────────┼──────────┼─────────┼──────────────────────────┼───────────┼───────────┤
│ 36 │ CrateStamp_6Mesh  │ TRIANGLES │ 1              │ 12           │ 24       │ u16     │ NORMAL:f32, POSITION:f32 │ 1         │ 648 Bytes │
├────┼───────────────────┼───────────┼────────────────┼──────────────┼──────────┼─────────┼──────────────────────────┼───────────┼───────────┤
│ 37 │ CrateStamp_7Mesh  │ TRIANGLES │ 1              │ 12           │ 24       │ u16     │ NORMAL:f32, POSITION:f32 │ 1         │ 648 Bytes │
├────┼───────────────────┼───────────┼────────────────┼──────────────┼──────────┼─────────┼──────────────────────────┼───────────┼───────────┤
│ 38 │ CrateStamp_8Mesh  │ TRIANGLES │ 1              │ 12           │ 24       │ u16     │ NORMAL:f32, POSITION:f32 │ 1         │ 648 Bytes │
├────┼───────────────────┼───────────┼────────────────┼──────────────┼──────────┼─────────┼──────────────────────────┼───────────┼───────────┤
│ 39 │ CrateStamp_9Mesh  │ TRIANGLES │ 1              │ 12           │ 24       │ u16     │ NORMAL:f32, POSITION:f32 │ 1         │ 648 Bytes │
├────┼───────────────────┼───────────┼────────────────┼──────────────┼──────────┼─────────┼──────────────────────────┼───────────┼───────────┤
│ 40 │ CrateStamp_10Mesh │ TRIANGLES │ 1              │ 12           │ 24       │ u16     │ NORMAL:f32, POSITION:f32 │ 1         │ 648 Bytes │
├────┼───────────────────┼───────────┼────────────────┼──────────────┼──────────┼─────────┼──────────────────────────┼───────────┼───────────┤
│ 41 │ CrateStamp_11Mesh │ TRIANGLES │ 1              │ 12           │ 24       │ u16     │ NORMAL:f32, POSITION:f32 │ 1         │ 648 Bytes │
├────┼───────────────────┼───────────┼────────────────┼──────────────┼──────────┼─────────┼──────────────────────────┼───────────┼───────────┤
│ 42 │ CrateStamp_12Mesh │ TRIANGLES │ 1              │ 12           │ 24       │ u16     │ NORMAL:f32, POSITION:f32 │ 1         │ 648 Bytes │
├────┼───────────────────┼───────────┼────────────────┼──────────────┼──────────┼─────────┼──────────────────────────┼───────────┼───────────┤
│ 43 │ CrateStamp_13Mesh │ TRIANGLES │ 1              │ 12           │ 24       │ u16     │ NORMAL:f32, POSITION:f32 │ 1         │ 648 Bytes │
├────┼───────────────────┼───────────┼────────────────┼──────────────┼──────────┼─────────┼──────────────────────────┼───────────┼───────────┤
│ 44 │ CrateStamp_14Mesh │ TRIANGLES │ 1              │ 12           │ 24       │ u16     │ NORMAL:f32, POSITION:f32 │ 1         │ 648 Bytes │
├────┼───────────────────┼───────────┼────────────────┼──────────────┼──────────┼─────────┼──────────────────────────┼───────────┼───────────┤
│ 45 │ CrateStamp_15Mesh │ TRIANGLES │ 1              │ 12           │ 24       │ u16     │ NORMAL:f32, POSITION:f32 │ 1         │ 648 Bytes │
├────┼───────────────────┼───────────┼────────────────┼──────────────┼──────────┼─────────┼──────────────────────────┼───────────┼───────────┤
│ 46 │ CrateStamp_16Mesh │ TRIANGLES │ 1              │ 12           │ 24       │ u16     │ NORMAL:f32, POSITION:f32 │ 1         │ 648 Bytes │
├────┼───────────────────┼───────────┼────────────────┼──────────────┼──────────┼─────────┼──────────────────────────┼───────────┼───────────┤
│ 47 │ CrateStamp_17Mesh │ TRIANGLES │ 1              │ 12           │ 24       │ u16     │ NORMAL:f32, POSITION:f32 │ 1         │ 648 Bytes │
├────┼───────────────────┼───────────┼────────────────┼──────────────┼──────────┼─────────┼──────────────────────────┼───────────┼───────────┤
│ 48 │ CrateStrap_0Mesh  │ TRIANGLES │ 1              │ 12           │ 24       │ u16     │ NORMAL:f32, POSITION:f32 │ 1         │ 648 Bytes │
├────┼───────────────────┼───────────┼────────────────┼──────────────┼──────────┼─────────┼──────────────────────────┼───────────┼───────────┤
│ 49 │ CrateStrap_1Mesh  │ TRIANGLES │ 1              │ 12           │ 24       │ u16     │ NORMAL:f32, POSITION:f32 │ 1         │ 648 Bytes │
├────┼───────────────────┼───────────┼────────────────┼──────────────┼──────────┼─────────┼──────────────────────────┼───────────┼───────────┤
│ 50 │ CrateStrap_2Mesh  │ TRIANGLES │ 1              │ 12           │ 24       │ u16     │ NORMAL:f32, POSITION:f32 │ 1         │ 648 Bytes │
└────┴───────────────────┴───────────┴────────────────┴──────────────┴──────────┴─────────┴──────────────────────────┴───────────┴───────────┘

⁴ size estimates GPU memory required by a mesh, in isolation. If accessors are
  shared by other mesh primitives, but the meshes themselves are not reused, then
  the sum of all mesh sizes will overestimate the asset's total size. See "dedup".



 MATERIALS
 ────────────────────────────────────────────
┌───┬───────────────┬───────────┬──────────┬───────────┬─────────────┐
│ # │ name          │ instances │ textures │ alphaMode │ doubleSided │
├───┼───────────────┼───────────┼──────────┼───────────┼─────────────┤
│ 0 │ CratePineDark │ 13        │          │ OPAQUE    │ ✓           │
├───┼───────────────┼───────────┼──────────┼───────────┼─────────────┤
│ 1 │ CrateLid      │ 3         │          │ OPAQUE    │ ✓           │
├───┼───────────────┼───────────┼──────────┼───────────┼─────────────┤
│ 2 │ CratePine     │ 12        │          │ OPAQUE    │ ✓           │
├───┼───────────────┼───────────┼──────────┼───────────┼─────────────┤
│ 3 │ CrateIron     │ 5         │          │ OPAQUE    │ ✓           │
├───┼───────────────┼───────────┼──────────┼───────────┼─────────────┤
│ 4 │ CrateStencil  │ 18        │          │ OPAQUE    │ ✓           │
└───┴───────────────┴───────────┴──────────┴───────────┴─────────────┘



 TEXTURES
 ────────────────────────────────────────────
No textures found.


 ANIMATIONS
 ────────────────────────────────────────────
No animations found.

