4.7.2.stable.official.ed1daf0bf
Godot Engine v4.7.2.stable.official.ed1daf0bf - https://godotengine.org

[   0% ] first_scan_filesystem | Started Project initialization (5 steps)
[   0% ] first_scan_filesystem | Scanning file structure...
[  16% ] first_scan_filesystem | Loading global class names...
[  33% ] first_scan_filesystem | Verifying GDExtensions...
[  50% ] first_scan_filesystem | Creating autoload scripts...
[  66% ] first_scan_filesystem | Initializing plugins...
[  83% ] first_scan_filesystem | Starting file scan...
[ DONE ] first_scan_filesystem

WARNING: Missing .uid file for path "res://scripts/r45_sweep_gate.gd". The file was re-created from cache.
     at: _process_file_system (editor/file_system/editor_file_system.cpp:1391)
[   0% ] loading_editor_layout | Started Loading editor (5 steps)
[   0% ] loading_editor_layout | Loading editor layout...
[  16% ] loading_editor_layout | Loading docks...
[ DONE ] loading_editor_layout

Ambush Loop cloud toolchain ready: /workspace/ambush-environment/tools/bin/godot
Blender 5.2.2 LTS
4.5.1
Look tools installed; run an ArtSource generator to verify rendering on this environment.
