  % Total    % Received % Xferd  Average Speed   Time    Time     Time  Current
                                 Dload  Upload   Total   Spent    Left  Speed

  0     0    0     0    0     0      0      0 --:--:-- --:--:-- --:--:--     0
  0     0    0     0    0     0      0      0 --:--:-- --:--:-- --:--:--     0
  0     0    0     0    0     0      0      0 --:--:-- --:--:-- --:--:--     0

 66 74.2M   66 49.2M    0     0  48.2M      0  0:00:01  0:00:01 --:--:-- 48.2M
100 74.2M  100 74.2M    0     0  52.3M      0  0:00:01  0:00:01 --:--:-- 63.1M
Archive:  /workspace/ambush-environment/downloads/Godot_v4.7.2-stable_linux.x86_64.zip
  inflating: /workspace/ambush-environment/tools/opt/godot-4.7.2/Godot_v4.7.2-stable_linux.x86_64  
4.7.2.stable.official.ed1daf0bf
Godot Engine v4.7.2.stable.official.ed1daf0bf - https://godotengine.org

[   0% ] first_scan_filesystem | Started Project initialization (5 steps)
[   0% ] first_scan_filesystem | Scanning file structure...
[  16% ] first_scan_filesystem | Loading global class names...
[  33% ] first_scan_filesystem | Verifying GDExtensions...
[  50% ] first_scan_filesystem | Creating autoload scripts...
[  66% ] first_scan_filesystem | Initializing plugins...
[  83% ] first_scan_filesystem | Starting file scan...
[ DONE ] first_scan_filesystem

WARNING: Missing .uid file for path "res://scripts/r45_sweep_gate.gd". The file was re-created from cache.
     at: _process_file_system (editor/file_system/editor_file_system.cpp:1391)
[   0% ] _update_scan_actions | Started Scanning actions... (4 steps)
[   0% ] _update_scan_actions | yard_crate.glb
[  20% ] _update_scan_actions | yard_crate_iso.png
[  40% ] _update_scan_actions | yard_crate_top.png
[  60% ] _update_scan_actions | yard_crate_turnaround.png
[ DONE ] _update_scan_actions

[   0% ] reimport | Started (Re)Importing Assets (4 steps)
[   0% ] reimport | Preparing files to reimport...
[  20% ] reimport | Preparing files to reimport...
[  40% ] reimport | Preparing files to reimport...
[  60% ] reimport | Preparing files to reimport...
[   0% ] reimport | Executing pre-reimport operations...
[   0% ] reimport | yard_crate_iso.png
[  20% ] reimport | yard_crate_top.png
[  40% ] reimport | yard_crate_turnaround.png
[  60% ] reimport | yard_crate.glb
[   0% ] import | Started Import Scene (104 steps)
[   0% ] import | Importing Scene...
[   1% ] import | Running Custom Script...
[  99% ] import | Saving...
[ DONE ] import

[  80% ] reimport | Finalizing Asset Import...
[ DONE ] reimport

[   0% ] reimport | Started (Re)Importing Assets (4 steps)
[   0% ] reimport | Executing post-reimport operations...
[ DONE ] reimport

[   0% ] loading_editor_layout | Started Loading editor (5 steps)
[   0% ] loading_editor_layout | Loading editor layout...
[  16% ] loading_editor_layout | Loading docks...
[ DONE ] loading_editor_layout

Ambush Loop cloud toolchain ready: /workspace/ambush-environment/tools/bin/godot
/workspace/ambush-environment/downloads/blender-5.2.2-linux-x64.tar.xz: OK
Blender 5.2.2 LTS
npm warn deprecated glob@10.5.0: Old versions of glob are not supported, and contain widely publicized security vulnerabilities, which have been fixed in the current version. Please update. Support for old versions may be purchased (at exorbitant rates) by contacting i@izs.me

added 177 packages in 5s
4.5.1
Look tools installed; run an ArtSource generator to verify rendering on this environment.
