TEST_RUN_ID=cc57c1a18ae245b096de3b315fb4ff29
TEST_DATA_ROOT=/tmp/ambush-cloud-verify-u6ub8234/ambush_loop/build/ambush_test_runs/cc57c1a18ae245b096de3b315fb4ff29/data
TEST_ENTRY=accept_cta_flow_gate.gd
Godot Engine v4.7.2.stable.official.ed1daf0bf - https://godotengine.org

TEST_STORAGE_ISOLATED user_dir=/tmp/ambush-cloud-verify-u6ub8234/ambush_loop/build/ambush_test_runs/cc57c1a18ae245b096de3b315fb4ff29/data/godot/app_userdata/Ambush Loop run_id=cc57c1a18ae245b096de3b315fb4ff29
AMBL_MEM stage=audio.ready.begin static_bytes=26177861 static_peak_bytes=31911626 objects=1492
AMBL_MEM stage=audio.sfx_pool.ready static_bytes=26912053 static_peak_bytes=31911626 objects=1627
AMBL_MEM stage=audio.music_beds.ready static_bytes=27069609 static_peak_bytes=31911626 objects=1633
AMBL_MEM stage=audio.ready.done static_bytes=27070613 static_peak_bytes=31911626 objects=1633
AMBL_MEM stage=title.ready.begin static_bytes=51837432 static_peak_bytes=51839088 objects=1681
AMBL_MEM stage=title.theme.ready static_bytes=60456712 static_peak_bytes=60456840 objects=1703
AMBL_MEM stage=title.modals.ready static_bytes=63055520 static_peak_bytes=63056052 objects=1894
AMBL_MEM stage=title.pause_and_intro.ready static_bytes=64060054 static_peak_bytes=64063042 objects=1975
AMBL_MEM stage=title.ready.done static_bytes=64476258 static_peak_bytes=64479638 objects=2031
ANDROID_ACCEPT_PRESSED level=yard
AMBL_MEM stage=title.accept.before_transition static_bytes=71019644 static_peak_bytes=71047612 objects=2120
AMBL_MEM stage=main.ready.begin static_bytes=94696609 static_peak_bytes=172699024 objects=1914
AMBL_MEM stage=main.hud.ready static_bytes=98597791 static_peak_bytes=172699024 objects=2462
AMBL_MEM stage=main.controllers.ready static_bytes=103464663 static_peak_bytes=172699024 objects=3270
AMBL_MEM stage=main.mission_audio.started static_bytes=103539445 static_peak_bytes=172699024 objects=3275
AMBL_MEM stage=main.level.ready static_bytes=107357790 static_peak_bytes=172699024 objects=3802
ACCEPT_CTA_FLOW_OK level=yard frames=1
TEST_LOG=/tmp/ambush-cloud-verify-u6ub8234/ambush_loop/build/ambush_test_runs/cc57c1a18ae245b096de3b315fb4ff29/run.log
