
 OVERVIEW
 ────────────────────────────────────────────
[90m┌────────────────────[39m[90m┬──────────────────────────────────┐[39m
[90m│[39m[31m key                [39m[90m│[39m[31m value                            [39m[90m│[39m
[90m├────────────────────[39m[90m┼──────────────────────────────────┤[39m
[90m│[39m version            [90m│[39m 2.0                              [90m│[39m
[90m├────────────────────[39m[90m┼──────────────────────────────────┤[39m
[90m│[39m generator          [90m│[39m Khronos glTF Blender I/O v5.2.40 [90m│[39m
[90m├────────────────────[39m[90m┼──────────────────────────────────┤[39m
[90m│[39m extensionsUsed     [90m│[39m KHR_materials_specular           [90m│[39m
[90m├────────────────────[39m[90m┼──────────────────────────────────┤[39m
[90m│[39m extensionsRequired [90m│[39m none                             [90m│[39m
[90m└────────────────────[39m[90m┴──────────────────────────────────┘[39m



 SCENES
 ────────────────────────────────────────────
[90m┌───[39m[90m┬───────[39m[90m┬───────────[39m[90m┬─────────────────────[39m[90m┬───────────────────[39m[90m┬────────────────────[39m[90m┬───────────────────[39m[90m┬────────────────────────┐[39m
[90m│[39m[31m # [39m[90m│[39m[31m name  [39m[90m│[39m[31m rootName  [39m[90m│[39m[31m bboxMin             [39m[90m│[39m[31m bboxMax           [39m[90m│[39m[31m renderVertexCount¹ [39m[90m│[39m[31m uploadVertexCount [39m[90m│[39m[31m uploadNaiveVertexCount [39m[90m│[39m
[90m├───[39m[90m┼───────[39m[90m┼───────────[39m[90m┼─────────────────────[39m[90m┼───────────────────[39m[90m┼────────────────────[39m[90m┼───────────────────[39m[90m┼────────────────────────┤[39m
[90m│[39m 0 [90m│[39m Scene [90m│[39m YardCrate [90m│[39m -0.32, -0.01, -0.22 [90m│[39m 0.32, 0.372, 0.22 [90m│[39m 1,836              [90m│[39m 1,224             [90m│[39m 1,224                  [90m│[39m
[90m└───[39m[90m┴───────[39m[90m┴───────────[39m[90m┴─────────────────────[39m[90m┴───────────────────[39m[90m┴────────────────────[39m[90m┴───────────────────[39m[90m┴────────────────────────┘[39m

¹ Expected number of vertices processed by the vertex shader for one render
  pass, without considering the vertex cache.

² Expected number of vertices uploaded to GPU, assuming each Accessor
  is uploaded only once. Actual number uploaded may be higher, 
  dependent on the implementation and vertex buffer layout.

³ Expected number of vertices uploaded to GPU, assuming each Primitive
  is uploaded once, duplicating vertex attributes shared among Primitives.



 MESHES
 ────────────────────────────────────────────
[90m┌────[39m[90m┬───────────────────[39m[90m┬───────────[39m[90m┬────────────────[39m[90m┬──────────────[39m[90m┬──────────[39m[90m┬─────────[39m[90m┬──────────────────────────[39m[90m┬───────────[39m[90m┬───────────┐[39m
[90m│[39m[31m #  [39m[90m│[39m[31m name              [39m[90m│[39m[31m mode      [39m[90m│[39m[31m meshPrimitives [39m[90m│[39m[31m glPrimitives [39m[90m│[39m[31m vertices [39m[90m│[39m[31m indices [39m[90m│[39m[31m attributes               [39m[90m│[39m[31m instances [39m[90m│[39m[31m size¹     [39m[90m│[39m
[90m├────[39m[90m┼───────────────────[39m[90m┼───────────[39m[90m┼────────────────[39m[90m┼──────────────[39m[90m┼──────────[39m[90m┼─────────[39m[90m┼──────────────────────────[39m[90m┼───────────[39m[90m┼───────────┤[39m
[90m│[39m 0  [90m│[39m CrateFloorMesh    [90m│[39m TRIANGLES [90m│[39m 1              [90m│[39m 12           [90m│[39m 24       [90m│[39m u16     [90m│[39m NORMAL:f32, POSITION:f32 [90m│[39m 1         [90m│[39m 648 Bytes [90m│[39m
[90m├────[39m[90m┼───────────────────[39m[90m┼───────────[39m[90m┼────────────────[39m[90m┼──────────────[39m[90m┼──────────[39m[90m┼─────────[39m[90m┼──────────────────────────[39m[90m┼───────────[39m[90m┼───────────┤[39m
[90m│[39m 1  [90m│[39m CrateLid_0Mesh    [90m│[39m TRIANGLES [90m│[39m 1              [90m│[39m 12           [90m│[39m 24       [90m│[39m u16     [90m│[39m NORMAL:f32, POSITION:f32 [90m│[39m 1         [90m│[39m 648 Bytes [90m│[39m
[90m├────[39m[90m┼───────────────────[39m[90m┼───────────[39m[90m┼────────────────[39m[90m┼──────────────[39m[90m┼──────────[39m[90m┼─────────[39m[90m┼──────────────────────────[39m[90m┼───────────[39m[90m┼───────────┤[39m
[90m│[39m 2  [90m│[39m CrateLid_1Mesh    [90m│[39m TRIANGLES [90m│[39m 1              [90m│[39m 12           [90m│[39m 24       [90m│[39m u16     [90m│[39m NORMAL:f32, POSITION:f32 [90m│[39m 1         [90m│[39m 648 Bytes [90m│[39m
[90m├────[39m[90m┼───────────────────[39m[90m┼───────────[39m[90m┼────────────────[39m[90m┼──────────────[39m[90m┼──────────[39m[90m┼─────────[39m[90m┼──────────────────────────[39m[90m┼───────────[39m[90m┼───────────┤[39m
[90m│[39m 3  [90m│[39m CrateLid_2Mesh    [90m│[39m TRIANGLES [90m│[39m 1              [90m│[39m 12           [90m│[39m 24       [90m│[39m u16     [90m│[39m NORMAL:f32, POSITION:f32 [90m│[39m 1         [90m│[39m 648 Bytes [90m│[39m
[90m├────[39m[90m┼───────────────────[39m[90m┼───────────[39m[90m┼────────────────[39m[90m┼──────────────[39m[90m┼──────────[39m[90m┼─────────[39m[90m┼──────────────────────────[39m[90m┼───────────[39m[90m┼───────────┤[39m
[90m│[39m 4  [90m│[39m CrateLid_3Mesh    [90m│[39m TRIANGLES [90m│[39m 1              [90m│[39m 12           [90m│[39m 24       [90m│[39m u16     [90m│[39m NORMAL:f32, POSITION:f32 [90m│[39m 1         [90m│[39m 648 Bytes [90m│[39m
[90m├────[39m[90m┼───────────────────[39m[90m┼───────────[39m[90m┼────────────────[39m[90m┼──────────────[39m[90m┼──────────[39m[90m┼─────────[39m[90m┼──────────────────────────[39m[90m┼───────────[39m[90m┼───────────┤[39m
[90m│[39m 5  [90m│[39m CrateLid_4Mesh    [90m│[39m TRIANGLES [90m│[39m 1              [90m│[39m 12           [90m│[39m 24       [90m│[39m u16     [90m│[39m NORMAL:f32, POSITION:f32 [90m│[39m 1         [90m│[39m 648 Bytes [90m│[39m
[90m├────[39m[90m┼───────────────────[39m[90m┼───────────[39m[90m┼────────────────[39m[90m┼──────────────[39m[90m┼──────────[39m[90m┼─────────[39m[90m┼──────────────────────────[39m[90m┼───────────[39m[90m┼───────────┤[39m
[90m│[39m 6  [90m│[39m CratePost_neMesh  [90m│[39m TRIANGLES [90m│[39m 1              [90m│[39m 12           [90m│[39m 24       [90m│[39m u16     [90m│[39m NORMAL:f32, POSITION:f32 [90m│[39m 1         [90m│[39m 648 Bytes [90m│[39m
[90m├────[39m[90m┼───────────────────[39m[90m┼───────────[39m[90m┼────────────────[39m[90m┼──────────────[39m[90m┼──────────[39m[90m┼─────────[39m[90m┼──────────────────────────[39m[90m┼───────────[39m[90m┼───────────┤[39m
[90m│[39m 7  [90m│[39m CratePost_nwMesh  [90m│[39m TRIANGLES [90m│[39m 1              [90m│[39m 12           [90m│[39m 24       [90m│[39m u16     [90m│[39m NORMAL:f32, POSITION:f32 [90m│[39m 1         [90m│[39m 648 Bytes [90m│[39m
[90m├────[39m[90m┼───────────────────[39m[90m┼───────────[39m[90m┼────────────────[39m[90m┼──────────────[39m[90m┼──────────[39m[90m┼─────────[39m[90m┼──────────────────────────[39m[90m┼───────────[39m[90m┼───────────┤[39m
[90m│[39m 8  [90m│[39m CratePost_seMesh  [90m│[39m TRIANGLES [90m│[39m 1              [90m│[39m 12           [90m│[39m 24       [90m│[39m u16     [90m│[39m NORMAL:f32, POSITION:f32 [90m│[39m 1         [90m│[39m 648 Bytes [90m│[39m
[90m├────[39m[90m┼───────────────────[39m[90m┼───────────[39m[90m┼────────────────[39m[90m┼──────────────[39m[90m┼──────────[39m[90m┼─────────[39m[90m┼──────────────────────────[39m[90m┼───────────[39m[90m┼───────────┤[39m
[90m│[39m 9  [90m│[39m CratePost_swMesh  [90m│[39m TRIANGLES [90m│[39m 1              [90m│[39m 12           [90m│[39m 24       [90m│[39m u16     [90m│[39m NORMAL:f32, POSITION:f32 [90m│[39m 1         [90m│[39m 648 Bytes [90m│[39m
[90m├────[39m[90m┼───────────────────[39m[90m┼───────────[39m[90m┼────────────────[39m[90m┼──────────────[39m[90m┼──────────[39m[90m┼─────────[39m[90m┼──────────────────────────[39m[90m┼───────────[39m[90m┼───────────┤[39m
[90m│[39m 10 [90m│[39m CrateRail_nMesh   [90m│[39m TRIANGLES [90m│[39m 1              [90m│[39m 12           [90m│[39m 24       [90m│[39m u16     [90m│[39m NORMAL:f32, POSITION:f32 [90m│[39m 1         [90m│[39m 648 Bytes [90m│[39m
[90m├────[39m[90m┼───────────────────[39m[90m┼───────────[39m[90m┼────────────────[39m[90m┼──────────────[39m[90m┼──────────[39m[90m┼─────────[39m[90m┼──────────────────────────[39m[90m┼───────────[39m[90m┼───────────┤[39m
[90m│[39m 11 [90m│[39m CrateRail_sMesh   [90m│[39m TRIANGLES [90m│[39m 1              [90m│[39m 12           [90m│[39m 24       [90m│[39m u16     [90m│[39m NORMAL:f32, POSITION:f32 [90m│[39m 1         [90m│[39m 648 Bytes [90m│[39m
[90m├────[39m[90m┼───────────────────[39m[90m┼───────────[39m[90m┼────────────────[39m[90m┼──────────────[39m[90m┼──────────[39m[90m┼─────────[39m[90m┼──────────────────────────[39m[90m┼───────────[39m[90m┼───────────┤[39m
[90m│[39m 12 [90m│[39m CrateSide_l_0Mesh [90m│[39m TRIANGLES [90m│[39m 1              [90m│[39m 12           [90m│[39m 24       [90m│[39m u16     [90m│[39m NORMAL:f32, POSITION:f32 [90m│[39m 1         [90m│[39m 648 Bytes [90m│[39m
[90m├────[39m[90m┼───────────────────[39m[90m┼───────────[39m[90m┼────────────────[39m[90m┼──────────────[39m[90m┼──────────[39m[90m┼─────────[39m[90m┼──────────────────────────[39m[90m┼───────────[39m[90m┼───────────┤[39m
[90m│[39m 13 [90m│[39m CrateSide_l_1Mesh [90m│[39m TRIANGLES [90m│[39m 1              [90m│[39m 12           [90m│[39m 24       [90m│[39m u16     [90m│[39m NORMAL:f32, POSITION:f32 [90m│[39m 1         [90m│[39m 648 Bytes [90m│[39m
[90m├────[39m[90m┼───────────────────[39m[90m┼───────────[39m[90m┼────────────────[39m[90m┼──────────────[39m[90m┼──────────[39m[90m┼─────────[39m[90m┼──────────────────────────[39m[90m┼───────────[39m[90m┼───────────┤[39m
[90m│[39m 14 [90m│[39m CrateSide_l_2Mesh [90m│[39m TRIANGLES [90m│[39m 1              [90m│[39m 12           [90m│[39m 24       [90m│[39m u16     [90m│[39m NORMAL:f32, POSITION:f32 [90m│[39m 1         [90m│[39m 648 Bytes [90m│[39m
[90m├────[39m[90m┼───────────────────[39m[90m┼───────────[39m[90m┼────────────────[39m[90m┼──────────────[39m[90m┼──────────[39m[90m┼─────────[39m[90m┼──────────────────────────[39m[90m┼───────────[39m[90m┼───────────┤[39m
[90m│[39m 15 [90m│[39m CrateSide_l_3Mesh [90m│[39m TRIANGLES [90m│[39m 1              [90m│[39m 12           [90m│[39m 24       [90m│[39m u16     [90m│[39m NORMAL:f32, POSITION:f32 [90m│[39m 1         [90m│[39m 648 Bytes [90m│[39m
[90m├────[39m[90m┼───────────────────[39m[90m┼───────────[39m[90m┼────────────────[39m[90m┼──────────────[39m[90m┼──────────[39m[90m┼─────────[39m[90m┼──────────────────────────[39m[90m┼───────────[39m[90m┼───────────┤[39m
[90m│[39m 16 [90m│[39m CrateSide_r_0Mesh [90m│[39m TRIANGLES [90m│[39m 1              [90m│[39m 12           [90m│[39m 24       [90m│[39m u16     [90m│[39m NORMAL:f32, POSITION:f32 [90m│[39m 1         [90m│[39m 648 Bytes [90m│[39m
[90m├────[39m[90m┼───────────────────[39m[90m┼───────────[39m[90m┼────────────────[39m[90m┼──────────────[39m[90m┼──────────[39m[90m┼─────────[39m[90m┼──────────────────────────[39m[90m┼───────────[39m[90m┼───────────┤[39m
[90m│[39m 17 [90m│[39m CrateSide_r_1Mesh [90m│[39m TRIANGLES [90m│[39m 1              [90m│[39m 12           [90m│[39m 24       [90m│[39m u16     [90m│[39m NORMAL:f32, POSITION:f32 [90m│[39m 1         [90m│[39m 648 Bytes [90m│[39m
[90m├────[39m[90m┼───────────────────[39m[90m┼───────────[39m[90m┼────────────────[39m[90m┼──────────────[39m[90m┼──────────[39m[90m┼─────────[39m[90m┼──────────────────────────[39m[90m┼───────────[39m[90m┼───────────┤[39m
[90m│[39m 18 [90m│[39m CrateSide_r_2Mesh [90m│[39m TRIANGLES [90m│[39m 1              [90m│[39m 12           [90m│[39m 24       [90m│[39m u16     [90m│[39m NORMAL:f32, POSITION:f32 [90m│[39m 1         [90m│[39m 648 Bytes [90m│[39m
[90m├────[39m[90m┼───────────────────[39m[90m┼───────────[39m[90m┼────────────────[39m[90m┼──────────────[39m[90m┼──────────[39m[90m┼─────────[39m[90m┼──────────────────────────[39m[90m┼───────────[39m[90m┼───────────┤[39m
[90m│[39m 19 [90m│[39m CrateSide_r_3Mesh [90m│[39m TRIANGLES [90m│[39m 1              [90m│[39m 12           [90m│[39m 24       [90m│[39m u16     [90m│[39m NORMAL:f32, POSITION:f32 [90m│[39m 1         [90m│[39m 648 Bytes [90m│[39m
[90m├────[39m[90m┼───────────────────[39m[90m┼───────────[39m[90m┼────────────────[39m[90m┼──────────────[39m[90m┼──────────[39m[90m┼─────────[39m[90m┼──────────────────────────[39m[90m┼───────────[39m[90m┼───────────┤[39m
[90m│[39m 20 [90m│[39m CrateSlat_b_0Mesh [90m│[39m TRIANGLES [90m│[39m 1              [90m│[39m 12           [90m│[39m 24       [90m│[39m u16     [90m│[39m NORMAL:f32, POSITION:f32 [90m│[39m 1         [90m│[39m 648 Bytes [90m│[39m
[90m├────[39m[90m┼───────────────────[39m[90m┼───────────[39m[90m┼────────────────[39m[90m┼──────────────[39m[90m┼──────────[39m[90m┼─────────[39m[90m┼──────────────────────────[39m[90m┼───────────[39m[90m┼───────────┤[39m
[90m│[39m 21 [90m│[39m CrateSlat_b_1Mesh [90m│[39m TRIANGLES [90m│[39m 1              [90m│[39m 12           [90m│[39m 24       [90m│[39m u16     [90m│[39m NORMAL:f32, POSITION:f32 [90m│[39m 1         [90m│[39m 648 Bytes [90m│[39m
[90m├────[39m[90m┼───────────────────[39m[90m┼───────────[39m[90m┼────────────────[39m[90m┼──────────────[39m[90m┼──────────[39m[90m┼─────────[39m[90m┼──────────────────────────[39m[90m┼───────────[39m[90m┼───────────┤[39m
[90m│[39m 22 [90m│[39m CrateSlat_b_2Mesh [90m│[39m TRIANGLES [90m│[39m 1              [90m│[39m 12           [90m│[39m 24       [90m│[39m u16     [90m│[39m NORMAL:f32, POSITION:f32 [90m│[39m 1         [90m│[39m 648 Bytes [90m│[39m
[90m├────[39m[90m┼───────────────────[39m[90m┼───────────[39m[90m┼────────────────[39m[90m┼──────────────[39m[90m┼──────────[39m[90m┼─────────[39m[90m┼──────────────────────────[39m[90m┼───────────[39m[90m┼───────────┤[39m
[90m│[39m 23 [90m│[39m CrateSlat_b_3Mesh [90m│[39m TRIANGLES [90m│[39m 1              [90m│[39m 12           [90m│[39m 24       [90m│[39m u16     [90m│[39m NORMAL:f32, POSITION:f32 [90m│[39m 1         [90m│[39m 648 Bytes [90m│[39m
[90m├────[39m[90m┼───────────────────[39m[90m┼───────────[39m[90m┼────────────────[39m[90m┼──────────────[39m[90m┼──────────[39m[90m┼─────────[39m[90m┼──────────────────────────[39m[90m┼───────────[39m[90m┼───────────┤[39m
[90m│[39m 24 [90m│[39m CrateSlat_b_4Mesh [90m│[39m TRIANGLES [90m│[39m 1              [90m│[39m 12           [90m│[39m 24       [90m│[39m u16     [90m│[39m NORMAL:f32, POSITION:f32 [90m│[39m 1         [90m│[39m 648 Bytes [90m│[39m
[90m├────[39m[90m┼───────────────────[39m[90m┼───────────[39m[90m┼────────────────[39m[90m┼──────────────[39m[90m┼──────────[39m[90m┼─────────[39m[90m┼──────────────────────────[39m[90m┼───────────[39m[90m┼───────────┤[39m
[90m│[39m 25 [90m│[39m CrateSlat_f_0Mesh [90m│[39m TRIANGLES [90m│[39m 1              [90m│[39m 12           [90m│[39m 24       [90m│[39m u16     [90m│[39m NORMAL:f32, POSITION:f32 [90m│[39m 1         [90m│[39m 648 Bytes [90m│[39m
[90m├────[39m[90m┼───────────────────[39m[90m┼───────────[39m[90m┼────────────────[39m[90m┼──────────────[39m[90m┼──────────[39m[90m┼─────────[39m[90m┼──────────────────────────[39m[90m┼───────────[39m[90m┼───────────┤[39m
[90m│[39m 26 [90m│[39m CrateSlat_f_1Mesh [90m│[39m TRIANGLES [90m│[39m 1              [90m│[39m 12           [90m│[39m 24       [90m│[39m u16     [90m│[39m NORMAL:f32, POSITION:f32 [90m│[39m 1         [90m│[39m 648 Bytes [90m│[39m
[90m├────[39m[90m┼───────────────────[39m[90m┼───────────[39m[90m┼────────────────[39m[90m┼──────────────[39m[90m┼──────────[39m[90m┼─────────[39m[90m┼──────────────────────────[39m[90m┼───────────[39m[90m┼───────────┤[39m
[90m│[39m 27 [90m│[39m CrateSlat_f_2Mesh [90m│[39m TRIANGLES [90m│[39m 1              [90m│[39m 12           [90m│[39m 24       [90m│[39m u16     [90m│[39m NORMAL:f32, POSITION:f32 [90m│[39m 1         [90m│[39m 648 Bytes [90m│[39m
[90m├────[39m[90m┼───────────────────[39m[90m┼───────────[39m[90m┼────────────────[39m[90m┼──────────────[39m[90m┼──────────[39m[90m┼─────────[39m[90m┼──────────────────────────[39m[90m┼───────────[39m[90m┼───────────┤[39m
[90m│[39m 28 [90m│[39m CrateSlat_f_3Mesh [90m│[39m TRIANGLES [90m│[39m 1              [90m│[39m 12           [90m│[39m 24       [90m│[39m u16     [90m│[39m NORMAL:f32, POSITION:f32 [90m│[39m 1         [90m│[39m 648 Bytes [90m│[39m
[90m├────[39m[90m┼───────────────────[39m[90m┼───────────[39m[90m┼────────────────[39m[90m┼──────────────[39m[90m┼──────────[39m[90m┼─────────[39m[90m┼──────────────────────────[39m[90m┼───────────[39m[90m┼───────────┤[39m
[90m│[39m 29 [90m│[39m CrateSlat_f_4Mesh [90m│[39m TRIANGLES [90m│[39m 1              [90m│[39m 12           [90m│[39m 24       [90m│[39m u16     [90m│[39m NORMAL:f32, POSITION:f32 [90m│[39m 1         [90m│[39m 648 Bytes [90m│[39m
[90m├────[39m[90m┼───────────────────[39m[90m┼───────────[39m[90m┼────────────────[39m[90m┼──────────────[39m[90m┼──────────[39m[90m┼─────────[39m[90m┼──────────────────────────[39m[90m┼───────────[39m[90m┼───────────┤[39m
[90m│[39m 30 [90m│[39m CrateStamp_0Mesh  [90m│[39m TRIANGLES [90m│[39m 1              [90m│[39m 12           [90m│[39m 24       [90m│[39m u16     [90m│[39m NORMAL:f32, POSITION:f32 [90m│[39m 1         [90m│[39m 648 Bytes [90m│[39m
[90m├────[39m[90m┼───────────────────[39m[90m┼───────────[39m[90m┼────────────────[39m[90m┼──────────────[39m[90m┼──────────[39m[90m┼─────────[39m[90m┼──────────────────────────[39m[90m┼───────────[39m[90m┼───────────┤[39m
[90m│[39m 31 [90m│[39m CrateStamp_1Mesh  [90m│[39m TRIANGLES [90m│[39m 1              [90m│[39m 12           [90m│[39m 24       [90m│[39m u16     [90m│[39m NORMAL:f32, POSITION:f32 [90m│[39m 1         [90m│[39m 648 Bytes [90m│[39m
[90m├────[39m[90m┼───────────────────[39m[90m┼───────────[39m[90m┼────────────────[39m[90m┼──────────────[39m[90m┼──────────[39m[90m┼─────────[39m[90m┼──────────────────────────[39m[90m┼───────────[39m[90m┼───────────┤[39m
[90m│[39m 32 [90m│[39m CrateStamp_2Mesh  [90m│[39m TRIANGLES [90m│[39m 1              [90m│[39m 12           [90m│[39m 24       [90m│[39m u16     [90m│[39m NORMAL:f32, POSITION:f32 [90m│[39m 1         [90m│[39m 648 Bytes [90m│[39m
[90m├────[39m[90m┼───────────────────[39m[90m┼───────────[39m[90m┼────────────────[39m[90m┼──────────────[39m[90m┼──────────[39m[90m┼─────────[39m[90m┼──────────────────────────[39m[90m┼───────────[39m[90m┼───────────┤[39m
[90m│[39m 33 [90m│[39m CrateStamp_3Mesh  [90m│[39m TRIANGLES [90m│[39m 1              [90m│[39m 12           [90m│[39m 24       [90m│[39m u16     [90m│[39m NORMAL:f32, POSITION:f32 [90m│[39m 1         [90m│[39m 648 Bytes [90m│[39m
[90m├────[39m[90m┼───────────────────[39m[90m┼───────────[39m[90m┼────────────────[39m[90m┼──────────────[39m[90m┼──────────[39m[90m┼─────────[39m[90m┼──────────────────────────[39m[90m┼───────────[39m[90m┼───────────┤[39m
[90m│[39m 34 [90m│[39m CrateStamp_4Mesh  [90m│[39m TRIANGLES [90m│[39m 1              [90m│[39m 12           [90m│[39m 24       [90m│[39m u16     [90m│[39m NORMAL:f32, POSITION:f32 [90m│[39m 1         [90m│[39m 648 Bytes [90m│[39m
[90m├────[39m[90m┼───────────────────[39m[90m┼───────────[39m[90m┼────────────────[39m[90m┼──────────────[39m[90m┼──────────[39m[90m┼─────────[39m[90m┼──────────────────────────[39m[90m┼───────────[39m[90m┼───────────┤[39m
[90m│[39m 35 [90m│[39m CrateStamp_5Mesh  [90m│[39m TRIANGLES [90m│[39m 1              [90m│[39m 12           [90m│[39m 24       [90m│[39m u16     [90m│[39m NORMAL:f32, POSITION:f32 [90m│[39m 1         [90m│[39m 648 Bytes [90m│[39m
[90m├────[39m[90m┼───────────────────[39m[90m┼───────────[39m[90m┼────────────────[39m[90m┼──────────────[39m[90m┼──────────[39m[90m┼─────────[39m[90m┼──────────────────────────[39m[90m┼───────────[39m[90m┼───────────┤[39m
[90m│[39m 36 [90m│[39m CrateStamp_6Mesh  [90m│[39m TRIANGLES [90m│[39m 1              [90m│[39m 12           [90m│[39m 24       [90m│[39m u16     [90m│[39m NORMAL:f32, POSITION:f32 [90m│[39m 1         [90m│[39m 648 Bytes [90m│[39m
[90m├────[39m[90m┼───────────────────[39m[90m┼───────────[39m[90m┼────────────────[39m[90m┼──────────────[39m[90m┼──────────[39m[90m┼─────────[39m[90m┼──────────────────────────[39m[90m┼───────────[39m[90m┼───────────┤[39m
[90m│[39m 37 [90m│[39m CrateStamp_7Mesh  [90m│[39m TRIANGLES [90m│[39m 1              [90m│[39m 12           [90m│[39m 24       [90m│[39m u16     [90m│[39m NORMAL:f32, POSITION:f32 [90m│[39m 1         [90m│[39m 648 Bytes [90m│[39m
[90m├────[39m[90m┼───────────────────[39m[90m┼───────────[39m[90m┼────────────────[39m[90m┼──────────────[39m[90m┼──────────[39m[90m┼─────────[39m[90m┼──────────────────────────[39m[90m┼───────────[39m[90m┼───────────┤[39m
[90m│[39m 38 [90m│[39m CrateStamp_8Mesh  [90m│[39m TRIANGLES [90m│[39m 1              [90m│[39m 12           [90m│[39m 24       [90m│[39m u16     [90m│[39m NORMAL:f32, POSITION:f32 [90m│[39m 1         [90m│[39m 648 Bytes [90m│[39m
[90m├────[39m[90m┼───────────────────[39m[90m┼───────────[39m[90m┼────────────────[39m[90m┼──────────────[39m[90m┼──────────[39m[90m┼─────────[39m[90m┼──────────────────────────[39m[90m┼───────────[39m[90m┼───────────┤[39m
[90m│[39m 39 [90m│[39m CrateStamp_9Mesh  [90m│[39m TRIANGLES [90m│[39m 1              [90m│[39m 12           [90m│[39m 24       [90m│[39m u16     [90m│[39m NORMAL:f32, POSITION:f32 [90m│[39m 1         [90m│[39m 648 Bytes [90m│[39m
[90m├────[39m[90m┼───────────────────[39m[90m┼───────────[39m[90m┼────────────────[39m[90m┼──────────────[39m[90m┼──────────[39m[90m┼─────────[39m[90m┼──────────────────────────[39m[90m┼───────────[39m[90m┼───────────┤[39m
[90m│[39m 40 [90m│[39m CrateStamp_10Mesh [90m│[39m TRIANGLES [90m│[39m 1              [90m│[39m 12           [90m│[39m 24       [90m│[39m u16     [90m│[39m NORMAL:f32, POSITION:f32 [90m│[39m 1         [90m│[39m 648 Bytes [90m│[39m
[90m├────[39m[90m┼───────────────────[39m[90m┼───────────[39m[90m┼────────────────[39m[90m┼──────────────[39m[90m┼──────────[39m[90m┼─────────[39m[90m┼──────────────────────────[39m[90m┼───────────[39m[90m┼───────────┤[39m
[90m│[39m 41 [90m│[39m CrateStamp_11Mesh [90m│[39m TRIANGLES [90m│[39m 1              [90m│[39m 12           [90m│[39m 24       [90m│[39m u16     [90m│[39m NORMAL:f32, POSITION:f32 [90m│[39m 1         [90m│[39m 648 Bytes [90m│[39m
[90m├────[39m[90m┼───────────────────[39m[90m┼───────────[39m[90m┼────────────────[39m[90m┼──────────────[39m[90m┼──────────[39m[90m┼─────────[39m[90m┼──────────────────────────[39m[90m┼───────────[39m[90m┼───────────┤[39m
[90m│[39m 42 [90m│[39m CrateStamp_12Mesh [90m│[39m TRIANGLES [90m│[39m 1              [90m│[39m 12           [90m│[39m 24       [90m│[39m u16     [90m│[39m NORMAL:f32, POSITION:f32 [90m│[39m 1         [90m│[39m 648 Bytes [90m│[39m
[90m├────[39m[90m┼───────────────────[39m[90m┼───────────[39m[90m┼────────────────[39m[90m┼──────────────[39m[90m┼──────────[39m[90m┼─────────[39m[90m┼──────────────────────────[39m[90m┼───────────[39m[90m┼───────────┤[39m
[90m│[39m 43 [90m│[39m CrateStamp_13Mesh [90m│[39m TRIANGLES [90m│[39m 1              [90m│[39m 12           [90m│[39m 24       [90m│[39m u16     [90m│[39m NORMAL:f32, POSITION:f32 [90m│[39m 1         [90m│[39m 648 Bytes [90m│[39m
[90m├────[39m[90m┼───────────────────[39m[90m┼───────────[39m[90m┼────────────────[39m[90m┼──────────────[39m[90m┼──────────[39m[90m┼─────────[39m[90m┼──────────────────────────[39m[90m┼───────────[39m[90m┼───────────┤[39m
[90m│[39m 44 [90m│[39m CrateStamp_14Mesh [90m│[39m TRIANGLES [90m│[39m 1              [90m│[39m 12           [90m│[39m 24       [90m│[39m u16     [90m│[39m NORMAL:f32, POSITION:f32 [90m│[39m 1         [90m│[39m 648 Bytes [90m│[39m
[90m├────[39m[90m┼───────────────────[39m[90m┼───────────[39m[90m┼────────────────[39m[90m┼──────────────[39m[90m┼──────────[39m[90m┼─────────[39m[90m┼──────────────────────────[39m[90m┼───────────[39m[90m┼───────────┤[39m
[90m│[39m 45 [90m│[39m CrateStamp_15Mesh [90m│[39m TRIANGLES [90m│[39m 1              [90m│[39m 12           [90m│[39m 24       [90m│[39m u16     [90m│[39m NORMAL:f32, POSITION:f32 [90m│[39m 1         [90m│[39m 648 Bytes [90m│[39m
[90m├────[39m[90m┼───────────────────[39m[90m┼───────────[39m[90m┼────────────────[39m[90m┼──────────────[39m[90m┼──────────[39m[90m┼─────────[39m[90m┼──────────────────────────[39m[90m┼───────────[39m[90m┼───────────┤[39m
[90m│[39m 46 [90m│[39m CrateStamp_16Mesh [90m│[39m TRIANGLES [90m│[39m 1              [90m│[39m 12           [90m│[39m 24       [90m│[39m u16     [90m│[39m NORMAL:f32, POSITION:f32 [90m│[39m 1         [90m│[39m 648 Bytes [90m│[39m
[90m├────[39m[90m┼───────────────────[39m[90m┼───────────[39m[90m┼────────────────[39m[90m┼──────────────[39m[90m┼──────────[39m[90m┼─────────[39m[90m┼──────────────────────────[39m[90m┼───────────[39m[90m┼───────────┤[39m
[90m│[39m 47 [90m│[39m CrateStamp_17Mesh [90m│[39m TRIANGLES [90m│[39m 1              [90m│[39m 12           [90m│[39m 24       [90m│[39m u16     [90m│[39m NORMAL:f32, POSITION:f32 [90m│[39m 1         [90m│[39m 648 Bytes [90m│[39m
[90m├────[39m[90m┼───────────────────[39m[90m┼───────────[39m[90m┼────────────────[39m[90m┼──────────────[39m[90m┼──────────[39m[90m┼─────────[39m[90m┼──────────────────────────[39m[90m┼───────────[39m[90m┼───────────┤[39m
[90m│[39m 48 [90m│[39m CrateStrap_0Mesh  [90m│[39m TRIANGLES [90m│[39m 1              [90m│[39m 12           [90m│[39m 24       [90m│[39m u16     [90m│[39m NORMAL:f32, POSITION:f32 [90m│[39m 1         [90m│[39m 648 Bytes [90m│[39m
[90m├────[39m[90m┼───────────────────[39m[90m┼───────────[39m[90m┼────────────────[39m[90m┼──────────────[39m[90m┼──────────[39m[90m┼─────────[39m[90m┼──────────────────────────[39m[90m┼───────────[39m[90m┼───────────┤[39m
[90m│[39m 49 [90m│[39m CrateStrap_1Mesh  [90m│[39m TRIANGLES [90m│[39m 1              [90m│[39m 12           [90m│[39m 24       [90m│[39m u16     [90m│[39m NORMAL:f32, POSITION:f32 [90m│[39m 1         [90m│[39m 648 Bytes [90m│[39m
[90m├────[39m[90m┼───────────────────[39m[90m┼───────────[39m[90m┼────────────────[39m[90m┼──────────────[39m[90m┼──────────[39m[90m┼─────────[39m[90m┼──────────────────────────[39m[90m┼───────────[39m[90m┼───────────┤[39m
[90m│[39m 50 [90m│[39m CrateStrap_2Mesh  [90m│[39m TRIANGLES [90m│[39m 1              [90m│[39m 12           [90m│[39m 24       [90m│[39m u16     [90m│[39m NORMAL:f32, POSITION:f32 [90m│[39m 1         [90m│[39m 648 Bytes [90m│[39m
[90m└────[39m[90m┴───────────────────[39m[90m┴───────────[39m[90m┴────────────────[39m[90m┴──────────────[39m[90m┴──────────[39m[90m┴─────────[39m[90m┴──────────────────────────[39m[90m┴───────────[39m[90m┴───────────┘[39m

⁴ size estimates GPU memory required by a mesh, in isolation. If accessors are
  shared by other mesh primitives, but the meshes themselves are not reused, then
  the sum of all mesh sizes will overestimate the asset's total size. See "dedup".



 MATERIALS
 ────────────────────────────────────────────
[90m┌───[39m[90m┬───────────────[39m[90m┬───────────[39m[90m┬──────────[39m[90m┬───────────[39m[90m┬─────────────┐[39m
[90m│[39m[31m # [39m[90m│[39m[31m name          [39m[90m│[39m[31m instances [39m[90m│[39m[31m textures [39m[90m│[39m[31m alphaMode [39m[90m│[39m[31m doubleSided [39m[90m│[39m
[90m├───[39m[90m┼───────────────[39m[90m┼───────────[39m[90m┼──────────[39m[90m┼───────────[39m[90m┼─────────────┤[39m
[90m│[39m 0 [90m│[39m CratePineDark [90m│[39m 13        [90m│[39m          [90m│[39m OPAQUE    [90m│[39m ✓           [90m│[39m
[90m├───[39m[90m┼───────────────[39m[90m┼───────────[39m[90m┼──────────[39m[90m┼───────────[39m[90m┼─────────────┤[39m
[90m│[39m 1 [90m│[39m CrateLid      [90m│[39m 3         [90m│[39m          [90m│[39m OPAQUE    [90m│[39m ✓           [90m│[39m
[90m├───[39m[90m┼───────────────[39m[90m┼───────────[39m[90m┼──────────[39m[90m┼───────────[39m[90m┼─────────────┤[39m
[90m│[39m 2 [90m│[39m CratePine     [90m│[39m 12        [90m│[39m          [90m│[39m OPAQUE    [90m│[39m ✓           [90m│[39m
[90m├───[39m[90m┼───────────────[39m[90m┼───────────[39m[90m┼──────────[39m[90m┼───────────[39m[90m┼─────────────┤[39m
[90m│[39m 3 [90m│[39m CrateIron     [90m│[39m 5         [90m│[39m          [90m│[39m OPAQUE    [90m│[39m ✓           [90m│[39m
[90m├───[39m[90m┼───────────────[39m[90m┼───────────[39m[90m┼──────────[39m[90m┼───────────[39m[90m┼─────────────┤[39m
[90m│[39m 4 [90m│[39m CrateStencil  [90m│[39m 18        [90m│[39m          [90m│[39m OPAQUE    [90m│[39m ✓           [90m│[39m
[90m└───[39m[90m┴───────────────[39m[90m┴───────────[39m[90m┴──────────[39m[90m┴───────────[39m[90m┴─────────────┘[39m



 TEXTURES
 ────────────────────────────────────────────
No textures found.


 ANIMATIONS
 ────────────────────────────────────────────
No animations found.

