_XSERVTransmkdir: Owner of /tmp/.X11-unix should be set to root
/tmp/ambush-cloud-verify-u6ub8234/ambush_loop/ArtSource/build_yard_crate.py:379: DeprecationWarning: 'World.use_nodes' is expected to be removed in Blender 6.0
  world.use_nodes = True
/tmp/ambush-cloud-verify-u6ub8234/ambush_loop/ArtSource/build_yard_crate.py:66: DeprecationWarning: 'Material.use_nodes' is expected to be removed in Blender 6.0
  mat.use_nodes = True
00:27.590  render           | Saved: '/tmp/ambush-cloud-verify-u6ub8234/ambush_loop/ArtSource/_turn_tmp/clay_front.png'
00:35.104  render           | Saved: '/tmp/ambush-cloud-verify-u6ub8234/ambush_loop/ArtSource/_turn_tmp/clay_side.png'
00:42.667  render           | Saved: '/tmp/ambush-cloud-verify-u6ub8234/ambush_loop/ArtSource/_turn_tmp/clay_rear.png'
00:50.424  render           | Saved: '/tmp/ambush-cloud-verify-u6ub8234/ambush_loop/ArtSource/_turn_tmp/shade_front.png'
00:58.195  render           | Saved: '/tmp/ambush-cloud-verify-u6ub8234/ambush_loop/ArtSource/_turn_tmp/shade_side.png'
01:06.136  render           | Saved: '/tmp/ambush-cloud-verify-u6ub8234/ambush_loop/ArtSource/_turn_tmp/shade_rear.png'
01:17.593  render           | Saved: '/tmp/ambush-cloud-verify-u6ub8234/ambush_loop/ArtSource/yard_crate_iso.png'
01:28.707  render           | Saved: '/tmp/ambush-cloud-verify-u6ub8234/ambush_loop/ArtSource/yard_crate_top.png'
INFO Draco is available, use library at /workspace/ambush-environment/tools/opt/blender-5.2.2/lib/libbf_intern_draco_bridge.so
INFO MeshOptimizer is available, use library at /workspace/ambush-environment/tools/opt/blender-5.2.2/lib/libbf_intern_meshopt_bridge.so
18:40:38 | INFO: Starting glTF 2.0 export
18:40:38 | INFO: Extracting primitive: CrateFloorMesh
18:40:38 | INFO: Primitives created: 1
18:40:38 | INFO: Extracting primitive: CrateLid_0Mesh
18:40:38 | INFO: Primitives created: 1
18:40:38 | INFO: Extracting primitive: CrateLid_1Mesh
18:40:38 | INFO: Primitives created: 1
18:40:38 | INFO: Extracting primitive: CrateLid_2Mesh
18:40:38 | INFO: Primitives created: 1
18:40:38 | INFO: Extracting primitive: CrateLid_3Mesh
18:40:38 | INFO: Primitives created: 1
18:40:38 | INFO: Extracting primitive: CrateLid_4Mesh
18:40:38 | INFO: Primitives created: 1
18:40:38 | INFO: Extracting primitive: CratePost_neMesh
18:40:38 | INFO: Primitives created: 1
18:40:38 | INFO: Extracting primitive: CratePost_nwMesh
18:40:38 | INFO: Primitives created: 1
18:40:38 | INFO: Extracting primitive: CratePost_seMesh
18:40:38 | INFO: Primitives created: 1
18:40:38 | INFO: Extracting primitive: CratePost_swMesh
18:40:38 | INFO: Primitives created: 1
18:40:38 | INFO: Extracting primitive: CrateRail_nMesh
18:40:38 | INFO: Primitives created: 1
18:40:38 | INFO: Extracting primitive: CrateRail_sMesh
18:40:38 | INFO: Primitives created: 1
18:40:38 | INFO: Extracting primitive: CrateSide_l_0Mesh
18:40:38 | INFO: Primitives created: 1
18:40:38 | INFO: Extracting primitive: CrateSide_l_1Mesh
18:40:38 | INFO: Primitives created: 1
18:40:38 | INFO: Extracting primitive: CrateSide_l_2Mesh
18:40:38 | INFO: Primitives created: 1
18:40:38 | INFO: Extracting primitive: CrateSide_l_3Mesh
18:40:38 | INFO: Primitives created: 1
18:40:38 | INFO: Extracting primitive: CrateSide_r_0Mesh
18:40:38 | INFO: Primitives created: 1
18:40:38 | INFO: Extracting primitive: CrateSide_r_1Mesh
18:40:38 | INFO: Primitives created: 1
18:40:38 | INFO: Extracting primitive: CrateSide_r_2Mesh
18:40:38 | INFO: Primitives created: 1
18:40:38 | INFO: Extracting primitive: CrateSide_r_3Mesh
18:40:38 | INFO: Primitives created: 1
18:40:38 | INFO: Extracting primitive: CrateSlat_b_0Mesh
18:40:38 | INFO: Primitives created: 1
18:40:38 | INFO: Extracting primitive: CrateSlat_b_1Mesh
18:40:38 | INFO: Primitives created: 1
18:40:38 | INFO: Extracting primitive: CrateSlat_b_2Mesh
18:40:38 | INFO: Primitives created: 1
18:40:38 | INFO: Extracting primitive: CrateSlat_b_3Mesh
18:40:38 | INFO: Primitives created: 1
18:40:38 | INFO: Extracting primitive: CrateSlat_b_4Mesh
18:40:38 | INFO: Primitives created: 1
18:40:38 | INFO: Extracting primitive: CrateSlat_f_0Mesh
18:40:38 | INFO: Primitives created: 1
18:40:38 | INFO: Extracting primitive: CrateSlat_f_1Mesh
18:40:38 | INFO: Primitives created: 1
18:40:38 | INFO: Extracting primitive: CrateSlat_f_2Mesh
18:40:38 | INFO: Primitives created: 1
18:40:38 | INFO: Extracting primitive: CrateSlat_f_3Mesh
18:40:38 | INFO: Primitives created: 1
18:40:38 | INFO: Extracting primitive: CrateSlat_f_4Mesh
18:40:38 | INFO: Primitives created: 1
18:40:38 | INFO: Extracting primitive: CrateStamp_0Mesh
18:40:38 | INFO: Primitives created: 1
18:40:38 | INFO: Extracting primitive: CrateStamp_1Mesh
18:40:38 | INFO: Primitives created: 1
18:40:38 | INFO: Extracting primitive: CrateStamp_2Mesh
18:40:38 | INFO: Primitives created: 1
18:40:38 | INFO: Extracting primitive: CrateStamp_3Mesh
18:40:38 | INFO: Primitives created: 1
18:40:38 | INFO: Extracting primitive: CrateStamp_4Mesh
18:40:38 | INFO: Primitives created: 1
18:40:38 | INFO: Extracting primitive: CrateStamp_5Mesh
18:40:38 | INFO: Primitives created: 1
18:40:38 | INFO: Extracting primitive: CrateStamp_6Mesh
18:40:38 | INFO: Primitives created: 1
18:40:38 | INFO: Extracting primitive: CrateStamp_7Mesh
18:40:38 | INFO: Primitives created: 1
18:40:38 | INFO: Extracting primitive: CrateStamp_8Mesh
18:40:38 | INFO: Primitives created: 1
18:40:38 | INFO: Extracting primitive: CrateStamp_9Mesh
18:40:38 | INFO: Primitives created: 1
18:40:38 | INFO: Extracting primitive: CrateStamp_10Mesh
18:40:38 | INFO: Primitives created: 1
18:40:38 | INFO: Extracting primitive: CrateStamp_11Mesh
18:40:38 | INFO: Primitives created: 1
18:40:38 | INFO: Extracting primitive: CrateStamp_12Mesh
18:40:38 | INFO: Primitives created: 1
18:40:38 | INFO: Extracting primitive: CrateStamp_13Mesh
18:40:38 | INFO: Primitives created: 1
18:40:38 | INFO: Extracting primitive: CrateStamp_14Mesh
18:40:38 | INFO: Primitives created: 1
18:40:38 | INFO: Extracting primitive: CrateStamp_15Mesh
18:40:38 | INFO: Primitives created: 1
18:40:38 | INFO: Extracting primitive: CrateStamp_16Mesh
18:40:38 | INFO: Primitives created: 1
18:40:38 | INFO: Extracting primitive: CrateStamp_17Mesh
18:40:38 | INFO: Primitives created: 1
18:40:38 | INFO: Extracting primitive: CrateStrap_0Mesh
18:40:38 | INFO: Primitives created: 1
18:40:38 | INFO: Extracting primitive: CrateStrap_1Mesh
18:40:38 | INFO: Primitives created: 1
18:40:38 | INFO: Extracting primitive: CrateStrap_2Mesh
18:40:38 | INFO: Primitives created: 1
18:40:38 | INFO: Finished glTF 2.0 export in 0.060111284255981445 s

LOOK_CRATE_GLB /tmp/ambush-cloud-verify-u6ub8234/ambush_loop/ArtSource/yard_crate.glb bytes 62680
LOOK_CRATE_SHEET /tmp/ambush-cloud-verify-u6ub8234/ambush_loop/ArtSource/yard_crate_turnaround.png bytes 324582
LOOK_CRATE_ISO /tmp/ambush-cloud-verify-u6ub8234/ambush_loop/ArtSource/yard_crate_iso.png bytes 39785
LOOK_CRATE_TOP /tmp/ambush-cloud-verify-u6ub8234/ambush_loop/ArtSource/yard_crate_top.png bytes 35172
Blender 5.2.2 LTS (hash d13f752e3b9c built 2026-09-15 01:34:58)

Blender quit
