TEST_RUN_ID=ea69370b148040e5a42608cc9e2c08a7
TEST_DATA_ROOT=/workspace/ambush-loop/ambush_loop/build/ambush_test_runs/ea69370b148040e5a42608cc9e2c08a7/data
TEST_ENTRY=accept_cta_flow_gate.gd
Godot Engine v4.7.2.stable.official.ed1daf0bf - https://godotengine.org

TEST_STORAGE_ISOLATED user_dir=/workspace/ambush-loop/ambush_loop/build/ambush_test_runs/ea69370b148040e5a42608cc9e2c08a7/data/godot/app_userdata/Ambush Loop run_id=ea69370b148040e5a42608cc9e2c08a7
AMBL_MEM stage=audio.ready.begin static_bytes=26175618 static_peak_bytes=31909383 objects=1492
AMBL_MEM stage=audio.sfx_pool.ready static_bytes=26909810 static_peak_bytes=31909383 objects=1627
AMBL_MEM stage=audio.music_beds.ready static_bytes=27067366 static_peak_bytes=31909383 objects=1633
AMBL_MEM stage=audio.ready.done static_bytes=27068370 static_peak_bytes=31909383 objects=1633
AMBL_MEM stage=title.ready.begin static_bytes=51835189 static_peak_bytes=51836845 objects=1681
AMBL_MEM stage=title.theme.ready static_bytes=60454469 static_peak_bytes=60454597 objects=1703
AMBL_MEM stage=title.modals.ready static_bytes=63053277 static_peak_bytes=63053809 objects=1894
AMBL_MEM stage=title.pause_and_intro.ready static_bytes=64057811 static_peak_bytes=64060619 objects=1975
AMBL_MEM stage=title.ready.done static_bytes=64473871 static_peak_bytes=64477071 objects=2031
ANDROID_ACCEPT_PRESSED level=yard
AMBL_MEM stage=title.accept.before_transition static_bytes=71017113 static_peak_bytes=71045081 objects=2120
AMBL_MEM stage=main.ready.begin static_bytes=94694078 static_peak_bytes=172696449 objects=1914
AMBL_MEM stage=main.hud.ready static_bytes=98595260 static_peak_bytes=172696449 objects=2462
AMBL_MEM stage=main.controllers.ready static_bytes=103462060 static_peak_bytes=172696449 objects=3270
AMBL_MEM stage=main.mission_audio.started static_bytes=103536842 static_peak_bytes=172696449 objects=3275
AMBL_MEM stage=main.level.ready static_bytes=107355187 static_peak_bytes=172696449 objects=3802
ACCEPT_CTA_FLOW_OK level=yard frames=1
TEST_LOG=/workspace/ambush-loop/ambush_loop/build/ambush_test_runs/ea69370b148040e5a42608cc9e2c08a7/run.log
