/workspace/ambush-environment/exit-tests/xvfb/build_yard_crate.py:379: DeprecationWarning: 'World.use_nodes' is expected to be removed in Blender 6.0
  world.use_nodes = True
/workspace/ambush-environment/exit-tests/xvfb/build_yard_crate.py:66: DeprecationWarning: 'Material.use_nodes' is expected to be removed in Blender 6.0
  mat.use_nodes = True
00:16.279  render           | Saved: '/workspace/ambush-environment/exit-tests/xvfb/_turn_tmp/clay_front.png'
00:30.132  render           | Saved: '/workspace/ambush-environment/exit-tests/xvfb/_turn_tmp/clay_side.png'
00:44.979  render           | Saved: '/workspace/ambush-environment/exit-tests/xvfb/_turn_tmp/clay_rear.png'
00:53.976  render           | Saved: '/workspace/ambush-environment/exit-tests/xvfb/_turn_tmp/shade_front.png'
01:01.401  render           | Saved: '/workspace/ambush-environment/exit-tests/xvfb/_turn_tmp/shade_side.png'
01:09.122  render           | Saved: '/workspace/ambush-environment/exit-tests/xvfb/_turn_tmp/shade_rear.png'
01:20.122  render           | Saved: '/workspace/ambush-environment/exit-tests/xvfb/yard_crate_iso.png'
01:27.596  render           | Saved: '/workspace/ambush-environment/exit-tests/xvfb/yard_crate_top.png'
INFO Draco is available, use library at /workspace/ambush-environment/look/blender-5.2.2-linux-x64/lib/libbf_intern_draco_bridge.so
INFO MeshOptimizer is available, use library at /workspace/ambush-environment/look/blender-5.2.2-linux-x64/lib/libbf_intern_meshopt_bridge.so
11:21:52 | INFO: Starting glTF 2.0 export
11:21:52 | INFO: Extracting primitive: CrateFloorMesh
11:21:52 | INFO: Primitives created: 1
11:21:52 | INFO: Extracting primitive: CrateLid_0Mesh
11:21:52 | INFO: Primitives created: 1
11:21:52 | INFO: Extracting primitive: CrateLid_1Mesh
11:21:52 | INFO: Primitives created: 1
11:21:52 | INFO: Extracting primitive: CrateLid_2Mesh
11:21:52 | INFO: Primitives created: 1
11:21:52 | INFO: Extracting primitive: CrateLid_3Mesh
11:21:52 | INFO: Primitives created: 1
11:21:52 | INFO: Extracting primitive: CrateLid_4Mesh
11:21:52 | INFO: Primitives created: 1
11:21:52 | INFO: Extracting primitive: CratePost_neMesh
11:21:52 | INFO: Primitives created: 1
11:21:52 | INFO: Extracting primitive: CratePost_nwMesh
11:21:52 | INFO: Primitives created: 1
11:21:52 | INFO: Extracting primitive: CratePost_seMesh
11:21:52 | INFO: Primitives created: 1
11:21:52 | INFO: Extracting primitive: CratePost_swMesh
11:21:52 | INFO: Primitives created: 1
11:21:52 | INFO: Extracting primitive: CrateRail_nMesh
11:21:52 | INFO: Primitives created: 1
11:21:52 | INFO: Extracting primitive: CrateRail_sMesh
11:21:52 | INFO: Primitives created: 1
11:21:52 | INFO: Extracting primitive: CrateSide_l_0Mesh
11:21:52 | INFO: Primitives created: 1
11:21:52 | INFO: Extracting primitive: CrateSide_l_1Mesh
11:21:52 | INFO: Primitives created: 1
11:21:52 | INFO: Extracting primitive: CrateSide_l_2Mesh
11:21:52 | INFO: Primitives created: 1
11:21:52 | INFO: Extracting primitive: CrateSide_l_3Mesh
11:21:52 | INFO: Primitives created: 1
11:21:52 | INFO: Extracting primitive: CrateSide_r_0Mesh
11:21:52 | INFO: Primitives created: 1
11:21:52 | INFO: Extracting primitive: CrateSide_r_1Mesh
11:21:52 | INFO: Primitives created: 1
11:21:52 | INFO: Extracting primitive: CrateSide_r_2Mesh
11:21:52 | INFO: Primitives created: 1
11:21:52 | INFO: Extracting primitive: CrateSide_r_3Mesh
11:21:52 | INFO: Primitives created: 1
11:21:52 | INFO: Extracting primitive: CrateSlat_b_0Mesh
11:21:52 | INFO: Primitives created: 1
11:21:52 | INFO: Extracting primitive: CrateSlat_b_1Mesh
11:21:52 | INFO: Primitives created: 1
11:21:52 | INFO: Extracting primitive: CrateSlat_b_2Mesh
11:21:52 | INFO: Primitives created: 1
11:21:52 | INFO: Extracting primitive: CrateSlat_b_3Mesh
11:21:52 | INFO: Primitives created: 1
11:21:52 | INFO: Extracting primitive: CrateSlat_b_4Mesh
11:21:52 | INFO: Primitives created: 1
11:21:52 | INFO: Extracting primitive: CrateSlat_f_0Mesh
11:21:52 | INFO: Primitives created: 1
11:21:52 | INFO: Extracting primitive: CrateSlat_f_1Mesh
11:21:52 | INFO: Primitives created: 1
11:21:52 | INFO: Extracting primitive: CrateSlat_f_2Mesh
11:21:52 | INFO: Primitives created: 1
11:21:52 | INFO: Extracting primitive: CrateSlat_f_3Mesh
11:21:52 | INFO: Primitives created: 1
11:21:52 | INFO: Extracting primitive: CrateSlat_f_4Mesh
11:21:52 | INFO: Primitives created: 1
11:21:52 | INFO: Extracting primitive: CrateStamp_0Mesh
11:21:52 | INFO: Primitives created: 1
11:21:52 | INFO: Extracting primitive: CrateStamp_1Mesh
11:21:52 | INFO: Primitives created: 1
11:21:52 | INFO: Extracting primitive: CrateStamp_2Mesh
11:21:52 | INFO: Primitives created: 1
11:21:52 | INFO: Extracting primitive: CrateStamp_3Mesh
11:21:52 | INFO: Primitives created: 1
11:21:52 | INFO: Extracting primitive: CrateStamp_4Mesh
11:21:52 | INFO: Primitives created: 1
11:21:52 | INFO: Extracting primitive: CrateStamp_5Mesh
11:21:52 | INFO: Primitives created: 1
11:21:52 | INFO: Extracting primitive: CrateStamp_6Mesh
11:21:52 | INFO: Primitives created: 1
11:21:52 | INFO: Extracting primitive: CrateStamp_7Mesh
11:21:52 | INFO: Primitives created: 1
11:21:52 | INFO: Extracting primitive: CrateStamp_8Mesh
11:21:52 | INFO: Primitives created: 1
11:21:52 | INFO: Extracting primitive: CrateStamp_9Mesh
11:21:52 | INFO: Primitives created: 1
11:21:52 | INFO: Extracting primitive: CrateStamp_10Mesh
11:21:52 | INFO: Primitives created: 1
11:21:52 | INFO: Extracting primitive: CrateStamp_11Mesh
11:21:52 | INFO: Primitives created: 1
11:21:52 | INFO: Extracting primitive: CrateStamp_12Mesh
11:21:52 | INFO: Primitives created: 1
11:21:52 | INFO: Extracting primitive: CrateStamp_13Mesh
11:21:52 | INFO: Primitives created: 1
11:21:52 | INFO: Extracting primitive: CrateStamp_14Mesh
11:21:52 | INFO: Primitives created: 1
11:21:52 | INFO: Extracting primitive: CrateStamp_15Mesh
11:21:52 | INFO: Primitives created: 1
11:21:52 | INFO: Extracting primitive: CrateStamp_16Mesh
11:21:52 | INFO: Primitives created: 1
11:21:52 | INFO: Extracting primitive: CrateStamp_17Mesh
11:21:52 | INFO: Primitives created: 1
11:21:52 | INFO: Extracting primitive: CrateStrap_0Mesh
11:21:52 | INFO: Primitives created: 1
11:21:52 | INFO: Extracting primitive: CrateStrap_1Mesh
11:21:52 | INFO: Primitives created: 1
11:21:52 | INFO: Extracting primitive: CrateStrap_2Mesh
11:21:52 | INFO: Primitives created: 1
11:21:52 | INFO: Finished glTF 2.0 export in 0.0521702766418457 s

LOOK_CRATE_GLB /workspace/ambush-environment/exit-tests/xvfb/yard_crate.glb bytes 62680
LOOK_CRATE_SHEET /workspace/ambush-environment/exit-tests/xvfb/yard_crate_turnaround.png bytes 324582
LOOK_CRATE_ISO /workspace/ambush-environment/exit-tests/xvfb/yard_crate_iso.png bytes 39785
LOOK_CRATE_TOP /workspace/ambush-environment/exit-tests/xvfb/yard_crate_top.png bytes 35172
Blender 5.2.2 LTS (hash d13f752e3b9c built 2026-09-15 01:34:58)

Blender quit
