Blender 4.3.2
Read blend: "/workspace/ambush-actors-dot/ambush_loop/ArtSource/v2/actors.blend"
Fra:18 Mem:32.70M (Peak 32.70M) | Time:00:00.00 | Mem:0.00M, Peak:0.00M | Scene, ViewLayer | Synchronizing object | Plane
Fra:18 Mem:32.70M (Peak 32.70M) | Time:00:00.00 | Mem:0.00M, Peak:0.00M | Scene, ViewLayer | Synchronizing object | enemy_patrol_body
Fra:18 Mem:33.95M (Peak 33.95M) | Time:00:00.00 | Mem:0.00M, Peak:0.00M | Scene, ViewLayer | Initializing
Fra:18 Mem:33.17M (Peak 33.95M) | Time:00:00.00 | Mem:0.00M, Peak:0.00M | Scene, ViewLayer | Updating Images | Loading actor_atlas_orm
Fra:18 Mem:33.17M (Peak 33.95M) | Time:00:00.00 | Mem:0.00M, Peak:0.00M | Scene, ViewLayer | Updating Images | Loading actor_atlas_normal
Fra:18 Mem:43.54M (Peak 61.21M) | Time:00:00.04 | Mem:12.00M, Peak:12.00M | Scene, ViewLayer | Waiting for render to start
Fra:18 Mem:43.54M (Peak 61.21M) | Time:00:00.04 | Mem:12.00M, Peak:12.00M | Scene, ViewLayer | Loading render kernels (may take a few minutes the first time)
Fra:18 Mem:43.54M (Peak 61.21M) | Time:00:00.04 | Mem:12.00M, Peak:12.00M | Scene, ViewLayer | Updating Scene
Fra:18 Mem:43.54M (Peak 61.21M) | Time:00:00.04 | Mem:12.00M, Peak:12.00M | Scene, ViewLayer | Updating Shaders
Fra:18 Mem:43.62M (Peak 61.21M) | Time:00:00.04 | Mem:12.00M, Peak:12.00M | Scene, ViewLayer | Updating Procedurals
Fra:18 Mem:43.62M (Peak 61.21M) | Time:00:00.04 | Mem:12.00M, Peak:12.00M | Scene, ViewLayer | Updating Background
Fra:18 Mem:43.62M (Peak 61.21M) | Time:00:00.04 | Mem:12.00M, Peak:12.00M | Scene, ViewLayer | Updating Camera
Fra:18 Mem:43.62M (Peak 61.21M) | Time:00:00.04 | Mem:12.00M, Peak:12.00M | Scene, ViewLayer | Updating Meshes Flags
Fra:18 Mem:43.62M (Peak 61.21M) | Time:00:00.04 | Mem:12.00M, Peak:12.00M | Scene, ViewLayer | Updating Objects
Fra:18 Mem:43.62M (Peak 61.21M) | Time:00:00.04 | Mem:12.00M, Peak:12.00M | Scene, ViewLayer | Updating Objects | Copying Transformations to device
Fra:18 Mem:43.62M (Peak 61.21M) | Time:00:00.04 | Mem:12.00M, Peak:12.00M | Scene, ViewLayer | Updating Objects | Applying Static Transformations
Fra:18 Mem:43.62M (Peak 61.21M) | Time:00:00.04 | Mem:12.00M, Peak:12.00M | Scene, ViewLayer | Updating Particle Systems
Fra:18 Mem:43.62M (Peak 61.21M) | Time:00:00.04 | Mem:12.00M, Peak:12.00M | Scene, ViewLayer | Updating Particle Systems | Copying Particles to device
Fra:18 Mem:43.63M (Peak 61.21M) | Time:00:00.04 | Mem:12.00M, Peak:12.00M | Scene, ViewLayer | Updating Meshes
Fra:18 Mem:43.87M (Peak 61.21M) | Time:00:00.05 | Mem:12.00M, Peak:12.00M | Scene, ViewLayer | Updating Mesh | Computing attributes
Fra:18 Mem:43.87M (Peak 61.21M) | Time:00:00.05 | Mem:12.00M, Peak:12.00M | Scene, ViewLayer | Updating Mesh | Copying Attributes to device
Fra:18 Mem:43.87M (Peak 61.21M) | Time:00:00.05 | Mem:12.00M, Peak:12.00M | Scene, ViewLayer | Updating Scene BVH | Building
Fra:18 Mem:43.87M (Peak 61.21M) | Time:00:00.05 | Mem:12.00M, Peak:12.00M | Scene, ViewLayer | Updating Scene BVH | Building BVH
Fra:18 Mem:43.87M (Peak 61.21M) | Time:00:00.05 | Mem:12.49M, Peak:12.49M | Scene, ViewLayer | Updating Scene BVH | Building BVH 0%
Fra:18 Mem:43.87M (Peak 61.21M) | Time:00:00.05 | Mem:13.02M, Peak:13.51M | Scene, ViewLayer | Updating Scene BVH | Copying BVH to device
Fra:18 Mem:43.87M (Peak 61.21M) | Time:00:00.05 | Mem:13.02M, Peak:13.51M | Scene, ViewLayer | Updating Mesh | Computing normals
Fra:18 Mem:44.43M (Peak 61.21M) | Time:00:00.05 | Mem:13.02M, Peak:13.51M | Scene, ViewLayer | Updating Mesh | Copying Mesh to device
Fra:18 Mem:44.43M (Peak 61.21M) | Time:00:00.05 | Mem:13.58M, Peak:13.58M | Scene, ViewLayer | Updating Objects Flags
Fra:18 Mem:44.43M (Peak 61.21M) | Time:00:00.05 | Mem:13.58M, Peak:13.58M | Scene, ViewLayer | Updating Primitive Offsets
Fra:18 Mem:44.43M (Peak 61.21M) | Time:00:00.05 | Mem:13.58M, Peak:13.58M | Scene, ViewLayer | Updating Images
Fra:18 Mem:44.43M (Peak 61.21M) | Time:00:00.05 | Mem:13.58M, Peak:13.58M | Scene, ViewLayer | Updating Camera Volume
Fra:18 Mem:44.43M (Peak 61.21M) | Time:00:00.05 | Mem:13.58M, Peak:13.58M | Scene, ViewLayer | Updating Lookup Tables
Fra:18 Mem:44.43M (Peak 61.21M) | Time:00:00.05 | Mem:13.66M, Peak:13.66M | Scene, ViewLayer | Updating Lights
Fra:18 Mem:44.43M (Peak 61.21M) | Time:00:00.05 | Mem:13.66M, Peak:13.66M | Scene, ViewLayer | Updating Lights | Computing tree
Fra:18 Mem:44.43M (Peak 61.21M) | Time:00:00.05 | Mem:13.66M, Peak:13.66M | Scene, ViewLayer | Updating Integrator
Fra:18 Mem:44.43M (Peak 61.21M) | Time:00:00.05 | Mem:13.66M, Peak:13.66M | Scene, ViewLayer | Updating Film
Fra:18 Mem:44.43M (Peak 61.21M) | Time:00:00.05 | Mem:13.58M, Peak:13.66M | Scene, ViewLayer | Updating Lookup Tables
Fra:18 Mem:44.43M (Peak 61.21M) | Time:00:00.05 | Mem:13.66M, Peak:13.66M | Scene, ViewLayer | Updating Baking
Fra:18 Mem:44.43M (Peak 61.21M) | Time:00:00.05 | Mem:13.66M, Peak:13.66M | Scene, ViewLayer | Updating Device | Writing constant memory
Fra:18 Mem:44.43M (Peak 61.21M) | Time:00:00.05 | Mem:13.66M, Peak:13.66M | Scene, ViewLayer | Sample 0/8
Fra:18 Mem:76.08M (Peak 76.08M) | Time:00:00.56 | Remaining:00:03.56 | Mem:45.32M, Peak:45.32M | Scene, ViewLayer | Sample 1/8
Fra:18 Mem:90.15M (Peak 118.27M) | Time:00:04.17 | Mem:45.32M, Peak:45.32M | Scene, ViewLayer | Sample 8/8
Fra:18 Mem:90.15M (Peak 118.27M) | Time:00:04.17 | Mem:45.32M, Peak:45.32M | Scene, ViewLayer | Finished
Saved: '/workspace/deliverables/actor-repair-20261002/evidence/final-source/source_clay_front.png'
Time: 00:04.25 (Saving: 00:00.08)

Fra:18 Mem:32.97M (Peak 32.97M) | Time:00:00.00 | Mem:0.00M, Peak:0.00M | Scene, ViewLayer | Synchronizing object | Plane
Fra:18 Mem:32.97M (Peak 32.97M) | Time:00:00.00 | Mem:0.00M, Peak:0.00M | Scene, ViewLayer | Synchronizing object | enemy_patrol_body
Fra:18 Mem:33.95M (Peak 33.95M) | Time:00:00.00 | Mem:0.00M, Peak:0.00M | Scene, ViewLayer | Initializing
Fra:18 Mem:33.17M (Peak 33.95M) | Time:00:00.00 | Mem:0.00M, Peak:0.00M | Scene, ViewLayer | Updating Images | Loading actor_atlas_orm
Fra:18 Mem:33.17M (Peak 33.95M) | Time:00:00.00 | Mem:0.00M, Peak:0.00M | Scene, ViewLayer | Updating Images | Loading actor_atlas_normal
Fra:18 Mem:43.54M (Peak 53.20M) | Time:00:00.04 | Mem:12.00M, Peak:12.00M | Scene, ViewLayer | Waiting for render to start
Fra:18 Mem:43.54M (Peak 53.20M) | Time:00:00.04 | Mem:12.00M, Peak:12.00M | Scene, ViewLayer | Loading render kernels (may take a few minutes the first time)
Fra:18 Mem:43.54M (Peak 53.20M) | Time:00:00.04 | Mem:12.00M, Peak:12.00M | Scene, ViewLayer | Updating Scene
Fra:18 Mem:43.54M (Peak 53.20M) | Time:00:00.04 | Mem:12.00M, Peak:12.00M | Scene, ViewLayer | Updating Shaders
Fra:18 Mem:43.62M (Peak 53.20M) | Time:00:00.04 | Mem:12.00M, Peak:12.00M | Scene, ViewLayer | Updating Procedurals
Fra:18 Mem:43.62M (Peak 53.20M) | Time:00:00.04 | Mem:12.00M, Peak:12.00M | Scene, ViewLayer | Updating Background
Fra:18 Mem:43.62M (Peak 53.20M) | Time:00:00.04 | Mem:12.00M, Peak:12.00M | Scene, ViewLayer | Updating Camera
Fra:18 Mem:43.62M (Peak 53.20M) | Time:00:00.04 | Mem:12.00M, Peak:12.00M | Scene, ViewLayer | Updating Meshes Flags
Fra:18 Mem:43.62M (Peak 53.20M) | Time:00:00.04 | Mem:12.00M, Peak:12.00M | Scene, ViewLayer | Updating Objects
Fra:18 Mem:43.62M (Peak 53.20M) | Time:00:00.04 | Mem:12.00M, Peak:12.00M | Scene, ViewLayer | Updating Objects | Copying Transformations to device
Fra:18 Mem:43.63M (Peak 53.20M) | Time:00:00.04 | Mem:12.00M, Peak:12.00M | Scene, ViewLayer | Updating Objects | Applying Static Transformations
Fra:18 Mem:43.63M (Peak 53.20M) | Time:00:00.04 | Mem:12.00M, Peak:12.00M | Scene, ViewLayer | Updating Particle Systems
Fra:18 Mem:43.63M (Peak 53.20M) | Time:00:00.04 | Mem:12.00M, Peak:12.00M | Scene, ViewLayer | Updating Particle Systems | Copying Particles to device
Fra:18 Mem:43.63M (Peak 53.20M) | Time:00:00.04 | Mem:12.00M, Peak:12.00M | Scene, ViewLayer | Updating Meshes
Fra:18 Mem:43.87M (Peak 53.20M) | Time:00:00.04 | Mem:12.00M, Peak:12.00M | Scene, ViewLayer | Updating Mesh | Computing attributes
Fra:18 Mem:43.87M (Peak 53.20M) | Time:00:00.04 | Mem:12.00M, Peak:12.00M | Scene, ViewLayer | Updating Mesh | Copying Attributes to device
Fra:18 Mem:43.87M (Peak 53.20M) | Time:00:00.04 | Mem:12.00M, Peak:12.00M | Scene, ViewLayer | Updating Scene BVH | Building
Fra:18 Mem:43.87M (Peak 53.20M) | Time:00:00.04 | Mem:12.00M, Peak:12.00M | Scene, ViewLayer | Updating Scene BVH | Building BVH
Fra:18 Mem:43.87M (Peak 53.20M) | Time:00:00.04 | Mem:12.49M, Peak:12.49M | Scene, ViewLayer | Updating Scene BVH | Building BVH 0%
Fra:18 Mem:43.87M (Peak 53.20M) | Time:00:00.04 | Mem:13.02M, Peak:13.51M | Scene, ViewLayer | Updating Scene BVH | Copying BVH to device
Fra:18 Mem:43.87M (Peak 53.20M) | Time:00:00.04 | Mem:13.02M, Peak:13.51M | Scene, ViewLayer | Updating Mesh | Computing normals
Fra:18 Mem:44.43M (Peak 53.20M) | Time:00:00.04 | Mem:13.02M, Peak:13.51M | Scene, ViewLayer | Updating Mesh | Copying Mesh to device
Fra:18 Mem:44.43M (Peak 53.20M) | Time:00:00.04 | Mem:13.58M, Peak:13.58M | Scene, ViewLayer | Updating Objects Flags
Fra:18 Mem:44.43M (Peak 53.20M) | Time:00:00.04 | Mem:13.58M, Peak:13.58M | Scene, ViewLayer | Updating Primitive Offsets
Fra:18 Mem:44.43M (Peak 53.20M) | Time:00:00.04 | Mem:13.58M, Peak:13.58M | Scene, ViewLayer | Updating Images
Fra:18 Mem:44.43M (Peak 53.20M) | Time:00:00.04 | Mem:13.58M, Peak:13.58M | Scene, ViewLayer | Updating Camera Volume
Fra:18 Mem:44.43M (Peak 53.20M) | Time:00:00.04 | Mem:13.58M, Peak:13.58M | Scene, ViewLayer | Updating Lookup Tables
Fra:18 Mem:44.43M (Peak 53.20M) | Time:00:00.04 | Mem:13.66M, Peak:13.66M | Scene, ViewLayer | Updating Lights
Fra:18 Mem:44.43M (Peak 53.20M) | Time:00:00.04 | Mem:13.66M, Peak:13.66M | Scene, ViewLayer | Updating Lights | Computing tree
Fra:18 Mem:44.43M (Peak 53.20M) | Time:00:00.04 | Mem:13.66M, Peak:13.66M | Scene, ViewLayer | Updating Integrator
Fra:18 Mem:44.43M (Peak 53.20M) | Time:00:00.04 | Mem:13.66M, Peak:13.66M | Scene, ViewLayer | Updating Film
Fra:18 Mem:44.43M (Peak 53.20M) | Time:00:00.04 | Mem:13.58M, Peak:13.66M | Scene, ViewLayer | Updating Lookup Tables
Fra:18 Mem:44.43M (Peak 53.20M) | Time:00:00.04 | Mem:13.66M, Peak:13.66M | Scene, ViewLayer | Updating Baking
Fra:18 Mem:44.43M (Peak 53.20M) | Time:00:00.04 | Mem:13.66M, Peak:13.66M | Scene, ViewLayer | Updating Device | Writing constant memory
Fra:18 Mem:44.43M (Peak 53.20M) | Time:00:00.04 | Mem:13.66M, Peak:13.66M | Scene, ViewLayer | Sample 0/8
Fra:18 Mem:76.08M (Peak 76.08M) | Time:00:00.51 | Remaining:00:03.27 | Mem:45.32M, Peak:45.32M | Scene, ViewLayer | Sample 1/8
Fra:18 Mem:90.15M (Peak 118.27M) | Time:00:03.93 | Mem:45.32M, Peak:45.32M | Scene, ViewLayer | Sample 8/8
Fra:18 Mem:90.15M (Peak 118.27M) | Time:00:03.93 | Mem:45.32M, Peak:45.32M | Scene, ViewLayer | Finished
Saved: '/workspace/deliverables/actor-repair-20261002/evidence/final-source/source_clay_side.png'
Time: 00:04.01 (Saving: 00:00.08)

Fra:18 Mem:32.97M (Peak 32.97M) | Time:00:00.00 | Mem:0.00M, Peak:0.00M | Scene, ViewLayer | Synchronizing object | Plane
Fra:18 Mem:32.98M (Peak 32.98M) | Time:00:00.00 | Mem:0.00M, Peak:0.00M | Scene, ViewLayer | Synchronizing object | enemy_patrol_body
Fra:18 Mem:33.95M (Peak 33.95M) | Time:00:00.00 | Mem:0.00M, Peak:0.00M | Scene, ViewLayer | Initializing
Fra:18 Mem:33.17M (Peak 33.95M) | Time:00:00.00 | Mem:0.00M, Peak:0.00M | Scene, ViewLayer | Updating Images | Loading actor_atlas_orm
Fra:18 Mem:33.17M (Peak 33.95M) | Time:00:00.00 | Mem:0.00M, Peak:0.00M | Scene, ViewLayer | Updating Images | Loading actor_atlas_normal
Fra:18 Mem:43.54M (Peak 61.21M) | Time:00:00.04 | Mem:12.00M, Peak:12.00M | Scene, ViewLayer | Waiting for render to start
Fra:18 Mem:43.54M (Peak 61.21M) | Time:00:00.04 | Mem:12.00M, Peak:12.00M | Scene, ViewLayer | Loading render kernels (may take a few minutes the first time)
Fra:18 Mem:43.54M (Peak 61.21M) | Time:00:00.04 | Mem:12.00M, Peak:12.00M | Scene, ViewLayer | Updating Scene
Fra:18 Mem:43.54M (Peak 61.21M) | Time:00:00.04 | Mem:12.00M, Peak:12.00M | Scene, ViewLayer | Updating Shaders
Fra:18 Mem:43.62M (Peak 61.21M) | Time:00:00.04 | Mem:12.00M, Peak:12.00M | Scene, ViewLayer | Updating Procedurals
Fra:18 Mem:43.62M (Peak 61.21M) | Time:00:00.04 | Mem:12.00M, Peak:12.00M | Scene, ViewLayer | Updating Background
Fra:18 Mem:43.62M (Peak 61.21M) | Time:00:00.04 | Mem:12.00M, Peak:12.00M | Scene, ViewLayer | Updating Camera
Fra:18 Mem:43.62M (Peak 61.21M) | Time:00:00.04 | Mem:12.00M, Peak:12.00M | Scene, ViewLayer | Updating Meshes Flags
Fra:18 Mem:43.62M (Peak 61.21M) | Time:00:00.04 | Mem:12.00M, Peak:12.00M | Scene, ViewLayer | Updating Objects
Fra:18 Mem:43.62M (Peak 61.21M) | Time:00:00.04 | Mem:12.00M, Peak:12.00M | Scene, ViewLayer | Updating Objects | Copying Transformations to device
Fra:18 Mem:43.63M (Peak 61.21M) | Time:00:00.04 | Mem:12.00M, Peak:12.00M | Scene, ViewLayer | Updating Objects | Applying Static Transformations
Fra:18 Mem:43.63M (Peak 61.21M) | Time:00:00.04 | Mem:12.00M, Peak:12.00M | Scene, ViewLayer | Updating Particle Systems
Fra:18 Mem:43.63M (Peak 61.21M) | Time:00:00.04 | Mem:12.00M, Peak:12.00M | Scene, ViewLayer | Updating Particle Systems | Copying Particles to device
Fra:18 Mem:43.63M (Peak 61.21M) | Time:00:00.04 | Mem:12.00M, Peak:12.00M | Scene, ViewLayer | Updating Meshes
Fra:18 Mem:43.87M (Peak 61.21M) | Time:00:00.04 | Mem:12.00M, Peak:12.00M | Scene, ViewLayer | Updating Mesh | Computing attributes
Fra:18 Mem:43.87M (Peak 61.21M) | Time:00:00.04 | Mem:12.00M, Peak:12.00M | Scene, ViewLayer | Updating Mesh | Copying Attributes to device
Fra:18 Mem:43.87M (Peak 61.21M) | Time:00:00.04 | Mem:12.00M, Peak:12.00M | Scene, ViewLayer | Updating Scene BVH | Building
Fra:18 Mem:43.87M (Peak 61.21M) | Time:00:00.04 | Mem:12.00M, Peak:12.00M | Scene, ViewLayer | Updating Scene BVH | Building BVH
Fra:18 Mem:43.87M (Peak 61.21M) | Time:00:00.04 | Mem:12.49M, Peak:12.49M | Scene, ViewLayer | Updating Scene BVH | Building BVH 0%
Fra:18 Mem:43.87M (Peak 61.21M) | Time:00:00.04 | Mem:13.07M, Peak:13.56M | Scene, ViewLayer | Updating Scene BVH | Copying BVH to device
Fra:18 Mem:43.87M (Peak 61.21M) | Time:00:00.04 | Mem:13.07M, Peak:13.56M | Scene, ViewLayer | Updating Mesh | Computing normals
Fra:18 Mem:44.43M (Peak 61.21M) | Time:00:00.04 | Mem:13.07M, Peak:13.56M | Scene, ViewLayer | Updating Mesh | Copying Mesh to device
Fra:18 Mem:44.43M (Peak 61.21M) | Time:00:00.04 | Mem:13.63M, Peak:13.63M | Scene, ViewLayer | Updating Objects Flags
Fra:18 Mem:44.43M (Peak 61.21M) | Time:00:00.04 | Mem:13.63M, Peak:13.63M | Scene, ViewLayer | Updating Primitive Offsets
Fra:18 Mem:44.43M (Peak 61.21M) | Time:00:00.04 | Mem:13.63M, Peak:13.63M | Scene, ViewLayer | Updating Images
Fra:18 Mem:44.43M (Peak 61.21M) | Time:00:00.04 | Mem:13.63M, Peak:13.63M | Scene, ViewLayer | Updating Camera Volume
Fra:18 Mem:44.43M (Peak 61.21M) | Time:00:00.04 | Mem:13.63M, Peak:13.63M | Scene, ViewLayer | Updating Lookup Tables
Fra:18 Mem:44.43M (Peak 61.21M) | Time:00:00.04 | Mem:13.71M, Peak:13.71M | Scene, ViewLayer | Updating Lights
Fra:18 Mem:44.43M (Peak 61.21M) | Time:00:00.04 | Mem:13.71M, Peak:13.71M | Scene, ViewLayer | Updating Lights | Computing tree
Fra:18 Mem:44.43M (Peak 61.21M) | Time:00:00.04 | Mem:13.71M, Peak:13.71M | Scene, ViewLayer | Updating Integrator
Fra:18 Mem:44.43M (Peak 61.21M) | Time:00:00.04 | Mem:13.71M, Peak:13.71M | Scene, ViewLayer | Updating Film
Fra:18 Mem:44.43M (Peak 61.21M) | Time:00:00.04 | Mem:13.63M, Peak:13.71M | Scene, ViewLayer | Updating Lookup Tables
Fra:18 Mem:44.43M (Peak 61.21M) | Time:00:00.04 | Mem:13.71M, Peak:13.71M | Scene, ViewLayer | Updating Baking
Fra:18 Mem:44.43M (Peak 61.21M) | Time:00:00.04 | Mem:13.71M, Peak:13.71M | Scene, ViewLayer | Updating Device | Writing constant memory
Fra:18 Mem:44.43M (Peak 61.21M) | Time:00:00.04 | Mem:13.71M, Peak:13.71M | Scene, ViewLayer | Sample 0/8
Fra:18 Mem:76.09M (Peak 76.09M) | Time:00:00.51 | Remaining:00:03.31 | Mem:45.37M, Peak:45.37M | Scene, ViewLayer | Sample 1/8
Fra:18 Mem:90.15M (Peak 118.27M) | Time:00:04.02 | Mem:45.37M, Peak:45.37M | Scene, ViewLayer | Sample 8/8
Fra:18 Mem:90.15M (Peak 118.27M) | Time:00:04.02 | Mem:45.37M, Peak:45.37M | Scene, ViewLayer | Finished
Saved: '/workspace/deliverables/actor-repair-20261002/evidence/final-source/source_clay_rear.png'
Time: 00:04.11 (Saving: 00:00.08)

Fra:18 Mem:32.97M (Peak 32.97M) | Time:00:00.00 | Mem:0.00M, Peak:0.00M | Scene, ViewLayer | Synchronizing object | Plane
Fra:18 Mem:32.97M (Peak 32.97M) | Time:00:00.00 | Mem:0.00M, Peak:0.00M | Scene, ViewLayer | Synchronizing object | enemy_patrol_body
Fra:18 Mem:35.34M (Peak 35.34M) | Time:00:00.00 | Mem:0.00M, Peak:0.00M | Scene, ViewLayer | Initializing
Fra:18 Mem:34.57M (Peak 35.34M) | Time:00:00.00 | Mem:0.00M, Peak:0.00M | Scene, ViewLayer | Updating Images | Loading actor_atlas_albedo
Fra:18 Mem:34.57M (Peak 35.34M) | Time:00:00.00 | Mem:0.00M, Peak:0.00M | Scene, ViewLayer | Updating Images | Loading actor_atlas_normal
Fra:18 Mem:44.94M (Peak 54.59M) | Time:00:00.04 | Mem:12.00M, Peak:12.00M | Scene, ViewLayer | Waiting for render to start
Fra:18 Mem:44.94M (Peak 54.59M) | Time:00:00.04 | Mem:12.00M, Peak:12.00M | Scene, ViewLayer | Loading render kernels (may take a few minutes the first time)
Fra:18 Mem:44.94M (Peak 54.59M) | Time:00:00.04 | Mem:12.00M, Peak:12.00M | Scene, ViewLayer | Updating Scene
Fra:18 Mem:44.94M (Peak 54.59M) | Time:00:00.04 | Mem:12.00M, Peak:12.00M | Scene, ViewLayer | Updating Shaders
Fra:18 Mem:45.02M (Peak 54.59M) | Time:00:00.04 | Mem:12.00M, Peak:12.00M | Scene, ViewLayer | Updating Procedurals
Fra:18 Mem:45.02M (Peak 54.59M) | Time:00:00.04 | Mem:12.00M, Peak:12.00M | Scene, ViewLayer | Updating Background
Fra:18 Mem:45.02M (Peak 54.59M) | Time:00:00.04 | Mem:12.00M, Peak:12.00M | Scene, ViewLayer | Updating Camera
Fra:18 Mem:45.02M (Peak 54.59M) | Time:00:00.04 | Mem:12.00M, Peak:12.00M | Scene, ViewLayer | Updating Meshes Flags
Fra:18 Mem:45.02M (Peak 54.59M) | Time:00:00.04 | Mem:12.00M, Peak:12.00M | Scene, ViewLayer | Updating Objects
Fra:18 Mem:45.02M (Peak 54.59M) | Time:00:00.04 | Mem:12.00M, Peak:12.00M | Scene, ViewLayer | Updating Objects | Copying Transformations to device
Fra:18 Mem:45.02M (Peak 54.59M) | Time:00:00.04 | Mem:12.00M, Peak:12.00M | Scene, ViewLayer | Updating Objects | Applying Static Transformations
Fra:18 Mem:45.02M (Peak 54.59M) | Time:00:00.04 | Mem:12.00M, Peak:12.00M | Scene, ViewLayer | Updating Particle Systems
Fra:18 Mem:45.02M (Peak 54.59M) | Time:00:00.04 | Mem:12.00M, Peak:12.00M | Scene, ViewLayer | Updating Particle Systems | Copying Particles to device
Fra:18 Mem:45.02M (Peak 54.59M) | Time:00:00.04 | Mem:12.00M, Peak:12.00M | Scene, ViewLayer | Updating Meshes
Fra:18 Mem:45.27M (Peak 54.59M) | Time:00:00.04 | Mem:12.00M, Peak:12.00M | Scene, ViewLayer | Updating Mesh | Computing attributes
Fra:18 Mem:46.46M (Peak 54.59M) | Time:00:00.04 | Mem:12.00M, Peak:12.00M | Scene, ViewLayer | Updating Mesh | Copying Attributes to device
Fra:18 Mem:46.46M (Peak 54.59M) | Time:00:00.04 | Mem:13.19M, Peak:13.19M | Scene, ViewLayer | Updating Scene BVH | Building
Fra:18 Mem:46.46M (Peak 54.59M) | Time:00:00.04 | Mem:13.19M, Peak:13.19M | Scene, ViewLayer | Updating Scene BVH | Building BVH
Fra:18 Mem:46.46M (Peak 54.59M) | Time:00:00.04 | Mem:13.68M, Peak:13.68M | Scene, ViewLayer | Updating Scene BVH | Building BVH 0%
Fra:18 Mem:46.46M (Peak 54.59M) | Time:00:00.04 | Mem:14.26M, Peak:14.75M | Scene, ViewLayer | Updating Scene BVH | Copying BVH to device
Fra:18 Mem:46.46M (Peak 54.59M) | Time:00:00.04 | Mem:14.26M, Peak:14.75M | Scene, ViewLayer | Updating Mesh | Computing normals
Fra:18 Mem:47.01M (Peak 54.59M) | Time:00:00.04 | Mem:14.26M, Peak:14.75M | Scene, ViewLayer | Updating Mesh | Copying Mesh to device
Fra:18 Mem:47.01M (Peak 54.59M) | Time:00:00.04 | Mem:14.82M, Peak:14.82M | Scene, ViewLayer | Updating Objects Flags
Fra:18 Mem:47.01M (Peak 54.59M) | Time:00:00.04 | Mem:14.82M, Peak:14.82M | Scene, ViewLayer | Updating Primitive Offsets
Fra:18 Mem:47.01M (Peak 54.59M) | Time:00:00.04 | Mem:14.82M, Peak:14.82M | Scene, ViewLayer | Updating Images
Fra:18 Mem:47.01M (Peak 54.59M) | Time:00:00.04 | Mem:14.82M, Peak:14.82M | Scene, ViewLayer | Updating Camera Volume
Fra:18 Mem:47.01M (Peak 54.59M) | Time:00:00.04 | Mem:14.82M, Peak:14.82M | Scene, ViewLayer | Updating Lookup Tables
Fra:18 Mem:47.01M (Peak 54.59M) | Time:00:00.04 | Mem:14.90M, Peak:14.90M | Scene, ViewLayer | Updating Lights
Fra:18 Mem:47.01M (Peak 54.59M) | Time:00:00.04 | Mem:14.90M, Peak:14.90M | Scene, ViewLayer | Updating Lights | Computing tree
Fra:18 Mem:47.01M (Peak 54.59M) | Time:00:00.04 | Mem:14.90M, Peak:14.90M | Scene, ViewLayer | Updating Integrator
Fra:18 Mem:47.01M (Peak 54.59M) | Time:00:00.04 | Mem:14.90M, Peak:14.90M | Scene, ViewLayer | Updating Film
Fra:18 Mem:47.02M (Peak 54.59M) | Time:00:00.04 | Mem:14.82M, Peak:14.90M | Scene, ViewLayer | Updating Lookup Tables
Fra:18 Mem:47.02M (Peak 54.59M) | Time:00:00.04 | Mem:14.90M, Peak:14.90M | Scene, ViewLayer | Updating Baking
Fra:18 Mem:47.02M (Peak 54.59M) | Time:00:00.04 | Mem:14.90M, Peak:14.90M | Scene, ViewLayer | Updating Device | Writing constant memory
Fra:18 Mem:47.02M (Peak 54.59M) | Time:00:00.04 | Mem:14.90M, Peak:14.90M | Scene, ViewLayer | Sample 0/8
Fra:18 Mem:78.67M (Peak 78.67M) | Time:00:00.58 | Remaining:00:03.75 | Mem:46.56M, Peak:46.56M | Scene, ViewLayer | Sample 1/8
Fra:18 Mem:92.74M (Peak 120.86M) | Time:00:04.37 | Mem:46.56M, Peak:46.56M | Scene, ViewLayer | Sample 8/8
Fra:18 Mem:92.74M (Peak 120.86M) | Time:00:04.37 | Mem:46.56M, Peak:46.56M | Scene, ViewLayer | Finished
Saved: '/workspace/deliverables/actor-repair-20261002/evidence/final-source/source_material_front.png'
Time: 00:04.45 (Saving: 00:00.08)

Fra:18 Mem:32.97M (Peak 32.97M) | Time:00:00.00 | Mem:0.00M, Peak:0.00M | Scene, ViewLayer | Synchronizing object | Plane
Fra:18 Mem:32.97M (Peak 32.97M) | Time:00:00.00 | Mem:0.00M, Peak:0.00M | Scene, ViewLayer | Synchronizing object | enemy_patrol_body
Fra:18 Mem:35.34M (Peak 35.34M) | Time:00:00.00 | Mem:0.00M, Peak:0.00M | Scene, ViewLayer | Initializing
Fra:18 Mem:34.57M (Peak 35.34M) | Time:00:00.00 | Mem:0.00M, Peak:0.00M | Scene, ViewLayer | Updating Images | Loading actor_atlas_albedo
Fra:18 Mem:34.57M (Peak 35.34M) | Time:00:00.00 | Mem:0.00M, Peak:0.00M | Scene, ViewLayer | Updating Images | Loading actor_atlas_orm
Fra:18 Mem:42.57M (Peak 42.57M) | Time:00:00.00 | Mem:0.00M, Peak:0.00M | Scene, ViewLayer | Updating Images | Loading actor_atlas_normal
Fra:18 Mem:44.94M (Peak 62.60M) | Time:00:00.04 | Mem:12.00M, Peak:12.00M | Scene, ViewLayer | Waiting for render to start
Fra:18 Mem:44.94M (Peak 62.60M) | Time:00:00.04 | Mem:12.00M, Peak:12.00M | Scene, ViewLayer | Loading render kernels (may take a few minutes the first time)
Fra:18 Mem:44.94M (Peak 62.60M) | Time:00:00.04 | Mem:12.00M, Peak:12.00M | Scene, ViewLayer | Updating Scene
Fra:18 Mem:44.94M (Peak 62.60M) | Time:00:00.04 | Mem:12.00M, Peak:12.00M | Scene, ViewLayer | Updating Shaders
Fra:18 Mem:45.02M (Peak 62.60M) | Time:00:00.04 | Mem:12.00M, Peak:12.00M | Scene, ViewLayer | Updating Procedurals
Fra:18 Mem:45.02M (Peak 62.60M) | Time:00:00.04 | Mem:12.00M, Peak:12.00M | Scene, ViewLayer | Updating Background
Fra:18 Mem:45.02M (Peak 62.60M) | Time:00:00.04 | Mem:12.00M, Peak:12.00M | Scene, ViewLayer | Updating Camera
Fra:18 Mem:45.02M (Peak 62.60M) | Time:00:00.04 | Mem:12.00M, Peak:12.00M | Scene, ViewLayer | Updating Meshes Flags
Fra:18 Mem:45.02M (Peak 62.60M) | Time:00:00.04 | Mem:12.00M, Peak:12.00M | Scene, ViewLayer | Updating Objects
Fra:18 Mem:45.02M (Peak 62.60M) | Time:00:00.04 | Mem:12.00M, Peak:12.00M | Scene, ViewLayer | Updating Objects | Copying Transformations to device
Fra:18 Mem:45.02M (Peak 62.60M) | Time:00:00.04 | Mem:12.00M, Peak:12.00M | Scene, ViewLayer | Updating Objects | Applying Static Transformations
Fra:18 Mem:45.02M (Peak 62.60M) | Time:00:00.04 | Mem:12.00M, Peak:12.00M | Scene, ViewLayer | Updating Particle Systems
Fra:18 Mem:45.02M (Peak 62.60M) | Time:00:00.04 | Mem:12.00M, Peak:12.00M | Scene, ViewLayer | Updating Particle Systems | Copying Particles to device
Fra:18 Mem:45.02M (Peak 62.60M) | Time:00:00.04 | Mem:12.00M, Peak:12.00M | Scene, ViewLayer | Updating Meshes
Fra:18 Mem:45.27M (Peak 62.60M) | Time:00:00.04 | Mem:12.00M, Peak:12.00M | Scene, ViewLayer | Updating Mesh | Computing attributes
Fra:18 Mem:46.46M (Peak 62.60M) | Time:00:00.04 | Mem:12.00M, Peak:12.00M | Scene, ViewLayer | Updating Mesh | Copying Attributes to device
Fra:18 Mem:46.46M (Peak 62.60M) | Time:00:00.04 | Mem:13.19M, Peak:13.19M | Scene, ViewLayer | Updating Scene BVH | Building
Fra:18 Mem:46.46M (Peak 62.60M) | Time:00:00.04 | Mem:13.19M, Peak:13.19M | Scene, ViewLayer | Updating Scene BVH | Building BVH
Fra:18 Mem:46.46M (Peak 62.60M) | Time:00:00.04 | Mem:13.68M, Peak:13.68M | Scene, ViewLayer | Updating Scene BVH | Building BVH 0%
Fra:18 Mem:46.46M (Peak 62.60M) | Time:00:00.04 | Mem:14.21M, Peak:14.69M | Scene, ViewLayer | Updating Scene BVH | Copying BVH to device
Fra:18 Mem:46.46M (Peak 62.60M) | Time:00:00.04 | Mem:14.21M, Peak:14.69M | Scene, ViewLayer | Updating Mesh | Computing normals
Fra:18 Mem:47.01M (Peak 62.60M) | Time:00:00.04 | Mem:14.21M, Peak:14.69M | Scene, ViewLayer | Updating Mesh | Copying Mesh to device
Fra:18 Mem:47.01M (Peak 62.60M) | Time:00:00.04 | Mem:14.77M, Peak:14.77M | Scene, ViewLayer | Updating Objects Flags
Fra:18 Mem:47.01M (Peak 62.60M) | Time:00:00.04 | Mem:14.77M, Peak:14.77M | Scene, ViewLayer | Updating Primitive Offsets
Fra:18 Mem:47.01M (Peak 62.60M) | Time:00:00.04 | Mem:14.77M, Peak:14.77M | Scene, ViewLayer | Updating Images
Fra:18 Mem:47.01M (Peak 62.60M) | Time:00:00.04 | Mem:14.77M, Peak:14.77M | Scene, ViewLayer | Updating Camera Volume
Fra:18 Mem:47.01M (Peak 62.60M) | Time:00:00.04 | Mem:14.77M, Peak:14.77M | Scene, ViewLayer | Updating Lookup Tables
Fra:18 Mem:47.01M (Peak 62.60M) | Time:00:00.04 | Mem:14.85M, Peak:14.85M | Scene, ViewLayer | Updating Lights
Fra:18 Mem:47.01M (Peak 62.60M) | Time:00:00.04 | Mem:14.85M, Peak:14.85M | Scene, ViewLayer | Updating Lights | Computing tree
Fra:18 Mem:47.01M (Peak 62.60M) | Time:00:00.04 | Mem:14.85M, Peak:14.85M | Scene, ViewLayer | Updating Integrator
Fra:18 Mem:47.01M (Peak 62.60M) | Time:00:00.04 | Mem:14.85M, Peak:14.85M | Scene, ViewLayer | Updating Film
Fra:18 Mem:47.02M (Peak 62.60M) | Time:00:00.04 | Mem:14.77M, Peak:14.85M | Scene, ViewLayer | Updating Lookup Tables
Fra:18 Mem:47.02M (Peak 62.60M) | Time:00:00.04 | Mem:14.85M, Peak:14.85M | Scene, ViewLayer | Updating Baking
Fra:18 Mem:47.02M (Peak 62.60M) | Time:00:00.04 | Mem:14.85M, Peak:14.85M | Scene, ViewLayer | Updating Device | Writing constant memory
Fra:18 Mem:47.02M (Peak 62.60M) | Time:00:00.04 | Mem:14.85M, Peak:14.85M | Scene, ViewLayer | Sample 0/8
Fra:18 Mem:78.67M (Peak 78.67M) | Time:00:00.53 | Remaining:00:03.42 | Mem:46.50M, Peak:46.50M | Scene, ViewLayer | Sample 1/8
Fra:18 Mem:92.74M (Peak 120.86M) | Time:00:04.13 | Mem:46.50M, Peak:46.50M | Scene, ViewLayer | Sample 8/8
Fra:18 Mem:92.74M (Peak 120.86M) | Time:00:04.13 | Mem:46.50M, Peak:46.50M | Scene, ViewLayer | Finished
Saved: '/workspace/deliverables/actor-repair-20261002/evidence/final-source/source_material_side.png'
Time: 00:04.22 (Saving: 00:00.08)

Fra:18 Mem:32.97M (Peak 32.97M) | Time:00:00.00 | Mem:0.00M, Peak:0.00M | Scene, ViewLayer | Synchronizing object | Plane
Fra:18 Mem:32.97M (Peak 32.97M) | Time:00:00.00 | Mem:0.00M, Peak:0.00M | Scene, ViewLayer | Synchronizing object | enemy_patrol_body
Fra:18 Mem:35.34M (Peak 35.34M) | Time:00:00.00 | Mem:0.00M, Peak:0.00M | Scene, ViewLayer | Initializing
Fra:18 Mem:34.57M (Peak 35.34M) | Time:00:00.00 | Mem:0.00M, Peak:0.00M | Scene, ViewLayer | Updating Images | Loading actor_atlas_albedo
Fra:18 Mem:34.57M (Peak 35.34M) | Time:00:00.00 | Mem:0.00M, Peak:0.00M | Scene, ViewLayer | Updating Images | Loading actor_atlas_orm
Fra:18 Mem:38.57M (Peak 38.57M) | Time:00:00.00 | Mem:0.00M, Peak:0.00M | Scene, ViewLayer | Updating Images | Loading actor_atlas_normal
Fra:18 Mem:44.94M (Peak 54.59M) | Time:00:00.04 | Mem:12.00M, Peak:12.00M | Scene, ViewLayer | Waiting for render to start
Fra:18 Mem:44.94M (Peak 54.59M) | Time:00:00.04 | Mem:12.00M, Peak:12.00M | Scene, ViewLayer | Loading render kernels (may take a few minutes the first time)
Fra:18 Mem:44.94M (Peak 54.59M) | Time:00:00.04 | Mem:12.00M, Peak:12.00M | Scene, ViewLayer | Updating Scene
Fra:18 Mem:44.94M (Peak 54.59M) | Time:00:00.04 | Mem:12.00M, Peak:12.00M | Scene, ViewLayer | Updating Shaders
Fra:18 Mem:45.02M (Peak 54.59M) | Time:00:00.04 | Mem:12.00M, Peak:12.00M | Scene, ViewLayer | Updating Procedurals
Fra:18 Mem:45.02M (Peak 54.59M) | Time:00:00.04 | Mem:12.00M, Peak:12.00M | Scene, ViewLayer | Updating Background
Fra:18 Mem:45.02M (Peak 54.59M) | Time:00:00.04 | Mem:12.00M, Peak:12.00M | Scene, ViewLayer | Updating Camera
Fra:18 Mem:45.02M (Peak 54.59M) | Time:00:00.04 | Mem:12.00M, Peak:12.00M | Scene, ViewLayer | Updating Meshes Flags
Fra:18 Mem:45.02M (Peak 54.59M) | Time:00:00.04 | Mem:12.00M, Peak:12.00M | Scene, ViewLayer | Updating Objects
Fra:18 Mem:45.02M (Peak 54.59M) | Time:00:00.04 | Mem:12.00M, Peak:12.00M | Scene, ViewLayer | Updating Objects | Copying Transformations to device
Fra:18 Mem:45.02M (Peak 54.59M) | Time:00:00.04 | Mem:12.00M, Peak:12.00M | Scene, ViewLayer | Updating Objects | Applying Static Transformations
Fra:18 Mem:45.02M (Peak 54.59M) | Time:00:00.04 | Mem:12.00M, Peak:12.00M | Scene, ViewLayer | Updating Particle Systems
Fra:18 Mem:45.02M (Peak 54.59M) | Time:00:00.04 | Mem:12.00M, Peak:12.00M | Scene, ViewLayer | Updating Particle Systems | Copying Particles to device
Fra:18 Mem:45.02M (Peak 54.59M) | Time:00:00.04 | Mem:12.00M, Peak:12.00M | Scene, ViewLayer | Updating Meshes
Fra:18 Mem:45.27M (Peak 54.59M) | Time:00:00.04 | Mem:12.00M, Peak:12.00M | Scene, ViewLayer | Updating Mesh | Computing attributes
Fra:18 Mem:46.46M (Peak 54.59M) | Time:00:00.04 | Mem:12.00M, Peak:12.00M | Scene, ViewLayer | Updating Mesh | Copying Attributes to device
Fra:18 Mem:46.46M (Peak 54.59M) | Time:00:00.04 | Mem:13.19M, Peak:13.19M | Scene, ViewLayer | Updating Scene BVH | Building
Fra:18 Mem:46.46M (Peak 54.59M) | Time:00:00.04 | Mem:13.19M, Peak:13.19M | Scene, ViewLayer | Updating Scene BVH | Building BVH
Fra:18 Mem:46.46M (Peak 54.59M) | Time:00:00.04 | Mem:13.68M, Peak:13.68M | Scene, ViewLayer | Updating Scene BVH | Building BVH 0%
Fra:18 Mem:46.46M (Peak 54.59M) | Time:00:00.04 | Mem:14.21M, Peak:14.69M | Scene, ViewLayer | Updating Scene BVH | Copying BVH to device
Fra:18 Mem:46.46M (Peak 54.59M) | Time:00:00.04 | Mem:14.21M, Peak:14.69M | Scene, ViewLayer | Updating Mesh | Computing normals
Fra:18 Mem:47.01M (Peak 54.59M) | Time:00:00.04 | Mem:14.21M, Peak:14.69M | Scene, ViewLayer | Updating Mesh | Copying Mesh to device
Fra:18 Mem:47.01M (Peak 54.59M) | Time:00:00.04 | Mem:14.77M, Peak:14.77M | Scene, ViewLayer | Updating Objects Flags
Fra:18 Mem:47.01M (Peak 54.59M) | Time:00:00.04 | Mem:14.77M, Peak:14.77M | Scene, ViewLayer | Updating Primitive Offsets
Fra:18 Mem:47.01M (Peak 54.59M) | Time:00:00.04 | Mem:14.77M, Peak:14.77M | Scene, ViewLayer | Updating Images
Fra:18 Mem:47.01M (Peak 54.59M) | Time:00:00.04 | Mem:14.77M, Peak:14.77M | Scene, ViewLayer | Updating Camera Volume
Fra:18 Mem:47.01M (Peak 54.59M) | Time:00:00.04 | Mem:14.77M, Peak:14.77M | Scene, ViewLayer | Updating Lookup Tables
Fra:18 Mem:47.01M (Peak 54.59M) | Time:00:00.04 | Mem:14.85M, Peak:14.85M | Scene, ViewLayer | Updating Lights
Fra:18 Mem:47.01M (Peak 54.59M) | Time:00:00.04 | Mem:14.85M, Peak:14.85M | Scene, ViewLayer | Updating Lights | Computing tree
Fra:18 Mem:47.01M (Peak 54.59M) | Time:00:00.04 | Mem:14.85M, Peak:14.85M | Scene, ViewLayer | Updating Integrator
Fra:18 Mem:47.01M (Peak 54.59M) | Time:00:00.04 | Mem:14.85M, Peak:14.85M | Scene, ViewLayer | Updating Film
Fra:18 Mem:47.02M (Peak 54.59M) | Time:00:00.04 | Mem:14.77M, Peak:14.85M | Scene, ViewLayer | Updating Lookup Tables
Fra:18 Mem:47.02M (Peak 54.59M) | Time:00:00.04 | Mem:14.85M, Peak:14.85M | Scene, ViewLayer | Updating Baking
Fra:18 Mem:47.02M (Peak 54.59M) | Time:00:00.04 | Mem:14.85M, Peak:14.85M | Scene, ViewLayer | Updating Device | Writing constant memory
Fra:18 Mem:47.02M (Peak 54.59M) | Time:00:00.04 | Mem:14.85M, Peak:14.85M | Scene, ViewLayer | Sample 0/8
Fra:18 Mem:78.67M (Peak 78.67M) | Time:00:00.55 | Remaining:00:03.52 | Mem:46.50M, Peak:46.50M | Scene, ViewLayer | Sample 1/8
Fra:18 Mem:92.74M (Peak 120.86M) | Time:00:04.56 | Mem:46.50M, Peak:46.50M | Scene, ViewLayer | Sample 8/8
Fra:18 Mem:92.74M (Peak 120.86M) | Time:00:04.56 | Mem:46.50M, Peak:46.50M | Scene, ViewLayer | Finished
Saved: '/workspace/deliverables/actor-repair-20261002/evidence/final-source/source_material_rear.png'
Time: 00:04.66 (Saving: 00:00.09)

ACTOR_SOURCE_REVIEW_OK characters 7 renders 6

Blender quit
