ERROR Draco mesh compression is not available because library could not be found at /usr/bin/4.3/python/lib/python3.13/site-packages/libextern_draco.so
13:39:01 | INFO: Starting glTF 2.0 export
13:39:01 | INFO: Extracting primitive: Sphere
13:39:01 | INFO: Primitives created: 1
13:39:02 | INFO: Finished glTF 2.0 export in 0.8366067409515381 s

MESH_REPAIRED operator_rifle_body.001
13:39:02 | INFO: Starting glTF 2.0 export
13:39:02 | INFO: Extracting primitive: Sphere.040
13:39:02 | INFO: Primitives created: 1
13:39:03 | INFO: Finished glTF 2.0 export in 0.8009452819824219 s

MESH_REPAIRED operator_rifle_body.001
13:39:03 | INFO: Starting glTF 2.0 export
13:39:03 | INFO: Extracting primitive: Sphere.041
13:39:03 | INFO: Primitives created: 1
13:39:04 | INFO: Finished glTF 2.0 export in 0.7516820430755615 s

ACTOR_ASSET operator_rifle [(7960, 1), (3945, 1), (1736, 1)]
13:39:04 | INFO: Starting glTF 2.0 export
13:39:04 | INFO: Extracting primitive: Sphere.042
13:39:04 | INFO: Primitives created: 1
13:39:05 | INFO: Finished glTF 2.0 export in 0.8392250537872314 s

MESH_REPAIRED operator_mg_body.001
13:39:05 | INFO: Starting glTF 2.0 export
13:39:05 | INFO: Extracting primitive: Sphere.082
13:39:05 | INFO: Primitives created: 1
13:39:06 | INFO: Finished glTF 2.0 export in 0.8470132350921631 s

MESH_REPAIRED operator_mg_body.001
13:39:06 | INFO: Starting glTF 2.0 export
13:39:06 | INFO: Extracting primitive: Sphere.083
13:39:06 | INFO: Primitives created: 1
13:39:07 | INFO: Finished glTF 2.0 export in 0.8345859050750732 s

ACTOR_ASSET operator_mg [(7960, 1), (3945, 1), (1726, 1)]
13:39:08 | INFO: Starting glTF 2.0 export
13:39:08 | INFO: Extracting primitive: Sphere.084
13:39:08 | INFO: Primitives created: 1
13:39:09 | INFO: Finished glTF 2.0 export in 0.8492648601531982 s

MESH_REPAIRED operator_scout_body.001
13:39:09 | INFO: Starting glTF 2.0 export
13:39:09 | INFO: Extracting primitive: Sphere.123
13:39:09 | INFO: Primitives created: 1
13:39:10 | INFO: Finished glTF 2.0 export in 0.8413522243499756 s

MESH_REPAIRED operator_scout_body.001
13:39:10 | INFO: Starting glTF 2.0 export
13:39:10 | INFO: Extracting primitive: Sphere.124
13:39:10 | INFO: Primitives created: 1
13:39:11 | INFO: Finished glTF 2.0 export in 0.8299696445465088 s

ACTOR_ASSET operator_scout [(7960, 1), (3945, 1), (1738, 1)]
13:39:12 | INFO: Starting glTF 2.0 export
13:39:12 | INFO: Extracting primitive: Sphere.125
13:39:12 | INFO: Primitives created: 1
13:39:12 | INFO: Finished glTF 2.0 export in 0.8511803150177002 s

MESH_REPAIRED enemy_patrol_body.001
13:39:13 | INFO: Starting glTF 2.0 export
13:39:13 | INFO: Extracting primitive: Sphere.165
13:39:13 | INFO: Primitives created: 1
13:39:13 | INFO: Finished glTF 2.0 export in 0.8560075759887695 s

MESH_REPAIRED enemy_patrol_body.001
13:39:14 | INFO: Starting glTF 2.0 export
13:39:14 | INFO: Extracting primitive: Sphere.166
13:39:14 | INFO: Primitives created: 1
13:39:14 | INFO: Finished glTF 2.0 export in 0.9149518013000488 s

ACTOR_ASSET enemy_patrol [(7960, 1), (3945, 1), (1736, 1)]
13:39:15 | INFO: Starting glTF 2.0 export
13:39:15 | INFO: Extracting primitive: Sphere.167
13:39:15 | INFO: Primitives created: 1
13:39:16 | INFO: Finished glTF 2.0 export in 0.8510129451751709 s

MESH_REPAIRED enemy_flank_body.001
13:39:16 | INFO: Starting glTF 2.0 export
13:39:16 | INFO: Extracting primitive: Sphere.206
13:39:16 | INFO: Primitives created: 1
13:39:17 | INFO: Finished glTF 2.0 export in 0.8378126621246338 s

MESH_REPAIRED enemy_flank_body.001
13:39:17 | INFO: Starting glTF 2.0 export
13:39:17 | INFO: Extracting primitive: Sphere.207
13:39:17 | INFO: Primitives created: 1
13:39:18 | INFO: Finished glTF 2.0 export in 0.8463983535766602 s

ACTOR_ASSET enemy_flank [(7960, 1), (3945, 1), (1737, 1)]
13:39:19 | INFO: Starting glTF 2.0 export
13:39:19 | INFO: Extracting primitive: Sphere.208
13:39:19 | INFO: Primitives created: 1
13:39:20 | INFO: Finished glTF 2.0 export in 0.8653995990753174 s

MESH_REPAIRED enemy_sneak_body.001
13:39:20 | INFO: Starting glTF 2.0 export
13:39:20 | INFO: Extracting primitive: Sphere.248
13:39:20 | INFO: Primitives created: 1
13:39:21 | INFO: Finished glTF 2.0 export in 0.8737077713012695 s

MESH_REPAIRED enemy_sneak_body.001
13:39:21 | INFO: Starting glTF 2.0 export
13:39:21 | INFO: Extracting primitive: Sphere.249
13:39:21 | INFO: Primitives created: 1
13:39:22 | INFO: Finished glTF 2.0 export in 0.8600506782531738 s

ACTOR_ASSET enemy_sneak [(7960, 1), (3945, 1), (1738, 1)]
13:39:23 | INFO: Starting glTF 2.0 export
13:39:23 | INFO: Extracting primitive: Sphere.250
13:39:23 | INFO: Primitives created: 1
13:39:24 | INFO: Finished glTF 2.0 export in 0.8697059154510498 s

MESH_REPAIRED enemy_radio_body.001
13:39:24 | INFO: Starting glTF 2.0 export
13:39:24 | INFO: Extracting primitive: Sphere.290
13:39:24 | INFO: Primitives created: 1
13:39:25 | INFO: Finished glTF 2.0 export in 0.8685376644134521 s

MESH_REPAIRED enemy_radio_body.001
13:39:25 | INFO: Starting glTF 2.0 export
13:39:25 | INFO: Extracting primitive: Sphere.291
13:39:25 | INFO: Primitives created: 1
13:39:26 | INFO: Finished glTF 2.0 export in 0.8702840805053711 s

ACTOR_ASSET enemy_radio [(7960, 1), (3944, 1), (1735, 1)]
13:39:26 | INFO: Starting glTF 2.0 export
13:39:26 | INFO: Extracting primitive: Cube.194
13:39:26 | INFO: Primitives created: 1
13:39:26 | INFO: Finished glTF 2.0 export in 0.007866621017456055 s

13:39:26 | INFO: Starting glTF 2.0 export
13:39:26 | INFO: Extracting primitive: Cube.201
13:39:26 | INFO: Primitives created: 1
13:39:26 | INFO: Finished glTF 2.0 export in 0.007563352584838867 s

ACTOR_ASSET m1911 [(352, 1), (142, 1)]
13:39:26 | INFO: Starting glTF 2.0 export
13:39:26 | INFO: Extracting primitive: Cube.202
13:39:26 | INFO: Primitives created: 1
13:39:26 | INFO: Finished glTF 2.0 export in 0.007658958435058594 s

13:39:26 | INFO: Starting glTF 2.0 export
13:39:26 | INFO: Extracting primitive: Cube.210
13:39:26 | INFO: Primitives created: 1
13:39:26 | INFO: Finished glTF 2.0 export in 0.0071794986724853516 s

ACTOR_ASSET luger [(396, 1), (164, 1)]
13:39:26 | INFO: Starting glTF 2.0 export
13:39:26 | INFO: Extracting primitive: Cube.211
13:39:26 | INFO: Primitives created: 1
13:39:26 | INFO: Finished glTF 2.0 export in 0.008669376373291016 s

13:39:26 | INFO: Starting glTF 2.0 export
13:39:26 | INFO: Extracting primitive: Cube.226
13:39:26 | INFO: Primitives created: 1
13:39:26 | INFO: Finished glTF 2.0 export in 0.007877588272094727 s

ACTOR_ASSET m1_garand [(900, 1), (428, 1)]
13:39:26 | INFO: Starting glTF 2.0 export
13:39:26 | INFO: Extracting primitive: Cube.227
13:39:26 | INFO: Primitives created: 1
13:39:26 | INFO: Finished glTF 2.0 export in 0.008887052536010742 s

13:39:26 | INFO: Starting glTF 2.0 export
13:39:26 | INFO: Extracting primitive: Cube.242
13:39:26 | INFO: Primitives created: 1
13:39:26 | INFO: Finished glTF 2.0 export in 0.00769495964050293 s

ACTOR_ASSET kar98k [(856, 1), (404, 1)]
13:39:27 | INFO: Starting glTF 2.0 export
13:39:27 | INFO: Extracting primitive: Cube.243
13:39:27 | INFO: Primitives created: 1
13:39:27 | INFO: Finished glTF 2.0 export in 0.009282350540161133 s

13:39:27 | INFO: Starting glTF 2.0 export
13:39:27 | INFO: Extracting primitive: Cube.257
13:39:27 | INFO: Primitives created: 1
13:39:27 | INFO: Finished glTF 2.0 export in 0.007862091064453125 s

ACTOR_ASSET thompson [(888, 1), (420, 1)]
13:39:27 | INFO: Starting glTF 2.0 export
13:39:27 | INFO: Extracting primitive: folding_stock_rail
13:39:27 | INFO: Primitives created: 1
13:39:27 | INFO: Finished glTF 2.0 export in 0.008550405502319336 s

13:39:27 | INFO: Starting glTF 2.0 export
13:39:27 | INFO: Extracting primitive: folding_stock_rail.002
13:39:27 | INFO: Primitives created: 1
13:39:27 | INFO: Finished glTF 2.0 export in 0.008268117904663086 s

ACTOR_ASSET mp40 [(868, 1), (410, 1)]
13:39:27 | INFO: Starting glTF 2.0 export
13:39:27 | INFO: Extracting primitive: Cube.272
13:39:27 | INFO: Primitives created: 1
13:39:27 | INFO: Finished glTF 2.0 export in 0.008640289306640625 s

13:39:27 | INFO: Starting glTF 2.0 export
13:39:27 | INFO: Extracting primitive: Cube.286
13:39:27 | INFO: Primitives created: 1
13:39:27 | INFO: Finished glTF 2.0 export in 0.008572578430175781 s

ACTOR_ASSET bar [(868, 1), (410, 1)]
13:39:28 | INFO: Starting glTF 2.0 export
13:39:28 | INFO: Extracting primitive: Cube.287
13:39:28 | INFO: Primitives created: 1
13:39:28 | INFO: Finished glTF 2.0 export in 0.010311365127563477 s

13:39:28 | INFO: Starting glTF 2.0 export
13:39:28 | INFO: Extracting primitive: Cube.320
13:39:28 | INFO: Primitives created: 1
13:39:28 | INFO: Finished glTF 2.0 export in 0.009008646011352539 s

ACTOR_ASSET mg42 [(1416, 1), (696, 1)]
13:39:28 | INFO: Starting glTF 2.0 export
13:39:28 | INFO: Extracting primitive: Cube.321
13:39:28 | INFO: Primitives created: 1
13:39:28 | INFO: Finished glTF 2.0 export in 0.009173154830932617 s

13:39:28 | INFO: Starting glTF 2.0 export
13:39:28 | INFO: Extracting primitive: Cube.336
13:39:28 | INFO: Primitives created: 1
13:39:28 | INFO: Finished glTF 2.0 export in 0.008505821228027344 s

ACTOR_ASSET springfield [(960, 1), (458, 1)]
13:39:28 | INFO: Starting glTF 2.0 export
13:39:28 | INFO: Extracting primitive: Cube.337
13:39:28 | INFO: Primitives created: 1
13:39:28 | INFO: Finished glTF 2.0 export in 0.009592771530151367 s

13:39:28 | INFO: Starting glTF 2.0 export
13:39:28 | INFO: Extracting primitive: Cube.354
13:39:28 | INFO: Primitives created: 1
13:39:28 | INFO: Finished glTF 2.0 export in 0.008186101913452148 s

ACTOR_ASSET kar98k_zf [(1048, 1), (504, 1)]
13:39:28 | INFO: Starting glTF 2.0 export
13:39:28 | INFO: Extracting primitive: Cube.355
13:39:28 | INFO: Primitives created: 1
13:39:28 | INFO: Finished glTF 2.0 export in 0.007468461990356445 s

13:39:28 | INFO: Starting glTF 2.0 export
13:39:28 | INFO: Extracting primitive: Cube.358
13:39:28 | INFO: Primitives created: 1
13:39:28 | INFO: Finished glTF 2.0 export in 0.007231950759887695 s

ACTOR_ASSET knife [(144, 1), (34, 1)]
13:39:28 | INFO: Starting glTF 2.0 export
13:39:28 | INFO: Extracting primitive: Sphere.300
13:39:28 | INFO: Primitives created: 1
13:39:28 | INFO: Finished glTF 2.0 export in 0.008599281311035156 s

13:39:28 | INFO: Starting glTF 2.0 export
13:39:28 | INFO: Extracting primitive: Sphere.301
13:39:28 | INFO: Primitives created: 1
13:39:28 | INFO: Finished glTF 2.0 export in 0.007661342620849609 s

ACTOR_ASSET grenade [(368, 1), (150, 1)]
13:39:28 | INFO: Starting glTF 2.0 export
13:39:28 | INFO: Extracting primitive: mine
13:39:28 | INFO: Primitives created: 1
13:39:28 | INFO: Finished glTF 2.0 export in 0.007364749908447266 s

13:39:28 | INFO: Starting glTF 2.0 export
13:39:28 | INFO: Extracting primitive: mine.001
13:39:28 | INFO: Primitives created: 1
13:39:28 | INFO: Finished glTF 2.0 export in 0.0073244571685791016 s

ACTOR_ASSET mine [(168, 1), (46, 1)]
13:39:29 | INFO: Starting glTF 2.0 export
13:39:29 | INFO: Extracting primitive: Cube.360
13:39:29 | INFO: Primitives created: 1
13:39:29 | INFO: Finished glTF 2.0 export in 0.007443428039550781 s

MESH_REPAIRED decoy_body.001
13:39:29 | INFO: Starting glTF 2.0 export
13:39:29 | INFO: Extracting primitive: Cube.364
13:39:29 | INFO: Primitives created: 1
13:39:29 | INFO: Finished glTF 2.0 export in 0.0074350833892822266 s

ACTOR_ASSET decoy [(148, 1), (35, 1)]
13:39:29 | INFO: Starting glTF 2.0 export
13:39:29 | INFO: Extracting primitive: Cube.365
13:39:29 | INFO: Primitives created: 1
13:39:29 | INFO: Finished glTF 2.0 export in 0.0070972442626953125 s

13:39:29 | INFO: Starting glTF 2.0 export
13:39:29 | INFO: Extracting primitive: Cube.368
13:39:29 | INFO: Primitives created: 1
13:39:29 | INFO: Finished glTF 2.0 export in 0.007321357727050781 s

ACTOR_ASSET ammo_pack [(132, 1), (28, 1)]
Info: Saved "actors.blend"
ACTOR_KIT_EXPORTED 22
Blender 4.3.2

Blender quit
