ERROR Draco mesh compression is not available because library could not be found at /usr/bin/4.3/python/lib/python3.13/site-packages/libextern_draco.so
13:38:29 | INFO: Starting glTF 2.0 export
13:38:29 | INFO: Extracting primitive: Sphere
13:38:29 | INFO: Primitives created: 1
13:38:30 | INFO: Finished glTF 2.0 export in 0.8311681747436523 s

MESH_REPAIRED operator_rifle_body.001
13:38:30 | INFO: Starting glTF 2.0 export
13:38:30 | INFO: Extracting primitive: Sphere.040
13:38:30 | INFO: Primitives created: 1
13:38:31 | INFO: Finished glTF 2.0 export in 0.8546023368835449 s

MESH_REPAIRED operator_rifle_body.001
13:38:31 | INFO: Starting glTF 2.0 export
13:38:31 | INFO: Extracting primitive: Sphere.041
13:38:31 | INFO: Primitives created: 1
13:38:32 | INFO: Finished glTF 2.0 export in 0.7949614524841309 s

ACTOR_ASSET operator_rifle [(7960, 1), (3945, 1), (1737, 1)]
13:38:33 | INFO: Starting glTF 2.0 export
13:38:33 | INFO: Extracting primitive: Sphere.042
13:38:33 | INFO: Primitives created: 1
13:38:34 | INFO: Finished glTF 2.0 export in 0.83260178565979 s

MESH_REPAIRED operator_mg_body.001
13:38:34 | INFO: Starting glTF 2.0 export
13:38:34 | INFO: Extracting primitive: Sphere.082
13:38:34 | INFO: Primitives created: 1
13:38:35 | INFO: Finished glTF 2.0 export in 0.8884899616241455 s

MESH_REPAIRED operator_mg_body.001
13:38:35 | INFO: Starting glTF 2.0 export
13:38:35 | INFO: Extracting primitive: Sphere.083
13:38:35 | INFO: Primitives created: 1
13:38:36 | INFO: Finished glTF 2.0 export in 0.8348333835601807 s

ACTOR_ASSET operator_mg [(7960, 1), (3945, 1), (1726, 1)]
13:38:37 | INFO: Starting glTF 2.0 export
13:38:37 | INFO: Extracting primitive: Sphere.084
13:38:37 | INFO: Primitives created: 1
13:38:37 | INFO: Finished glTF 2.0 export in 0.8447575569152832 s

MESH_REPAIRED operator_scout_body.001
13:38:38 | INFO: Starting glTF 2.0 export
13:38:38 | INFO: Extracting primitive: Sphere.123
13:38:38 | INFO: Primitives created: 1
13:38:38 | INFO: Finished glTF 2.0 export in 0.8298647403717041 s

MESH_REPAIRED operator_scout_body.001
13:38:38 | INFO: Starting glTF 2.0 export
13:38:38 | INFO: Extracting primitive: Sphere.124
13:38:39 | INFO: Primitives created: 1
13:38:39 | INFO: Finished glTF 2.0 export in 0.8480992317199707 s

ACTOR_ASSET operator_scout [(7960, 1), (3945, 1), (1738, 1)]
13:38:40 | INFO: Starting glTF 2.0 export
13:38:40 | INFO: Extracting primitive: Sphere.125
13:38:40 | INFO: Primitives created: 1
13:38:41 | INFO: Finished glTF 2.0 export in 0.855471134185791 s

MESH_REPAIRED enemy_patrol_body.001
13:38:41 | INFO: Starting glTF 2.0 export
13:38:41 | INFO: Extracting primitive: Sphere.165
13:38:41 | INFO: Primitives created: 1
13:38:42 | INFO: Finished glTF 2.0 export in 0.8593099117279053 s

MESH_REPAIRED enemy_patrol_body.001
13:38:42 | INFO: Starting glTF 2.0 export
13:38:42 | INFO: Extracting primitive: Sphere.166
13:38:42 | INFO: Primitives created: 1
13:38:43 | INFO: Finished glTF 2.0 export in 0.8702077865600586 s

ACTOR_ASSET enemy_patrol [(7960, 1), (3945, 1), (1736, 1)]
13:38:44 | INFO: Starting glTF 2.0 export
13:38:44 | INFO: Extracting primitive: Sphere.167
13:38:44 | INFO: Primitives created: 1
13:38:45 | INFO: Finished glTF 2.0 export in 0.8676242828369141 s

MESH_REPAIRED enemy_flank_body.001
13:38:45 | INFO: Starting glTF 2.0 export
13:38:45 | INFO: Extracting primitive: Sphere.206
13:38:45 | INFO: Primitives created: 1
13:38:46 | INFO: Finished glTF 2.0 export in 0.8520162105560303 s

MESH_REPAIRED enemy_flank_body.001
13:38:46 | INFO: Starting glTF 2.0 export
13:38:46 | INFO: Extracting primitive: Sphere.207
13:38:46 | INFO: Primitives created: 1
13:38:47 | INFO: Finished glTF 2.0 export in 0.8465514183044434 s

ACTOR_ASSET enemy_flank [(7960, 1), (3945, 1), (1739, 1)]
13:38:48 | INFO: Starting glTF 2.0 export
13:38:48 | INFO: Extracting primitive: Sphere.208
13:38:48 | INFO: Primitives created: 1
13:38:49 | INFO: Finished glTF 2.0 export in 0.8979110717773438 s

MESH_REPAIRED enemy_sneak_body.001
13:38:49 | INFO: Starting glTF 2.0 export
13:38:49 | INFO: Extracting primitive: Sphere.248
13:38:49 | INFO: Primitives created: 1
13:38:50 | INFO: Finished glTF 2.0 export in 0.8911881446838379 s

MESH_REPAIRED enemy_sneak_body.001
13:38:50 | INFO: Starting glTF 2.0 export
13:38:50 | INFO: Extracting primitive: Sphere.249
13:38:50 | INFO: Primitives created: 1
13:38:51 | INFO: Finished glTF 2.0 export in 0.8512365818023682 s

ACTOR_ASSET enemy_sneak [(7960, 1), (3945, 1), (1738, 1)]
13:38:52 | INFO: Starting glTF 2.0 export
13:38:52 | INFO: Extracting primitive: Sphere.250
13:38:52 | INFO: Primitives created: 1
13:38:53 | INFO: Finished glTF 2.0 export in 0.8630044460296631 s

MESH_REPAIRED enemy_radio_body.001
13:38:53 | INFO: Starting glTF 2.0 export
13:38:53 | INFO: Extracting primitive: Sphere.290
13:38:53 | INFO: Primitives created: 1
13:38:54 | INFO: Finished glTF 2.0 export in 0.8545503616333008 s

MESH_REPAIRED enemy_radio_body.001
13:38:54 | INFO: Starting glTF 2.0 export
13:38:54 | INFO: Extracting primitive: Sphere.291
13:38:54 | INFO: Primitives created: 1
13:38:54 | INFO: Finished glTF 2.0 export in 0.8607034683227539 s

ACTOR_ASSET enemy_radio [(7960, 1), (3944, 1), (1735, 1)]
13:38:55 | INFO: Starting glTF 2.0 export
13:38:55 | INFO: Extracting primitive: Cube.194
13:38:55 | INFO: Primitives created: 1
13:38:55 | INFO: Finished glTF 2.0 export in 0.007533073425292969 s

13:38:55 | INFO: Starting glTF 2.0 export
13:38:55 | INFO: Extracting primitive: Cube.201
13:38:55 | INFO: Primitives created: 1
13:38:55 | INFO: Finished glTF 2.0 export in 0.00759124755859375 s

ACTOR_ASSET m1911 [(352, 1), (142, 1)]
13:38:55 | INFO: Starting glTF 2.0 export
13:38:55 | INFO: Extracting primitive: Cube.202
13:38:55 | INFO: Primitives created: 1
13:38:55 | INFO: Finished glTF 2.0 export in 0.007653951644897461 s

13:38:55 | INFO: Starting glTF 2.0 export
13:38:55 | INFO: Extracting primitive: Cube.210
13:38:55 | INFO: Primitives created: 1
13:38:55 | INFO: Finished glTF 2.0 export in 0.007160663604736328 s

ACTOR_ASSET luger [(396, 1), (164, 1)]
13:38:55 | INFO: Starting glTF 2.0 export
13:38:55 | INFO: Extracting primitive: Cube.211
13:38:55 | INFO: Primitives created: 1
13:38:55 | INFO: Finished glTF 2.0 export in 0.00864553451538086 s

13:38:55 | INFO: Starting glTF 2.0 export
13:38:55 | INFO: Extracting primitive: Cube.226
13:38:55 | INFO: Primitives created: 1
13:38:55 | INFO: Finished glTF 2.0 export in 0.007955551147460938 s

ACTOR_ASSET m1_garand [(900, 1), (428, 1)]
13:38:55 | INFO: Starting glTF 2.0 export
13:38:55 | INFO: Extracting primitive: Cube.227
13:38:55 | INFO: Primitives created: 1
13:38:55 | INFO: Finished glTF 2.0 export in 0.008278608322143555 s

13:38:55 | INFO: Starting glTF 2.0 export
13:38:55 | INFO: Extracting primitive: Cube.242
13:38:55 | INFO: Primitives created: 1
13:38:55 | INFO: Finished glTF 2.0 export in 0.007941722869873047 s

ACTOR_ASSET kar98k [(856, 1), (404, 1)]
13:38:55 | INFO: Starting glTF 2.0 export
13:38:55 | INFO: Extracting primitive: Cube.243
13:38:55 | INFO: Primitives created: 1
13:38:55 | INFO: Finished glTF 2.0 export in 0.008399009704589844 s

13:38:55 | INFO: Starting glTF 2.0 export
13:38:55 | INFO: Extracting primitive: Cube.257
13:38:55 | INFO: Primitives created: 1
13:38:55 | INFO: Finished glTF 2.0 export in 0.007650136947631836 s

ACTOR_ASSET thompson [(888, 1), (420, 1)]
13:38:56 | INFO: Starting glTF 2.0 export
13:38:56 | INFO: Extracting primitive: folding_stock_rail
13:38:56 | INFO: Primitives created: 1
13:38:56 | INFO: Finished glTF 2.0 export in 0.008205652236938477 s

13:38:56 | INFO: Starting glTF 2.0 export
13:38:56 | INFO: Extracting primitive: folding_stock_rail.002
13:38:56 | INFO: Primitives created: 1
13:38:56 | INFO: Finished glTF 2.0 export in 0.008394956588745117 s

ACTOR_ASSET mp40 [(868, 1), (410, 1)]
13:38:56 | INFO: Starting glTF 2.0 export
13:38:56 | INFO: Extracting primitive: Cube.272
13:38:56 | INFO: Primitives created: 1
13:38:56 | INFO: Finished glTF 2.0 export in 0.008602619171142578 s

13:38:56 | INFO: Starting glTF 2.0 export
13:38:56 | INFO: Extracting primitive: Cube.286
13:38:56 | INFO: Primitives created: 1
13:38:56 | INFO: Finished glTF 2.0 export in 0.007930755615234375 s

ACTOR_ASSET bar [(868, 1), (410, 1)]
13:38:56 | INFO: Starting glTF 2.0 export
13:38:56 | INFO: Extracting primitive: Cube.287
13:38:56 | INFO: Primitives created: 1
13:38:56 | INFO: Finished glTF 2.0 export in 0.009661674499511719 s

13:38:56 | INFO: Starting glTF 2.0 export
13:38:56 | INFO: Extracting primitive: Cube.320
13:38:56 | INFO: Primitives created: 1
13:38:56 | INFO: Finished glTF 2.0 export in 0.008844375610351562 s

ACTOR_ASSET mg42 [(1416, 1), (696, 1)]
13:38:57 | INFO: Starting glTF 2.0 export
13:38:57 | INFO: Extracting primitive: Cube.321
13:38:57 | INFO: Primitives created: 1
13:38:57 | INFO: Finished glTF 2.0 export in 0.008997917175292969 s

13:38:57 | INFO: Starting glTF 2.0 export
13:38:57 | INFO: Extracting primitive: Cube.336
13:38:57 | INFO: Primitives created: 1
13:38:57 | INFO: Finished glTF 2.0 export in 0.008918046951293945 s

ACTOR_ASSET springfield [(960, 1), (458, 1)]
13:38:57 | INFO: Starting glTF 2.0 export
13:38:57 | INFO: Extracting primitive: Cube.337
13:38:57 | INFO: Primitives created: 1
13:38:57 | INFO: Finished glTF 2.0 export in 0.009901762008666992 s

13:38:57 | INFO: Starting glTF 2.0 export
13:38:57 | INFO: Extracting primitive: Cube.354
13:38:57 | INFO: Primitives created: 1
13:38:57 | INFO: Finished glTF 2.0 export in 0.00818014144897461 s

ACTOR_ASSET kar98k_zf [(1048, 1), (504, 1)]
13:38:57 | INFO: Starting glTF 2.0 export
13:38:57 | INFO: Extracting primitive: Cube.355
13:38:57 | INFO: Primitives created: 1
13:38:57 | INFO: Finished glTF 2.0 export in 0.0075473785400390625 s

13:38:57 | INFO: Starting glTF 2.0 export
13:38:57 | INFO: Extracting primitive: Cube.358
13:38:57 | INFO: Primitives created: 1
13:38:57 | INFO: Finished glTF 2.0 export in 0.006906986236572266 s

ACTOR_ASSET knife [(144, 1), (34, 1)]
13:38:57 | INFO: Starting glTF 2.0 export
13:38:57 | INFO: Extracting primitive: Sphere.300
13:38:57 | INFO: Primitives created: 1
13:38:57 | INFO: Finished glTF 2.0 export in 0.00800013542175293 s

13:38:57 | INFO: Starting glTF 2.0 export
13:38:57 | INFO: Extracting primitive: Sphere.301
13:38:57 | INFO: Primitives created: 1
13:38:57 | INFO: Finished glTF 2.0 export in 0.0074100494384765625 s

ACTOR_ASSET grenade [(368, 1), (150, 1)]
13:38:57 | INFO: Starting glTF 2.0 export
13:38:57 | INFO: Extracting primitive: mine
13:38:57 | INFO: Primitives created: 1
13:38:57 | INFO: Finished glTF 2.0 export in 0.007460117340087891 s

13:38:57 | INFO: Starting glTF 2.0 export
13:38:57 | INFO: Extracting primitive: mine.001
13:38:57 | INFO: Primitives created: 1
13:38:57 | INFO: Finished glTF 2.0 export in 0.007442951202392578 s

ACTOR_ASSET mine [(168, 1), (46, 1)]
13:38:57 | INFO: Starting glTF 2.0 export
13:38:57 | INFO: Extracting primitive: Cube.360
13:38:57 | INFO: Primitives created: 1
13:38:57 | INFO: Finished glTF 2.0 export in 0.0070056915283203125 s

MESH_REPAIRED decoy_body.001
13:38:57 | INFO: Starting glTF 2.0 export
13:38:57 | INFO: Extracting primitive: Cube.364
13:38:57 | INFO: Primitives created: 1
13:38:57 | INFO: Finished glTF 2.0 export in 0.00720977783203125 s

ACTOR_ASSET decoy [(148, 1), (35, 1)]
13:38:57 | INFO: Starting glTF 2.0 export
13:38:57 | INFO: Extracting primitive: Cube.365
13:38:57 | INFO: Primitives created: 1
13:38:57 | INFO: Finished glTF 2.0 export in 0.0072171688079833984 s

13:38:57 | INFO: Starting glTF 2.0 export
13:38:57 | INFO: Extracting primitive: Cube.368
13:38:57 | INFO: Primitives created: 1
13:38:57 | INFO: Finished glTF 2.0 export in 0.007063150405883789 s

ACTOR_ASSET ammo_pack [(132, 1), (28, 1)]
Info: Saved "actors.blend"
ACTOR_KIT_EXPORTED 22
Blender 4.3.2

Blender quit
