ERROR Draco mesh compression is not available because library could not be found at /usr/bin/4.3/python/lib/python3.13/site-packages/libextern_draco.so
15:50:53 | INFO: Starting glTF 2.0 export
15:50:53 | INFO: Extracting primitive: Sphere
15:50:53 | INFO: Primitives created: 1
15:50:54 | INFO: Finished glTF 2.0 export in 0.9935503005981445 s

15:50:54 | INFO: Starting glTF 2.0 export
15:50:54 | INFO: Extracting primitive: Sphere.013
15:50:54 | INFO: Primitives created: 1
15:50:55 | INFO: Finished glTF 2.0 export in 1.0256290435791016 s

15:50:55 | INFO: Starting glTF 2.0 export
15:50:55 | INFO: Extracting primitive: Sphere.020
15:50:55 | INFO: Primitives created: 1
15:50:56 | INFO: Finished glTF 2.0 export in 1.0275423526763916 s

ACTOR_ASSET operator_rifle [(5846, 1), (2852, 1), (1668, 1)]
15:50:57 | INFO: Starting glTF 2.0 export
15:50:57 | INFO: Extracting primitive: Sphere.027
15:50:57 | INFO: Primitives created: 1
15:50:58 | INFO: Finished glTF 2.0 export in 0.9809024333953857 s

15:50:59 | INFO: Starting glTF 2.0 export
15:50:59 | INFO: Extracting primitive: Sphere.040
15:50:59 | INFO: Primitives created: 1
15:51:00 | INFO: Finished glTF 2.0 export in 1.137364149093628 s

15:51:00 | INFO: Starting glTF 2.0 export
15:51:00 | INFO: Extracting primitive: Sphere.047
15:51:00 | INFO: Primitives created: 1
15:51:01 | INFO: Finished glTF 2.0 export in 1.0813586711883545 s

ACTOR_ASSET operator_mg [(6210, 1), (3216, 1), (1680, 1)]
15:51:02 | INFO: Starting glTF 2.0 export
15:51:02 | INFO: Extracting primitive: Sphere.054
15:51:02 | INFO: Primitives created: 1
15:51:03 | INFO: Finished glTF 2.0 export in 1.048614501953125 s

15:51:03 | INFO: Starting glTF 2.0 export
15:51:04 | INFO: Extracting primitive: Sphere.068
15:51:04 | INFO: Primitives created: 1
15:51:05 | INFO: Finished glTF 2.0 export in 1.0426337718963623 s

15:51:05 | INFO: Starting glTF 2.0 export
15:51:05 | INFO: Extracting primitive: Sphere.076
15:51:05 | INFO: Primitives created: 1
15:51:06 | INFO: Finished glTF 2.0 export in 1.0525000095367432 s

ACTOR_ASSET operator_scout [(5750, 1), (2752, 1), (1548, 1)]
15:51:07 | INFO: Starting glTF 2.0 export
15:51:07 | INFO: Extracting primitive: Sphere.084
15:51:07 | INFO: Primitives created: 1
15:51:08 | INFO: Finished glTF 2.0 export in 1.0217204093933105 s

15:51:08 | INFO: Starting glTF 2.0 export
15:51:08 | INFO: Extracting primitive: Sphere.097
15:51:08 | INFO: Primitives created: 1
15:51:09 | INFO: Finished glTF 2.0 export in 1.0629937648773193 s

15:51:10 | INFO: Starting glTF 2.0 export
15:51:10 | INFO: Extracting primitive: Sphere.104
15:51:10 | INFO: Primitives created: 1
15:51:11 | INFO: Finished glTF 2.0 export in 1.0792419910430908 s

ACTOR_ASSET enemy_patrol [(5902, 1), (2884, 1), (1700, 1)]
15:51:12 | INFO: Starting glTF 2.0 export
15:51:12 | INFO: Extracting primitive: Sphere.111
15:51:12 | INFO: Primitives created: 1
15:51:13 | INFO: Finished glTF 2.0 export in 1.0227501392364502 s

15:51:13 | INFO: Starting glTF 2.0 export
15:51:13 | INFO: Extracting primitive: Sphere.125
15:51:13 | INFO: Primitives created: 1
15:51:14 | INFO: Finished glTF 2.0 export in 1.0412497520446777 s

15:51:15 | INFO: Starting glTF 2.0 export
15:51:15 | INFO: Extracting primitive: Sphere.133
15:51:15 | INFO: Primitives created: 1
15:51:16 | INFO: Finished glTF 2.0 export in 1.0494613647460938 s

ACTOR_ASSET enemy_flank [(5756, 1), (2740, 1), (1548, 1)]
15:51:17 | INFO: Starting glTF 2.0 export
15:51:17 | INFO: Extracting primitive: Sphere.141
15:51:17 | INFO: Primitives created: 1
15:51:18 | INFO: Finished glTF 2.0 export in 1.0819652080535889 s

15:51:18 | INFO: Starting glTF 2.0 export
15:51:18 | INFO: Extracting primitive: Sphere.155
15:51:18 | INFO: Primitives created: 1
15:51:19 | INFO: Finished glTF 2.0 export in 1.0769250392913818 s

15:51:20 | INFO: Starting glTF 2.0 export
15:51:20 | INFO: Extracting primitive: Sphere.163
15:51:20 | INFO: Primitives created: 1
15:51:21 | INFO: Finished glTF 2.0 export in 1.106255054473877 s

ACTOR_ASSET enemy_sneak [(5842, 1), (2788, 1), (1604, 1)]
15:51:22 | INFO: Starting glTF 2.0 export
15:51:22 | INFO: Extracting primitive: Sphere.171
15:51:22 | INFO: Primitives created: 1
15:51:23 | INFO: Finished glTF 2.0 export in 1.0800533294677734 s

15:51:24 | INFO: Starting glTF 2.0 export
15:51:24 | INFO: Extracting primitive: Sphere.184
15:51:24 | INFO: Primitives created: 1
15:51:25 | INFO: Finished glTF 2.0 export in 1.0622270107269287 s

15:51:25 | INFO: Starting glTF 2.0 export
15:51:25 | INFO: Extracting primitive: Sphere.191
15:51:25 | INFO: Primitives created: 1
15:51:26 | INFO: Finished glTF 2.0 export in 1.0488767623901367 s

ACTOR_ASSET enemy_radio [(5878, 1), (2884, 1), (1700, 1)]
15:51:26 | INFO: Starting glTF 2.0 export
15:51:26 | INFO: Extracting primitive: Cube.486
15:51:26 | INFO: Primitives created: 1
15:51:26 | INFO: Finished glTF 2.0 export in 0.0079498291015625 s

15:51:26 | INFO: Starting glTF 2.0 export
15:51:26 | INFO: Extracting primitive: Cube.493
15:51:26 | INFO: Primitives created: 1
15:51:26 | INFO: Finished glTF 2.0 export in 0.00772404670715332 s

ACTOR_ASSET m1911 [(352, 1), (116, 1)]
15:51:26 | INFO: Starting glTF 2.0 export
15:51:26 | INFO: Extracting primitive: Cube.500
15:51:26 | INFO: Primitives created: 1
15:51:26 | INFO: Finished glTF 2.0 export in 0.0077342987060546875 s

15:51:26 | INFO: Starting glTF 2.0 export
15:51:26 | INFO: Extracting primitive: Cube.508
15:51:26 | INFO: Primitives created: 1
15:51:26 | INFO: Finished glTF 2.0 export in 0.008579015731811523 s

ACTOR_ASSET luger [(396, 1), (128, 1)]
15:51:27 | INFO: Starting glTF 2.0 export
15:51:27 | INFO: Extracting primitive: Cube.516
15:51:27 | INFO: Primitives created: 1
15:51:27 | INFO: Finished glTF 2.0 export in 0.010262727737426758 s

15:51:27 | INFO: Starting glTF 2.0 export
15:51:27 | INFO: Extracting primitive: Cube.539
15:51:27 | INFO: Primitives created: 1
15:51:27 | INFO: Finished glTF 2.0 export in 0.0077135562896728516 s

ACTOR_ASSET m1_garand [(1124, 1), (340, 1)]
15:51:27 | INFO: Starting glTF 2.0 export
15:51:27 | INFO: Extracting primitive: Cube.562
15:51:27 | INFO: Primitives created: 1
15:51:27 | INFO: Finished glTF 2.0 export in 0.009068489074707031 s

15:51:28 | INFO: Starting glTF 2.0 export
15:51:28 | INFO: Extracting primitive: Cube.584
15:51:28 | INFO: Primitives created: 1
15:51:28 | INFO: Finished glTF 2.0 export in 0.008457183837890625 s

ACTOR_ASSET kar98k [(1164, 1), (352, 1)]
15:51:28 | INFO: Starting glTF 2.0 export
15:51:28 | INFO: Extracting primitive: Cube.606
15:51:28 | INFO: Primitives created: 1
15:51:28 | INFO: Finished glTF 2.0 export in 0.009549617767333984 s

15:51:28 | INFO: Starting glTF 2.0 export
15:51:28 | INFO: Extracting primitive: Cube.626
15:51:28 | INFO: Primitives created: 1
15:51:28 | INFO: Finished glTF 2.0 export in 0.00765228271484375 s

ACTOR_ASSET thompson [(1024, 1), (328, 1)]
15:51:28 | INFO: Starting glTF 2.0 export
15:51:28 | INFO: Extracting primitive: folding_stock_rail
15:51:28 | INFO: Primitives created: 1
15:51:28 | INFO: Finished glTF 2.0 export in 0.009634017944335938 s

15:51:29 | INFO: Starting glTF 2.0 export
15:51:29 | INFO: Extracting primitive: folding_stock_rail.002
15:51:29 | INFO: Primitives created: 1
15:51:29 | INFO: Finished glTF 2.0 export in 0.009432792663574219 s

ACTOR_ASSET mp40 [(1004, 1), (336, 1)]
15:51:29 | INFO: Starting glTF 2.0 export
15:51:29 | INFO: Extracting primitive: Cube.686
15:51:29 | INFO: Primitives created: 1
15:51:29 | INFO: Finished glTF 2.0 export in 0.00921940803527832 s

15:51:29 | INFO: Starting glTF 2.0 export
15:51:29 | INFO: Extracting primitive: Cube.706
15:51:29 | INFO: Primitives created: 1
15:51:29 | INFO: Finished glTF 2.0 export in 0.007961511611938477 s

ACTOR_ASSET bar [(1004, 1), (336, 1)]
15:51:30 | INFO: Starting glTF 2.0 export
15:51:30 | INFO: Extracting primitive: Cube.726
15:51:30 | INFO: Primitives created: 1
15:51:30 | INFO: Finished glTF 2.0 export in 0.011669158935546875 s

15:51:30 | INFO: Starting glTF 2.0 export
15:51:30 | INFO: Extracting primitive: Cube.765
15:51:30 | INFO: Primitives created: 1
15:51:30 | INFO: Finished glTF 2.0 export in 0.008455038070678711 s

ACTOR_ASSET mg42 [(1552, 1), (564, 1)]
15:51:31 | INFO: Starting glTF 2.0 export
15:51:31 | INFO: Extracting primitive: Cube.804
15:51:31 | INFO: Primitives created: 1
15:51:31 | INFO: Finished glTF 2.0 export in 0.010094165802001953 s

15:51:31 | INFO: Starting glTF 2.0 export
15:51:31 | INFO: Extracting primitive: Cube.826
15:51:31 | INFO: Primitives created: 1
15:51:31 | INFO: Finished glTF 2.0 export in 0.009186744689941406 s

ACTOR_ASSET springfield [(1268, 1), (428, 1)]
15:51:31 | INFO: Starting glTF 2.0 export
15:51:31 | INFO: Extracting primitive: Cube.848
15:51:31 | INFO: Primitives created: 1
15:51:31 | INFO: Finished glTF 2.0 export in 0.010509729385375977 s

15:51:32 | INFO: Starting glTF 2.0 export
15:51:32 | INFO: Extracting primitive: Cube.872
15:51:32 | INFO: Primitives created: 1
15:51:32 | INFO: Finished glTF 2.0 export in 0.008873701095581055 s

ACTOR_ASSET kar98k_zf [(1356, 1), (452, 1)]
15:51:32 | INFO: Starting glTF 2.0 export
15:51:32 | INFO: Extracting primitive: Cube.896
15:51:32 | INFO: Primitives created: 1
15:51:32 | INFO: Finished glTF 2.0 export in 0.007196903228759766 s

15:51:32 | INFO: Starting glTF 2.0 export
15:51:32 | INFO: Extracting primitive: Cube.898
15:51:32 | INFO: Primitives created: 1
15:51:32 | INFO: Finished glTF 2.0 export in 0.007407426834106445 s

ACTOR_ASSET knife [(104, 1), (40, 1)]
15:51:32 | INFO: Starting glTF 2.0 export
15:51:32 | INFO: Extracting primitive: Sphere.204
15:51:32 | INFO: Primitives created: 1
15:51:32 | INFO: Finished glTF 2.0 export in 0.008327960968017578 s

15:51:32 | INFO: Starting glTF 2.0 export
15:51:32 | INFO: Extracting primitive: Sphere.205
15:51:32 | INFO: Primitives created: 1
15:51:32 | INFO: Finished glTF 2.0 export in 0.008133411407470703 s

ACTOR_ASSET grenade [(368, 1), (108, 1)]
15:51:32 | INFO: Starting glTF 2.0 export
15:51:32 | INFO: Extracting primitive: mine
15:51:32 | INFO: Primitives created: 1
15:51:32 | INFO: Finished glTF 2.0 export in 0.008135318756103516 s

15:51:32 | INFO: Starting glTF 2.0 export
15:51:32 | INFO: Extracting primitive: mine.001
15:51:32 | INFO: Primitives created: 1
15:51:32 | INFO: Finished glTF 2.0 export in 0.0074615478515625 s

ACTOR_ASSET mine [(168, 1), (124, 1)]
15:51:32 | INFO: Starting glTF 2.0 export
15:51:32 | INFO: Extracting primitive: Cube.902
15:51:32 | INFO: Primitives created: 1
15:51:32 | INFO: Finished glTF 2.0 export in 0.008483409881591797 s

15:51:32 | INFO: Starting glTF 2.0 export
15:51:32 | INFO: Extracting primitive: Cube.909
15:51:32 | INFO: Primitives created: 1
15:51:32 | INFO: Finished glTF 2.0 export in 0.007829427719116211 s

ACTOR_ASSET decoy [(280, 1), (116, 1)]
15:51:32 | INFO: Starting glTF 2.0 export
15:51:32 | INFO: Extracting primitive: Cube.916
15:51:32 | INFO: Primitives created: 1
15:51:32 | INFO: Finished glTF 2.0 export in 0.00781559944152832 s

15:51:32 | INFO: Starting glTF 2.0 export
15:51:32 | INFO: Extracting primitive: Cube.922
15:51:32 | INFO: Primitives created: 1
15:51:32 | INFO: Finished glTF 2.0 export in 0.00754547119140625 s

ACTOR_ASSET ammo_pack [(264, 1), (72, 1)]
Info: Saved "actors.blend"
ACTOR_KIT_EXPORTED 22
Blender 4.3.2

Blender quit
