ERROR Draco mesh compression is not available because library could not be found at /usr/bin/4.3/python/lib/python3.13/site-packages/libextern_draco.so
15:50:52 | INFO: Starting glTF 2.0 export
15:50:52 | INFO: Extracting primitive: Sphere
15:50:52 | INFO: Primitives created: 1
15:50:53 | INFO: Finished glTF 2.0 export in 0.845020055770874 s

15:50:53 | INFO: Starting glTF 2.0 export
15:50:53 | INFO: Extracting primitive: Sphere.013
15:50:53 | INFO: Primitives created: 1
15:50:54 | INFO: Finished glTF 2.0 export in 0.8485403060913086 s

15:50:54 | INFO: Starting glTF 2.0 export
15:50:54 | INFO: Extracting primitive: Sphere.020
15:50:54 | INFO: Primitives created: 1
15:50:55 | INFO: Finished glTF 2.0 export in 0.8718936443328857 s

ACTOR_ASSET operator_rifle [(5846, 1), (2852, 1), (1668, 1)]
15:50:56 | INFO: Starting glTF 2.0 export
15:50:56 | INFO: Extracting primitive: Sphere.027
15:50:56 | INFO: Primitives created: 1
15:50:57 | INFO: Finished glTF 2.0 export in 0.8347365856170654 s

15:50:57 | INFO: Starting glTF 2.0 export
15:50:57 | INFO: Extracting primitive: Sphere.040
15:50:57 | INFO: Primitives created: 1
15:50:59 | INFO: Finished glTF 2.0 export in 1.4791736602783203 s

15:50:59 | INFO: Starting glTF 2.0 export
15:50:59 | INFO: Extracting primitive: Sphere.047
15:50:59 | INFO: Primitives created: 1
15:51:00 | INFO: Finished glTF 2.0 export in 0.9789214134216309 s

ACTOR_ASSET operator_mg [(6210, 1), (3216, 1), (1680, 1)]
15:51:01 | INFO: Starting glTF 2.0 export
15:51:01 | INFO: Extracting primitive: Sphere.054
15:51:01 | INFO: Primitives created: 1
15:51:01 | INFO: Finished glTF 2.0 export in 0.8592953681945801 s

15:51:02 | INFO: Starting glTF 2.0 export
15:51:02 | INFO: Extracting primitive: Sphere.068
15:51:02 | INFO: Primitives created: 1
15:51:03 | INFO: Finished glTF 2.0 export in 0.8315169811248779 s

15:51:03 | INFO: Starting glTF 2.0 export
15:51:03 | INFO: Extracting primitive: Sphere.076
15:51:03 | INFO: Primitives created: 1
15:51:04 | INFO: Finished glTF 2.0 export in 0.9078555107116699 s

ACTOR_ASSET operator_scout [(5750, 1), (2752, 1), (1548, 1)]
15:51:04 | INFO: Starting glTF 2.0 export
15:51:04 | INFO: Extracting primitive: Sphere.084
15:51:04 | INFO: Primitives created: 1
15:51:05 | INFO: Finished glTF 2.0 export in 0.8976037502288818 s

15:51:06 | INFO: Starting glTF 2.0 export
15:51:06 | INFO: Extracting primitive: Sphere.097
15:51:06 | INFO: Primitives created: 1
15:51:07 | INFO: Finished glTF 2.0 export in 0.9390387535095215 s

15:51:07 | INFO: Starting glTF 2.0 export
15:51:07 | INFO: Extracting primitive: Sphere.104
15:51:07 | INFO: Primitives created: 1
15:51:08 | INFO: Finished glTF 2.0 export in 0.8665804862976074 s

ACTOR_ASSET enemy_patrol [(5902, 1), (2884, 1), (1700, 1)]
15:51:09 | INFO: Starting glTF 2.0 export
15:51:09 | INFO: Extracting primitive: Sphere.111
15:51:09 | INFO: Primitives created: 1
15:51:09 | INFO: Finished glTF 2.0 export in 0.8794927597045898 s

15:51:10 | INFO: Starting glTF 2.0 export
15:51:10 | INFO: Extracting primitive: Sphere.125
15:51:10 | INFO: Primitives created: 1
15:51:11 | INFO: Finished glTF 2.0 export in 0.8879194259643555 s

15:51:11 | INFO: Starting glTF 2.0 export
15:51:11 | INFO: Extracting primitive: Sphere.133
15:51:11 | INFO: Primitives created: 1
15:51:12 | INFO: Finished glTF 2.0 export in 0.879457950592041 s

ACTOR_ASSET enemy_flank [(5756, 1), (2740, 1), (1548, 1)]
15:51:13 | INFO: Starting glTF 2.0 export
15:51:13 | INFO: Extracting primitive: Sphere.141
15:51:13 | INFO: Primitives created: 1
15:51:14 | INFO: Finished glTF 2.0 export in 0.9113414287567139 s

15:51:14 | INFO: Starting glTF 2.0 export
15:51:14 | INFO: Extracting primitive: Sphere.155
15:51:14 | INFO: Primitives created: 1
15:51:15 | INFO: Finished glTF 2.0 export in 0.8884661197662354 s

15:51:15 | INFO: Starting glTF 2.0 export
15:51:15 | INFO: Extracting primitive: Sphere.163
15:51:15 | INFO: Primitives created: 1
15:51:16 | INFO: Finished glTF 2.0 export in 0.8636376857757568 s

ACTOR_ASSET enemy_sneak [(5842, 1), (2788, 1), (1604, 1)]
15:51:17 | INFO: Starting glTF 2.0 export
15:51:17 | INFO: Extracting primitive: Sphere.171
15:51:17 | INFO: Primitives created: 1
15:51:18 | INFO: Finished glTF 2.0 export in 0.8881101608276367 s

15:51:18 | INFO: Starting glTF 2.0 export
15:51:18 | INFO: Extracting primitive: Sphere.184
15:51:18 | INFO: Primitives created: 1
15:51:19 | INFO: Finished glTF 2.0 export in 0.8699085712432861 s

15:51:19 | INFO: Starting glTF 2.0 export
15:51:19 | INFO: Extracting primitive: Sphere.191
15:51:19 | INFO: Primitives created: 1
15:51:20 | INFO: Finished glTF 2.0 export in 0.8980081081390381 s

ACTOR_ASSET enemy_radio [(5878, 1), (2884, 1), (1700, 1)]
15:51:20 | INFO: Starting glTF 2.0 export
15:51:20 | INFO: Extracting primitive: Cube.486
15:51:20 | INFO: Primitives created: 1
15:51:20 | INFO: Finished glTF 2.0 export in 0.007101535797119141 s

15:51:21 | INFO: Starting glTF 2.0 export
15:51:21 | INFO: Extracting primitive: Cube.493
15:51:21 | INFO: Primitives created: 1
15:51:21 | INFO: Finished glTF 2.0 export in 0.0066335201263427734 s

ACTOR_ASSET m1911 [(352, 1), (116, 1)]
15:51:21 | INFO: Starting glTF 2.0 export
15:51:21 | INFO: Extracting primitive: Cube.500
15:51:21 | INFO: Primitives created: 1
15:51:21 | INFO: Finished glTF 2.0 export in 0.008232831954956055 s

15:51:21 | INFO: Starting glTF 2.0 export
15:51:21 | INFO: Extracting primitive: Cube.508
15:51:21 | INFO: Primitives created: 1
15:51:21 | INFO: Finished glTF 2.0 export in 0.007381916046142578 s

ACTOR_ASSET luger [(396, 1), (128, 1)]
15:51:21 | INFO: Starting glTF 2.0 export
15:51:21 | INFO: Extracting primitive: Cube.516
15:51:21 | INFO: Primitives created: 1
15:51:21 | INFO: Finished glTF 2.0 export in 0.009561538696289062 s

15:51:21 | INFO: Starting glTF 2.0 export
15:51:21 | INFO: Extracting primitive: Cube.539
15:51:21 | INFO: Primitives created: 1
15:51:21 | INFO: Finished glTF 2.0 export in 0.007549762725830078 s

ACTOR_ASSET m1_garand [(1124, 1), (340, 1)]
15:51:21 | INFO: Starting glTF 2.0 export
15:51:21 | INFO: Extracting primitive: Cube.562
15:51:21 | INFO: Primitives created: 1
15:51:21 | INFO: Finished glTF 2.0 export in 0.009305953979492188 s

15:51:22 | INFO: Starting glTF 2.0 export
15:51:22 | INFO: Extracting primitive: Cube.584
15:51:22 | INFO: Primitives created: 1
15:51:22 | INFO: Finished glTF 2.0 export in 0.007422208786010742 s

ACTOR_ASSET kar98k [(1164, 1), (352, 1)]
15:51:22 | INFO: Starting glTF 2.0 export
15:51:22 | INFO: Extracting primitive: Cube.606
15:51:22 | INFO: Primitives created: 1
15:51:22 | INFO: Finished glTF 2.0 export in 0.008937597274780273 s

15:51:22 | INFO: Starting glTF 2.0 export
15:51:22 | INFO: Extracting primitive: Cube.626
15:51:22 | INFO: Primitives created: 1
15:51:22 | INFO: Finished glTF 2.0 export in 0.007758140563964844 s

ACTOR_ASSET thompson [(1024, 1), (328, 1)]
15:51:22 | INFO: Starting glTF 2.0 export
15:51:22 | INFO: Extracting primitive: folding_stock_rail
15:51:22 | INFO: Primitives created: 1
15:51:22 | INFO: Finished glTF 2.0 export in 0.008876562118530273 s

15:51:23 | INFO: Starting glTF 2.0 export
15:51:23 | INFO: Extracting primitive: folding_stock_rail.002
15:51:23 | INFO: Primitives created: 1
15:51:23 | INFO: Finished glTF 2.0 export in 0.007529020309448242 s

ACTOR_ASSET mp40 [(1004, 1), (336, 1)]
15:51:23 | INFO: Starting glTF 2.0 export
15:51:23 | INFO: Extracting primitive: Cube.686
15:51:23 | INFO: Primitives created: 1
15:51:23 | INFO: Finished glTF 2.0 export in 0.009434223175048828 s

15:51:23 | INFO: Starting glTF 2.0 export
15:51:23 | INFO: Extracting primitive: Cube.706
15:51:23 | INFO: Primitives created: 1
15:51:23 | INFO: Finished glTF 2.0 export in 0.0076143741607666016 s

ACTOR_ASSET bar [(1004, 1), (336, 1)]
15:51:24 | INFO: Starting glTF 2.0 export
15:51:24 | INFO: Extracting primitive: Cube.726
15:51:24 | INFO: Primitives created: 1
15:51:24 | INFO: Finished glTF 2.0 export in 0.009210348129272461 s

15:51:24 | INFO: Starting glTF 2.0 export
15:51:24 | INFO: Extracting primitive: Cube.765
15:51:24 | INFO: Primitives created: 1
15:51:24 | INFO: Finished glTF 2.0 export in 0.00808405876159668 s

ACTOR_ASSET mg42 [(1552, 1), (564, 1)]
15:51:24 | INFO: Starting glTF 2.0 export
15:51:24 | INFO: Extracting primitive: Cube.804
15:51:24 | INFO: Primitives created: 1
15:51:24 | INFO: Finished glTF 2.0 export in 0.00922083854675293 s

15:51:25 | INFO: Starting glTF 2.0 export
15:51:25 | INFO: Extracting primitive: Cube.826
15:51:25 | INFO: Primitives created: 1
15:51:25 | INFO: Finished glTF 2.0 export in 0.008073806762695312 s

ACTOR_ASSET springfield [(1268, 1), (428, 1)]
15:51:25 | INFO: Starting glTF 2.0 export
15:51:25 | INFO: Extracting primitive: Cube.848
15:51:25 | INFO: Primitives created: 1
15:51:25 | INFO: Finished glTF 2.0 export in 0.009466171264648438 s

15:51:25 | INFO: Starting glTF 2.0 export
15:51:25 | INFO: Extracting primitive: Cube.872
15:51:25 | INFO: Primitives created: 1
15:51:25 | INFO: Finished glTF 2.0 export in 0.007976770401000977 s

ACTOR_ASSET kar98k_zf [(1356, 1), (452, 1)]
15:51:25 | INFO: Starting glTF 2.0 export
15:51:25 | INFO: Extracting primitive: Cube.896
15:51:25 | INFO: Primitives created: 1
15:51:25 | INFO: Finished glTF 2.0 export in 0.007202863693237305 s

15:51:25 | INFO: Starting glTF 2.0 export
15:51:25 | INFO: Extracting primitive: Cube.898
15:51:25 | INFO: Primitives created: 1
15:51:25 | INFO: Finished glTF 2.0 export in 0.007042884826660156 s

ACTOR_ASSET knife [(104, 1), (40, 1)]
15:51:25 | INFO: Starting glTF 2.0 export
15:51:25 | INFO: Extracting primitive: Sphere.204
15:51:25 | INFO: Primitives created: 1
15:51:25 | INFO: Finished glTF 2.0 export in 0.007858037948608398 s

15:51:25 | INFO: Starting glTF 2.0 export
15:51:25 | INFO: Extracting primitive: Sphere.205
15:51:25 | INFO: Primitives created: 1
15:51:25 | INFO: Finished glTF 2.0 export in 0.007136106491088867 s

ACTOR_ASSET grenade [(368, 1), (108, 1)]
15:51:25 | INFO: Starting glTF 2.0 export
15:51:25 | INFO: Extracting primitive: mine
15:51:25 | INFO: Primitives created: 1
15:51:25 | INFO: Finished glTF 2.0 export in 0.0072956085205078125 s

15:51:25 | INFO: Starting glTF 2.0 export
15:51:25 | INFO: Extracting primitive: mine.001
15:51:25 | INFO: Primitives created: 1
15:51:25 | INFO: Finished glTF 2.0 export in 0.007542848587036133 s

ACTOR_ASSET mine [(168, 1), (124, 1)]
15:51:26 | INFO: Starting glTF 2.0 export
15:51:26 | INFO: Extracting primitive: Cube.902
15:51:26 | INFO: Primitives created: 1
15:51:26 | INFO: Finished glTF 2.0 export in 0.00749659538269043 s

15:51:26 | INFO: Starting glTF 2.0 export
15:51:26 | INFO: Extracting primitive: Cube.909
15:51:26 | INFO: Primitives created: 1
15:51:26 | INFO: Finished glTF 2.0 export in 0.008353948593139648 s

ACTOR_ASSET decoy [(280, 1), (116, 1)]
15:51:26 | INFO: Starting glTF 2.0 export
15:51:26 | INFO: Extracting primitive: Cube.916
15:51:26 | INFO: Primitives created: 1
15:51:26 | INFO: Finished glTF 2.0 export in 0.007579803466796875 s

15:51:26 | INFO: Starting glTF 2.0 export
15:51:26 | INFO: Extracting primitive: Cube.922
15:51:26 | INFO: Primitives created: 1
15:51:26 | INFO: Finished glTF 2.0 export in 0.007597446441650391 s

ACTOR_ASSET ammo_pack [(264, 1), (72, 1)]
Info: Saved "actors.blend"
ACTOR_KIT_EXPORTED 22
Blender 4.3.2

Blender quit
