Blender 4.3.2
Read blend: "/workspace/ambush-actors-dot/ambush_loop/ArtSource/v2/actors.blend"
Fra:18 Mem:36.28M (Peak 36.28M) | Time:00:00.00 | Mem:0.00M, Peak:0.00M | Scene, ViewLayer | Synchronizing object | Plane
Fra:18 Mem:36.28M (Peak 36.28M) | Time:00:00.00 | Mem:0.00M, Peak:0.00M | Scene, ViewLayer | Synchronizing object | enemy_patrol_body
Fra:18 Mem:37.20M (Peak 37.20M) | Time:00:00.00 | Mem:0.00M, Peak:0.00M | Scene, ViewLayer | Initializing
Fra:18 Mem:36.62M (Peak 37.20M) | Time:00:00.00 | Mem:0.00M, Peak:0.00M | Scene, ViewLayer | Updating Images | Loading actor_atlas_albedo
Fra:18 Mem:36.62M (Peak 37.20M) | Time:00:00.00 | Mem:0.00M, Peak:0.00M | Scene, ViewLayer | Updating Images | Loading actor_atlas_normal
Fra:18 Mem:46.98M (Peak 64.65M) | Time:00:00.05 | Mem:12.00M, Peak:12.00M | Scene, ViewLayer | Waiting for render to start
Fra:18 Mem:46.99M (Peak 64.65M) | Time:00:00.05 | Mem:12.00M, Peak:12.00M | Scene, ViewLayer | Loading render kernels (may take a few minutes the first time)
Fra:18 Mem:46.99M (Peak 64.65M) | Time:00:00.05 | Mem:12.00M, Peak:12.00M | Scene, ViewLayer | Updating Scene
Fra:18 Mem:46.99M (Peak 64.65M) | Time:00:00.05 | Mem:12.00M, Peak:12.00M | Scene, ViewLayer | Updating Shaders
Fra:18 Mem:47.07M (Peak 64.65M) | Time:00:00.05 | Mem:12.00M, Peak:12.00M | Scene, ViewLayer | Updating Procedurals
Fra:18 Mem:47.07M (Peak 64.65M) | Time:00:00.05 | Mem:12.00M, Peak:12.00M | Scene, ViewLayer | Updating Background
Fra:18 Mem:47.07M (Peak 64.65M) | Time:00:00.05 | Mem:12.00M, Peak:12.00M | Scene, ViewLayer | Updating Camera
Fra:18 Mem:47.07M (Peak 64.65M) | Time:00:00.05 | Mem:12.00M, Peak:12.00M | Scene, ViewLayer | Updating Meshes Flags
Fra:18 Mem:47.07M (Peak 64.65M) | Time:00:00.05 | Mem:12.00M, Peak:12.00M | Scene, ViewLayer | Updating Objects
Fra:18 Mem:47.07M (Peak 64.65M) | Time:00:00.05 | Mem:12.00M, Peak:12.00M | Scene, ViewLayer | Updating Objects | Copying Transformations to device
Fra:18 Mem:47.07M (Peak 64.65M) | Time:00:00.05 | Mem:12.00M, Peak:12.00M | Scene, ViewLayer | Updating Objects | Applying Static Transformations
Fra:18 Mem:47.07M (Peak 64.65M) | Time:00:00.05 | Mem:12.00M, Peak:12.00M | Scene, ViewLayer | Updating Particle Systems
Fra:18 Mem:47.07M (Peak 64.65M) | Time:00:00.05 | Mem:12.00M, Peak:12.00M | Scene, ViewLayer | Updating Particle Systems | Copying Particles to device
Fra:18 Mem:47.07M (Peak 64.65M) | Time:00:00.05 | Mem:12.00M, Peak:12.00M | Scene, ViewLayer | Updating Meshes
Fra:18 Mem:47.25M (Peak 64.65M) | Time:00:00.05 | Mem:12.00M, Peak:12.00M | Scene, ViewLayer | Updating Mesh | Computing attributes
Fra:18 Mem:47.25M (Peak 64.65M) | Time:00:00.05 | Mem:12.00M, Peak:12.00M | Scene, ViewLayer | Updating Mesh | Copying Attributes to device
Fra:18 Mem:47.25M (Peak 64.65M) | Time:00:00.05 | Mem:12.00M, Peak:12.00M | Scene, ViewLayer | Updating Scene BVH | Building
Fra:18 Mem:47.25M (Peak 64.65M) | Time:00:00.05 | Mem:12.00M, Peak:12.00M | Scene, ViewLayer | Updating Scene BVH | Building BVH
Fra:18 Mem:47.25M (Peak 64.65M) | Time:00:00.05 | Mem:12.36M, Peak:12.36M | Scene, ViewLayer | Updating Scene BVH | Building BVH 0%
Fra:18 Mem:47.25M (Peak 64.65M) | Time:00:00.05 | Mem:12.79M, Peak:13.15M | Scene, ViewLayer | Updating Scene BVH | Copying BVH to device
Fra:18 Mem:47.25M (Peak 64.65M) | Time:00:00.05 | Mem:12.79M, Peak:13.15M | Scene, ViewLayer | Updating Mesh | Computing normals
Fra:18 Mem:47.66M (Peak 64.65M) | Time:00:00.05 | Mem:12.79M, Peak:13.15M | Scene, ViewLayer | Updating Mesh | Copying Mesh to device
Fra:18 Mem:47.66M (Peak 64.65M) | Time:00:00.05 | Mem:13.20M, Peak:13.20M | Scene, ViewLayer | Updating Objects Flags
Fra:18 Mem:47.66M (Peak 64.65M) | Time:00:00.05 | Mem:13.20M, Peak:13.20M | Scene, ViewLayer | Updating Primitive Offsets
Fra:18 Mem:47.66M (Peak 64.65M) | Time:00:00.05 | Mem:13.20M, Peak:13.20M | Scene, ViewLayer | Updating Images
Fra:18 Mem:47.66M (Peak 64.65M) | Time:00:00.05 | Mem:13.20M, Peak:13.20M | Scene, ViewLayer | Updating Camera Volume
Fra:18 Mem:47.66M (Peak 64.65M) | Time:00:00.05 | Mem:13.20M, Peak:13.20M | Scene, ViewLayer | Updating Lookup Tables
Fra:18 Mem:47.66M (Peak 64.65M) | Time:00:00.05 | Mem:13.29M, Peak:13.29M | Scene, ViewLayer | Updating Lights
Fra:18 Mem:47.66M (Peak 64.65M) | Time:00:00.05 | Mem:13.29M, Peak:13.29M | Scene, ViewLayer | Updating Lights | Computing tree
Fra:18 Mem:47.66M (Peak 64.65M) | Time:00:00.05 | Mem:13.29M, Peak:13.29M | Scene, ViewLayer | Updating Integrator
Fra:18 Mem:47.66M (Peak 64.65M) | Time:00:00.05 | Mem:13.29M, Peak:13.29M | Scene, ViewLayer | Updating Film
Fra:18 Mem:47.67M (Peak 64.65M) | Time:00:00.05 | Mem:13.21M, Peak:13.29M | Scene, ViewLayer | Updating Lookup Tables
Fra:18 Mem:47.67M (Peak 64.65M) | Time:00:00.05 | Mem:13.29M, Peak:13.29M | Scene, ViewLayer | Updating Baking
Fra:18 Mem:47.67M (Peak 64.65M) | Time:00:00.05 | Mem:13.29M, Peak:13.29M | Scene, ViewLayer | Updating Device | Writing constant memory
Fra:18 Mem:47.67M (Peak 64.65M) | Time:00:00.05 | Mem:13.29M, Peak:13.29M | Scene, ViewLayer | Sample 0/8
Fra:18 Mem:79.33M (Peak 79.33M) | Time:00:00.70 | Remaining:00:04.52 | Mem:44.94M, Peak:44.94M | Scene, ViewLayer | Sample 1/8
Fra:18 Mem:93.40M (Peak 121.52M) | Time:00:06.00 | Mem:44.94M, Peak:44.94M | Scene, ViewLayer | Sample 8/8
Fra:18 Mem:93.40M (Peak 121.52M) | Time:00:06.00 | Mem:44.94M, Peak:44.94M | Scene, ViewLayer | Finished
Saved: '/workspace/deliverables/actor-repair-20261002-r3/source-verified/source_clay_front.png'
Time: 00:06.15 (Saving: 00:00.14)

Fra:18 Mem:36.48M (Peak 36.48M) | Time:00:00.00 | Mem:0.00M, Peak:0.00M | Scene, ViewLayer | Synchronizing object | Plane
Fra:18 Mem:36.48M (Peak 36.48M) | Time:00:00.00 | Mem:0.00M, Peak:0.00M | Scene, ViewLayer | Synchronizing object | enemy_patrol_body
Fra:18 Mem:36.55M (Peak 36.55M) | Time:00:00.00 | Mem:0.00M, Peak:0.00M | Scene, ViewLayer | Synchronizing object | operator_rifle_body
Fra:18 Mem:37.20M (Peak 37.20M) | Time:00:00.00 | Mem:0.00M, Peak:0.00M | Scene, ViewLayer | Initializing
Fra:18 Mem:36.62M (Peak 37.20M) | Time:00:00.00 | Mem:0.00M, Peak:0.00M | Scene, ViewLayer | Updating Images | Loading actor_atlas_orm
Fra:18 Mem:36.62M (Peak 37.20M) | Time:00:00.00 | Mem:0.00M, Peak:0.00M | Scene, ViewLayer | Updating Images | Loading actor_atlas_albedo
Fra:18 Mem:44.62M (Peak 44.62M) | Time:00:00.00 | Mem:0.00M, Peak:0.00M | Scene, ViewLayer | Updating Images | Loading actor_atlas_normal
Fra:18 Mem:46.98M (Peak 56.64M) | Time:00:00.05 | Mem:12.00M, Peak:12.00M | Scene, ViewLayer | Waiting for render to start
Fra:18 Mem:46.99M (Peak 56.64M) | Time:00:00.05 | Mem:12.00M, Peak:12.00M | Scene, ViewLayer | Loading render kernels (may take a few minutes the first time)
Fra:18 Mem:46.99M (Peak 56.64M) | Time:00:00.05 | Mem:12.00M, Peak:12.00M | Scene, ViewLayer | Updating Scene
Fra:18 Mem:46.99M (Peak 56.64M) | Time:00:00.05 | Mem:12.00M, Peak:12.00M | Scene, ViewLayer | Updating Shaders
Fra:18 Mem:47.07M (Peak 56.64M) | Time:00:00.05 | Mem:12.00M, Peak:12.00M | Scene, ViewLayer | Updating Procedurals
Fra:18 Mem:47.07M (Peak 56.64M) | Time:00:00.05 | Mem:12.00M, Peak:12.00M | Scene, ViewLayer | Updating Background
Fra:18 Mem:47.07M (Peak 56.64M) | Time:00:00.05 | Mem:12.00M, Peak:12.00M | Scene, ViewLayer | Updating Camera
Fra:18 Mem:47.07M (Peak 56.64M) | Time:00:00.05 | Mem:12.00M, Peak:12.00M | Scene, ViewLayer | Updating Meshes Flags
Fra:18 Mem:47.07M (Peak 56.64M) | Time:00:00.05 | Mem:12.00M, Peak:12.00M | Scene, ViewLayer | Updating Objects
Fra:18 Mem:47.07M (Peak 56.64M) | Time:00:00.05 | Mem:12.00M, Peak:12.00M | Scene, ViewLayer | Updating Objects | Copying Transformations to device
Fra:18 Mem:47.07M (Peak 56.64M) | Time:00:00.05 | Mem:12.00M, Peak:12.00M | Scene, ViewLayer | Updating Objects | Applying Static Transformations
Fra:18 Mem:47.07M (Peak 56.64M) | Time:00:00.05 | Mem:12.00M, Peak:12.00M | Scene, ViewLayer | Updating Particle Systems
Fra:18 Mem:47.07M (Peak 56.64M) | Time:00:00.05 | Mem:12.00M, Peak:12.00M | Scene, ViewLayer | Updating Particle Systems | Copying Particles to device
Fra:18 Mem:47.07M (Peak 56.64M) | Time:00:00.05 | Mem:12.00M, Peak:12.00M | Scene, ViewLayer | Updating Meshes
Fra:18 Mem:47.25M (Peak 56.64M) | Time:00:00.05 | Mem:12.00M, Peak:12.00M | Scene, ViewLayer | Updating Mesh | Computing attributes
Fra:18 Mem:47.25M (Peak 56.64M) | Time:00:00.05 | Mem:12.00M, Peak:12.00M | Scene, ViewLayer | Updating Mesh | Copying Attributes to device
Fra:18 Mem:47.25M (Peak 56.64M) | Time:00:00.05 | Mem:12.00M, Peak:12.00M | Scene, ViewLayer | Updating Scene BVH | Building
Fra:18 Mem:47.25M (Peak 56.64M) | Time:00:00.05 | Mem:12.00M, Peak:12.00M | Scene, ViewLayer | Updating Scene BVH | Building BVH
Fra:18 Mem:47.25M (Peak 56.64M) | Time:00:00.05 | Mem:12.36M, Peak:12.36M | Scene, ViewLayer | Updating Scene BVH | Building BVH 0%
Fra:18 Mem:47.25M (Peak 56.64M) | Time:00:00.06 | Mem:12.75M, Peak:13.11M | Scene, ViewLayer | Updating Scene BVH | Copying BVH to device
Fra:18 Mem:47.25M (Peak 56.64M) | Time:00:00.06 | Mem:12.75M, Peak:13.11M | Scene, ViewLayer | Updating Mesh | Computing normals
Fra:18 Mem:47.66M (Peak 56.64M) | Time:00:00.06 | Mem:12.75M, Peak:13.11M | Scene, ViewLayer | Updating Mesh | Copying Mesh to device
Fra:18 Mem:47.66M (Peak 56.64M) | Time:00:00.06 | Mem:13.17M, Peak:13.17M | Scene, ViewLayer | Updating Objects Flags
Fra:18 Mem:47.66M (Peak 56.64M) | Time:00:00.06 | Mem:13.17M, Peak:13.17M | Scene, ViewLayer | Updating Primitive Offsets
Fra:18 Mem:47.66M (Peak 56.64M) | Time:00:00.06 | Mem:13.17M, Peak:13.17M | Scene, ViewLayer | Updating Images
Fra:18 Mem:47.66M (Peak 56.64M) | Time:00:00.06 | Mem:13.17M, Peak:13.17M | Scene, ViewLayer | Updating Camera Volume
Fra:18 Mem:47.66M (Peak 56.64M) | Time:00:00.06 | Mem:13.17M, Peak:13.17M | Scene, ViewLayer | Updating Lookup Tables
Fra:18 Mem:47.66M (Peak 56.64M) | Time:00:00.06 | Mem:13.25M, Peak:13.25M | Scene, ViewLayer | Updating Lights
Fra:18 Mem:47.66M (Peak 56.64M) | Time:00:00.06 | Mem:13.25M, Peak:13.25M | Scene, ViewLayer | Updating Lights | Computing tree
Fra:18 Mem:47.66M (Peak 56.64M) | Time:00:00.06 | Mem:13.25M, Peak:13.25M | Scene, ViewLayer | Updating Integrator
Fra:18 Mem:47.66M (Peak 56.64M) | Time:00:00.06 | Mem:13.25M, Peak:13.25M | Scene, ViewLayer | Updating Film
Fra:18 Mem:47.67M (Peak 56.64M) | Time:00:00.06 | Mem:13.17M, Peak:13.25M | Scene, ViewLayer | Updating Lookup Tables
Fra:18 Mem:47.67M (Peak 56.64M) | Time:00:00.06 | Mem:13.25M, Peak:13.25M | Scene, ViewLayer | Updating Baking
Fra:18 Mem:47.67M (Peak 56.64M) | Time:00:00.06 | Mem:13.25M, Peak:13.25M | Scene, ViewLayer | Updating Device | Writing constant memory
Fra:18 Mem:47.67M (Peak 56.64M) | Time:00:00.06 | Mem:13.25M, Peak:13.25M | Scene, ViewLayer | Sample 0/8
Fra:18 Mem:79.33M (Peak 79.33M) | Time:00:00.85 | Remaining:00:05.56 | Mem:44.91M, Peak:44.91M | Scene, ViewLayer | Sample 1/8
Fra:18 Mem:93.40M (Peak 121.52M) | Time:00:05.30 | Mem:44.91M, Peak:44.91M | Scene, ViewLayer | Sample 8/8
Fra:18 Mem:93.40M (Peak 121.52M) | Time:00:05.30 | Mem:44.91M, Peak:44.91M | Scene, ViewLayer | Finished
Saved: '/workspace/deliverables/actor-repair-20261002-r3/source-verified/source_clay_side.png'
Time: 00:05.44 (Saving: 00:00.14)

Fra:18 Mem:36.48M (Peak 36.48M) | Time:00:00.00 | Mem:0.00M, Peak:0.00M | Scene, ViewLayer | Synchronizing object | Plane
Fra:18 Mem:36.48M (Peak 36.48M) | Time:00:00.00 | Mem:0.00M, Peak:0.00M | Scene, ViewLayer | Synchronizing object | enemy_patrol_body
Fra:18 Mem:37.20M (Peak 37.20M) | Time:00:00.00 | Mem:0.00M, Peak:0.00M | Scene, ViewLayer | Initializing
Fra:18 Mem:36.62M (Peak 37.20M) | Time:00:00.00 | Mem:0.00M, Peak:0.00M | Scene, ViewLayer | Updating Images | Loading actor_atlas_orm
Fra:18 Mem:36.62M (Peak 37.20M) | Time:00:00.00 | Mem:0.00M, Peak:0.00M | Scene, ViewLayer | Updating Images | Loading actor_atlas_albedo
Fra:18 Mem:36.62M (Peak 37.20M) | Time:00:00.00 | Mem:0.00M, Peak:0.00M | Scene, ViewLayer | Updating Images | Loading actor_atlas_normal
Fra:18 Mem:46.98M (Peak 56.64M) | Time:00:00.03 | Mem:12.00M, Peak:12.00M | Scene, ViewLayer | Waiting for render to start
Fra:18 Mem:46.99M (Peak 56.64M) | Time:00:00.03 | Mem:12.00M, Peak:12.00M | Scene, ViewLayer | Loading render kernels (may take a few minutes the first time)
Fra:18 Mem:46.99M (Peak 56.64M) | Time:00:00.03 | Mem:12.00M, Peak:12.00M | Scene, ViewLayer | Updating Scene
Fra:18 Mem:46.99M (Peak 56.64M) | Time:00:00.03 | Mem:12.00M, Peak:12.00M | Scene, ViewLayer | Updating Shaders
Fra:18 Mem:47.07M (Peak 56.64M) | Time:00:00.03 | Mem:12.00M, Peak:12.00M | Scene, ViewLayer | Updating Procedurals
Fra:18 Mem:47.07M (Peak 56.64M) | Time:00:00.03 | Mem:12.00M, Peak:12.00M | Scene, ViewLayer | Updating Background
Fra:18 Mem:47.07M (Peak 56.64M) | Time:00:00.03 | Mem:12.00M, Peak:12.00M | Scene, ViewLayer | Updating Camera
Fra:18 Mem:47.07M (Peak 56.64M) | Time:00:00.03 | Mem:12.00M, Peak:12.00M | Scene, ViewLayer | Updating Meshes Flags
Fra:18 Mem:47.07M (Peak 56.64M) | Time:00:00.03 | Mem:12.00M, Peak:12.00M | Scene, ViewLayer | Updating Objects
Fra:18 Mem:47.07M (Peak 56.64M) | Time:00:00.03 | Mem:12.00M, Peak:12.00M | Scene, ViewLayer | Updating Objects | Copying Transformations to device
Fra:18 Mem:47.07M (Peak 56.64M) | Time:00:00.03 | Mem:12.00M, Peak:12.00M | Scene, ViewLayer | Updating Objects | Applying Static Transformations
Fra:18 Mem:47.07M (Peak 56.64M) | Time:00:00.03 | Mem:12.00M, Peak:12.00M | Scene, ViewLayer | Updating Particle Systems
Fra:18 Mem:47.07M (Peak 56.64M) | Time:00:00.03 | Mem:12.00M, Peak:12.00M | Scene, ViewLayer | Updating Particle Systems | Copying Particles to device
Fra:18 Mem:47.07M (Peak 56.64M) | Time:00:00.03 | Mem:12.00M, Peak:12.00M | Scene, ViewLayer | Updating Meshes
Fra:18 Mem:47.25M (Peak 56.64M) | Time:00:00.04 | Mem:12.00M, Peak:12.00M | Scene, ViewLayer | Updating Mesh | Computing attributes
Fra:18 Mem:47.25M (Peak 56.64M) | Time:00:00.04 | Mem:12.00M, Peak:12.00M | Scene, ViewLayer | Updating Mesh | Copying Attributes to device
Fra:18 Mem:47.25M (Peak 56.64M) | Time:00:00.04 | Mem:12.00M, Peak:12.00M | Scene, ViewLayer | Updating Scene BVH | Building
Fra:18 Mem:47.25M (Peak 56.64M) | Time:00:00.04 | Mem:12.00M, Peak:12.00M | Scene, ViewLayer | Updating Scene BVH | Building BVH
Fra:18 Mem:47.25M (Peak 56.64M) | Time:00:00.04 | Mem:12.36M, Peak:12.36M | Scene, ViewLayer | Updating Scene BVH | Building BVH 0%
Fra:18 Mem:47.25M (Peak 56.64M) | Time:00:00.04 | Mem:12.79M, Peak:13.15M | Scene, ViewLayer | Updating Scene BVH | Copying BVH to device
Fra:18 Mem:47.25M (Peak 56.64M) | Time:00:00.04 | Mem:12.79M, Peak:13.15M | Scene, ViewLayer | Updating Mesh | Computing normals
Fra:18 Mem:47.66M (Peak 56.64M) | Time:00:00.04 | Mem:12.79M, Peak:13.15M | Scene, ViewLayer | Updating Mesh | Copying Mesh to device
Fra:18 Mem:47.66M (Peak 56.64M) | Time:00:00.04 | Mem:13.20M, Peak:13.20M | Scene, ViewLayer | Updating Objects Flags
Fra:18 Mem:47.66M (Peak 56.64M) | Time:00:00.04 | Mem:13.20M, Peak:13.20M | Scene, ViewLayer | Updating Primitive Offsets
Fra:18 Mem:47.66M (Peak 56.64M) | Time:00:00.04 | Mem:13.20M, Peak:13.20M | Scene, ViewLayer | Updating Images
Fra:18 Mem:47.66M (Peak 56.64M) | Time:00:00.04 | Mem:13.20M, Peak:13.20M | Scene, ViewLayer | Updating Camera Volume
Fra:18 Mem:47.66M (Peak 56.64M) | Time:00:00.04 | Mem:13.20M, Peak:13.20M | Scene, ViewLayer | Updating Lookup Tables
Fra:18 Mem:47.66M (Peak 56.64M) | Time:00:00.04 | Mem:13.29M, Peak:13.29M | Scene, ViewLayer | Updating Lights
Fra:18 Mem:47.66M (Peak 56.64M) | Time:00:00.04 | Mem:13.29M, Peak:13.29M | Scene, ViewLayer | Updating Lights | Computing tree
Fra:18 Mem:47.66M (Peak 56.64M) | Time:00:00.04 | Mem:13.29M, Peak:13.29M | Scene, ViewLayer | Updating Integrator
Fra:18 Mem:47.66M (Peak 56.64M) | Time:00:00.04 | Mem:13.29M, Peak:13.29M | Scene, ViewLayer | Updating Film
Fra:18 Mem:47.67M (Peak 56.64M) | Time:00:00.04 | Mem:13.21M, Peak:13.29M | Scene, ViewLayer | Updating Lookup Tables
Fra:18 Mem:47.67M (Peak 56.64M) | Time:00:00.04 | Mem:13.29M, Peak:13.29M | Scene, ViewLayer | Updating Baking
Fra:18 Mem:47.67M (Peak 56.64M) | Time:00:00.04 | Mem:13.29M, Peak:13.29M | Scene, ViewLayer | Updating Device | Writing constant memory
Fra:18 Mem:47.67M (Peak 56.64M) | Time:00:00.04 | Mem:13.29M, Peak:13.29M | Scene, ViewLayer | Sample 0/8
Fra:18 Mem:79.33M (Peak 79.33M) | Time:00:00.71 | Remaining:00:04.73 | Mem:44.94M, Peak:44.94M | Scene, ViewLayer | Sample 1/8
Fra:18 Mem:93.40M (Peak 121.52M) | Time:00:04.42 | Mem:44.94M, Peak:44.94M | Scene, ViewLayer | Sample 8/8
Fra:18 Mem:93.40M (Peak 121.52M) | Time:00:04.42 | Mem:44.94M, Peak:44.94M | Scene, ViewLayer | Finished
Saved: '/workspace/deliverables/actor-repair-20261002-r3/source-verified/source_clay_rear.png'
Time: 00:04.51 (Saving: 00:00.08)

Fra:18 Mem:36.47M (Peak 36.47M) | Time:00:00.00 | Mem:0.00M, Peak:0.00M | Scene, ViewLayer | Synchronizing object | Plane
Fra:18 Mem:36.47M (Peak 36.47M) | Time:00:00.00 | Mem:0.00M, Peak:0.00M | Scene, ViewLayer | Synchronizing object | enemy_patrol_body
Fra:18 Mem:38.23M (Peak 38.36M) | Time:00:00.00 | Mem:0.00M, Peak:0.00M | Scene, ViewLayer | Initializing
Fra:18 Mem:37.65M (Peak 38.36M) | Time:00:00.00 | Mem:0.00M, Peak:0.00M | Scene, ViewLayer | Updating Images | Loading actor_atlas_albedo
Fra:18 Mem:37.65M (Peak 38.36M) | Time:00:00.00 | Mem:0.00M, Peak:0.00M | Scene, ViewLayer | Updating Images | Loading actor_atlas_orm
Fra:18 Mem:37.65M (Peak 38.36M) | Time:00:00.00 | Mem:0.00M, Peak:0.00M | Scene, ViewLayer | Updating Images | Loading actor_atlas_normal
Fra:18 Mem:48.02M (Peak 61.68M) | Time:00:00.03 | Mem:12.00M, Peak:12.00M | Scene, ViewLayer | Waiting for render to start
Fra:18 Mem:48.02M (Peak 61.68M) | Time:00:00.03 | Mem:12.00M, Peak:12.00M | Scene, ViewLayer | Loading render kernels (may take a few minutes the first time)
Fra:18 Mem:48.02M (Peak 61.68M) | Time:00:00.03 | Mem:12.00M, Peak:12.00M | Scene, ViewLayer | Updating Scene
Fra:18 Mem:48.02M (Peak 61.68M) | Time:00:00.03 | Mem:12.00M, Peak:12.00M | Scene, ViewLayer | Updating Shaders
Fra:18 Mem:48.10M (Peak 61.68M) | Time:00:00.04 | Mem:12.00M, Peak:12.00M | Scene, ViewLayer | Updating Procedurals
Fra:18 Mem:48.10M (Peak 61.68M) | Time:00:00.04 | Mem:12.00M, Peak:12.00M | Scene, ViewLayer | Updating Background
Fra:18 Mem:48.10M (Peak 61.68M) | Time:00:00.04 | Mem:12.00M, Peak:12.00M | Scene, ViewLayer | Updating Camera
Fra:18 Mem:48.10M (Peak 61.68M) | Time:00:00.04 | Mem:12.00M, Peak:12.00M | Scene, ViewLayer | Updating Meshes Flags
Fra:18 Mem:48.10M (Peak 61.68M) | Time:00:00.04 | Mem:12.00M, Peak:12.00M | Scene, ViewLayer | Updating Objects
Fra:18 Mem:48.10M (Peak 61.68M) | Time:00:00.04 | Mem:12.00M, Peak:12.00M | Scene, ViewLayer | Updating Objects | Copying Transformations to device
Fra:18 Mem:48.10M (Peak 61.68M) | Time:00:00.04 | Mem:12.00M, Peak:12.00M | Scene, ViewLayer | Updating Objects | Applying Static Transformations
Fra:18 Mem:48.10M (Peak 61.68M) | Time:00:00.04 | Mem:12.00M, Peak:12.00M | Scene, ViewLayer | Updating Particle Systems
Fra:18 Mem:48.10M (Peak 61.68M) | Time:00:00.04 | Mem:12.00M, Peak:12.00M | Scene, ViewLayer | Updating Particle Systems | Copying Particles to device
Fra:18 Mem:48.10M (Peak 61.68M) | Time:00:00.04 | Mem:12.00M, Peak:12.00M | Scene, ViewLayer | Updating Meshes
Fra:18 Mem:48.28M (Peak 61.68M) | Time:00:00.04 | Mem:12.00M, Peak:12.00M | Scene, ViewLayer | Updating Mesh | Computing attributes
Fra:18 Mem:49.16M (Peak 61.68M) | Time:00:00.04 | Mem:12.00M, Peak:12.00M | Scene, ViewLayer | Updating Mesh | Copying Attributes to device
Fra:18 Mem:49.16M (Peak 61.68M) | Time:00:00.04 | Mem:12.88M, Peak:12.88M | Scene, ViewLayer | Updating Scene BVH | Building
Fra:18 Mem:49.16M (Peak 61.68M) | Time:00:00.04 | Mem:12.88M, Peak:12.88M | Scene, ViewLayer | Updating Scene BVH | Building BVH
Fra:18 Mem:49.16M (Peak 61.68M) | Time:00:00.04 | Mem:13.24M, Peak:13.24M | Scene, ViewLayer | Updating Scene BVH | Building BVH 0%
Fra:18 Mem:49.16M (Peak 61.68M) | Time:00:00.04 | Mem:13.63M, Peak:13.99M | Scene, ViewLayer | Updating Scene BVH | Copying BVH to device
Fra:18 Mem:49.16M (Peak 61.68M) | Time:00:00.04 | Mem:13.63M, Peak:13.99M | Scene, ViewLayer | Updating Mesh | Computing normals
Fra:18 Mem:49.57M (Peak 61.68M) | Time:00:00.04 | Mem:13.63M, Peak:13.99M | Scene, ViewLayer | Updating Mesh | Copying Mesh to device
Fra:18 Mem:49.57M (Peak 61.68M) | Time:00:00.04 | Mem:14.04M, Peak:14.04M | Scene, ViewLayer | Updating Objects Flags
Fra:18 Mem:49.57M (Peak 61.68M) | Time:00:00.04 | Mem:14.04M, Peak:14.04M | Scene, ViewLayer | Updating Primitive Offsets
Fra:18 Mem:49.57M (Peak 61.68M) | Time:00:00.04 | Mem:14.04M, Peak:14.04M | Scene, ViewLayer | Updating Images
Fra:18 Mem:49.57M (Peak 61.68M) | Time:00:00.04 | Mem:14.04M, Peak:14.04M | Scene, ViewLayer | Updating Camera Volume
Fra:18 Mem:49.57M (Peak 61.68M) | Time:00:00.04 | Mem:14.04M, Peak:14.04M | Scene, ViewLayer | Updating Lookup Tables
Fra:18 Mem:49.57M (Peak 61.68M) | Time:00:00.04 | Mem:14.13M, Peak:14.13M | Scene, ViewLayer | Updating Lights
Fra:18 Mem:49.57M (Peak 61.68M) | Time:00:00.04 | Mem:14.13M, Peak:14.13M | Scene, ViewLayer | Updating Lights | Computing tree
Fra:18 Mem:49.57M (Peak 61.68M) | Time:00:00.04 | Mem:14.13M, Peak:14.13M | Scene, ViewLayer | Updating Integrator
Fra:18 Mem:49.57M (Peak 61.68M) | Time:00:00.04 | Mem:14.13M, Peak:14.13M | Scene, ViewLayer | Updating Film
Fra:18 Mem:49.58M (Peak 61.68M) | Time:00:00.04 | Mem:14.05M, Peak:14.13M | Scene, ViewLayer | Updating Lookup Tables
Fra:18 Mem:49.58M (Peak 61.68M) | Time:00:00.04 | Mem:14.13M, Peak:14.13M | Scene, ViewLayer | Updating Baking
Fra:18 Mem:49.58M (Peak 61.68M) | Time:00:00.04 | Mem:14.13M, Peak:14.13M | Scene, ViewLayer | Updating Device | Writing constant memory
Fra:18 Mem:49.58M (Peak 61.68M) | Time:00:00.04 | Mem:14.13M, Peak:14.13M | Scene, ViewLayer | Sample 0/8
Fra:18 Mem:81.24M (Peak 81.24M) | Time:00:00.51 | Remaining:00:03.34 | Mem:45.78M, Peak:45.78M | Scene, ViewLayer | Sample 1/8
Fra:18 Mem:95.31M (Peak 123.43M) | Time:00:03.96 | Mem:45.78M, Peak:45.78M | Scene, ViewLayer | Sample 8/8
Fra:18 Mem:95.31M (Peak 123.43M) | Time:00:03.96 | Mem:45.78M, Peak:45.78M | Scene, ViewLayer | Finished
Saved: '/workspace/deliverables/actor-repair-20261002-r3/source-verified/source_material_front.png'
Time: 00:04.06 (Saving: 00:00.09)

Fra:18 Mem:36.47M (Peak 36.47M) | Time:00:00.00 | Mem:0.00M, Peak:0.00M | Scene, ViewLayer | Synchronizing object | Plane
Fra:18 Mem:36.47M (Peak 36.47M) | Time:00:00.00 | Mem:0.00M, Peak:0.00M | Scene, ViewLayer | Synchronizing object | enemy_patrol_body
Fra:18 Mem:38.23M (Peak 38.36M) | Time:00:00.01 | Mem:0.00M, Peak:0.00M | Scene, ViewLayer | Initializing
Fra:18 Mem:37.65M (Peak 38.36M) | Time:00:00.01 | Mem:0.00M, Peak:0.00M | Scene, ViewLayer | Updating Images | Loading actor_atlas_albedo
Fra:18 Mem:37.65M (Peak 38.36M) | Time:00:00.01 | Mem:0.00M, Peak:0.00M | Scene, ViewLayer | Updating Images | Loading actor_atlas_orm
Fra:18 Mem:48.02M (Peak 57.67M) | Time:00:00.04 | Mem:12.00M, Peak:12.00M | Scene, ViewLayer | Waiting for render to start
Fra:18 Mem:48.02M (Peak 57.67M) | Time:00:00.04 | Mem:12.00M, Peak:12.00M | Scene, ViewLayer | Loading render kernels (may take a few minutes the first time)
Fra:18 Mem:48.02M (Peak 57.67M) | Time:00:00.04 | Mem:12.00M, Peak:12.00M | Scene, ViewLayer | Updating Scene
Fra:18 Mem:48.02M (Peak 57.67M) | Time:00:00.04 | Mem:12.00M, Peak:12.00M | Scene, ViewLayer | Updating Shaders
Fra:18 Mem:48.10M (Peak 57.67M) | Time:00:00.04 | Mem:12.00M, Peak:12.00M | Scene, ViewLayer | Updating Procedurals
Fra:18 Mem:48.10M (Peak 57.67M) | Time:00:00.04 | Mem:12.00M, Peak:12.00M | Scene, ViewLayer | Updating Background
Fra:18 Mem:48.10M (Peak 57.67M) | Time:00:00.04 | Mem:12.00M, Peak:12.00M | Scene, ViewLayer | Updating Camera
Fra:18 Mem:48.10M (Peak 57.67M) | Time:00:00.04 | Mem:12.00M, Peak:12.00M | Scene, ViewLayer | Updating Meshes Flags
Fra:18 Mem:48.10M (Peak 57.67M) | Time:00:00.04 | Mem:12.00M, Peak:12.00M | Scene, ViewLayer | Updating Objects
Fra:18 Mem:48.10M (Peak 57.67M) | Time:00:00.04 | Mem:12.00M, Peak:12.00M | Scene, ViewLayer | Updating Objects | Copying Transformations to device
Fra:18 Mem:48.10M (Peak 57.67M) | Time:00:00.04 | Mem:12.00M, Peak:12.00M | Scene, ViewLayer | Updating Objects | Applying Static Transformations
Fra:18 Mem:48.10M (Peak 57.67M) | Time:00:00.04 | Mem:12.00M, Peak:12.00M | Scene, ViewLayer | Updating Particle Systems
Fra:18 Mem:48.10M (Peak 57.67M) | Time:00:00.04 | Mem:12.00M, Peak:12.00M | Scene, ViewLayer | Updating Particle Systems | Copying Particles to device
Fra:18 Mem:48.10M (Peak 57.67M) | Time:00:00.04 | Mem:12.00M, Peak:12.00M | Scene, ViewLayer | Updating Meshes
Fra:18 Mem:48.28M (Peak 57.67M) | Time:00:00.04 | Mem:12.00M, Peak:12.00M | Scene, ViewLayer | Updating Mesh | Computing attributes
Fra:18 Mem:49.16M (Peak 57.67M) | Time:00:00.04 | Mem:12.00M, Peak:12.00M | Scene, ViewLayer | Updating Mesh | Copying Attributes to device
Fra:18 Mem:49.16M (Peak 57.67M) | Time:00:00.04 | Mem:12.88M, Peak:12.88M | Scene, ViewLayer | Updating Scene BVH | Building
Fra:18 Mem:49.16M (Peak 57.67M) | Time:00:00.04 | Mem:12.88M, Peak:12.88M | Scene, ViewLayer | Updating Scene BVH | Building BVH
Fra:18 Mem:49.16M (Peak 57.67M) | Time:00:00.04 | Mem:13.24M, Peak:13.24M | Scene, ViewLayer | Updating Scene BVH | Building BVH 0%
Fra:18 Mem:49.16M (Peak 57.67M) | Time:00:00.04 | Mem:13.67M, Peak:14.03M | Scene, ViewLayer | Updating Scene BVH | Copying BVH to device
Fra:18 Mem:49.16M (Peak 57.67M) | Time:00:00.04 | Mem:13.67M, Peak:14.03M | Scene, ViewLayer | Updating Mesh | Computing normals
Fra:18 Mem:49.57M (Peak 57.67M) | Time:00:00.04 | Mem:13.67M, Peak:14.03M | Scene, ViewLayer | Updating Mesh | Copying Mesh to device
Fra:18 Mem:49.57M (Peak 57.67M) | Time:00:00.04 | Mem:14.08M, Peak:14.08M | Scene, ViewLayer | Updating Objects Flags
Fra:18 Mem:49.57M (Peak 57.67M) | Time:00:00.04 | Mem:14.08M, Peak:14.08M | Scene, ViewLayer | Updating Primitive Offsets
Fra:18 Mem:49.57M (Peak 57.67M) | Time:00:00.04 | Mem:14.08M, Peak:14.08M | Scene, ViewLayer | Updating Images
Fra:18 Mem:49.57M (Peak 57.67M) | Time:00:00.04 | Mem:14.08M, Peak:14.08M | Scene, ViewLayer | Updating Camera Volume
Fra:18 Mem:49.57M (Peak 57.67M) | Time:00:00.04 | Mem:14.08M, Peak:14.08M | Scene, ViewLayer | Updating Lookup Tables
Fra:18 Mem:49.57M (Peak 57.67M) | Time:00:00.04 | Mem:14.16M, Peak:14.16M | Scene, ViewLayer | Updating Lights
Fra:18 Mem:49.57M (Peak 57.67M) | Time:00:00.04 | Mem:14.16M, Peak:14.16M | Scene, ViewLayer | Updating Lights | Computing tree
Fra:18 Mem:49.57M (Peak 57.67M) | Time:00:00.04 | Mem:14.16M, Peak:14.16M | Scene, ViewLayer | Updating Integrator
Fra:18 Mem:49.57M (Peak 57.67M) | Time:00:00.04 | Mem:14.16M, Peak:14.16M | Scene, ViewLayer | Updating Film
Fra:18 Mem:49.58M (Peak 57.67M) | Time:00:00.04 | Mem:14.08M, Peak:14.16M | Scene, ViewLayer | Updating Lookup Tables
Fra:18 Mem:49.58M (Peak 57.67M) | Time:00:00.04 | Mem:14.17M, Peak:14.17M | Scene, ViewLayer | Updating Baking
Fra:18 Mem:49.58M (Peak 57.67M) | Time:00:00.04 | Mem:14.17M, Peak:14.17M | Scene, ViewLayer | Updating Device | Writing constant memory
Fra:18 Mem:49.58M (Peak 57.67M) | Time:00:00.04 | Mem:14.17M, Peak:14.17M | Scene, ViewLayer | Sample 0/8
Fra:18 Mem:81.24M (Peak 81.24M) | Time:00:00.52 | Remaining:00:03.33 | Mem:45.82M, Peak:45.82M | Scene, ViewLayer | Sample 1/8
Fra:18 Mem:95.31M (Peak 123.43M) | Time:00:04.15 | Mem:45.82M, Peak:45.82M | Scene, ViewLayer | Sample 8/8
Fra:18 Mem:95.31M (Peak 123.43M) | Time:00:04.15 | Mem:45.82M, Peak:45.82M | Scene, ViewLayer | Finished
Saved: '/workspace/deliverables/actor-repair-20261002-r3/source-verified/source_material_side.png'
Time: 00:04.25 (Saving: 00:00.10)

Fra:18 Mem:36.47M (Peak 36.47M) | Time:00:00.00 | Mem:0.00M, Peak:0.00M | Scene, ViewLayer | Synchronizing object | Plane
Fra:18 Mem:36.47M (Peak 36.47M) | Time:00:00.00 | Mem:0.00M, Peak:0.00M | Scene, ViewLayer | Synchronizing object | enemy_patrol_body
Fra:18 Mem:38.23M (Peak 38.36M) | Time:00:00.00 | Mem:0.00M, Peak:0.00M | Scene, ViewLayer | Initializing
Fra:18 Mem:37.65M (Peak 38.36M) | Time:00:00.00 | Mem:0.00M, Peak:0.00M | Scene, ViewLayer | Updating Images | Loading actor_atlas_albedo
Fra:18 Mem:37.65M (Peak 38.36M) | Time:00:00.00 | Mem:0.00M, Peak:0.00M | Scene, ViewLayer | Updating Images | Loading actor_atlas_normal
Fra:18 Mem:48.02M (Peak 65.68M) | Time:00:00.04 | Mem:12.00M, Peak:12.00M | Scene, ViewLayer | Waiting for render to start
Fra:18 Mem:48.02M (Peak 65.68M) | Time:00:00.04 | Mem:12.00M, Peak:12.00M | Scene, ViewLayer | Loading render kernels (may take a few minutes the first time)
Fra:18 Mem:48.02M (Peak 65.68M) | Time:00:00.04 | Mem:12.00M, Peak:12.00M | Scene, ViewLayer | Updating Scene
Fra:18 Mem:48.02M (Peak 65.68M) | Time:00:00.04 | Mem:12.00M, Peak:12.00M | Scene, ViewLayer | Updating Shaders
Fra:18 Mem:48.10M (Peak 65.68M) | Time:00:00.04 | Mem:12.00M, Peak:12.00M | Scene, ViewLayer | Updating Procedurals
Fra:18 Mem:48.10M (Peak 65.68M) | Time:00:00.04 | Mem:12.00M, Peak:12.00M | Scene, ViewLayer | Updating Background
Fra:18 Mem:48.10M (Peak 65.68M) | Time:00:00.04 | Mem:12.00M, Peak:12.00M | Scene, ViewLayer | Updating Camera
Fra:18 Mem:48.10M (Peak 65.68M) | Time:00:00.04 | Mem:12.00M, Peak:12.00M | Scene, ViewLayer | Updating Meshes Flags
Fra:18 Mem:48.10M (Peak 65.68M) | Time:00:00.04 | Mem:12.00M, Peak:12.00M | Scene, ViewLayer | Updating Objects
Fra:18 Mem:48.10M (Peak 65.68M) | Time:00:00.04 | Mem:12.00M, Peak:12.00M | Scene, ViewLayer | Updating Objects | Copying Transformations to device
Fra:18 Mem:48.10M (Peak 65.68M) | Time:00:00.04 | Mem:12.00M, Peak:12.00M | Scene, ViewLayer | Updating Objects | Applying Static Transformations
Fra:18 Mem:48.10M (Peak 65.68M) | Time:00:00.04 | Mem:12.00M, Peak:12.00M | Scene, ViewLayer | Updating Particle Systems
Fra:18 Mem:48.10M (Peak 65.68M) | Time:00:00.04 | Mem:12.00M, Peak:12.00M | Scene, ViewLayer | Updating Particle Systems | Copying Particles to device
Fra:18 Mem:48.10M (Peak 65.68M) | Time:00:00.04 | Mem:12.00M, Peak:12.00M | Scene, ViewLayer | Updating Meshes
Fra:18 Mem:48.28M (Peak 65.68M) | Time:00:00.04 | Mem:12.00M, Peak:12.00M | Scene, ViewLayer | Updating Mesh | Computing attributes
Fra:18 Mem:49.16M (Peak 65.68M) | Time:00:00.04 | Mem:12.00M, Peak:12.00M | Scene, ViewLayer | Updating Mesh | Copying Attributes to device
Fra:18 Mem:49.16M (Peak 65.68M) | Time:00:00.04 | Mem:12.88M, Peak:12.88M | Scene, ViewLayer | Updating Scene BVH | Building
Fra:18 Mem:49.16M (Peak 65.68M) | Time:00:00.04 | Mem:12.88M, Peak:12.88M | Scene, ViewLayer | Updating Scene BVH | Building BVH
Fra:18 Mem:49.16M (Peak 65.68M) | Time:00:00.04 | Mem:13.24M, Peak:13.24M | Scene, ViewLayer | Updating Scene BVH | Building BVH 0%
Fra:18 Mem:49.16M (Peak 65.68M) | Time:00:00.04 | Mem:13.67M, Peak:14.03M | Scene, ViewLayer | Updating Scene BVH | Copying BVH to device
Fra:18 Mem:49.16M (Peak 65.68M) | Time:00:00.04 | Mem:13.67M, Peak:14.03M | Scene, ViewLayer | Updating Mesh | Computing normals
Fra:18 Mem:49.57M (Peak 65.68M) | Time:00:00.04 | Mem:13.67M, Peak:14.03M | Scene, ViewLayer | Updating Mesh | Copying Mesh to device
Fra:18 Mem:49.57M (Peak 65.68M) | Time:00:00.04 | Mem:14.08M, Peak:14.08M | Scene, ViewLayer | Updating Objects Flags
Fra:18 Mem:49.57M (Peak 65.68M) | Time:00:00.04 | Mem:14.08M, Peak:14.08M | Scene, ViewLayer | Updating Primitive Offsets
Fra:18 Mem:49.57M (Peak 65.68M) | Time:00:00.04 | Mem:14.08M, Peak:14.08M | Scene, ViewLayer | Updating Images
Fra:18 Mem:49.57M (Peak 65.68M) | Time:00:00.04 | Mem:14.08M, Peak:14.08M | Scene, ViewLayer | Updating Camera Volume
Fra:18 Mem:49.57M (Peak 65.68M) | Time:00:00.04 | Mem:14.08M, Peak:14.08M | Scene, ViewLayer | Updating Lookup Tables
Fra:18 Mem:49.57M (Peak 65.68M) | Time:00:00.04 | Mem:14.16M, Peak:14.16M | Scene, ViewLayer | Updating Lights
Fra:18 Mem:49.57M (Peak 65.68M) | Time:00:00.04 | Mem:14.16M, Peak:14.16M | Scene, ViewLayer | Updating Lights | Computing tree
Fra:18 Mem:49.57M (Peak 65.68M) | Time:00:00.04 | Mem:14.16M, Peak:14.16M | Scene, ViewLayer | Updating Integrator
Fra:18 Mem:49.57M (Peak 65.68M) | Time:00:00.04 | Mem:14.16M, Peak:14.16M | Scene, ViewLayer | Updating Film
Fra:18 Mem:49.58M (Peak 65.68M) | Time:00:00.04 | Mem:14.08M, Peak:14.16M | Scene, ViewLayer | Updating Lookup Tables
Fra:18 Mem:49.58M (Peak 65.68M) | Time:00:00.04 | Mem:14.17M, Peak:14.17M | Scene, ViewLayer | Updating Baking
Fra:18 Mem:49.58M (Peak 65.68M) | Time:00:00.04 | Mem:14.17M, Peak:14.17M | Scene, ViewLayer | Updating Device | Writing constant memory
Fra:18 Mem:49.58M (Peak 65.68M) | Time:00:00.04 | Mem:14.17M, Peak:14.17M | Scene, ViewLayer | Sample 0/8
Fra:18 Mem:81.24M (Peak 81.24M) | Time:00:00.65 | Remaining:00:04.29 | Mem:45.82M, Peak:45.82M | Scene, ViewLayer | Sample 1/8
Fra:18 Mem:95.31M (Peak 123.43M) | Time:00:05.06 | Mem:45.82M, Peak:45.82M | Scene, ViewLayer | Sample 8/8
Fra:18 Mem:95.31M (Peak 123.43M) | Time:00:05.06 | Mem:45.82M, Peak:45.82M | Scene, ViewLayer | Finished
Saved: '/workspace/deliverables/actor-repair-20261002-r3/source-verified/source_material_rear.png'
Time: 00:05.23 (Saving: 00:00.17)

ACTOR_SOURCE_REVIEW_OK characters 7 renders 6

Blender quit
