Godot Engine v4.7.2.stable.official.ed1daf0bf - https://godotengine.org

[   0% ] [90m[1mfirst_scan_filesystem[22m | Started Project initialization (5 steps)[39m[0m
[   0% ] [90m[1mfirst_scan_filesystem[22m | Scanning file structure...[39m[0m
[  16% ] [90m[1mfirst_scan_filesystem[22m | Loading global class names...[39m[0m
[  33% ] [90m[1mfirst_scan_filesystem[22m | Verifying GDExtensions...[39m[0m
[  50% ] [90m[1mfirst_scan_filesystem[22m | Creating autoload scripts...[39m[0m
[  66% ] [90m[1mfirst_scan_filesystem[22m | Initializing plugins...[39m[0m
[  83% ] [90m[1mfirst_scan_filesystem[22m | Starting file scan...[39m[0m
[92m[ DONE ][39m [1mfirst_scan_filesystem[22m
[0m
[   0% ] [90m[1m_update_scan_actions[22m | Started Scanning actions... (46 steps)[39m[0m
[   0% ] [90m[1m_update_scan_actions[22m | alarm.wav[39m[0m
[   2% ] [90m[1m_update_scan_actions[22m | alarm_stinger.wav[39m[0m
[   4% ] [90m[1m_update_scan_actions[22m | ambient_depot.wav[39m[0m
[   6% ] [90m[1m_update_scan_actions[22m | ambient_pump.wav[39m[0m
[   8% ] [90m[1m_update_scan_actions[22m | ambient_radio.wav[39m[0m
[  10% ] [90m[1m_update_scan_actions[22m | ambient_railcut.wav[39m[0m
[  12% ] [90m[1m_update_scan_actions[22m | ambient_warehouse.wav[39m[0m
[  14% ] [90m[1m_update_scan_actions[22m | ambient_yard.wav[39m[0m
[  17% ] [90m[1m_update_scan_actions[22m | barrel.wav[39m[0m
[  19% ] [90m[1m_update_scan_actions[22m | body_drop.wav[39m[0m
[  21% ] [90m[1m_update_scan_actions[22m | crate_lid.wav[39m[0m
[  23% ] [90m[1m_update_scan_actions[22m | cue_map_candidate.csv[39m[0m
[  25% ] [90m[1m_update_scan_actions[22m | door.wav[39m[0m
[  27% ] [90m[1m_update_scan_actions[22m | echo_ping.wav[39m[0m
[  29% ] [90m[1m_update_scan_actions[22m | empty.wav[39m[0m
[  31% ] [90m[1m_update_scan_actions[22m | escape.wav[39m[0m
[  34% ] [90m[1m_update_scan_actions[22m | fail.wav[39m[0m
[  36% ] [90m[1m_update_scan_actions[22m | fire.wav[39m[0m
[  38% ] [90m[1m_update_scan_actions[22m | fire_bolt.wav[39m[0m
[  40% ] [90m[1m_update_scan_actions[22m | fire_garand.wav[39m[0m
[  42% ] [90m[1m_update_scan_actions[22m | fire_mg42.wav[39m[0m
[  44% ] [90m[1m_update_scan_actions[22m | fire_mg.wav[39m[0m
[  46% ] [90m[1m_update_scan_actions[22m | fire_ping.wav[39m[0m
[  48% ] [90m[1m_update_scan_actions[22m | fire_pistol.wav[39m[0m
[  51% ] [90m[1m_update_scan_actions[22m | fire_scout.wav[39m[0m
[  53% ] [90m[1m_update_scan_actions[22m | fire_shotgun.wav[39m[0m
[  55% ] [90m[1m_update_scan_actions[22m | fire_smg.wav[39m[0m
[  57% ] [90m[1m_update_scan_actions[22m | foot.wav[39m[0m
[  59% ] [90m[1m_update_scan_actions[22m | handoff.wav[39m[0m
[  61% ] [90m[1m_update_scan_actions[22m | hit.wav[39m[0m
[  63% ] [90m[1m_update_scan_actions[22m | kill.wav[39m[0m
[  65% ] [90m[1m_update_scan_actions[22m | knife.wav[39m[0m
[  68% ] [90m[1m_update_scan_actions[22m | leak.wav[39m[0m
[  70% ] [90m[1m_update_scan_actions[22m | loot.wav[39m[0m
[  72% ] [90m[1m_update_scan_actions[22m | night_enter.wav[39m[0m
[  74% ] [90m[1m_update_scan_actions[22m | op_death.wav[39m[0m
[  76% ] [90m[1m_update_scan_actions[22m | return_fire.wav[39m[0m
[  78% ] [90m[1m_update_scan_actions[22m | select.wav[39m[0m
[  80% ] [90m[1m_update_scan_actions[22m | spawn.wav[39m[0m
[  82% ] [90m[1m_update_scan_actions[22m | stealth_bed.wav[39m[0m
[  85% ] [90m[1m_update_scan_actions[22m | tension.wav[39m[0m
[  87% ] [90m[1m_update_scan_actions[22m | trip.wav[39m[0m
[  89% ] [90m[1m_update_scan_actions[22m | ui.wav[39m[0m
[  91% ] [90m[1m_update_scan_actions[22m | whistle.wav[39m[0m
[  93% ] [90m[1m_update_scan_actions[22m | win.wav[39m[0m
[  95% ] [90m[1m_update_scan_actions[22m | win_stinger.wav[39m[0m
[92m[ DONE ][39m [1m_update_scan_actions[22m
[0m
[   0% ] [90m[1mreimport[22m | Started (Re)Importing Assets (46 steps)[39m[0m
[   0% ] [90m[1mreimport[22m | Preparing files to reimport...[39m[0m
[   2% ] [90m[1mreimport[22m | Preparing files to reimport...[39m[0m
[   4% ] [90m[1mreimport[22m | Preparing files to reimport...[39m[0m
[   6% ] [90m[1mreimport[22m | Preparing files to reimport...[39m[0m
[   8% ] [90m[1mreimport[22m | Preparing files to reimport...[39m[0m
[  10% ] [90m[1mreimport[22m | Preparing files to reimport...[39m[0m
[  12% ] [90m[1mreimport[22m | Preparing files to reimport...[39m[0m
[  14% ] [90m[1mreimport[22m | Preparing files to reimport...[39m[0m
[  17% ] [90m[1mreimport[22m | Preparing files to reimport...[39m[0m
[  19% ] [90m[1mreimport[22m | Preparing files to reimport...[39m[0m
[  21% ] [90m[1mreimport[22m | Preparing files to reimport...[39m[0m
[  23% ] [90m[1mreimport[22m | Preparing files to reimport...[39m[0m
[  25% ] [90m[1mreimport[22m | Preparing files to reimport...[39m[0m
[  27% ] [90m[1mreimport[22m | Preparing files to reimport...[39m[0m
[  29% ] [90m[1mreimport[22m | Preparing files to reimport...[39m[0m
[  31% ] [90m[1mreimport[22m | Preparing files to reimport...[39m[0m
[  34% ] [90m[1mreimport[22m | Preparing files to reimport...[39m[0m
[  36% ] [90m[1mreimport[22m | Preparing files to reimport...[39m[0m
[  38% ] [90m[1mreimport[22m | Preparing files to reimport...[39m[0m
[  40% ] [90m[1mreimport[22m | Preparing files to reimport...[39m[0m
[  42% ] [90m[1mreimport[22m | Preparing files to reimport...[39m[0m
[  44% ] [90m[1mreimport[22m | Preparing files to reimport...[39m[0m
[  46% ] [90m[1mreimport[22m | Preparing files to reimport...[39m[0m
[  48% ] [90m[1mreimport[22m | Preparing files to reimport...[39m[0m
[  51% ] [90m[1mreimport[22m | Preparing files to reimport...[39m[0m
[  53% ] [90m[1mreimport[22m | Preparing files to reimport...[39m[0m
[  55% ] [90m[1mreimport[22m | Preparing files to reimport...[39m[0m
[  57% ] [90m[1mreimport[22m | Preparing files to reimport...[39m[0m
[  59% ] [90m[1mreimport[22m | Preparing files to reimport...[39m[0m
[  61% ] [90m[1mreimport[22m | Preparing files to reimport...[39m[0m
[  63% ] [90m[1mreimport[22m | Preparing files to reimport...[39m[0m
[  65% ] [90m[1mreimport[22m | Preparing files to reimport...[39m[0m
[  68% ] [90m[1mreimport[22m | Preparing files to reimport...[39m[0m
[  70% ] [90m[1mreimport[22m | Preparing files to reimport...[39m[0m
[  72% ] [90m[1mreimport[22m | Preparing files to reimport...[39m[0m
[  74% ] [90m[1mreimport[22m | Preparing files to reimport...[39m[0m
[  76% ] [90m[1mreimport[22m | Preparing files to reimport...[39m[0m
[  78% ] [90m[1mreimport[22m | Preparing files to reimport...[39m[0m
[  80% ] [90m[1mreimport[22m | Preparing files to reimport...[39m[0m
[  82% ] [90m[1mreimport[22m | Preparing files to reimport...[39m[0m
[  85% ] [90m[1mreimport[22m | Preparing files to reimport...[39m[0m
[  87% ] [90m[1mreimport[22m | Preparing files to reimport...[39m[0m
[  89% ] [90m[1mreimport[22m | Preparing files to reimport...[39m[0m
[  91% ] [90m[1mreimport[22m | Preparing files to reimport...[39m[0m
[  93% ] [90m[1mreimport[22m | Preparing files to reimport...[39m[0m
[  95% ] [90m[1mreimport[22m | Preparing files to reimport...[39m[0m
[   0% ] [90m[1mreimport[22m | Executing pre-reimport operations...[39m[0m
[   0% ] [90m[1mreimport[22m | cue_map_candidate.csv[39m[0m
[   2% ] [90m[1mreimport[22m | cue_map_candidate.csv[39m[0m
[   4% ] [90m[1mreimport[22m | fire_scout.wav[39m[0m
[   6% ] [90m[1mreimport[22m | fire_shotgun.wav[39m[0m
[   8% ] [90m[1mreimport[22m | fire_smg.wav[39m[0m
[  10% ] [90m[1mreimport[22m | foot.wav[39m[0m
[  12% ] [90m[1mreimport[22m | handoff.wav[39m[0m
[  14% ] [90m[1mreimport[22m | hit.wav[39m[0m
[  17% ] [90m[1mreimport[22m | kill.wav[39m[0m
[  19% ] [90m[1mreimport[22m | knife.wav[39m[0m
[  21% ] [90m[1mreimport[22m | leak.wav[39m[0m
[  23% ] [90m[1mreimport[22m | loot.wav[39m[0m
[  25% ] [90m[1mreimport[22m | night_enter.wav[39m[0m
[  27% ] [90m[1mreimport[22m | op_death.wav[39m[0m
[  29% ] [90m[1mreimport[22m | return_fire.wav[39m[0m
[  31% ] [90m[1mreimport[22m | select.wav[39m[0m
[  34% ] [90m[1mreimport[22m | spawn.wav[39m[0m
[  36% ] [90m[1mreimport[22m | stealth_bed.wav[39m[0m
[  38% ] [90m[1mreimport[22m | tension.wav[39m[0m
[  40% ] [90m[1mreimport[22m | trip.wav[39m[0m
[  42% ] [90m[1mreimport[22m | ui.wav[39m[0m
[  44% ] [90m[1mreimport[22m | whistle.wav[39m[0m
[  46% ] [90m[1mreimport[22m | win.wav[39m[0m
[  48% ] [90m[1mreimport[22m | win_stinger.wav[39m[0m
[  51% ] [90m[1mreimport[22m | alarm.wav[39m[0m
[  53% ] [90m[1mreimport[22m | alarm_stinger.wav[39m[0m
[  55% ] [90m[1mreimport[22m | ambient_depot.wav[39m[0m
[  57% ] [90m[1mreimport[22m | ambient_pump.wav[39m[0m
[  59% ] [90m[1mreimport[22m | ambient_radio.wav[39m[0m
[  61% ] [90m[1mreimport[22m | ambient_railcut.wav[39m[0m
[  63% ] [90m[1mreimport[22m | ambient_warehouse.wav[39m[0m
[  65% ] [90m[1mreimport[22m | ambient_yard.wav[39m[0m
[  68% ] [90m[1mreimport[22m | barrel.wav[39m[0m
[  70% ] [90m[1mreimport[22m | body_drop.wav[39m[0m
[  72% ] [90m[1mreimport[22m | crate_lid.wav[39m[0m
[  74% ] [90m[1mreimport[22m | door.wav[39m[0m
[  76% ] [90m[1mreimport[22m | echo_ping.wav[39m[0m
[  78% ] [90m[1mreimport[22m | empty.wav[39m[0m
[  80% ] [90m[1mreimport[22m | escape.wav[39m[0m
[  82% ] [90m[1mreimport[22m | fail.wav[39m[0m
[  85% ] [90m[1mreimport[22m | fire.wav[39m[0m
[  87% ] [90m[1mreimport[22m | fire_bolt.wav[39m[0m
[  89% ] [90m[1mreimport[22m | fire_garand.wav[39m[0m
[  91% ] [90m[1mreimport[22m | fire_mg42.wav[39m[0m
[  93% ] [90m[1mreimport[22m | fire_mg.wav[39m[0m
[  95% ] [90m[1mreimport[22m | fire_ping.wav[39m[0m
[  97% ] [90m[1mreimport[22m | Finalizing Asset Import...[39m[0m
[92m[ DONE ][39m [1mreimport[22m
[0m
[   0% ] [90m[1mreimport[22m | Started (Re)Importing Assets (46 steps)[39m[0m
[   0% ] [90m[1mreimport[22m | Executing post-reimport operations...[39m[0m
[92m[ DONE ][39m [1mreimport[22m
[0m
[   0% ] [90m[1mloading_editor_layout[22m | Started Loading editor (5 steps)[39m[0m
[   0% ] [90m[1mloading_editor_layout[22m | Loading editor layout...[39m[0m
[  16% ] [90m[1mloading_editor_layout[22m | Loading docks...[39m[0m
[92m[ DONE ][39m [1mloading_editor_layout[22m
[0m
